2026.09.17-19:26:33.888[32m info [39m [caliper] [cli-launch-manager] 	Set workspace path: /home/mfachrizalg/2026/Skripsi/bi-coin/bi-coin-fabric
2026.09.17-19:26:33.889[32m info [39m [caliper] [cli-launch-manager] 	Set benchmark configuration path: /home/mfachrizalg/2026/Skripsi/bi-coin/bi-coin-fabric/benchmark/results/statistical-20260917-pilot6/runs/scenario-pilot-retail-transfer-low-1w-10tps-r1/benchconfig.yaml
2026.09.17-19:26:33.889[32m info [39m [caliper] [cli-launch-manager] 	Set network configuration path: /home/mfachrizalg/2026/Skripsi/bi-coin/bi-coin-fabric/benchmark/networkconfig.yaml
2026.09.17-19:26:33.889[32m info [39m [caliper] [cli-launch-manager] 	Set SUT type: fabric
2026.09.17-19:26:33.909[32m info [39m [caliper] [caliper-engine] 	Starting benchmark flow
2026.09.17-19:26:33.910[32m info [39m [caliper] [caliper-engine] 	Network configuration attribute "caliper.command.start" is not present, skipping start command
2026.09.17-19:26:34.544[32m info [39m [caliper] [FabricConnectorFactory] 	Initializing peer gateway connector compatible with installed fabric-gateway SDK: 1.5.0
2026.09.17-19:26:34.550[32m info [39m [caliper] [IdentityManager] 	Adding User1 (admin=false) as User1 for organization BankIndonesiaOrgMSP
2026.09.17-19:26:34.552[32m info [39m [caliper] [IdentityManager] 	Adding User1 (admin=false) as _HimbaraBankOrgMSP_User1 for organization HimbaraBankOrgMSP
2026.09.17-19:26:34.553[32m info [39m [caliper] [IdentityManager] 	Adding User1 (admin=false) as _CommercialBankOrgMSP_User1 for organization CommercialBankOrgMSP
2026.09.17-19:26:34.554[32m info [39m [caliper] [connectors/peer-gateway/PeerGateway] 	Fabric-Gateway SDK version: 1.5.0 for Peer-Gateway connector; TLS based on BankIndonesiaOrgMSP: server
2026.09.17-19:26:34.555[32m info [39m [caliper] [caliper-engine] 	Executed "init" step in 0.001 seconds
2026.09.17-19:26:34.555[33m warn [39m [caliper] [connectors/peer-gateway/PeerGateway] 	Install smart contract not available for the Fabric Peer Gateway connector
2026.09.17-19:26:34.555[32m info [39m [caliper] [caliper-engine] 	Executed "install" step in 0 seconds
2026.09.17-19:26:34.557[32m info [39m [caliper] [monitor.js] 	Attempting to create resource monitor of type docker
2026.09.17-19:26:34.557[32m info [39m [caliper] [monitor.js] 	Attempting to create resource monitor of type process
2026.09.17-19:26:34.558[32m info [39m [caliper] [default-observer] 	Observer interval set to 5000 milliseconds
2026.09.17-19:26:34.561[32m info [39m [caliper] [round-orchestrator] 	Preparing worker connections
2026.09.17-19:26:34.561[32m info [39m [caliper] [worker-orchestrator] 	Launching worker 1 of 1
2026.09.17-19:26:34.575[32m info [39m [caliper] [worker-orchestrator] 	Messenger not configured, entering configure phase...
2026.09.17-19:26:34.575[32m info [39m [caliper] [worker-orchestrator] 	No existing workers detected, entering worker launch phase...
2026.09.17-19:26:34.575[32m info [39m [caliper] [worker-orchestrator] 	Waiting for 1 workers to be connected...
2026.09.17-19:26:34.947[32m info [39m [caliper] [cli-launch-worker] 	Set workspace path: /home/mfachrizalg/2026/Skripsi/bi-coin/bi-coin-fabric
2026.09.17-19:26:34.948[32m info [39m [caliper] [cli-launch-worker] 	Set benchmark configuration path: /home/mfachrizalg/2026/Skripsi/bi-coin/bi-coin-fabric/benchmark/results/statistical-20260917-pilot6/runs/scenario-pilot-retail-transfer-low-1w-10tps-r1/benchconfig.yaml
2026.09.17-19:26:34.949[32m info [39m [caliper] [cli-launch-worker] 	Set network configuration path: /home/mfachrizalg/2026/Skripsi/bi-coin/bi-coin-fabric/benchmark/networkconfig.yaml
2026.09.17-19:26:34.949[32m info [39m [caliper] [cli-launch-worker] 	Set SUT type: fabric
2026.09.17-19:26:34.978[32m info [39m [caliper] [worker-orchestrator] 	1 workers connected, progressing to worker assignment phase.
2026.09.17-19:26:34.978[32m info [39m [caliper] [worker-orchestrator] 	Workers currently unassigned, awaiting index assignment...
2026.09.17-19:26:34.979[32m info [39m [caliper] [worker-orchestrator] 	Waiting for 1 workers to be assigned...
2026.09.17-19:26:35.025[32m info [39m [caliper] [worker-orchestrator] 	1 workers assigned, progressing to worker initialization phase.
2026.09.17-19:26:35.025[32m info [39m [caliper] [worker-orchestrator] 	Waiting for 1 workers to be ready...
2026.09.17-19:26:35.026[32m info [39m [caliper] [worker-message-handler] 	Initializing Worker#0...
2026.09.17-19:26:35.673[32m info [39m [caliper] [FabricConnectorFactory] 	Initializing peer gateway connector compatible with installed fabric-gateway SDK: 1.5.0
2026.09.17-19:26:35.685[32m info [39m [caliper] [IdentityManager] 	Adding User1 (admin=false) as User1 for organization BankIndonesiaOrgMSP
2026.09.17-19:26:35.687[32m info [39m [caliper] [IdentityManager] 	Adding User1 (admin=false) as _HimbaraBankOrgMSP_User1 for organization HimbaraBankOrgMSP
2026.09.17-19:26:35.688[32m info [39m [caliper] [IdentityManager] 	Adding User1 (admin=false) as _CommercialBankOrgMSP_User1 for organization CommercialBankOrgMSP
2026.09.17-19:26:35.693[32m info [39m [caliper] [worker-message-handler] 	Worker#0 initialized
2026.09.17-19:26:35.695[32m info [39m [caliper] [worker-orchestrator] 	1 workers ready, progressing to test preparation phase.
2026.09.17-19:26:35.695[32m info [39m [caliper] [round-orchestrator] 	Started round 1 (warmup-retail-transfer-low-10tps)
2026.09.17-19:26:35.696[32m info [39m [caliper] [worker-message-handler] 	Preparing Worker#0 for Round#0
2026.09.17-19:26:35.715[32m info [39m [caliper] [connectors/peer-gateway/PeerGateway] 	Generating contract map for user User1
2026.09.17-19:26:35.719[32m info [39m [caliper] [connectors/peer-gateway/PeerGateway] 	Generating contract map for user _HimbaraBankOrgMSP_User1
2026.09.17-19:26:35.722[32m info [39m [caliper] [connectors/peer-gateway/PeerGateway] 	Generating contract map for user _CommercialBankOrgMSP_User1
2026.09.17-19:26:35.722[32m info [39m [caliper] [caliper-worker] 	Info: worker 0 prepare test phase for round 0 is starting...
2026.09.17-19:26:35.770[31m error[39m [caliper] [connectors/peer-gateway/PeerGateway] 	Failed to perform query transaction [GetParticipant] using arguments [bench_custodian_20260917-pilot6_scenario-pilot-retail-transfer-low-1w-10tps-r1_retail-transfer-low],  with error: GatewayError: 2 UNKNOWN: evaluate call to endorser returned error: chaincode response 500, participant bench_custodian_20260917-pilot6_scenario-pilot-retail-transfer-low-1w-10tps-r1_retail-transfer-low not found
Details:
-  peer0.bi.paynet:7051:chaincode response 500, participant bench_custodian_20260917-pilot6_scenario-pilot-retail-transfer-low-1w-10tps-r1_retail-transfer-low not found
2026.09.17-19:28:25.064[32m info [39m [caliper] [connectors/peer-gateway/PeerGateway] 	disconnecting gateway for user User1
2026.09.17-19:28:25.065[32m info [39m [caliper] [connectors/peer-gateway/PeerGateway] 	disconnecting gateway for user _HimbaraBankOrgMSP_User1
2026.09.17-19:28:25.065[32m info [39m [caliper] [connectors/peer-gateway/PeerGateway] 	disconnecting gateway for user _CommercialBankOrgMSP_User1
2026.09.17-19:28:25.066[32m info [39m [caliper] [connectors/peer-gateway/PeerGateway] 	disconnecting gRpc client at peer peer0.bi.paynet
2026.09.17-19:28:25.066[32m info [39m [caliper] [connectors/peer-gateway/PeerGateway] 	disconnecting gRpc client at peer peer0.himbara.paynet
2026.09.17-19:28:25.067[32m info [39m [caliper] [connectors/peer-gateway/PeerGateway] 	disconnecting gRpc client at peer peer0.commercial.paynet
2026.09.17-19:28:25.068[32m info [39m [caliper] [caliper-worker] 	Info: worker 0 prepare test phase for round 0 is completed
2026.09.17-19:28:25.068[32m info [39m [caliper] [worker-message-handler] 	Worker#0 prepared for Round#0
2026.09.17-19:28:25.070[32m info [39m [caliper] [worker-orchestrator] 	1 workers prepared, progressing to test phase.
2026.09.17-19:28:27.134[32m info [39m [caliper] [monitor-process] 	Registering node caliper(sum) within process monitor
2026.09.17-19:28:27.352[32m info [39m [caliper] [monitor-process] 	Starting process monitor with update interval 1000 ms
2026.09.17-19:28:27.352[32m info [39m [caliper] [round-orchestrator] 	Monitors successfully started
2026.09.17-19:28:27.353[32m info [39m [caliper] [worker-message-handler] 	Worker#0 is starting Round#0
2026.09.17-19:28:27.355[32m info [39m [caliper] [connectors/peer-gateway/PeerGateway] 	Generating contract map for user User1
2026.09.17-19:28:27.357[32m info [39m [caliper] [connectors/peer-gateway/PeerGateway] 	Generating contract map for user _HimbaraBankOrgMSP_User1
2026.09.17-19:28:27.358[32m info [39m [caliper] [connectors/peer-gateway/PeerGateway] 	Generating contract map for user _CommercialBankOrgMSP_User1
2026.09.17-19:28:27.360[32m info [39m [caliper] [caliper-worker] 	Worker #0 starting workload loop
2026.09.17-19:28:30.072[32m info [39m [caliper] [default-observer] 	[warmup-retail-transfer-low-10tps Round 0 Transaction Info] - Submitted: 10 Succ: 10 Fail:0 Unfinished:0
2026.09.17-19:28:35.073[32m info [39m [caliper] [default-observer] 	[warmup-retail-transfer-low-10tps Round 0 Transaction Info] - Submitted: 36 Succ: 30 Fail:0 Unfinished:6
2026.09.17-19:28:40.073[32m info [39m [caliper] [default-observer] 	[warmup-retail-transfer-low-10tps Round 0 Transaction Info] - Submitted: 61 Succ: 60 Fail:0 Unfinished:1
2026.09.17-19:28:45.075[32m info [39m [caliper] [default-observer] 	[warmup-retail-transfer-low-10tps Round 0 Transaction Info] - Submitted: 86 Succ: 80 Fail:0 Unfinished:6
2026.09.17-19:28:50.075[32m info [39m [caliper] [default-observer] 	[warmup-retail-transfer-low-10tps Round 0 Transaction Info] - Submitted: 111 Succ: 110 Fail:0 Unfinished:1
2026.09.17-19:28:55.076[32m info [39m [caliper] [default-observer] 	[warmup-retail-transfer-low-10tps Round 0 Transaction Info] - Submitted: 136 Succ: 130 Fail:0 Unfinished:6
2026.09.17-19:29:00.077[32m info [39m [caliper] [default-observer] 	[warmup-retail-transfer-low-10tps Round 0 Transaction Info] - Submitted: 151 Succ: 151 Fail:0 Unfinished:0
2026.09.17-19:29:00.468[32m info [39m [caliper] [connectors/peer-gateway/PeerGateway] 	disconnecting gateway for user User1
2026.09.17-19:29:00.468[32m info [39m [caliper] [connectors/peer-gateway/PeerGateway] 	disconnecting gateway for user _HimbaraBankOrgMSP_User1
2026.09.17-19:29:00.468[32m info [39m [caliper] [connectors/peer-gateway/PeerGateway] 	disconnecting gateway for user _CommercialBankOrgMSP_User1
2026.09.17-19:29:00.468[32m info [39m [caliper] [connectors/peer-gateway/PeerGateway] 	disconnecting gRpc client at peer peer0.bi.paynet
2026.09.17-19:29:00.469[32m info [39m [caliper] [connectors/peer-gateway/PeerGateway] 	disconnecting gRpc client at peer peer0.himbara.paynet
2026.09.17-19:29:00.469[32m info [39m [caliper] [connectors/peer-gateway/PeerGateway] 	disconnecting gRpc client at peer peer0.commercial.paynet
2026.09.17-19:29:00.469[32m info [39m [caliper] [worker-message-handler] 	Worker#0 finished Round#0
2026.09.17-19:29:05.494[32m info [39m [caliper] [default-observer] 	Resetting txCount indicator count
2026.09.17-19:29:05.495[32m info [39m [caliper] [report-builder] 	### Test result ###
2026.09.17-19:29:05.499[32m info [39m [caliper] [report-builder] 	
+----------------------------------+------+------+-----------------+-----------------+-----------------+-----------------+------------------+
| Name                             | Succ | Fail | Send Rate (TPS) | Max Latency (s) | Min Latency (s) | Avg Latency (s) | Throughput (TPS) |
|----------------------------------|------|------|-----------------|-----------------|-----------------|-----------------|------------------|
| warmup-retail-transfer-low-10tps | 151  | 0    | 5.0             | 2.10            | 0.10            | 1.06            | 4.7              |
+----------------------------------+------+------+-----------------+-----------------+-----------------+-----------------+------------------+

2026.09.17-19:29:05.504[32m info [39m [caliper] [report-builder] 	### docker resource stats ###'
2026.09.17-19:29:05.508[32m info [39m [caliper] [report-builder] 	
+-----------------------------+-----------+-----------+------------------+------------------+-----------------+------------------+-----------------+----------------+
| Name                        | CPU%(max) | CPU%(avg) | Memory(max) [MB] | Memory(avg) [MB] | Traffic In [MB] | Traffic Out [MB] | Disc Write [MB] | Disc Read [KB] |
|-----------------------------|-----------|-----------|------------------|------------------|-----------------|------------------|-----------------|----------------|
| /peer0.ojk.paynet           | 0.06875   | 0.02375   | 110              | 109              | 2.59            | 1.18             | 4.02            | 0.00           |
|-----------------------------|-----------|-----------|------------------|------------------|-----------------|------------------|-----------------|----------------|
| /peer0.pjp.paynet           | 0.0525    | 0.0275    | 105              | 101              | 2.58            | 1.18             | 3.80            | 0.00           |
|-----------------------------|-----------|-----------|------------------|------------------|-----------------|------------------|-----------------|----------------|
| /peer0.himbara.paynet       | 0.11375   | 0.07      | 107              | 106              | 5.69            | 5.60             | 3.98            | 0.00           |
|-----------------------------|-----------|-----------|------------------|------------------|-----------------|------------------|-----------------|----------------|
| /peer0.bi.paynet            | 0.0625    | 0.0275    | 104              | 98.9             | 2.60            | 1.20             | 3.81            | 0.00           |
|-----------------------------|-----------|-----------|------------------|------------------|-----------------|------------------|-----------------|----------------|
| /peer0.commercial.paynet    | 0.0625    | 0.02875   | 101              | 97.0             | 2.58            | 1.19             | 3.85            | 0.00           |
|-----------------------------|-----------|-----------|------------------|------------------|-----------------|------------------|-----------------|----------------|
| /couchdb0.commercial.paynet | 0.295     | 0.075     | 53.7             | 52.7             | 0.964           | 1.06             | 6.76            | 0.00           |
|-----------------------------|-----------|-----------|------------------|------------------|-----------------|------------------|-----------------|----------------|
| /couchdb0.himbara.paynet    | 0.28      | 0.095     | 55.0             | 53.4             | 0.934           | 0.463            | 6.50            | 44.0           |
|-----------------------------|-----------|-----------|------------------|------------------|-----------------|------------------|-----------------|----------------|
| /couchdb0.bi.paynet         | 0.2575    | 0.07625   | 53.5             | 52.7             | 0.963           | 1.05             | 6.03            | 0.00           |
|-----------------------------|-----------|-----------|------------------|------------------|-----------------|------------------|-----------------|----------------|
| /couchdb0.pjp.paynet        | 0.26875   | 0.0725    | 52.1             | 51.4             | 0.963           | 1.06             | 6.11            | 0.00           |
|-----------------------------|-----------|-----------|------------------|------------------|-----------------|------------------|-----------------|----------------|
| /couchdb0.ojk.paynet        | 0.3525    | 0.0875    | 56.4             | 55.6             | 0.964           | 1.06             | 20.2            | 0.00           |
|-----------------------------|-----------|-----------|------------------|------------------|-----------------|------------------|-----------------|----------------|
| /orderer.paynet             | 0.0225    | 0.00625   | 44.1             | 42.0             | 1.43            | 6.67             | 4.70            | 0.00           |
+-----------------------------+-----------+-----------+------------------+------------------+-----------------+------------------+-----------------+----------------+

2026.09.17-19:29:05.509[32m info [39m [caliper] [report-builder] 	### process resource stats ###'
2026.09.17-19:29:05.509[32m info [39m [caliper] [report-builder] 	
+-------------------+-----------+-----------+-----------------+-----------------+
| Name              | CPU%(max) | CPU%(avg) | Memory(max) [B] | Memory(avg) [B] |
|-------------------|-----------|-----------|-----------------|-----------------|
| node caliper(sum) | 28.85     | 18.52     | -               | -               |
+-------------------+-----------+-----------+-----------------+-----------------+

2026.09.17-19:29:05.509[32m info [39m [caliper] [round-orchestrator] 	Finished round 1 (warmup-retail-transfer-low-10tps) in 32.108 seconds
2026.09.17-19:29:05.509[32m info [39m [caliper] [monitor.js] 	Stopping all monitors
2026.09.17-19:29:05.710[32m info [39m [caliper] [round-orchestrator] 	Waiting 5 seconds for the next round...
2026.09.17-19:29:10.710[32m info [39m [caliper] [round-orchestrator] 	Started round 2 (retail-transfer-low-10tps)
2026.09.17-19:29:10.711[32m info [39m [caliper] [worker-message-handler] 	Preparing Worker#0 for Round#1
2026.09.17-19:29:10.713[32m info [39m [caliper] [connectors/peer-gateway/PeerGateway] 	Generating contract map for user User1
2026.09.17-19:29:10.715[32m info [39m [caliper] [connectors/peer-gateway/PeerGateway] 	Generating contract map for user _HimbaraBankOrgMSP_User1
2026.09.17-19:29:10.717[32m info [39m [caliper] [connectors/peer-gateway/PeerGateway] 	Generating contract map for user _CommercialBankOrgMSP_User1
2026.09.17-19:29:10.717[32m info [39m [caliper] [caliper-worker] 	Info: worker 0 prepare test phase for round 1 is starting...
2026.09.17-19:29:14.887[32m info [39m [caliper] [connectors/peer-gateway/PeerGateway] 	disconnecting gateway for user User1
2026.09.17-19:29:14.887[32m info [39m [caliper] [connectors/peer-gateway/PeerGateway] 	disconnecting gateway for user _HimbaraBankOrgMSP_User1
2026.09.17-19:29:14.887[32m info [39m [caliper] [connectors/peer-gateway/PeerGateway] 	disconnecting gateway for user _CommercialBankOrgMSP_User1
2026.09.17-19:29:14.887[32m info [39m [caliper] [connectors/peer-gateway/PeerGateway] 	disconnecting gRpc client at peer peer0.bi.paynet
2026.09.17-19:29:14.887[32m info [39m [caliper] [connectors/peer-gateway/PeerGateway] 	disconnecting gRpc client at peer peer0.himbara.paynet
2026.09.17-19:29:14.888[32m info [39m [caliper] [connectors/peer-gateway/PeerGateway] 	disconnecting gRpc client at peer peer0.commercial.paynet
2026.09.17-19:29:14.888[32m info [39m [caliper] [caliper-worker] 	Info: worker 0 prepare test phase for round 1 is completed
2026.09.17-19:29:14.888[32m info [39m [caliper] [worker-message-handler] 	Worker#0 prepared for Round#1
2026.09.17-19:29:14.890[32m info [39m [caliper] [worker-orchestrator] 	1 workers prepared, progressing to test phase.
2026.09.17-19:29:16.931[32m info [39m [caliper] [monitor-process] 	Registering node caliper(sum) within process monitor
2026.09.17-19:29:17.066[32m info [39m [caliper] [monitor-process] 	Starting process monitor with update interval 1000 ms
2026.09.17-19:29:17.066[32m info [39m [caliper] [round-orchestrator] 	Monitors successfully started
2026.09.17-19:29:17.067[32m info [39m [caliper] [worker-message-handler] 	Worker#0 is starting Round#1
2026.09.17-19:29:17.069[32m info [39m [caliper] [connectors/peer-gateway/PeerGateway] 	Generating contract map for user User1
2026.09.17-19:29:17.071[32m info [39m [caliper] [connectors/peer-gateway/PeerGateway] 	Generating contract map for user _HimbaraBankOrgMSP_User1
2026.09.17-19:29:17.073[32m info [39m [caliper] [connectors/peer-gateway/PeerGateway] 	Generating contract map for user _CommercialBankOrgMSP_User1
2026.09.17-19:29:17.073[32m info [39m [caliper] [caliper-worker] 	Worker #0 starting workload loop
2026.09.17-19:29:19.893[32m info [39m [caliper] [default-observer] 	[retail-transfer-low-10tps Round 1 Transaction Info] - Submitted: 20 Succ: 10 Fail:0 Unfinished:10
2026.09.17-19:29:24.892[32m info [39m [caliper] [default-observer] 	[retail-transfer-low-10tps Round 1 Transaction Info] - Submitted: 71 Succ: 60 Fail:0 Unfinished:11
2026.09.17-19:29:29.892[32m info [39m [caliper] [default-observer] 	[retail-transfer-low-10tps Round 1 Transaction Info] - Submitted: 121 Succ: 110 Fail:0 Unfinished:11
2026.09.17-19:29:34.893[32m info [39m [caliper] [default-observer] 	[retail-transfer-low-10tps Round 1 Transaction Info] - Submitted: 171 Succ: 160 Fail:0 Unfinished:11
2026.09.17-19:29:39.894[32m info [39m [caliper] [default-observer] 	[retail-transfer-low-10tps Round 1 Transaction Info] - Submitted: 221 Succ: 210 Fail:0 Unfinished:11
2026.09.17-19:29:44.895[32m info [39m [caliper] [default-observer] 	[retail-transfer-low-10tps Round 1 Transaction Info] - Submitted: 271 Succ: 270 Fail:0 Unfinished:1
2026.09.17-19:29:49.896[32m info [39m [caliper] [default-observer] 	[retail-transfer-low-10tps Round 1 Transaction Info] - Submitted: 301 Succ: 301 Fail:0 Unfinished:0
2026.09.17-19:29:50.286[32m info [39m [caliper] [connectors/peer-gateway/PeerGateway] 	disconnecting gateway for user User1
2026.09.17-19:29:50.286[32m info [39m [caliper] [connectors/peer-gateway/PeerGateway] 	disconnecting gateway for user _HimbaraBankOrgMSP_User1
2026.09.17-19:29:50.286[32m info [39m [caliper] [connectors/peer-gateway/PeerGateway] 	disconnecting gateway for user _CommercialBankOrgMSP_User1
2026.09.17-19:29:50.286[32m info [39m [caliper] [connectors/peer-gateway/PeerGateway] 	disconnecting gRpc client at peer peer0.bi.paynet
2026.09.17-19:29:50.286[32m info [39m [caliper] [connectors/peer-gateway/PeerGateway] 	disconnecting gRpc client at peer peer0.himbara.paynet
2026.09.17-19:29:50.286[32m info [39m [caliper] [connectors/peer-gateway/PeerGateway] 	disconnecting gRpc client at peer peer0.commercial.paynet
2026.09.17-19:29:50.286[32m info [39m [caliper] [worker-message-handler] 	Worker#0 finished Round#1
2026.09.17-19:29:55.331[32m info [39m [caliper] [default-observer] 	Resetting txCount indicator count
2026.09.17-19:29:55.331[32m info [39m [caliper] [report-builder] 	### Test result ###
2026.09.17-19:29:55.334[32m info [39m [caliper] [report-builder] 	
+---------------------------+------+------+-----------------+-----------------+-----------------+-----------------+------------------+
| Name                      | Succ | Fail | Send Rate (TPS) | Max Latency (s) | Min Latency (s) | Avg Latency (s) | Throughput (TPS) |
|---------------------------|------|------|-----------------|-----------------|-----------------|-----------------|------------------|
| retail-transfer-low-10tps | 301  | 0    | 10.0            | 2.27            | 0.11            | 0.68            | 9.3              |
+---------------------------+------+------+-----------------+-----------------+-----------------+-----------------+------------------+

2026.09.17-19:29:55.340[32m info [39m [caliper] [report-builder] 	### docker resource stats ###'
2026.09.17-19:29:55.342[32m info [39m [caliper] [report-builder] 	
+-----------------------------+-----------+-----------+------------------+------------------+-----------------+------------------+-----------------+----------------+
| Name                        | CPU%(max) | CPU%(avg) | Memory(max) [MB] | Memory(avg) [MB] | Traffic In [MB] | Traffic Out [MB] | Disc Write [MB] | Disc Read [KB] |
|-----------------------------|-----------|-----------|------------------|------------------|-----------------|------------------|-----------------|----------------|
| /peer0.ojk.paynet           | 0.08375   | 0.04875   | 110              | 108              | 4.95            | 2.15             | 7.81            | 0.00           |
|-----------------------------|-----------|-----------|------------------|------------------|-----------------|------------------|-----------------|----------------|
| /peer0.pjp.paynet           | 0.12875   | 0.0525    | 107              | 106              | 4.94            | 2.15             | 8.18            | 0.00           |
|-----------------------------|-----------|-----------|------------------|------------------|-----------------|------------------|-----------------|----------------|
| /peer0.himbara.paynet       | 0.495     | 0.15125   | 116              | 112              | 10.9            | 10.8             | 8.75            | 0.00           |
|-----------------------------|-----------|-----------|------------------|------------------|-----------------|------------------|-----------------|----------------|
| /peer0.bi.paynet            | 0.11375   | 0.0525    | 114              | 111              | 4.97            | 2.18             | 8.24            | 0.00           |
|-----------------------------|-----------|-----------|------------------|------------------|-----------------|------------------|-----------------|----------------|
| /peer0.commercial.paynet    | 0.0825    | 0.0475    | 111              | 107              | 4.94            | 2.15             | 8.37            | 0.00           |
|-----------------------------|-----------|-----------|------------------|------------------|-----------------|------------------|-----------------|----------------|
| /couchdb0.commercial.paynet | 0.455     | 0.23625   | 55.9             | 53.7             | 1.92            | 2.11             | 16.1            | 0.00           |
|-----------------------------|-----------|-----------|------------------|------------------|-----------------|------------------|-----------------|----------------|
| /couchdb0.himbara.paynet    | 0.7       | 0.26      | 55.8             | 53.6             | 1.84            | 0.873            | 58.6            | 0.00           |
|-----------------------------|-----------|-----------|------------------|------------------|-----------------|------------------|-----------------|----------------|
| /couchdb0.bi.paynet         | 0.405     | 0.255     | 53.9             | 52.6             | 1.92            | 2.10             | 15.3            | 0.00           |
|-----------------------------|-----------|-----------|------------------|------------------|-----------------|------------------|-----------------|----------------|
| /couchdb0.pjp.paynet        | 0.69875   | 0.2825    | 55.0             | 52.4             | 1.92            | 2.11             | 50.6            | 16.0           |
|-----------------------------|-----------|-----------|------------------|------------------|-----------------|------------------|-----------------|----------------|
| /couchdb0.ojk.paynet        | 0.555     | 0.27125   | 57.3             | 55.1             | 1.92            | 2.11             | 16.2            | 0.00           |
|-----------------------------|-----------|-----------|------------------|------------------|-----------------|------------------|-----------------|----------------|
| /orderer.paynet             | 0.07125   | 0.02125   | 46.6             | 43.9             | 2.83            | 13.3             | 9.34            | 0.00           |
+-----------------------------+-----------+-----------+------------------+------------------+-----------------+------------------+-----------------+----------------+

2026.09.17-19:29:55.343[32m info [39m [caliper] [report-builder] 	### process resource stats ###'
2026.09.17-19:29:55.344[32m info [39m [caliper] [report-builder] 	
+-------------------+-----------+-----------+-----------------+-----------------+
| Name              | CPU%(max) | CPU%(avg) | Memory(max) [B] | Memory(avg) [B] |
|-------------------|-----------|-----------|-----------------|-----------------|
| node caliper(sum) | 68.88     | 26.90     | -               | -               |
+-------------------+-----------+-----------+-----------------+-----------------+

2026.09.17-19:29:55.344[32m info [39m [caliper] [round-orchestrator] 	Finished round 2 (retail-transfer-low-10tps) in 32.212 seconds
2026.09.17-19:29:55.344[32m info [39m [caliper] [monitor.js] 	Stopping all monitors
2026.09.17-19:29:55.544[32m info [39m [caliper] [report-builder] 	### All test results ###
2026.09.17-19:29:55.545[32m info [39m [caliper] [report-builder] 	
+----------------------------------+------+------+-----------------+-----------------+-----------------+-----------------+------------------+
| Name                             | Succ | Fail | Send Rate (TPS) | Max Latency (s) | Min Latency (s) | Avg Latency (s) | Throughput (TPS) |
|----------------------------------|------|------|-----------------|-----------------|-----------------|-----------------|------------------|
| warmup-retail-transfer-low-10tps | 151  | 0    | 5.0             | 2.10            | 0.10            | 1.06            | 4.7              |
|----------------------------------|------|------|-----------------|-----------------|-----------------|-----------------|------------------|
| retail-transfer-low-10tps        | 301  | 0    | 10.0            | 2.27            | 0.11            | 0.68            | 9.3              |
+----------------------------------+------+------+-----------------+-----------------+-----------------+-----------------+------------------+

2026.09.17-19:29:55.552[32m info [39m [caliper] [report-builder] 	Generated report with path /home/mfachrizalg/2026/Skripsi/bi-coin/bi-coin-fabric/report.html
2026.09.17-19:29:55.553[32m info [39m [caliper] [monitor.js] 	Stopping all monitors
2026.09.17-19:29:55.553[32m info [39m [caliper] [worker-orchestrator] 	Sending exit message to connected workers
2026.09.17-19:29:55.553[32m info [39m [caliper] [round-orchestrator] 	Benchmark finished in 199.858 seconds. Total rounds: 2. Successful rounds: 2. Failed rounds: 0.
2026.09.17-19:29:55.553[32m info [39m [caliper] [caliper-engine] 	Network configuration attribute "caliper.command.end" is not present, skipping end command
2026.09.17-19:29:55.553[32m info [39m [caliper] [cli-launch-manager] 	Benchmark successfully finished!
2026.09.17-19:29:55.554[32m info [39m [caliper] [worker-message-handler] 	Worker#0 is exiting
