2026.09.17-14:12:16.625[32m info [39m [caliper] [cli-launch-manager] 	Set workspace path: /home/mfachrizalg/2026/Skripsi/bi-coin/bi-coin-fabric
2026.09.17-14:12:16.625[32m info [39m [caliper] [cli-launch-manager] 	Set benchmark configuration path: /home/mfachrizalg/2026/Skripsi/bi-coin/bi-coin-fabric/benchmark/results/statistical-20260917-pilot6/runs/calibration-retail-transfer-low-4w-30tps-r4/benchconfig.yaml
2026.09.17-14:12:16.625[32m info [39m [caliper] [cli-launch-manager] 	Set network configuration path: /home/mfachrizalg/2026/Skripsi/bi-coin/bi-coin-fabric/benchmark/networkconfig.yaml
2026.09.17-14:12:16.626[32m info [39m [caliper] [cli-launch-manager] 	Set SUT type: fabric
2026.09.17-14:12:16.645[32m info [39m [caliper] [caliper-engine] 	Starting benchmark flow
2026.09.17-14:12:16.645[32m info [39m [caliper] [caliper-engine] 	Network configuration attribute "caliper.command.start" is not present, skipping start command
2026.09.17-14:12:17.229[32m info [39m [caliper] [FabricConnectorFactory] 	Initializing peer gateway connector compatible with installed fabric-gateway SDK: 1.5.0
2026.09.17-14:12:17.235[32m info [39m [caliper] [IdentityManager] 	Adding User1 (admin=false) as User1 for organization BankIndonesiaOrgMSP
2026.09.17-14:12:17.237[32m info [39m [caliper] [IdentityManager] 	Adding User1 (admin=false) as _HimbaraBankOrgMSP_User1 for organization HimbaraBankOrgMSP
2026.09.17-14:12:17.238[32m info [39m [caliper] [IdentityManager] 	Adding User1 (admin=false) as _CommercialBankOrgMSP_User1 for organization CommercialBankOrgMSP
2026.09.17-14:12:17.240[32m info [39m [caliper] [connectors/peer-gateway/PeerGateway] 	Fabric-Gateway SDK version: 1.5.0 for Peer-Gateway connector; TLS based on BankIndonesiaOrgMSP: server
2026.09.17-14:12:17.240[32m info [39m [caliper] [caliper-engine] 	Executed "init" step in 0.001 seconds
2026.09.17-14:12:17.240[33m warn [39m [caliper] [connectors/peer-gateway/PeerGateway] 	Install smart contract not available for the Fabric Peer Gateway connector
2026.09.17-14:12:17.240[32m info [39m [caliper] [caliper-engine] 	Executed "install" step in 0 seconds
2026.09.17-14:12:17.242[32m info [39m [caliper] [monitor.js] 	Attempting to create resource monitor of type docker
2026.09.17-14:12:17.242[32m info [39m [caliper] [monitor.js] 	Attempting to create resource monitor of type process
2026.09.17-14:12:17.252[32m info [39m [caliper] [default-observer] 	Observer interval set to 5000 milliseconds
2026.09.17-14:12:17.255[32m info [39m [caliper] [round-orchestrator] 	Preparing worker connections
2026.09.17-14:12:17.256[32m info [39m [caliper] [worker-orchestrator] 	Launching worker 1 of 4
2026.09.17-14:12:17.260[32m info [39m [caliper] [worker-orchestrator] 	Launching worker 2 of 4
2026.09.17-14:12:17.262[32m info [39m [caliper] [worker-orchestrator] 	Launching worker 3 of 4
2026.09.17-14:12:17.265[32m info [39m [caliper] [worker-orchestrator] 	Launching worker 4 of 4
2026.09.17-14:12:17.268[32m info [39m [caliper] [worker-orchestrator] 	Messenger not configured, entering configure phase...
2026.09.17-14:12:17.268[32m info [39m [caliper] [worker-orchestrator] 	No existing workers detected, entering worker launch phase...
2026.09.17-14:12:17.269[32m info [39m [caliper] [worker-orchestrator] 	Waiting for 4 workers to be connected...
2026.09.17-14:12:17.636[32m info [39m [caliper] [cli-launch-worker] 	Set workspace path: /home/mfachrizalg/2026/Skripsi/bi-coin/bi-coin-fabric
2026.09.17-14:12:17.638[32m info [39m [caliper] [cli-launch-worker] 	Set benchmark configuration path: /home/mfachrizalg/2026/Skripsi/bi-coin/bi-coin-fabric/benchmark/results/statistical-20260917-pilot6/runs/calibration-retail-transfer-low-4w-30tps-r4/benchconfig.yaml
2026.09.17-14:12:17.638[32m info [39m [caliper] [cli-launch-worker] 	Set network configuration path: /home/mfachrizalg/2026/Skripsi/bi-coin/bi-coin-fabric/benchmark/networkconfig.yaml
2026.09.17-14:12:17.638[32m info [39m [caliper] [cli-launch-worker] 	Set SUT type: fabric
2026.09.17-14:12:17.638[32m info [39m [caliper] [cli-launch-worker] 	Set workspace path: /home/mfachrizalg/2026/Skripsi/bi-coin/bi-coin-fabric
2026.09.17-14:12:17.639[32m info [39m [caliper] [cli-launch-worker] 	Set benchmark configuration path: /home/mfachrizalg/2026/Skripsi/bi-coin/bi-coin-fabric/benchmark/results/statistical-20260917-pilot6/runs/calibration-retail-transfer-low-4w-30tps-r4/benchconfig.yaml
2026.09.17-14:12:17.640[32m info [39m [caliper] [cli-launch-worker] 	Set network configuration path: /home/mfachrizalg/2026/Skripsi/bi-coin/bi-coin-fabric/benchmark/networkconfig.yaml
2026.09.17-14:12:17.640[32m info [39m [caliper] [cli-launch-worker] 	Set SUT type: fabric
2026.09.17-14:12:17.659[32m info [39m [caliper] [cli-launch-worker] 	Set workspace path: /home/mfachrizalg/2026/Skripsi/bi-coin/bi-coin-fabric
2026.09.17-14:12:17.660[32m info [39m [caliper] [cli-launch-worker] 	Set benchmark configuration path: /home/mfachrizalg/2026/Skripsi/bi-coin/bi-coin-fabric/benchmark/results/statistical-20260917-pilot6/runs/calibration-retail-transfer-low-4w-30tps-r4/benchconfig.yaml
2026.09.17-14:12:17.661[32m info [39m [caliper] [cli-launch-worker] 	Set network configuration path: /home/mfachrizalg/2026/Skripsi/bi-coin/bi-coin-fabric/benchmark/networkconfig.yaml
2026.09.17-14:12:17.661[32m info [39m [caliper] [cli-launch-worker] 	Set SUT type: fabric
2026.09.17-14:12:17.661[32m info [39m [caliper] [cli-launch-worker] 	Set workspace path: /home/mfachrizalg/2026/Skripsi/bi-coin/bi-coin-fabric
2026.09.17-14:12:17.662[32m info [39m [caliper] [cli-launch-worker] 	Set benchmark configuration path: /home/mfachrizalg/2026/Skripsi/bi-coin/bi-coin-fabric/benchmark/results/statistical-20260917-pilot6/runs/calibration-retail-transfer-low-4w-30tps-r4/benchconfig.yaml
2026.09.17-14:12:17.662[32m info [39m [caliper] [cli-launch-worker] 	Set network configuration path: /home/mfachrizalg/2026/Skripsi/bi-coin/bi-coin-fabric/benchmark/networkconfig.yaml
2026.09.17-14:12:17.663[32m info [39m [caliper] [cli-launch-worker] 	Set SUT type: fabric
2026.09.17-14:12:17.694[32m info [39m [caliper] [worker-orchestrator] 	4 workers connected, progressing to worker assignment phase.
2026.09.17-14:12:17.694[32m info [39m [caliper] [worker-orchestrator] 	Workers currently unassigned, awaiting index assignment...
2026.09.17-14:12:17.695[32m info [39m [caliper] [worker-orchestrator] 	Waiting for 4 workers to be assigned...
2026.09.17-14:12:17.743[32m info [39m [caliper] [worker-orchestrator] 	4 workers assigned, progressing to worker initialization phase.
2026.09.17-14:12:17.743[32m info [39m [caliper] [worker-orchestrator] 	Waiting for 4 workers to be ready...
2026.09.17-14:12:17.744[32m info [39m [caliper] [worker-message-handler] 	Initializing Worker#1...
2026.09.17-14:12:17.744[32m info [39m [caliper] [worker-message-handler] 	Initializing Worker#2...
2026.09.17-14:12:17.744[32m info [39m [caliper] [worker-message-handler] 	Initializing Worker#0...
2026.09.17-14:12:17.744[32m info [39m [caliper] [worker-message-handler] 	Initializing Worker#3...
2026.09.17-14:12:18.484[32m info [39m [caliper] [FabricConnectorFactory] 	Initializing peer gateway connector compatible with installed fabric-gateway SDK: 1.5.0
2026.09.17-14:12:18.491[32m info [39m [caliper] [IdentityManager] 	Adding User1 (admin=false) as User1 for organization BankIndonesiaOrgMSP
2026.09.17-14:12:18.493[32m info [39m [caliper] [IdentityManager] 	Adding User1 (admin=false) as _HimbaraBankOrgMSP_User1 for organization HimbaraBankOrgMSP
2026.09.17-14:12:18.494[32m info [39m [caliper] [IdentityManager] 	Adding User1 (admin=false) as _CommercialBankOrgMSP_User1 for organization CommercialBankOrgMSP
2026.09.17-14:12:18.497[32m info [39m [caliper] [worker-message-handler] 	Worker#3 initialized
2026.09.17-14:12:18.523[32m info [39m [caliper] [FabricConnectorFactory] 	Initializing peer gateway connector compatible with installed fabric-gateway SDK: 1.5.0
2026.09.17-14:12:18.529[32m info [39m [caliper] [IdentityManager] 	Adding User1 (admin=false) as User1 for organization BankIndonesiaOrgMSP
2026.09.17-14:12:18.531[32m info [39m [caliper] [IdentityManager] 	Adding User1 (admin=false) as _HimbaraBankOrgMSP_User1 for organization HimbaraBankOrgMSP
2026.09.17-14:12:18.532[32m info [39m [caliper] [IdentityManager] 	Adding User1 (admin=false) as _CommercialBankOrgMSP_User1 for organization CommercialBankOrgMSP
2026.09.17-14:12:18.536[32m info [39m [caliper] [worker-message-handler] 	Worker#2 initialized
2026.09.17-14:12:18.575[32m info [39m [caliper] [FabricConnectorFactory] 	Initializing peer gateway connector compatible with installed fabric-gateway SDK: 1.5.0
2026.09.17-14:12:18.579[32m info [39m [caliper] [FabricConnectorFactory] 	Initializing peer gateway connector compatible with installed fabric-gateway SDK: 1.5.0
2026.09.17-14:12:18.580[32m info [39m [caliper] [IdentityManager] 	Adding User1 (admin=false) as User1 for organization BankIndonesiaOrgMSP
2026.09.17-14:12:18.581[32m info [39m [caliper] [IdentityManager] 	Adding User1 (admin=false) as _HimbaraBankOrgMSP_User1 for organization HimbaraBankOrgMSP
2026.09.17-14:12:18.582[32m info [39m [caliper] [IdentityManager] 	Adding User1 (admin=false) as _CommercialBankOrgMSP_User1 for organization CommercialBankOrgMSP
2026.09.17-14:12:18.586[32m info [39m [caliper] [IdentityManager] 	Adding User1 (admin=false) as User1 for organization BankIndonesiaOrgMSP
2026.09.17-14:12:18.587[32m info [39m [caliper] [IdentityManager] 	Adding User1 (admin=false) as _HimbaraBankOrgMSP_User1 for organization HimbaraBankOrgMSP
2026.09.17-14:12:18.588[32m info [39m [caliper] [worker-message-handler] 	Worker#1 initialized
2026.09.17-14:12:18.589[32m info [39m [caliper] [IdentityManager] 	Adding User1 (admin=false) as _CommercialBankOrgMSP_User1 for organization CommercialBankOrgMSP
2026.09.17-14:12:18.592[32m info [39m [caliper] [worker-message-handler] 	Worker#0 initialized
2026.09.17-14:12:18.594[32m info [39m [caliper] [worker-orchestrator] 	4 workers ready, progressing to test preparation phase.
2026.09.17-14:12:18.594[32m info [39m [caliper] [round-orchestrator] 	Started round 1 (warmup-retail-transfer-low-30tps)
2026.09.17-14:12:18.596[32m info [39m [caliper] [worker-message-handler] 	Preparing Worker#0 for Round#0
2026.09.17-14:12:18.596[32m info [39m [caliper] [worker-message-handler] 	Preparing Worker#1 for Round#0
2026.09.17-14:12:18.597[32m info [39m [caliper] [worker-message-handler] 	Preparing Worker#2 for Round#0
2026.09.17-14:12:18.598[32m info [39m [caliper] [worker-message-handler] 	Preparing Worker#3 for Round#0
2026.09.17-14:12:18.623[32m info [39m [caliper] [connectors/peer-gateway/PeerGateway] 	Generating contract map for user User1
2026.09.17-14:12:18.625[32m info [39m [caliper] [connectors/peer-gateway/PeerGateway] 	Generating contract map for user User1
2026.09.17-14:12:18.626[32m info [39m [caliper] [connectors/peer-gateway/PeerGateway] 	Generating contract map for user User1
2026.09.17-14:12:18.628[32m info [39m [caliper] [connectors/peer-gateway/PeerGateway] 	Generating contract map for user User1
2026.09.17-14:12:18.629[32m info [39m [caliper] [connectors/peer-gateway/PeerGateway] 	Generating contract map for user _HimbaraBankOrgMSP_User1
2026.09.17-14:12:18.630[32m info [39m [caliper] [connectors/peer-gateway/PeerGateway] 	Generating contract map for user _HimbaraBankOrgMSP_User1
2026.09.17-14:12:18.632[32m info [39m [caliper] [connectors/peer-gateway/PeerGateway] 	Generating contract map for user _CommercialBankOrgMSP_User1
2026.09.17-14:12:18.632[32m info [39m [caliper] [connectors/peer-gateway/PeerGateway] 	Generating contract map for user _HimbaraBankOrgMSP_User1
2026.09.17-14:12:18.632[32m info [39m [caliper] [caliper-worker] 	Info: worker 1 prepare test phase for round 0 is starting...
2026.09.17-14:12:18.633[32m info [39m [caliper] [connectors/peer-gateway/PeerGateway] 	Generating contract map for user _HimbaraBankOrgMSP_User1
2026.09.17-14:12:18.634[32m info [39m [caliper] [connectors/peer-gateway/PeerGateway] 	Generating contract map for user _CommercialBankOrgMSP_User1
2026.09.17-14:12:18.634[32m info [39m [caliper] [caliper-worker] 	Info: worker 2 prepare test phase for round 0 is starting...
2026.09.17-14:12:18.636[32m info [39m [caliper] [connectors/peer-gateway/PeerGateway] 	Generating contract map for user _CommercialBankOrgMSP_User1
2026.09.17-14:12:18.636[32m info [39m [caliper] [caliper-worker] 	Info: worker 3 prepare test phase for round 0 is starting...
2026.09.17-14:12:18.637[32m info [39m [caliper] [connectors/peer-gateway/PeerGateway] 	Generating contract map for user _CommercialBankOrgMSP_User1
2026.09.17-14:12:18.637[32m info [39m [caliper] [caliper-worker] 	Info: worker 0 prepare test phase for round 0 is starting...
2026.09.17-14:12:18.687[31m error[39m [caliper] [connectors/peer-gateway/PeerGateway] 	Failed to perform query transaction [GetParticipant] using arguments [bench_custodian_20260917-pilot6_calibration-retail-transfer-low-4w-30tps-r4_retail-transfer-low],  with error: GatewayError: 2 UNKNOWN: evaluate call to endorser returned error: chaincode response 500, participant bench_custodian_20260917-pilot6_calibration-retail-transfer-low-4w-30tps-r4_retail-transfer-low not found
Details:
-  peer0.bi.paynet:7051:chaincode response 500, participant bench_custodian_20260917-pilot6_calibration-retail-transfer-low-4w-30tps-r4_retail-transfer-low not found
2026.09.17-14:13:12.242[32m info [39m [caliper] [connectors/peer-gateway/PeerGateway] 	disconnecting gateway for user User1
2026.09.17-14:13:12.242[32m info [39m [caliper] [connectors/peer-gateway/PeerGateway] 	disconnecting gateway for user _HimbaraBankOrgMSP_User1
2026.09.17-14:13:12.242[32m info [39m [caliper] [connectors/peer-gateway/PeerGateway] 	disconnecting gateway for user _CommercialBankOrgMSP_User1
2026.09.17-14:13:12.242[32m info [39m [caliper] [connectors/peer-gateway/PeerGateway] 	disconnecting gRpc client at peer peer0.bi.paynet
2026.09.17-14:13:12.242[32m info [39m [caliper] [connectors/peer-gateway/PeerGateway] 	disconnecting gRpc client at peer peer0.himbara.paynet
2026.09.17-14:13:12.243[32m info [39m [caliper] [connectors/peer-gateway/PeerGateway] 	disconnecting gRpc client at peer peer0.commercial.paynet
2026.09.17-14:13:12.243[32m info [39m [caliper] [caliper-worker] 	Info: worker 0 prepare test phase for round 0 is completed
2026.09.17-14:13:12.243[32m info [39m [caliper] [worker-message-handler] 	Worker#0 prepared for Round#0
2026.09.17-14:13:43.609[32m info [39m [caliper] [connectors/peer-gateway/PeerGateway] 	disconnecting gateway for user User1
2026.09.17-14:13:43.610[32m info [39m [caliper] [connectors/peer-gateway/PeerGateway] 	disconnecting gateway for user _HimbaraBankOrgMSP_User1
2026.09.17-14:13:43.610[32m info [39m [caliper] [connectors/peer-gateway/PeerGateway] 	disconnecting gateway for user _CommercialBankOrgMSP_User1
2026.09.17-14:13:43.610[32m info [39m [caliper] [connectors/peer-gateway/PeerGateway] 	disconnecting gRpc client at peer peer0.bi.paynet
2026.09.17-14:13:43.610[32m info [39m [caliper] [connectors/peer-gateway/PeerGateway] 	disconnecting gRpc client at peer peer0.himbara.paynet
2026.09.17-14:13:43.610[32m info [39m [caliper] [connectors/peer-gateway/PeerGateway] 	disconnecting gRpc client at peer peer0.commercial.paynet
2026.09.17-14:13:43.611[32m info [39m [caliper] [caliper-worker] 	Info: worker 2 prepare test phase for round 0 is completed
2026.09.17-14:13:43.611[32m info [39m [caliper] [worker-message-handler] 	Worker#2 prepared for Round#0
2026.09.17-14:14:15.179[32m info [39m [caliper] [connectors/peer-gateway/PeerGateway] 	disconnecting gateway for user User1
2026.09.17-14:14:15.179[32m info [39m [caliper] [connectors/peer-gateway/PeerGateway] 	disconnecting gateway for user _HimbaraBankOrgMSP_User1
2026.09.17-14:14:15.179[32m info [39m [caliper] [connectors/peer-gateway/PeerGateway] 	disconnecting gateway for user _CommercialBankOrgMSP_User1
2026.09.17-14:14:15.179[32m info [39m [caliper] [connectors/peer-gateway/PeerGateway] 	disconnecting gRpc client at peer peer0.bi.paynet
2026.09.17-14:14:15.179[32m info [39m [caliper] [connectors/peer-gateway/PeerGateway] 	disconnecting gRpc client at peer peer0.himbara.paynet
2026.09.17-14:14:15.180[32m info [39m [caliper] [connectors/peer-gateway/PeerGateway] 	disconnecting gRpc client at peer peer0.commercial.paynet
2026.09.17-14:14:15.180[32m info [39m [caliper] [caliper-worker] 	Info: worker 3 prepare test phase for round 0 is completed
2026.09.17-14:14:15.180[32m info [39m [caliper] [worker-message-handler] 	Worker#3 prepared for Round#0
2026.09.17-14:14:46.623[32m info [39m [caliper] [connectors/peer-gateway/PeerGateway] 	disconnecting gateway for user User1
2026.09.17-14:14:46.623[32m info [39m [caliper] [connectors/peer-gateway/PeerGateway] 	disconnecting gateway for user _HimbaraBankOrgMSP_User1
2026.09.17-14:14:46.623[32m info [39m [caliper] [connectors/peer-gateway/PeerGateway] 	disconnecting gateway for user _CommercialBankOrgMSP_User1
2026.09.17-14:14:46.623[32m info [39m [caliper] [connectors/peer-gateway/PeerGateway] 	disconnecting gRpc client at peer peer0.bi.paynet
2026.09.17-14:14:46.623[32m info [39m [caliper] [connectors/peer-gateway/PeerGateway] 	disconnecting gRpc client at peer peer0.himbara.paynet
2026.09.17-14:14:46.624[32m info [39m [caliper] [connectors/peer-gateway/PeerGateway] 	disconnecting gRpc client at peer peer0.commercial.paynet
2026.09.17-14:14:46.624[32m info [39m [caliper] [caliper-worker] 	Info: worker 1 prepare test phase for round 0 is completed
2026.09.17-14:14:46.624[32m info [39m [caliper] [worker-message-handler] 	Worker#1 prepared for Round#0
2026.09.17-14:14:46.625[32m info [39m [caliper] [worker-orchestrator] 	4 workers prepared, progressing to test phase.
2026.09.17-14:14:48.689[32m info [39m [caliper] [monitor-process] 	Registering node caliper(sum) within process monitor
2026.09.17-14:14:48.957[32m info [39m [caliper] [monitor-process] 	Starting process monitor with update interval 1000 ms
2026.09.17-14:14:48.957[32m info [39m [caliper] [round-orchestrator] 	Monitors successfully started
2026.09.17-14:14:48.959[32m info [39m [caliper] [worker-message-handler] 	Worker#1 is starting Round#0
2026.09.17-14:14:48.959[32m info [39m [caliper] [worker-message-handler] 	Worker#0 is starting Round#0
2026.09.17-14:14:48.959[32m info [39m [caliper] [worker-message-handler] 	Worker#2 is starting Round#0
2026.09.17-14:14:48.960[32m info [39m [caliper] [worker-message-handler] 	Worker#3 is starting Round#0
2026.09.17-14:14:48.969[32m info [39m [caliper] [connectors/peer-gateway/PeerGateway] 	Generating contract map for user User1
2026.09.17-14:14:48.969[32m info [39m [caliper] [connectors/peer-gateway/PeerGateway] 	Generating contract map for user User1
2026.09.17-14:14:48.972[32m info [39m [caliper] [connectors/peer-gateway/PeerGateway] 	Generating contract map for user User1
2026.09.17-14:14:48.975[32m info [39m [caliper] [connectors/peer-gateway/PeerGateway] 	Generating contract map for user _HimbaraBankOrgMSP_User1
2026.09.17-14:14:48.975[32m info [39m [caliper] [connectors/peer-gateway/PeerGateway] 	Generating contract map for user _HimbaraBankOrgMSP_User1
2026.09.17-14:14:48.976[32m info [39m [caliper] [connectors/peer-gateway/PeerGateway] 	Generating contract map for user User1
2026.09.17-14:14:48.976[32m info [39m [caliper] [connectors/peer-gateway/PeerGateway] 	Generating contract map for user _HimbaraBankOrgMSP_User1
2026.09.17-14:14:48.977[32m info [39m [caliper] [connectors/peer-gateway/PeerGateway] 	Generating contract map for user _CommercialBankOrgMSP_User1
2026.09.17-14:14:48.977[32m info [39m [caliper] [connectors/peer-gateway/PeerGateway] 	Generating contract map for user _CommercialBankOrgMSP_User1
2026.09.17-14:14:48.978[32m info [39m [caliper] [connectors/peer-gateway/PeerGateway] 	Generating contract map for user _HimbaraBankOrgMSP_User1
2026.09.17-14:14:48.979[32m info [39m [caliper] [connectors/peer-gateway/PeerGateway] 	Generating contract map for user _CommercialBankOrgMSP_User1
2026.09.17-14:14:48.980[32m info [39m [caliper] [caliper-worker] 	Worker #3 starting workload loop
2026.09.17-14:14:48.980[32m info [39m [caliper] [caliper-worker] 	Worker #0 starting workload loop
2026.09.17-14:14:48.980[32m info [39m [caliper] [connectors/peer-gateway/PeerGateway] 	Generating contract map for user _CommercialBankOrgMSP_User1
2026.09.17-14:14:48.981[32m info [39m [caliper] [caliper-worker] 	Worker #1 starting workload loop
2026.09.17-14:14:48.983[32m info [39m [caliper] [caliper-worker] 	Worker #2 starting workload loop
2026.09.17-14:14:51.629[32m info [39m [caliper] [default-observer] 	[warmup-retail-transfer-low-30tps Round 0 Transaction Info] - Submitted: 12 Succ: 10 Fail:0 Unfinished:2
2026.09.17-14:14:56.628[32m info [39m [caliper] [default-observer] 	[warmup-retail-transfer-low-30tps Round 0 Transaction Info] - Submitted: 36 Succ: 30 Fail:0 Unfinished:6
2026.09.17-14:15:01.628[32m info [39m [caliper] [default-observer] 	[warmup-retail-transfer-low-30tps Round 0 Transaction Info] - Submitted: 64 Succ: 60 Fail:0 Unfinished:4
2026.09.17-14:15:06.629[32m info [39m [caliper] [default-observer] 	[warmup-retail-transfer-low-30tps Round 0 Transaction Info] - Submitted: 88 Succ: 80 Fail:0 Unfinished:8
2026.09.17-14:15:11.630[32m info [39m [caliper] [default-observer] 	[warmup-retail-transfer-low-30tps Round 0 Transaction Info] - Submitted: 112 Succ: 110 Fail:0 Unfinished:2
2026.09.17-14:15:16.631[32m info [39m [caliper] [default-observer] 	[warmup-retail-transfer-low-30tps Round 0 Transaction Info] - Submitted: 136 Succ: 130 Fail:0 Unfinished:6
2026.09.17-14:15:21.632[32m info [39m [caliper] [default-observer] 	[warmup-retail-transfer-low-30tps Round 0 Transaction Info] - Submitted: 156 Succ: 156 Fail:0 Unfinished:0
2026.09.17-14:15:21.686[32m info [39m [caliper] [connectors/peer-gateway/PeerGateway] 	disconnecting gateway for user User1
2026.09.17-14:15:21.686[32m info [39m [caliper] [connectors/peer-gateway/PeerGateway] 	disconnecting gateway for user _HimbaraBankOrgMSP_User1
2026.09.17-14:15:21.686[32m info [39m [caliper] [connectors/peer-gateway/PeerGateway] 	disconnecting gateway for user _CommercialBankOrgMSP_User1
2026.09.17-14:15:21.686[32m info [39m [caliper] [connectors/peer-gateway/PeerGateway] 	disconnecting gRpc client at peer peer0.bi.paynet
2026.09.17-14:15:21.686[32m info [39m [caliper] [connectors/peer-gateway/PeerGateway] 	disconnecting gRpc client at peer peer0.himbara.paynet
2026.09.17-14:15:21.687[32m info [39m [caliper] [connectors/peer-gateway/PeerGateway] 	disconnecting gRpc client at peer peer0.commercial.paynet
2026.09.17-14:15:21.687[32m info [39m [caliper] [worker-message-handler] 	Worker#0 finished Round#0
2026.09.17-14:15:21.687[32m info [39m [caliper] [connectors/peer-gateway/PeerGateway] 	disconnecting gateway for user User1
2026.09.17-14:15:21.687[32m info [39m [caliper] [connectors/peer-gateway/PeerGateway] 	disconnecting gateway for user _HimbaraBankOrgMSP_User1
2026.09.17-14:15:21.687[32m info [39m [caliper] [connectors/peer-gateway/PeerGateway] 	disconnecting gateway for user _CommercialBankOrgMSP_User1
2026.09.17-14:15:21.687[32m info [39m [caliper] [connectors/peer-gateway/PeerGateway] 	disconnecting gRpc client at peer peer0.bi.paynet
2026.09.17-14:15:21.687[32m info [39m [caliper] [connectors/peer-gateway/PeerGateway] 	disconnecting gRpc client at peer peer0.himbara.paynet
2026.09.17-14:15:21.688[32m info [39m [caliper] [connectors/peer-gateway/PeerGateway] 	disconnecting gRpc client at peer peer0.commercial.paynet
2026.09.17-14:15:21.688[32m info [39m [caliper] [worker-message-handler] 	Worker#3 finished Round#0
2026.09.17-14:15:21.688[32m info [39m [caliper] [connectors/peer-gateway/PeerGateway] 	disconnecting gateway for user User1
2026.09.17-14:15:21.688[32m info [39m [caliper] [connectors/peer-gateway/PeerGateway] 	disconnecting gateway for user _HimbaraBankOrgMSP_User1
2026.09.17-14:15:21.688[32m info [39m [caliper] [connectors/peer-gateway/PeerGateway] 	disconnecting gateway for user _CommercialBankOrgMSP_User1
2026.09.17-14:15:21.688[32m info [39m [caliper] [connectors/peer-gateway/PeerGateway] 	disconnecting gRpc client at peer peer0.bi.paynet
2026.09.17-14:15:21.688[32m info [39m [caliper] [connectors/peer-gateway/PeerGateway] 	disconnecting gRpc client at peer peer0.himbara.paynet
2026.09.17-14:15:21.689[32m info [39m [caliper] [connectors/peer-gateway/PeerGateway] 	disconnecting gRpc client at peer peer0.commercial.paynet
2026.09.17-14:15:21.689[32m info [39m [caliper] [worker-message-handler] 	Worker#1 finished Round#0
2026.09.17-14:15:21.690[32m info [39m [caliper] [connectors/peer-gateway/PeerGateway] 	disconnecting gateway for user User1
2026.09.17-14:15:21.690[32m info [39m [caliper] [connectors/peer-gateway/PeerGateway] 	disconnecting gateway for user _HimbaraBankOrgMSP_User1
2026.09.17-14:15:21.690[32m info [39m [caliper] [connectors/peer-gateway/PeerGateway] 	disconnecting gateway for user _CommercialBankOrgMSP_User1
2026.09.17-14:15:21.690[32m info [39m [caliper] [connectors/peer-gateway/PeerGateway] 	disconnecting gRpc client at peer peer0.bi.paynet
2026.09.17-14:15:21.690[32m info [39m [caliper] [connectors/peer-gateway/PeerGateway] 	disconnecting gRpc client at peer peer0.himbara.paynet
2026.09.17-14:15:21.691[32m info [39m [caliper] [connectors/peer-gateway/PeerGateway] 	disconnecting gRpc client at peer peer0.commercial.paynet
2026.09.17-14:15:21.691[32m info [39m [caliper] [worker-message-handler] 	Worker#2 finished Round#0
2026.09.17-14:15:26.693[32m info [39m [caliper] [default-observer] 	Resetting txCount indicator count
2026.09.17-14:15:26.693[32m info [39m [caliper] [report-builder] 	### Test result ###
2026.09.17-14:15:26.698[32m info [39m [caliper] [report-builder] 	
+----------------------------------+------+------+-----------------+-----------------+-----------------+-----------------+------------------+
| Name                             | Succ | Fail | Send Rate (TPS) | Max Latency (s) | Min Latency (s) | Avg Latency (s) | Throughput (TPS) |
|----------------------------------|------|------|-----------------|-----------------|-----------------|-----------------|------------------|
| warmup-retail-transfer-low-30tps | 156  | 0    | 5.1             | 2.09            | 0.11            | 1.02            | 4.9              |
+----------------------------------+------+------+-----------------+-----------------+-----------------+-----------------+------------------+

2026.09.17-14:15:26.703[32m info [39m [caliper] [report-builder] 	### docker resource stats ###'
2026.09.17-14:15:26.706[32m info [39m [caliper] [report-builder] 	
+-----------------------------+-----------+-----------+------------------+------------------+-----------------+------------------+-----------------+----------------+
| Name                        | CPU%(max) | CPU%(avg) | Memory(max) [MB] | Memory(avg) [MB] | Traffic In [MB] | Traffic Out [MB] | Disc Write [MB] | Disc Read [MB] |
|-----------------------------|-----------|-----------|------------------|------------------|-----------------|------------------|-----------------|----------------|
| /peer0.himbara.paynet       | 0.125     | 0.05875   | 110              | 108              | 5.47            | 5.36             | 3.83            | 0.00           |
|-----------------------------|-----------|-----------|------------------|------------------|-----------------|------------------|-----------------|----------------|
| /peer0.pjp.paynet           | 0.04      | 0.02125   | 102              | 101              | 2.62            | 1.19             | 4.01            | 0.00           |
|-----------------------------|-----------|-----------|------------------|------------------|-----------------|------------------|-----------------|----------------|
| /peer0.ojk.paynet           | 0.045     | 0.01875   | 101              | 99.6             | 2.62            | 1.19             | 3.91            | 0.00           |
|-----------------------------|-----------|-----------|------------------|------------------|-----------------|------------------|-----------------|----------------|
| /peer0.commercial.paynet    | 0.03625   | 0.01875   | 103              | 102              | 2.61            | 1.18             | 3.70            | 0.0195         |
|-----------------------------|-----------|-----------|------------------|------------------|-----------------|------------------|-----------------|----------------|
| /peer0.bi.paynet            | 0.04875   | 0.0225    | 104              | 102              | 2.63            | 1.21             | 4.01            | 0.0195         |
|-----------------------------|-----------|-----------|------------------|------------------|-----------------|------------------|-----------------|----------------|
| /couchdb0.bi.paynet         | 0.56625   | 0.055     | 58.7             | 56.7             | 0.977           | 1.07             | 73.0            | 0.566          |
|-----------------------------|-----------|-----------|------------------|------------------|-----------------|------------------|-----------------|----------------|
| /couchdb0.commercial.paynet | 0.51625   | 0.06125   | 58.7             | 56.4             | 0.978           | 1.07             | 7.33            | 0.0273         |
|-----------------------------|-----------|-----------|------------------|------------------|-----------------|------------------|-----------------|----------------|
| /couchdb0.pjp.paynet        | 0.53125   | 0.06      | 59.5             | 57.8             | 0.979           | 1.07             | 7.58            | 0.449          |
|-----------------------------|-----------|-----------|------------------|------------------|-----------------|------------------|-----------------|----------------|
| /couchdb0.ojk.paynet        | 0.53375   | 0.06375   | 60.1             | 58.1             | 0.979           | 1.07             | 7.78            | 1.36           |
|-----------------------------|-----------|-----------|------------------|------------------|-----------------|------------------|-----------------|----------------|
| /orderer.paynet             | 0.01125   | 0.005     | 54.2             | 50.3             | 1.43            | 6.78             | 4.41            | 0.00           |
|-----------------------------|-----------|-----------|------------------|------------------|-----------------|------------------|-----------------|----------------|
| /couchdb0.himbara.paynet    | 0.22875   | 0.06625   | 62.5             | 60.4             | 0.965           | 0.520            | 29.1            | 4.00           |
+-----------------------------+-----------+-----------+------------------+------------------+-----------------+------------------+-----------------+----------------+

2026.09.17-14:15:26.707[32m info [39m [caliper] [report-builder] 	### process resource stats ###'
2026.09.17-14:15:26.707[32m info [39m [caliper] [report-builder] 	
+-------------------+-----------+-----------+-----------------+-----------------+
| Name              | CPU%(max) | CPU%(avg) | Memory(max) [B] | Memory(avg) [B] |
|-------------------|-----------|-----------|-----------------|-----------------|
| node caliper(sum) | 46.93     | 25.35     | -               | -               |
+-------------------+-----------+-----------+-----------------+-----------------+

2026.09.17-14:15:26.708[32m info [39m [caliper] [round-orchestrator] 	Finished round 1 (warmup-retail-transfer-low-30tps) in 31.71 seconds
2026.09.17-14:15:26.708[32m info [39m [caliper] [monitor.js] 	Stopping all monitors
2026.09.17-14:15:26.909[32m info [39m [caliper] [round-orchestrator] 	Waiting 5 seconds for the next round...
2026.09.17-14:15:31.909[32m info [39m [caliper] [round-orchestrator] 	Started round 2 (retail-transfer-low-30tps)
2026.09.17-14:15:31.910[32m info [39m [caliper] [worker-message-handler] 	Preparing Worker#0 for Round#1
2026.09.17-14:15:31.910[32m info [39m [caliper] [worker-message-handler] 	Preparing Worker#1 for Round#1
2026.09.17-14:15:31.910[32m info [39m [caliper] [worker-message-handler] 	Preparing Worker#2 for Round#1
2026.09.17-14:15:31.911[32m info [39m [caliper] [worker-message-handler] 	Preparing Worker#3 for Round#1
2026.09.17-14:15:31.913[32m info [39m [caliper] [connectors/peer-gateway/PeerGateway] 	Generating contract map for user User1
2026.09.17-14:15:31.913[32m info [39m [caliper] [connectors/peer-gateway/PeerGateway] 	Generating contract map for user User1
2026.09.17-14:15:31.913[32m info [39m [caliper] [connectors/peer-gateway/PeerGateway] 	Generating contract map for user User1
2026.09.17-14:15:31.913[32m info [39m [caliper] [connectors/peer-gateway/PeerGateway] 	Generating contract map for user User1
2026.09.17-14:15:31.915[32m info [39m [caliper] [connectors/peer-gateway/PeerGateway] 	Generating contract map for user _HimbaraBankOrgMSP_User1
2026.09.17-14:15:31.916[32m info [39m [caliper] [connectors/peer-gateway/PeerGateway] 	Generating contract map for user _HimbaraBankOrgMSP_User1
2026.09.17-14:15:31.916[32m info [39m [caliper] [connectors/peer-gateway/PeerGateway] 	Generating contract map for user _HimbaraBankOrgMSP_User1
2026.09.17-14:15:31.916[32m info [39m [caliper] [connectors/peer-gateway/PeerGateway] 	Generating contract map for user _HimbaraBankOrgMSP_User1
2026.09.17-14:15:31.917[32m info [39m [caliper] [connectors/peer-gateway/PeerGateway] 	Generating contract map for user _CommercialBankOrgMSP_User1
2026.09.17-14:15:31.918[32m info [39m [caliper] [caliper-worker] 	Info: worker 0 prepare test phase for round 1 is starting...
2026.09.17-14:15:31.919[32m info [39m [caliper] [connectors/peer-gateway/PeerGateway] 	Generating contract map for user _CommercialBankOrgMSP_User1
2026.09.17-14:15:31.919[32m info [39m [caliper] [connectors/peer-gateway/PeerGateway] 	Generating contract map for user _CommercialBankOrgMSP_User1
2026.09.17-14:15:31.919[32m info [39m [caliper] [connectors/peer-gateway/PeerGateway] 	Generating contract map for user _CommercialBankOrgMSP_User1
2026.09.17-14:15:31.919[32m info [39m [caliper] [caliper-worker] 	Info: worker 3 prepare test phase for round 1 is starting...
2026.09.17-14:15:31.919[32m info [39m [caliper] [caliper-worker] 	Info: worker 1 prepare test phase for round 1 is starting...
2026.09.17-14:15:31.919[32m info [39m [caliper] [caliper-worker] 	Info: worker 2 prepare test phase for round 1 is starting...
2026.09.17-14:15:31.935[32m info [39m [caliper] [connectors/peer-gateway/PeerGateway] 	disconnecting gateway for user User1
2026.09.17-14:15:31.935[32m info [39m [caliper] [connectors/peer-gateway/PeerGateway] 	disconnecting gateway for user User1
2026.09.17-14:15:31.936[32m info [39m [caliper] [connectors/peer-gateway/PeerGateway] 	disconnecting gateway for user _HimbaraBankOrgMSP_User1
2026.09.17-14:15:31.936[32m info [39m [caliper] [connectors/peer-gateway/PeerGateway] 	disconnecting gateway for user _HimbaraBankOrgMSP_User1
2026.09.17-14:15:31.936[32m info [39m [caliper] [connectors/peer-gateway/PeerGateway] 	disconnecting gateway for user _CommercialBankOrgMSP_User1
2026.09.17-14:15:31.936[32m info [39m [caliper] [connectors/peer-gateway/PeerGateway] 	disconnecting gateway for user _CommercialBankOrgMSP_User1
2026.09.17-14:15:31.936[32m info [39m [caliper] [connectors/peer-gateway/PeerGateway] 	disconnecting gRpc client at peer peer0.bi.paynet
2026.09.17-14:15:31.936[32m info [39m [caliper] [connectors/peer-gateway/PeerGateway] 	disconnecting gRpc client at peer peer0.bi.paynet
2026.09.17-14:15:31.936[32m info [39m [caliper] [connectors/peer-gateway/PeerGateway] 	disconnecting gRpc client at peer peer0.himbara.paynet
2026.09.17-14:15:31.936[32m info [39m [caliper] [connectors/peer-gateway/PeerGateway] 	disconnecting gRpc client at peer peer0.himbara.paynet
2026.09.17-14:15:31.936[32m info [39m [caliper] [connectors/peer-gateway/PeerGateway] 	disconnecting gRpc client at peer peer0.commercial.paynet
2026.09.17-14:15:31.936[32m info [39m [caliper] [connectors/peer-gateway/PeerGateway] 	disconnecting gRpc client at peer peer0.commercial.paynet
2026.09.17-14:15:31.936[32m info [39m [caliper] [caliper-worker] 	Info: worker 3 prepare test phase for round 1 is completed
2026.09.17-14:15:31.936[32m info [39m [caliper] [worker-message-handler] 	Worker#3 prepared for Round#1
2026.09.17-14:15:31.936[32m info [39m [caliper] [caliper-worker] 	Info: worker 2 prepare test phase for round 1 is completed
2026.09.17-14:15:31.936[32m info [39m [caliper] [worker-message-handler] 	Worker#2 prepared for Round#1
2026.09.17-14:15:31.937[32m info [39m [caliper] [connectors/peer-gateway/PeerGateway] 	disconnecting gateway for user User1
2026.09.17-14:15:31.937[32m info [39m [caliper] [connectors/peer-gateway/PeerGateway] 	disconnecting gateway for user _HimbaraBankOrgMSP_User1
2026.09.17-14:15:31.937[32m info [39m [caliper] [connectors/peer-gateway/PeerGateway] 	disconnecting gateway for user _CommercialBankOrgMSP_User1
2026.09.17-14:15:31.937[32m info [39m [caliper] [connectors/peer-gateway/PeerGateway] 	disconnecting gRpc client at peer peer0.bi.paynet
2026.09.17-14:15:31.937[32m info [39m [caliper] [connectors/peer-gateway/PeerGateway] 	disconnecting gRpc client at peer peer0.himbara.paynet
2026.09.17-14:15:31.937[32m info [39m [caliper] [connectors/peer-gateway/PeerGateway] 	disconnecting gRpc client at peer peer0.commercial.paynet
2026.09.17-14:15:31.938[32m info [39m [caliper] [caliper-worker] 	Info: worker 1 prepare test phase for round 1 is completed
2026.09.17-14:15:31.938[32m info [39m [caliper] [worker-message-handler] 	Worker#1 prepared for Round#1
2026.09.17-14:15:36.171[32m info [39m [caliper] [connectors/peer-gateway/PeerGateway] 	disconnecting gateway for user User1
2026.09.17-14:15:36.171[32m info [39m [caliper] [connectors/peer-gateway/PeerGateway] 	disconnecting gateway for user _HimbaraBankOrgMSP_User1
2026.09.17-14:15:36.171[32m info [39m [caliper] [connectors/peer-gateway/PeerGateway] 	disconnecting gateway for user _CommercialBankOrgMSP_User1
2026.09.17-14:15:36.171[32m info [39m [caliper] [connectors/peer-gateway/PeerGateway] 	disconnecting gRpc client at peer peer0.bi.paynet
2026.09.17-14:15:36.172[32m info [39m [caliper] [connectors/peer-gateway/PeerGateway] 	disconnecting gRpc client at peer peer0.himbara.paynet
2026.09.17-14:15:36.172[32m info [39m [caliper] [connectors/peer-gateway/PeerGateway] 	disconnecting gRpc client at peer peer0.commercial.paynet
2026.09.17-14:15:36.172[32m info [39m [caliper] [caliper-worker] 	Info: worker 0 prepare test phase for round 1 is completed
2026.09.17-14:15:36.172[32m info [39m [caliper] [worker-message-handler] 	Worker#0 prepared for Round#1
2026.09.17-14:15:36.174[32m info [39m [caliper] [worker-orchestrator] 	4 workers prepared, progressing to test phase.
2026.09.17-14:15:38.211[32m info [39m [caliper] [monitor-process] 	Registering node caliper(sum) within process monitor
2026.09.17-14:15:38.361[32m info [39m [caliper] [monitor-process] 	Starting process monitor with update interval 1000 ms
2026.09.17-14:15:38.361[32m info [39m [caliper] [round-orchestrator] 	Monitors successfully started
2026.09.17-14:15:38.361[32m info [39m [caliper] [worker-message-handler] 	Worker#0 is starting Round#1
2026.09.17-14:15:38.363[32m info [39m [caliper] [worker-message-handler] 	Worker#2 is starting Round#1
2026.09.17-14:15:38.364[32m info [39m [caliper] [worker-message-handler] 	Worker#3 is starting Round#1
2026.09.17-14:15:38.365[32m info [39m [caliper] [connectors/peer-gateway/PeerGateway] 	Generating contract map for user User1
2026.09.17-14:15:38.365[32m info [39m [caliper] [worker-message-handler] 	Worker#1 is starting Round#1
2026.09.17-14:15:38.367[32m info [39m [caliper] [connectors/peer-gateway/PeerGateway] 	Generating contract map for user _HimbaraBankOrgMSP_User1
2026.09.17-14:15:38.368[32m info [39m [caliper] [connectors/peer-gateway/PeerGateway] 	Generating contract map for user User1
2026.09.17-14:15:38.368[32m info [39m [caliper] [connectors/peer-gateway/PeerGateway] 	Generating contract map for user _CommercialBankOrgMSP_User1
2026.09.17-14:15:38.370[32m info [39m [caliper] [connectors/peer-gateway/PeerGateway] 	Generating contract map for user User1
2026.09.17-14:15:38.370[32m info [39m [caliper] [caliper-worker] 	Worker #0 starting workload loop
2026.09.17-14:15:38.371[32m info [39m [caliper] [connectors/peer-gateway/PeerGateway] 	Generating contract map for user User1
2026.09.17-14:15:38.372[32m info [39m [caliper] [connectors/peer-gateway/PeerGateway] 	Generating contract map for user _HimbaraBankOrgMSP_User1
2026.09.17-14:15:38.372[32m info [39m [caliper] [connectors/peer-gateway/PeerGateway] 	Generating contract map for user _HimbaraBankOrgMSP_User1
2026.09.17-14:15:38.375[32m info [39m [caliper] [connectors/peer-gateway/PeerGateway] 	Generating contract map for user _HimbaraBankOrgMSP_User1
2026.09.17-14:15:38.376[32m info [39m [caliper] [connectors/peer-gateway/PeerGateway] 	Generating contract map for user _CommercialBankOrgMSP_User1
2026.09.17-14:15:38.376[32m info [39m [caliper] [caliper-worker] 	Worker #3 starting workload loop
2026.09.17-14:15:38.377[32m info [39m [caliper] [connectors/peer-gateway/PeerGateway] 	Generating contract map for user _CommercialBankOrgMSP_User1
2026.09.17-14:15:38.377[32m info [39m [caliper] [connectors/peer-gateway/PeerGateway] 	Generating contract map for user _CommercialBankOrgMSP_User1
2026.09.17-14:15:38.378[32m info [39m [caliper] [caliper-worker] 	Worker #2 starting workload loop
2026.09.17-14:15:38.378[32m info [39m [caliper] [caliper-worker] 	Worker #1 starting workload loop
2026.09.17-14:15:41.175[32m info [39m [caliper] [default-observer] 	[retail-transfer-low-30tps Round 1 Transaction Info] - Submitted: 60 Succ: 50 Fail:0 Unfinished:10
2026.09.17-14:15:46.176[32m info [39m [caliper] [default-observer] 	[retail-transfer-low-30tps Round 1 Transaction Info] - Submitted: 212 Succ: 200 Fail:0 Unfinished:12
2026.09.17-14:15:51.177[32m info [39m [caliper] [default-observer] 	[retail-transfer-low-30tps Round 1 Transaction Info] - Submitted: 364 Succ: 350 Fail:0 Unfinished:14
2026.09.17-14:15:56.176[32m info [39m [caliper] [default-observer] 	[retail-transfer-low-30tps Round 1 Transaction Info] - Submitted: 512 Succ: 500 Fail:0 Unfinished:12
2026.09.17-14:16:01.177[32m info [39m [caliper] [default-observer] 	[retail-transfer-low-30tps Round 1 Transaction Info] - Submitted: 664 Succ: 650 Fail:0 Unfinished:14
2026.09.17-14:16:06.182[32m info [39m [caliper] [default-observer] 	[retail-transfer-low-30tps Round 1 Transaction Info] - Submitted: 812 Succ: 800 Fail:0 Unfinished:12
2026.09.17-14:16:11.180[32m info [39m [caliper] [default-observer] 	[retail-transfer-low-30tps Round 1 Transaction Info] - Submitted: 964 Succ: 950 Fail:0 Unfinished:14
2026.09.17-14:16:16.181[32m info [39m [caliper] [default-observer] 	[retail-transfer-low-30tps Round 1 Transaction Info] - Submitted: 1112 Succ: 1100 Fail:0 Unfinished:12
2026.09.17-14:16:21.182[32m info [39m [caliper] [default-observer] 	[retail-transfer-low-30tps Round 1 Transaction Info] - Submitted: 1264 Succ: 1247 Fail:0 Unfinished:17
2026.09.17-14:16:26.183[32m info [39m [caliper] [default-observer] 	[retail-transfer-low-30tps Round 1 Transaction Info] - Submitted: 1412 Succ: 1400 Fail:0 Unfinished:12
2026.09.17-14:16:31.187[32m info [39m [caliper] [default-observer] 	[retail-transfer-low-30tps Round 1 Transaction Info] - Submitted: 1564 Succ: 1540 Fail:0 Unfinished:24
2026.09.17-14:16:36.185[32m info [39m [caliper] [default-observer] 	[retail-transfer-low-30tps Round 1 Transaction Info] - Submitted: 1713 Succ: 1640 Fail:0 Unfinished:73
2026.09.17-14:16:38.108[31m error[39m [caliper] [connectors/peer-gateway/PeerGateway] 	Failed to perform submit transaction [Transfer] using arguments [wlt_c_20260917-pilot6_calibration-retail-transfer-low-4w-30tps-r4_retail-transfer-low_w1_6,wlt_c_20260917-pilot6_calibration-retail-transfer-low-4w-30tps-r4_retail-transfer-low_w1_24,1000,transfer_20260917-pilot6_calibration-retail-transfer-low-4w-30tps-r4_retail-transfer-low_w1_r1_424],  with error: Error: Failed to submit trasaction with status code: 11
2026.09.17-14:16:38.462[31m error[39m [caliper] [connectors/peer-gateway/PeerGateway] 	Failed to perform submit transaction [Transfer] using arguments [wlt_c_20260917-pilot6_calibration-retail-transfer-low-4w-30tps-r4_retail-transfer-low_w1_12,wlt_c_20260917-pilot6_calibration-retail-transfer-low-4w-30tps-r4_retail-transfer-low_w1_31,1000,transfer_20260917-pilot6_calibration-retail-transfer-low-4w-30tps-r4_retail-transfer-low_w1_r1_429],  with error: Error: Failed to submit trasaction with status code: 11
2026.09.17-14:16:38.464[31m error[39m [caliper] [connectors/peer-gateway/PeerGateway] 	Failed to perform submit transaction [Transfer] using arguments [wlt_c_20260917-pilot6_calibration-retail-transfer-low-4w-30tps-r4_retail-transfer-low_w3_11,wlt_c_20260917-pilot6_calibration-retail-transfer-low-4w-30tps-r4_retail-transfer-low_w3_29,1000,transfer_20260917-pilot6_calibration-retail-transfer-low-4w-30tps-r4_retail-transfer-low_w3_r1_428],  with error: Error: Failed to submit trasaction with status code: 11
2026.09.17-14:16:38.465[31m error[39m [caliper] [connectors/peer-gateway/PeerGateway] 	Failed to perform submit transaction [Transfer] using arguments [wlt_c_20260917-pilot6_calibration-retail-transfer-low-4w-30tps-r4_retail-transfer-low_w0_11,wlt_c_20260917-pilot6_calibration-retail-transfer-low-4w-30tps-r4_retail-transfer-low_w0_29,1000,transfer_20260917-pilot6_calibration-retail-transfer-low-4w-30tps-r4_retail-transfer-low_w0_r1_428],  with error: Error: Failed to submit trasaction with status code: 11
2026.09.17-14:16:38.469[31m error[39m [caliper] [connectors/peer-gateway/PeerGateway] 	Failed to perform submit transaction [Transfer] using arguments [wlt_c_20260917-pilot6_calibration-retail-transfer-low-4w-30tps-r4_retail-transfer-low_w2_12,wlt_c_20260917-pilot6_calibration-retail-transfer-low-4w-30tps-r4_retail-transfer-low_w2_31,1000,transfer_20260917-pilot6_calibration-retail-transfer-low-4w-30tps-r4_retail-transfer-low_w2_r1_429],  with error: Error: Failed to submit trasaction with status code: 11
2026.09.17-14:16:38.475[31m error[39m [caliper] [connectors/peer-gateway/PeerGateway] 	Failed to perform submit transaction [Transfer] using arguments [wlt_c_20260917-pilot6_calibration-retail-transfer-low-4w-30tps-r4_retail-transfer-low_w2_8,wlt_c_20260917-pilot6_calibration-retail-transfer-low-4w-30tps-r4_retail-transfer-low_w2_27,1000,transfer_20260917-pilot6_calibration-retail-transfer-low-4w-30tps-r4_retail-transfer-low_w2_r1_426],  with error: Error: Failed to submit trasaction with status code: 11
2026.09.17-14:16:38.476[31m error[39m [caliper] [connectors/peer-gateway/PeerGateway] 	Failed to perform submit transaction [Transfer] using arguments [wlt_c_20260917-pilot6_calibration-retail-transfer-low-4w-30tps-r4_retail-transfer-low_w2_11,wlt_c_20260917-pilot6_calibration-retail-transfer-low-4w-30tps-r4_retail-transfer-low_w2_29,1000,transfer_20260917-pilot6_calibration-retail-transfer-low-4w-30tps-r4_retail-transfer-low_w2_r1_428],  with error: Error: Failed to submit trasaction with status code: 11
2026.09.17-14:16:38.825[31m error[39m [caliper] [connectors/peer-gateway/PeerGateway] 	Failed to perform submit transaction [Transfer] using arguments [wlt_c_20260917-pilot6_calibration-retail-transfer-low-4w-30tps-r4_retail-transfer-low_w0_12,wlt_c_20260917-pilot6_calibration-retail-transfer-low-4w-30tps-r4_retail-transfer-low_w0_31,1000,transfer_20260917-pilot6_calibration-retail-transfer-low-4w-30tps-r4_retail-transfer-low_w0_r1_429],  with error: Error: Failed to submit trasaction with status code: 11
2026.09.17-14:16:38.827[31m error[39m [caliper] [connectors/peer-gateway/PeerGateway] 	Failed to perform submit transaction [Transfer] using arguments [wlt_c_20260917-pilot6_calibration-retail-transfer-low-4w-30tps-r4_retail-transfer-low_w1_11,wlt_c_20260917-pilot6_calibration-retail-transfer-low-4w-30tps-r4_retail-transfer-low_w1_29,1000,transfer_20260917-pilot6_calibration-retail-transfer-low-4w-30tps-r4_retail-transfer-low_w1_r1_428],  with error: Error: Failed to submit trasaction with status code: 11
2026.09.17-14:16:38.828[31m error[39m [caliper] [connectors/peer-gateway/PeerGateway] 	Failed to perform submit transaction [Transfer] using arguments [wlt_c_20260917-pilot6_calibration-retail-transfer-low-4w-30tps-r4_retail-transfer-low_w3_12,wlt_c_20260917-pilot6_calibration-retail-transfer-low-4w-30tps-r4_retail-transfer-low_w3_31,1000,transfer_20260917-pilot6_calibration-retail-transfer-low-4w-30tps-r4_retail-transfer-low_w3_r1_429],  with error: Error: Failed to submit trasaction with status code: 11
2026.09.17-14:16:38.834[31m error[39m [caliper] [connectors/peer-gateway/PeerGateway] 	Failed to perform submit transaction [Transfer] using arguments [wlt_c_20260917-pilot6_calibration-retail-transfer-low-4w-30tps-r4_retail-transfer-low_w0_13,wlt_c_20260917-pilot6_calibration-retail-transfer-low-4w-30tps-r4_retail-transfer-low_w0_32,1000,transfer_20260917-pilot6_calibration-retail-transfer-low-4w-30tps-r4_retail-transfer-low_w0_r1_430],  with error: Error: Failed to submit trasaction with status code: 11
2026.09.17-14:16:38.835[31m error[39m [caliper] [connectors/peer-gateway/PeerGateway] 	Failed to perform submit transaction [Transfer] using arguments [wlt_c_20260917-pilot6_calibration-retail-transfer-low-4w-30tps-r4_retail-transfer-low_w3_9,wlt_c_20260917-pilot6_calibration-retail-transfer-low-4w-30tps-r4_retail-transfer-low_w3_28,1000,transfer_20260917-pilot6_calibration-retail-transfer-low-4w-30tps-r4_retail-transfer-low_w3_r1_427],  with error: Error: Failed to submit trasaction with status code: 11
2026.09.17-14:16:39.064[31m error[39m [caliper] [connectors/peer-gateway/PeerGateway] 	Failed to perform submit transaction [Transfer] using arguments [wlt_c_20260917-pilot6_calibration-retail-transfer-low-4w-30tps-r4_retail-transfer-low_w0_14,wlt_c_20260917-pilot6_calibration-retail-transfer-low-4w-30tps-r4_retail-transfer-low_w0_33,1000,transfer_20260917-pilot6_calibration-retail-transfer-low-4w-30tps-r4_retail-transfer-low_w0_r1_431],  with error: Error: Failed to submit trasaction with status code: 11
2026.09.17-14:16:39.067[31m error[39m [caliper] [connectors/peer-gateway/PeerGateway] 	Failed to perform submit transaction [Transfer] using arguments [wlt_c_20260917-pilot6_calibration-retail-transfer-low-4w-30tps-r4_retail-transfer-low_w2_13,wlt_c_20260917-pilot6_calibration-retail-transfer-low-4w-30tps-r4_retail-transfer-low_w2_32,1000,transfer_20260917-pilot6_calibration-retail-transfer-low-4w-30tps-r4_retail-transfer-low_w2_r1_430],  with error: Error: Failed to submit trasaction with status code: 11
2026.09.17-14:16:39.068[31m error[39m [caliper] [connectors/peer-gateway/PeerGateway] 	Failed to perform submit transaction [Transfer] using arguments [wlt_c_20260917-pilot6_calibration-retail-transfer-low-4w-30tps-r4_retail-transfer-low_w2_16,wlt_c_20260917-pilot6_calibration-retail-transfer-low-4w-30tps-r4_retail-transfer-low_w2_34,1000,transfer_20260917-pilot6_calibration-retail-transfer-low-4w-30tps-r4_retail-transfer-low_w2_r1_432],  with error: Error: Failed to submit trasaction with status code: 11
2026.09.17-14:16:39.068[31m error[39m [caliper] [connectors/peer-gateway/PeerGateway] 	Failed to perform submit transaction [Transfer] using arguments [wlt_c_20260917-pilot6_calibration-retail-transfer-low-4w-30tps-r4_retail-transfer-low_w0_16,wlt_c_20260917-pilot6_calibration-retail-transfer-low-4w-30tps-r4_retail-transfer-low_w0_34,1000,transfer_20260917-pilot6_calibration-retail-transfer-low-4w-30tps-r4_retail-transfer-low_w0_r1_432],  with error: Error: Failed to submit trasaction with status code: 11
2026.09.17-14:16:39.070[31m error[39m [caliper] [connectors/peer-gateway/PeerGateway] 	Failed to perform submit transaction [Transfer] using arguments [wlt_c_20260917-pilot6_calibration-retail-transfer-low-4w-30tps-r4_retail-transfer-low_w3_13,wlt_c_20260917-pilot6_calibration-retail-transfer-low-4w-30tps-r4_retail-transfer-low_w3_32,1000,transfer_20260917-pilot6_calibration-retail-transfer-low-4w-30tps-r4_retail-transfer-low_w3_r1_430],  with error: Error: Failed to submit trasaction with status code: 11
2026.09.17-14:16:39.070[31m error[39m [caliper] [connectors/peer-gateway/PeerGateway] 	Failed to perform submit transaction [Transfer] using arguments [wlt_c_20260917-pilot6_calibration-retail-transfer-low-4w-30tps-r4_retail-transfer-low_w3_17,wlt_c_20260917-pilot6_calibration-retail-transfer-low-4w-30tps-r4_retail-transfer-low_w3_36,1000,transfer_20260917-pilot6_calibration-retail-transfer-low-4w-30tps-r4_retail-transfer-low_w3_r1_433],  with error: Error: Failed to submit trasaction with status code: 11
2026.09.17-14:16:39.073[31m error[39m [caliper] [connectors/peer-gateway/PeerGateway] 	Failed to perform submit transaction [Transfer] using arguments [wlt_c_20260917-pilot6_calibration-retail-transfer-low-4w-30tps-r4_retail-transfer-low_w1_13,wlt_c_20260917-pilot6_calibration-retail-transfer-low-4w-30tps-r4_retail-transfer-low_w1_32,1000,transfer_20260917-pilot6_calibration-retail-transfer-low-4w-30tps-r4_retail-transfer-low_w1_r1_430],  with error: Error: Failed to submit trasaction with status code: 11
2026.09.17-14:16:39.074[31m error[39m [caliper] [connectors/peer-gateway/PeerGateway] 	Failed to perform submit transaction [Transfer] using arguments [wlt_c_20260917-pilot6_calibration-retail-transfer-low-4w-30tps-r4_retail-transfer-low_w1_16,wlt_c_20260917-pilot6_calibration-retail-transfer-low-4w-30tps-r4_retail-transfer-low_w1_34,1000,transfer_20260917-pilot6_calibration-retail-transfer-low-4w-30tps-r4_retail-transfer-low_w1_r1_432],  with error: Error: Failed to submit trasaction with status code: 11
2026.09.17-14:16:39.074[31m error[39m [caliper] [connectors/peer-gateway/PeerGateway] 	Failed to perform submit transaction [Transfer] using arguments [wlt_c_20260917-pilot6_calibration-retail-transfer-low-4w-30tps-r4_retail-transfer-low_w1_14,wlt_c_20260917-pilot6_calibration-retail-transfer-low-4w-30tps-r4_retail-transfer-low_w1_33,1000,transfer_20260917-pilot6_calibration-retail-transfer-low-4w-30tps-r4_retail-transfer-low_w1_r1_431],  with error: Error: Failed to submit trasaction with status code: 11
2026.09.17-14:16:39.189[31m error[39m [caliper] [connectors/peer-gateway/PeerGateway] 	Failed to perform submit transaction [Transfer] using arguments [wlt_c_20260917-pilot6_calibration-retail-transfer-low-4w-30tps-r4_retail-transfer-low_w1_18,wlt_c_20260917-pilot6_calibration-retail-transfer-low-4w-30tps-r4_retail-transfer-low_w1_37,1000,transfer_20260917-pilot6_calibration-retail-transfer-low-4w-30tps-r4_retail-transfer-low_w1_r1_434],  with error: Error: Failed to submit trasaction with status code: 11
2026.09.17-14:16:39.189[31m error[39m [caliper] [connectors/peer-gateway/PeerGateway] 	Failed to perform submit transaction [Transfer] using arguments [wlt_c_20260917-pilot6_calibration-retail-transfer-low-4w-30tps-r4_retail-transfer-low_w2_17,wlt_c_20260917-pilot6_calibration-retail-transfer-low-4w-30tps-r4_retail-transfer-low_w2_36,1000,transfer_20260917-pilot6_calibration-retail-transfer-low-4w-30tps-r4_retail-transfer-low_w2_r1_433],  with error: Error: Failed to submit trasaction with status code: 11
2026.09.17-14:16:39.189[31m error[39m [caliper] [connectors/peer-gateway/PeerGateway] 	Failed to perform submit transaction [Transfer] using arguments [wlt_c_20260917-pilot6_calibration-retail-transfer-low-4w-30tps-r4_retail-transfer-low_w3_14,wlt_c_20260917-pilot6_calibration-retail-transfer-low-4w-30tps-r4_retail-transfer-low_w3_33,1000,transfer_20260917-pilot6_calibration-retail-transfer-low-4w-30tps-r4_retail-transfer-low_w3_r1_431],  with error: Error: Failed to submit trasaction with status code: 11
2026.09.17-14:16:39.189[31m error[39m [caliper] [connectors/peer-gateway/PeerGateway] 	Failed to perform submit transaction [Transfer] using arguments [wlt_c_20260917-pilot6_calibration-retail-transfer-low-4w-30tps-r4_retail-transfer-low_w0_17,wlt_c_20260917-pilot6_calibration-retail-transfer-low-4w-30tps-r4_retail-transfer-low_w0_36,1000,transfer_20260917-pilot6_calibration-retail-transfer-low-4w-30tps-r4_retail-transfer-low_w0_r1_433],  with error: Error: Failed to submit trasaction with status code: 11
2026.09.17-14:16:39.190[31m error[39m [caliper] [connectors/peer-gateway/PeerGateway] 	Failed to perform submit transaction [Transfer] using arguments [wlt_c_20260917-pilot6_calibration-retail-transfer-low-4w-30tps-r4_retail-transfer-low_w1_17,wlt_c_20260917-pilot6_calibration-retail-transfer-low-4w-30tps-r4_retail-transfer-low_w1_36,1000,transfer_20260917-pilot6_calibration-retail-transfer-low-4w-30tps-r4_retail-transfer-low_w1_r1_433],  with error: Error: Failed to submit trasaction with status code: 11
2026.09.17-14:16:39.192[31m error[39m [caliper] [connectors/peer-gateway/PeerGateway] 	Failed to perform submit transaction [Transfer] using arguments [wlt_c_20260917-pilot6_calibration-retail-transfer-low-4w-30tps-r4_retail-transfer-low_w2_14,wlt_c_20260917-pilot6_calibration-retail-transfer-low-4w-30tps-r4_retail-transfer-low_w2_33,1000,transfer_20260917-pilot6_calibration-retail-transfer-low-4w-30tps-r4_retail-transfer-low_w2_r1_431],  with error: Error: Failed to submit trasaction with status code: 11
2026.09.17-14:16:39.193[31m error[39m [caliper] [connectors/peer-gateway/PeerGateway] 	Failed to perform submit transaction [Transfer] using arguments [wlt_c_20260917-pilot6_calibration-retail-transfer-low-4w-30tps-r4_retail-transfer-low_w0_1,wlt_c_20260917-pilot6_calibration-retail-transfer-low-4w-30tps-r4_retail-transfer-low_w0_19,1000,transfer_20260917-pilot6_calibration-retail-transfer-low-4w-30tps-r4_retail-transfer-low_w0_r1_435],  with error: Error: Failed to submit trasaction with status code: 11
2026.09.17-14:16:39.191[31m error[39m [caliper] [connectors/peer-gateway/PeerGateway] 	Failed to perform submit transaction [Transfer] using arguments [wlt_c_20260917-pilot6_calibration-retail-transfer-low-4w-30tps-r4_retail-transfer-low_w3_16,wlt_c_20260917-pilot6_calibration-retail-transfer-low-4w-30tps-r4_retail-transfer-low_w3_34,1000,transfer_20260917-pilot6_calibration-retail-transfer-low-4w-30tps-r4_retail-transfer-low_w3_r1_432],  with error: Error: Failed to submit trasaction with status code: 11
2026.09.17-14:16:39.193[31m error[39m [caliper] [connectors/peer-gateway/PeerGateway] 	Failed to perform submit transaction [Transfer] using arguments [wlt_c_20260917-pilot6_calibration-retail-transfer-low-4w-30tps-r4_retail-transfer-low_w0_18,wlt_c_20260917-pilot6_calibration-retail-transfer-low-4w-30tps-r4_retail-transfer-low_w0_37,1000,transfer_20260917-pilot6_calibration-retail-transfer-low-4w-30tps-r4_retail-transfer-low_w0_r1_434],  with error: Error: Failed to submit trasaction with status code: 11
2026.09.17-14:16:39.194[31m error[39m [caliper] [connectors/peer-gateway/PeerGateway] 	Failed to perform submit transaction [Transfer] using arguments [wlt_c_20260917-pilot6_calibration-retail-transfer-low-4w-30tps-r4_retail-transfer-low_w3_18,wlt_c_20260917-pilot6_calibration-retail-transfer-low-4w-30tps-r4_retail-transfer-low_w3_37,1000,transfer_20260917-pilot6_calibration-retail-transfer-low-4w-30tps-r4_retail-transfer-low_w3_r1_434],  with error: Error: Failed to submit trasaction with status code: 11
2026.09.17-14:16:39.368[31m error[39m [caliper] [connectors/peer-gateway/PeerGateway] 	Failed to perform submit transaction [Transfer] using arguments [wlt_c_20260917-pilot6_calibration-retail-transfer-low-4w-30tps-r4_retail-transfer-low_w2_6,wlt_c_20260917-pilot6_calibration-retail-transfer-low-4w-30tps-r4_retail-transfer-low_w2_24,1000,transfer_20260917-pilot6_calibration-retail-transfer-low-4w-30tps-r4_retail-transfer-low_w2_r1_439],  with error: Error: Failed to submit trasaction with status code: 11
2026.09.17-14:16:39.368[31m error[39m [caliper] [connectors/peer-gateway/PeerGateway] 	Failed to perform submit transaction [Transfer] using arguments [wlt_c_20260917-pilot6_calibration-retail-transfer-low-4w-30tps-r4_retail-transfer-low_w0_3,wlt_c_20260917-pilot6_calibration-retail-transfer-low-4w-30tps-r4_retail-transfer-low_w0_22,1000,transfer_20260917-pilot6_calibration-retail-transfer-low-4w-30tps-r4_retail-transfer-low_w0_r1_437],  with error: Error: Failed to submit trasaction with status code: 11
2026.09.17-14:16:39.369[31m error[39m [caliper] [connectors/peer-gateway/PeerGateway] 	Failed to perform submit transaction [Transfer] using arguments [wlt_c_20260917-pilot6_calibration-retail-transfer-low-4w-30tps-r4_retail-transfer-low_w2_18,wlt_c_20260917-pilot6_calibration-retail-transfer-low-4w-30tps-r4_retail-transfer-low_w2_37,1000,transfer_20260917-pilot6_calibration-retail-transfer-low-4w-30tps-r4_retail-transfer-low_w2_r1_434],  with error: Error: Failed to submit trasaction with status code: 11
2026.09.17-14:16:39.369[31m error[39m [caliper] [connectors/peer-gateway/PeerGateway] 	Failed to perform submit transaction [Transfer] using arguments [wlt_c_20260917-pilot6_calibration-retail-transfer-low-4w-30tps-r4_retail-transfer-low_w3_1,wlt_c_20260917-pilot6_calibration-retail-transfer-low-4w-30tps-r4_retail-transfer-low_w3_19,1000,transfer_20260917-pilot6_calibration-retail-transfer-low-4w-30tps-r4_retail-transfer-low_w3_r1_435],  with error: Error: Failed to submit trasaction with status code: 11
2026.09.17-14:16:39.369[31m error[39m [caliper] [connectors/peer-gateway/PeerGateway] 	Failed to perform submit transaction [Transfer] using arguments [wlt_c_20260917-pilot6_calibration-retail-transfer-low-4w-30tps-r4_retail-transfer-low_w2_1,wlt_c_20260917-pilot6_calibration-retail-transfer-low-4w-30tps-r4_retail-transfer-low_w2_19,1000,transfer_20260917-pilot6_calibration-retail-transfer-low-4w-30tps-r4_retail-transfer-low_w2_r1_435],  with error: Error: Failed to submit trasaction with status code: 11
2026.09.17-14:16:39.370[31m error[39m [caliper] [connectors/peer-gateway/PeerGateway] 	Failed to perform submit transaction [Transfer] using arguments [wlt_c_20260917-pilot6_calibration-retail-transfer-low-4w-30tps-r4_retail-transfer-low_w3_2,wlt_c_20260917-pilot6_calibration-retail-transfer-low-4w-30tps-r4_retail-transfer-low_w3_21,1000,transfer_20260917-pilot6_calibration-retail-transfer-low-4w-30tps-r4_retail-transfer-low_w3_r1_436],  with error: Error: Failed to submit trasaction with status code: 11
2026.09.17-14:16:39.370[31m error[39m [caliper] [connectors/peer-gateway/PeerGateway] 	Failed to perform submit transaction [Transfer] using arguments [wlt_c_20260917-pilot6_calibration-retail-transfer-low-4w-30tps-r4_retail-transfer-low_w1_1,wlt_c_20260917-pilot6_calibration-retail-transfer-low-4w-30tps-r4_retail-transfer-low_w1_19,1000,transfer_20260917-pilot6_calibration-retail-transfer-low-4w-30tps-r4_retail-transfer-low_w1_r1_435],  with error: Error: Failed to submit trasaction with status code: 11
2026.09.17-14:16:39.370[31m error[39m [caliper] [connectors/peer-gateway/PeerGateway] 	Failed to perform submit transaction [Transfer] using arguments [wlt_c_20260917-pilot6_calibration-retail-transfer-low-4w-30tps-r4_retail-transfer-low_w3_3,wlt_c_20260917-pilot6_calibration-retail-transfer-low-4w-30tps-r4_retail-transfer-low_w3_22,1000,transfer_20260917-pilot6_calibration-retail-transfer-low-4w-30tps-r4_retail-transfer-low_w3_r1_437],  with error: Error: Failed to submit trasaction with status code: 11
2026.09.17-14:16:39.372[31m error[39m [caliper] [connectors/peer-gateway/PeerGateway] 	Failed to perform submit transaction [Transfer] using arguments [wlt_c_20260917-pilot6_calibration-retail-transfer-low-4w-30tps-r4_retail-transfer-low_w1_3,wlt_c_20260917-pilot6_calibration-retail-transfer-low-4w-30tps-r4_retail-transfer-low_w1_22,1000,transfer_20260917-pilot6_calibration-retail-transfer-low-4w-30tps-r4_retail-transfer-low_w1_r1_437],  with error: Error: Failed to submit trasaction with status code: 11
2026.09.17-14:16:39.477[31m error[39m [caliper] [connectors/peer-gateway/PeerGateway] 	Failed to perform submit transaction [Transfer] using arguments [wlt_c_20260917-pilot6_calibration-retail-transfer-low-4w-30tps-r4_retail-transfer-low_w2_4,wlt_c_20260917-pilot6_calibration-retail-transfer-low-4w-30tps-r4_retail-transfer-low_w2_23,1000,transfer_20260917-pilot6_calibration-retail-transfer-low-4w-30tps-r4_retail-transfer-low_w2_r1_438],  with error: Error: Failed to submit trasaction with status code: 11
2026.09.17-14:16:39.479[31m error[39m [caliper] [connectors/peer-gateway/PeerGateway] 	Failed to perform submit transaction [Transfer] using arguments [wlt_c_20260917-pilot6_calibration-retail-transfer-low-4w-30tps-r4_retail-transfer-low_w1_2,wlt_c_20260917-pilot6_calibration-retail-transfer-low-4w-30tps-r4_retail-transfer-low_w1_21,1000,transfer_20260917-pilot6_calibration-retail-transfer-low-4w-30tps-r4_retail-transfer-low_w1_r1_436],  with error: Error: Failed to submit trasaction with status code: 11
2026.09.17-14:16:39.480[31m error[39m [caliper] [connectors/peer-gateway/PeerGateway] 	Failed to perform submit transaction [Transfer] using arguments [wlt_c_20260917-pilot6_calibration-retail-transfer-low-4w-30tps-r4_retail-transfer-low_w0_4,wlt_c_20260917-pilot6_calibration-retail-transfer-low-4w-30tps-r4_retail-transfer-low_w0_23,1000,transfer_20260917-pilot6_calibration-retail-transfer-low-4w-30tps-r4_retail-transfer-low_w0_r1_438],  with error: Error: Failed to submit trasaction with status code: 11
2026.09.17-14:16:39.481[31m error[39m [caliper] [connectors/peer-gateway/PeerGateway] 	Failed to perform submit transaction [Transfer] using arguments [wlt_c_20260917-pilot6_calibration-retail-transfer-low-4w-30tps-r4_retail-transfer-low_w3_4,wlt_c_20260917-pilot6_calibration-retail-transfer-low-4w-30tps-r4_retail-transfer-low_w3_23,1000,transfer_20260917-pilot6_calibration-retail-transfer-low-4w-30tps-r4_retail-transfer-low_w3_r1_438],  with error: Error: Failed to submit trasaction with status code: 11
2026.09.17-14:16:39.485[31m error[39m [caliper] [connectors/peer-gateway/PeerGateway] 	Failed to perform submit transaction [Transfer] using arguments [wlt_c_20260917-pilot6_calibration-retail-transfer-low-4w-30tps-r4_retail-transfer-low_w0_2,wlt_c_20260917-pilot6_calibration-retail-transfer-low-4w-30tps-r4_retail-transfer-low_w0_21,1000,transfer_20260917-pilot6_calibration-retail-transfer-low-4w-30tps-r4_retail-transfer-low_w0_r1_436],  with error: Error: Failed to submit trasaction with status code: 11
2026.09.17-14:16:39.486[31m error[39m [caliper] [connectors/peer-gateway/PeerGateway] 	Failed to perform submit transaction [Transfer] using arguments [wlt_c_20260917-pilot6_calibration-retail-transfer-low-4w-30tps-r4_retail-transfer-low_w0_6,wlt_c_20260917-pilot6_calibration-retail-transfer-low-4w-30tps-r4_retail-transfer-low_w0_24,1000,transfer_20260917-pilot6_calibration-retail-transfer-low-4w-30tps-r4_retail-transfer-low_w0_r1_439],  with error: Error: Failed to submit trasaction with status code: 11
2026.09.17-14:16:39.481[31m error[39m [caliper] [connectors/peer-gateway/PeerGateway] 	Failed to perform submit transaction [Transfer] using arguments [wlt_c_20260917-pilot6_calibration-retail-transfer-low-4w-30tps-r4_retail-transfer-low_w3_6,wlt_c_20260917-pilot6_calibration-retail-transfer-low-4w-30tps-r4_retail-transfer-low_w3_24,1000,transfer_20260917-pilot6_calibration-retail-transfer-low-4w-30tps-r4_retail-transfer-low_w3_r1_439],  with error: Error: Failed to submit trasaction with status code: 11
2026.09.17-14:16:39.486[31m error[39m [caliper] [connectors/peer-gateway/PeerGateway] 	Failed to perform submit transaction [Transfer] using arguments [wlt_c_20260917-pilot6_calibration-retail-transfer-low-4w-30tps-r4_retail-transfer-low_w1_4,wlt_c_20260917-pilot6_calibration-retail-transfer-low-4w-30tps-r4_retail-transfer-low_w1_23,1000,transfer_20260917-pilot6_calibration-retail-transfer-low-4w-30tps-r4_retail-transfer-low_w1_r1_438],  with error: Error: Failed to submit trasaction with status code: 11
2026.09.17-14:16:39.489[31m error[39m [caliper] [connectors/peer-gateway/PeerGateway] 	Failed to perform submit transaction [Transfer] using arguments [wlt_c_20260917-pilot6_calibration-retail-transfer-low-4w-30tps-r4_retail-transfer-low_w2_3,wlt_c_20260917-pilot6_calibration-retail-transfer-low-4w-30tps-r4_retail-transfer-low_w2_22,1000,transfer_20260917-pilot6_calibration-retail-transfer-low-4w-30tps-r4_retail-transfer-low_w2_r1_437],  with error: Error: Failed to submit trasaction with status code: 11
2026.09.17-14:16:39.489[31m error[39m [caliper] [connectors/peer-gateway/PeerGateway] 	Failed to perform submit transaction [Transfer] using arguments [wlt_c_20260917-pilot6_calibration-retail-transfer-low-4w-30tps-r4_retail-transfer-low_w2_2,wlt_c_20260917-pilot6_calibration-retail-transfer-low-4w-30tps-r4_retail-transfer-low_w2_21,1000,transfer_20260917-pilot6_calibration-retail-transfer-low-4w-30tps-r4_retail-transfer-low_w2_r1_436],  with error: Error: Failed to submit trasaction with status code: 11
2026.09.17-14:16:39.656[31m error[39m [caliper] [connectors/peer-gateway/PeerGateway] 	Failed to perform submit transaction [Transfer] using arguments [wlt_c_20260917-pilot6_calibration-retail-transfer-low-4w-30tps-r4_retail-transfer-low_w3_7,wlt_c_20260917-pilot6_calibration-retail-transfer-low-4w-30tps-r4_retail-transfer-low_w3_26,1000,transfer_20260917-pilot6_calibration-retail-transfer-low-4w-30tps-r4_retail-transfer-low_w3_r1_440],  with error: Error: Failed to submit trasaction with status code: 11
2026.09.17-14:16:39.655[31m error[39m [caliper] [connectors/peer-gateway/PeerGateway] 	Failed to perform submit transaction [Transfer] using arguments [wlt_c_20260917-pilot6_calibration-retail-transfer-low-4w-30tps-r4_retail-transfer-low_w1_8,wlt_c_20260917-pilot6_calibration-retail-transfer-low-4w-30tps-r4_retail-transfer-low_w1_27,1000,transfer_20260917-pilot6_calibration-retail-transfer-low-4w-30tps-r4_retail-transfer-low_w1_r1_441],  with error: Error: Failed to submit trasaction with status code: 11
2026.09.17-14:16:39.659[31m error[39m [caliper] [connectors/peer-gateway/PeerGateway] 	Failed to perform submit transaction [Transfer] using arguments [wlt_c_20260917-pilot6_calibration-retail-transfer-low-4w-30tps-r4_retail-transfer-low_w2_9,wlt_c_20260917-pilot6_calibration-retail-transfer-low-4w-30tps-r4_retail-transfer-low_w2_28,1000,transfer_20260917-pilot6_calibration-retail-transfer-low-4w-30tps-r4_retail-transfer-low_w2_r1_442],  with error: Error: Failed to submit trasaction with status code: 11
2026.09.17-14:16:39.659[31m error[39m [caliper] [connectors/peer-gateway/PeerGateway] 	Failed to perform submit transaction [Transfer] using arguments [wlt_c_20260917-pilot6_calibration-retail-transfer-low-4w-30tps-r4_retail-transfer-low_w2_7,wlt_c_20260917-pilot6_calibration-retail-transfer-low-4w-30tps-r4_retail-transfer-low_w2_26,1000,transfer_20260917-pilot6_calibration-retail-transfer-low-4w-30tps-r4_retail-transfer-low_w2_r1_440],  with error: Error: Failed to submit trasaction with status code: 11
2026.09.17-14:16:39.664[31m error[39m [caliper] [connectors/peer-gateway/PeerGateway] 	Failed to perform submit transaction [Transfer] using arguments [wlt_c_20260917-pilot6_calibration-retail-transfer-low-4w-30tps-r4_retail-transfer-low_w0_7,wlt_c_20260917-pilot6_calibration-retail-transfer-low-4w-30tps-r4_retail-transfer-low_w0_26,1000,transfer_20260917-pilot6_calibration-retail-transfer-low-4w-30tps-r4_retail-transfer-low_w0_r1_440],  with error: Error: Failed to submit trasaction with status code: 11
2026.09.17-14:16:39.665[31m error[39m [caliper] [connectors/peer-gateway/PeerGateway] 	Failed to perform submit transaction [Transfer] using arguments [wlt_c_20260917-pilot6_calibration-retail-transfer-low-4w-30tps-r4_retail-transfer-low_w0_9,wlt_c_20260917-pilot6_calibration-retail-transfer-low-4w-30tps-r4_retail-transfer-low_w0_28,1000,transfer_20260917-pilot6_calibration-retail-transfer-low-4w-30tps-r4_retail-transfer-low_w0_r1_442],  with error: Error: Failed to submit trasaction with status code: 11
2026.09.17-14:16:39.665[31m error[39m [caliper] [connectors/peer-gateway/PeerGateway] 	Failed to perform submit transaction [Transfer] using arguments [wlt_c_20260917-pilot6_calibration-retail-transfer-low-4w-30tps-r4_retail-transfer-low_w0_8,wlt_c_20260917-pilot6_calibration-retail-transfer-low-4w-30tps-r4_retail-transfer-low_w0_27,1000,transfer_20260917-pilot6_calibration-retail-transfer-low-4w-30tps-r4_retail-transfer-low_w0_r1_441],  with error: Error: Failed to submit trasaction with status code: 11
2026.09.17-14:16:39.667[31m error[39m [caliper] [connectors/peer-gateway/PeerGateway] 	Failed to perform submit transaction [Transfer] using arguments [wlt_c_20260917-pilot6_calibration-retail-transfer-low-4w-30tps-r4_retail-transfer-low_w3_8,wlt_c_20260917-pilot6_calibration-retail-transfer-low-4w-30tps-r4_retail-transfer-low_w3_27,1000,transfer_20260917-pilot6_calibration-retail-transfer-low-4w-30tps-r4_retail-transfer-low_w3_r1_441],  with error: Error: Failed to submit trasaction with status code: 11
2026.09.17-14:16:39.920[31m error[39m [caliper] [connectors/peer-gateway/PeerGateway] 	Failed to perform submit transaction [Transfer] using arguments [wlt_c_20260917-pilot6_calibration-retail-transfer-low-4w-30tps-r4_retail-transfer-low_w1_7,wlt_c_20260917-pilot6_calibration-retail-transfer-low-4w-30tps-r4_retail-transfer-low_w1_26,1000,transfer_20260917-pilot6_calibration-retail-transfer-low-4w-30tps-r4_retail-transfer-low_w1_r1_440],  with error: Error: Failed to submit trasaction with status code: 11
2026.09.17-14:16:39.920[31m error[39m [caliper] [connectors/peer-gateway/PeerGateway] 	Failed to perform submit transaction [Transfer] using arguments [wlt_c_20260917-pilot6_calibration-retail-transfer-low-4w-30tps-r4_retail-transfer-low_w1_9,wlt_c_20260917-pilot6_calibration-retail-transfer-low-4w-30tps-r4_retail-transfer-low_w1_28,1000,transfer_20260917-pilot6_calibration-retail-transfer-low-4w-30tps-r4_retail-transfer-low_w1_r1_442],  with error: Error: Failed to submit trasaction with status code: 11
2026.09.17-14:16:41.185[32m info [39m [caliper] [default-observer] 	[retail-transfer-low-30tps Round 1 Transaction Info] - Submitted: 1804 Succ: 1744 Fail:60 Unfinished:0
2026.09.17-14:16:41.807[32m info [39m [caliper] [connectors/peer-gateway/PeerGateway] 	disconnecting gateway for user User1
2026.09.17-14:16:41.808[32m info [39m [caliper] [connectors/peer-gateway/PeerGateway] 	disconnecting gateway for user _HimbaraBankOrgMSP_User1
2026.09.17-14:16:41.808[32m info [39m [caliper] [connectors/peer-gateway/PeerGateway] 	disconnecting gateway for user _CommercialBankOrgMSP_User1
2026.09.17-14:16:41.808[32m info [39m [caliper] [connectors/peer-gateway/PeerGateway] 	disconnecting gRpc client at peer peer0.bi.paynet
2026.09.17-14:16:41.808[32m info [39m [caliper] [connectors/peer-gateway/PeerGateway] 	disconnecting gRpc client at peer peer0.himbara.paynet
2026.09.17-14:16:41.808[32m info [39m [caliper] [connectors/peer-gateway/PeerGateway] 	disconnecting gRpc client at peer peer0.commercial.paynet
2026.09.17-14:16:41.808[32m info [39m [caliper] [worker-message-handler] 	Worker#1 finished Round#1
2026.09.17-14:16:41.818[32m info [39m [caliper] [connectors/peer-gateway/PeerGateway] 	disconnecting gateway for user User1
2026.09.17-14:16:41.818[32m info [39m [caliper] [connectors/peer-gateway/PeerGateway] 	disconnecting gateway for user _HimbaraBankOrgMSP_User1
2026.09.17-14:16:41.818[32m info [39m [caliper] [connectors/peer-gateway/PeerGateway] 	disconnecting gateway for user _CommercialBankOrgMSP_User1
2026.09.17-14:16:41.818[32m info [39m [caliper] [connectors/peer-gateway/PeerGateway] 	disconnecting gRpc client at peer peer0.bi.paynet
2026.09.17-14:16:41.818[32m info [39m [caliper] [connectors/peer-gateway/PeerGateway] 	disconnecting gRpc client at peer peer0.himbara.paynet
2026.09.17-14:16:41.811[32m info [39m [caliper] [connectors/peer-gateway/PeerGateway] 	disconnecting gateway for user User1
2026.09.17-14:16:41.829[32m info [39m [caliper] [connectors/peer-gateway/PeerGateway] 	disconnecting gateway for user _HimbaraBankOrgMSP_User1
2026.09.17-14:16:41.829[32m info [39m [caliper] [connectors/peer-gateway/PeerGateway] 	disconnecting gateway for user _CommercialBankOrgMSP_User1
2026.09.17-14:16:41.829[32m info [39m [caliper] [connectors/peer-gateway/PeerGateway] 	disconnecting gRpc client at peer peer0.bi.paynet
2026.09.17-14:16:41.829[32m info [39m [caliper] [connectors/peer-gateway/PeerGateway] 	disconnecting gRpc client at peer peer0.himbara.paynet
2026.09.17-14:16:41.829[32m info [39m [caliper] [connectors/peer-gateway/PeerGateway] 	disconnecting gRpc client at peer peer0.commercial.paynet
2026.09.17-14:16:41.829[32m info [39m [caliper] [worker-message-handler] 	Worker#0 finished Round#1
2026.09.17-14:16:41.832[32m info [39m [caliper] [connectors/peer-gateway/PeerGateway] 	disconnecting gRpc client at peer peer0.commercial.paynet
2026.09.17-14:16:41.832[32m info [39m [caliper] [worker-message-handler] 	Worker#3 finished Round#1
2026.09.17-14:16:41.845[32m info [39m [caliper] [connectors/peer-gateway/PeerGateway] 	disconnecting gateway for user User1
2026.09.17-14:16:41.845[32m info [39m [caliper] [connectors/peer-gateway/PeerGateway] 	disconnecting gateway for user _HimbaraBankOrgMSP_User1
2026.09.17-14:16:41.846[32m info [39m [caliper] [connectors/peer-gateway/PeerGateway] 	disconnecting gateway for user _CommercialBankOrgMSP_User1
2026.09.17-14:16:41.846[32m info [39m [caliper] [connectors/peer-gateway/PeerGateway] 	disconnecting gRpc client at peer peer0.bi.paynet
2026.09.17-14:16:41.846[32m info [39m [caliper] [connectors/peer-gateway/PeerGateway] 	disconnecting gRpc client at peer peer0.himbara.paynet
2026.09.17-14:16:41.846[32m info [39m [caliper] [connectors/peer-gateway/PeerGateway] 	disconnecting gRpc client at peer peer0.commercial.paynet
2026.09.17-14:16:41.846[32m info [39m [caliper] [worker-message-handler] 	Worker#2 finished Round#1
2026.09.17-14:16:46.867[32m info [39m [caliper] [default-observer] 	Resetting txCount indicator count
2026.09.17-14:16:46.868[32m info [39m [caliper] [report-builder] 	### Test result ###
2026.09.17-14:16:46.871[32m info [39m [caliper] [report-builder] 	
+---------------------------+------+------+-----------------+-----------------+-----------------+-----------------+------------------+
| Name                      | Succ | Fail | Send Rate (TPS) | Max Latency (s) | Min Latency (s) | Avg Latency (s) | Throughput (TPS) |
|---------------------------|------|------|-----------------|-----------------|-----------------|-----------------|------------------|
| retail-transfer-low-30tps | 1744 | 60   | 30.1            | 4.03            | 0.12            | 0.62            | 28.9             |
+---------------------------+------+------+-----------------+-----------------+-----------------+-----------------+------------------+

2026.09.17-14:16:46.879[32m info [39m [caliper] [report-builder] 	### docker resource stats ###'
2026.09.17-14:16:46.881[32m info [39m [caliper] [report-builder] 	
+-----------------------------+-----------+-----------+------------------+------------------+-----------------+------------------+-----------------+----------------+
| Name                        | CPU%(max) | CPU%(avg) | Memory(max) [MB] | Memory(avg) [MB] | Traffic In [MB] | Traffic Out [MB] | Disc Write [MB] | Disc Read [MB] |
|-----------------------------|-----------|-----------|------------------|------------------|-----------------|------------------|-----------------|----------------|
| /peer0.himbara.paynet       | 0.45875   | 0.35125   | 129              | 121              | 58.7            | 57.9             | 48.1            | 0.500          |
|-----------------------------|-----------|-----------|------------------|------------------|-----------------|------------------|-----------------|----------------|
| /peer0.pjp.paynet           | 0.1625    | 0.12      | 117              | 114              | 28.2            | 11.4             | 47.5            | 0.00           |
|-----------------------------|-----------|-----------|------------------|------------------|-----------------|------------------|-----------------|----------------|
| /peer0.ojk.paynet           | 0.1725    | 0.11625   | 115              | 111              | 28.2            | 11.4             | 48.5            | 0.00           |
|-----------------------------|-----------|-----------|------------------|------------------|-----------------|------------------|-----------------|----------------|
| /peer0.commercial.paynet    | 0.3225    | 0.1275    | 118              | 115              | 28.2            | 11.4             | 126             | 0.168          |
|-----------------------------|-----------|-----------|------------------|------------------|-----------------|------------------|-----------------|----------------|
| /peer0.bi.paynet            | 0.18625   | 0.12      | 119              | 116              | 28.2            | 11.4             | 47.3            | 0.547          |
|-----------------------------|-----------|-----------|------------------|------------------|-----------------|------------------|-----------------|----------------|
| /couchdb0.bi.paynet         | 1.98375   | 1.13625   | 73.2             | 61.0             | 10.9            | 12.2             | 212             | 4.47           |
|-----------------------------|-----------|-----------|------------------|------------------|-----------------|------------------|-----------------|----------------|
| /couchdb0.commercial.paynet | 1.87625   | 1.095     | 70.3             | 61.0             | 10.9            | 12.3             | 142             | 5.96           |
|-----------------------------|-----------|-----------|------------------|------------------|-----------------|------------------|-----------------|----------------|
| /couchdb0.pjp.paynet        | 1.635     | 1.08875   | 75.5             | 62.7             | 10.9            | 12.3             | 193             | 4.67           |
|-----------------------------|-----------|-----------|------------------|------------------|-----------------|------------------|-----------------|----------------|
| /couchdb0.ojk.paynet        | 1.72      | 1.11125   | 78.8             | 62.4             | 10.9            | 12.3             | 153             | 1.06           |
|-----------------------------|-----------|-----------|------------------|------------------|-----------------|------------------|-----------------|----------------|
| /orderer.paynet             | 0.09125   | 0.06      | 76.4             | 60.1             | 16.4            | 78.3             | 51.9            | 0.00781        |
|-----------------------------|-----------|-----------|------------------|------------------|-----------------|------------------|-----------------|----------------|
| /couchdb0.himbara.paynet    | 1.655     | 0.9475    | 73.4             | 64.7             | 10.6            | 5.04             | 117             | 3.05           |
+-----------------------------+-----------+-----------+------------------+------------------+-----------------+------------------+-----------------+----------------+

2026.09.17-14:16:46.882[32m info [39m [caliper] [report-builder] 	### process resource stats ###'
2026.09.17-14:16:46.883[32m info [39m [caliper] [report-builder] 	
+-------------------+-----------+-----------+-----------------+-----------------+
| Name              | CPU%(max) | CPU%(avg) | Memory(max) [B] | Memory(avg) [B] |
|-------------------|-----------|-----------|-----------------|-----------------|
| node caliper(sum) | 78.43     | 57.86     | -               | -               |
+-------------------+-----------+-----------+-----------------+-----------------+

2026.09.17-14:16:46.883[32m info [39m [caliper] [round-orchestrator] 	Finished round 2 (retail-transfer-low-30tps) in 62.451 seconds
2026.09.17-14:16:46.883[32m info [39m [caliper] [monitor.js] 	Stopping all monitors
2026.09.17-14:16:47.083[32m info [39m [caliper] [report-builder] 	### All test results ###
2026.09.17-14:16:47.084[32m info [39m [caliper] [report-builder] 	
+----------------------------------+------+------+-----------------+-----------------+-----------------+-----------------+------------------+
| Name                             | Succ | Fail | Send Rate (TPS) | Max Latency (s) | Min Latency (s) | Avg Latency (s) | Throughput (TPS) |
|----------------------------------|------|------|-----------------|-----------------|-----------------|-----------------|------------------|
| warmup-retail-transfer-low-30tps | 156  | 0    | 5.1             | 2.09            | 0.11            | 1.02            | 4.9              |
|----------------------------------|------|------|-----------------|-----------------|-----------------|-----------------|------------------|
| retail-transfer-low-30tps        | 1744 | 60   | 30.1            | 4.03            | 0.12            | 0.62            | 28.9             |
+----------------------------------+------+------+-----------------+-----------------+-----------------+-----------------+------------------+

2026.09.17-14:16:47.092[32m info [39m [caliper] [report-builder] 	Generated report with path /home/mfachrizalg/2026/Skripsi/bi-coin/bi-coin-fabric/report.html
2026.09.17-14:16:47.092[32m info [39m [caliper] [monitor.js] 	Stopping all monitors
2026.09.17-14:16:47.092[32m info [39m [caliper] [worker-orchestrator] 	Sending exit message to connected workers
2026.09.17-14:16:47.093[32m info [39m [caliper] [worker-message-handler] 	Worker#0 is exiting
2026.09.17-14:16:47.093[32m info [39m [caliper] [round-orchestrator] 	Benchmark finished in 268.499 seconds. Total rounds: 2. Successful rounds: 2. Failed rounds: 0.
2026.09.17-14:16:47.093[32m info [39m [caliper] [caliper-engine] 	Network configuration attribute "caliper.command.end" is not present, skipping end command
2026.09.17-14:16:47.094[32m info [39m [caliper] [cli-launch-manager] 	Benchmark successfully finished!
2026.09.17-14:16:47.094[32m info [39m [caliper] [worker-message-handler] 	Worker#2 is exiting
2026.09.17-14:16:47.094[32m info [39m [caliper] [worker-message-handler] 	Worker#1 is exiting
2026.09.17-14:16:47.095[32m info [39m [caliper] [worker-message-handler] 	Worker#3 is exiting
