2026.09.17-11:07:33.091[32m info [39m [caliper] [cli-launch-manager] 	Set workspace path: /home/mfachrizalg/2026/Skripsi/bi-coin/bi-coin-fabric
2026.09.17-11:07:33.094[32m info [39m [caliper] [cli-launch-manager] 	Set benchmark configuration path: /home/mfachrizalg/2026/Skripsi/bi-coin/bi-coin-fabric/benchmark/results/statistical-20260917-pilot6/runs/calibration-retail-transfer-low-2w-30tps-r5/benchconfig.yaml
2026.09.17-11:07:33.095[32m info [39m [caliper] [cli-launch-manager] 	Set network configuration path: /home/mfachrizalg/2026/Skripsi/bi-coin/bi-coin-fabric/benchmark/networkconfig.yaml
2026.09.17-11:07:33.095[32m info [39m [caliper] [cli-launch-manager] 	Set SUT type: fabric
2026.09.17-11:07:33.114[32m info [39m [caliper] [caliper-engine] 	Starting benchmark flow
2026.09.17-11:07:33.115[32m info [39m [caliper] [caliper-engine] 	Network configuration attribute "caliper.command.start" is not present, skipping start command
2026.09.17-11:07:33.682[32m info [39m [caliper] [FabricConnectorFactory] 	Initializing peer gateway connector compatible with installed fabric-gateway SDK: 1.5.0
2026.09.17-11:07:33.690[32m info [39m [caliper] [IdentityManager] 	Adding User1 (admin=false) as User1 for organization BankIndonesiaOrgMSP
2026.09.17-11:07:33.692[32m info [39m [caliper] [IdentityManager] 	Adding User1 (admin=false) as _HimbaraBankOrgMSP_User1 for organization HimbaraBankOrgMSP
2026.09.17-11:07:33.693[32m info [39m [caliper] [IdentityManager] 	Adding User1 (admin=false) as _CommercialBankOrgMSP_User1 for organization CommercialBankOrgMSP
2026.09.17-11:07:33.695[32m info [39m [caliper] [connectors/peer-gateway/PeerGateway] 	Fabric-Gateway SDK version: 1.5.0 for Peer-Gateway connector; TLS based on BankIndonesiaOrgMSP: server
2026.09.17-11:07:33.695[32m info [39m [caliper] [caliper-engine] 	Executed "init" step in 0.001 seconds
2026.09.17-11:07:33.695[33m warn [39m [caliper] [connectors/peer-gateway/PeerGateway] 	Install smart contract not available for the Fabric Peer Gateway connector
2026.09.17-11:07:33.695[32m info [39m [caliper] [caliper-engine] 	Executed "install" step in 0 seconds
2026.09.17-11:07:33.696[32m info [39m [caliper] [monitor.js] 	Attempting to create resource monitor of type docker
2026.09.17-11:07:33.697[32m info [39m [caliper] [monitor.js] 	Attempting to create resource monitor of type process
2026.09.17-11:07:33.698[32m info [39m [caliper] [default-observer] 	Observer interval set to 5000 milliseconds
2026.09.17-11:07:33.700[32m info [39m [caliper] [round-orchestrator] 	Preparing worker connections
2026.09.17-11:07:33.701[32m info [39m [caliper] [worker-orchestrator] 	Launching worker 1 of 2
2026.09.17-11:07:33.706[32m info [39m [caliper] [worker-orchestrator] 	Launching worker 2 of 2
2026.09.17-11:07:33.708[32m info [39m [caliper] [worker-orchestrator] 	Messenger not configured, entering configure phase...
2026.09.17-11:07:33.708[32m info [39m [caliper] [worker-orchestrator] 	No existing workers detected, entering worker launch phase...
2026.09.17-11:07:33.709[32m info [39m [caliper] [worker-orchestrator] 	Waiting for 2 workers to be connected...
2026.09.17-11:07:34.075[32m info [39m [caliper] [cli-launch-worker] 	Set workspace path: /home/mfachrizalg/2026/Skripsi/bi-coin/bi-coin-fabric
2026.09.17-11:07:34.076[32m info [39m [caliper] [cli-launch-worker] 	Set benchmark configuration path: /home/mfachrizalg/2026/Skripsi/bi-coin/bi-coin-fabric/benchmark/results/statistical-20260917-pilot6/runs/calibration-retail-transfer-low-2w-30tps-r5/benchconfig.yaml
2026.09.17-11:07:34.076[32m info [39m [caliper] [cli-launch-worker] 	Set network configuration path: /home/mfachrizalg/2026/Skripsi/bi-coin/bi-coin-fabric/benchmark/networkconfig.yaml
2026.09.17-11:07:34.077[32m info [39m [caliper] [cli-launch-worker] 	Set SUT type: fabric
2026.09.17-11:07:34.088[32m info [39m [caliper] [cli-launch-worker] 	Set workspace path: /home/mfachrizalg/2026/Skripsi/bi-coin/bi-coin-fabric
2026.09.17-11:07:34.088[32m info [39m [caliper] [cli-launch-worker] 	Set benchmark configuration path: /home/mfachrizalg/2026/Skripsi/bi-coin/bi-coin-fabric/benchmark/results/statistical-20260917-pilot6/runs/calibration-retail-transfer-low-2w-30tps-r5/benchconfig.yaml
2026.09.17-11:07:34.089[32m info [39m [caliper] [cli-launch-worker] 	Set network configuration path: /home/mfachrizalg/2026/Skripsi/bi-coin/bi-coin-fabric/benchmark/networkconfig.yaml
2026.09.17-11:07:34.089[32m info [39m [caliper] [cli-launch-worker] 	Set SUT type: fabric
2026.09.17-11:07:34.114[32m info [39m [caliper] [worker-orchestrator] 	2 workers connected, progressing to worker assignment phase.
2026.09.17-11:07:34.114[32m info [39m [caliper] [worker-orchestrator] 	Workers currently unassigned, awaiting index assignment...
2026.09.17-11:07:34.115[32m info [39m [caliper] [worker-orchestrator] 	Waiting for 2 workers to be assigned...
2026.09.17-11:07:34.163[32m info [39m [caliper] [worker-orchestrator] 	2 workers assigned, progressing to worker initialization phase.
2026.09.17-11:07:34.163[32m info [39m [caliper] [worker-orchestrator] 	Waiting for 2 workers to be ready...
2026.09.17-11:07:34.164[32m info [39m [caliper] [worker-message-handler] 	Initializing Worker#0...
2026.09.17-11:07:34.164[32m info [39m [caliper] [worker-message-handler] 	Initializing Worker#1...
2026.09.17-11:07:34.749[32m info [39m [caliper] [FabricConnectorFactory] 	Initializing peer gateway connector compatible with installed fabric-gateway SDK: 1.5.0
2026.09.17-11:07:34.755[32m info [39m [caliper] [IdentityManager] 	Adding User1 (admin=false) as User1 for organization BankIndonesiaOrgMSP
2026.09.17-11:07:34.756[32m info [39m [caliper] [IdentityManager] 	Adding User1 (admin=false) as _HimbaraBankOrgMSP_User1 for organization HimbaraBankOrgMSP
2026.09.17-11:07:34.757[32m info [39m [caliper] [IdentityManager] 	Adding User1 (admin=false) as _CommercialBankOrgMSP_User1 for organization CommercialBankOrgMSP
2026.09.17-11:07:34.762[32m info [39m [caliper] [worker-message-handler] 	Worker#0 initialized
2026.09.17-11:07:34.782[32m info [39m [caliper] [FabricConnectorFactory] 	Initializing peer gateway connector compatible with installed fabric-gateway SDK: 1.5.0
2026.09.17-11:07:34.787[32m info [39m [caliper] [IdentityManager] 	Adding User1 (admin=false) as User1 for organization BankIndonesiaOrgMSP
2026.09.17-11:07:34.788[32m info [39m [caliper] [IdentityManager] 	Adding User1 (admin=false) as _HimbaraBankOrgMSP_User1 for organization HimbaraBankOrgMSP
2026.09.17-11:07:34.789[32m info [39m [caliper] [IdentityManager] 	Adding User1 (admin=false) as _CommercialBankOrgMSP_User1 for organization CommercialBankOrgMSP
2026.09.17-11:07:34.792[32m info [39m [caliper] [worker-message-handler] 	Worker#1 initialized
2026.09.17-11:07:34.792[32m info [39m [caliper] [worker-orchestrator] 	2 workers ready, progressing to test preparation phase.
2026.09.17-11:07:34.793[32m info [39m [caliper] [round-orchestrator] 	Started round 1 (warmup-retail-transfer-low-30tps)
2026.09.17-11:07:34.794[32m info [39m [caliper] [worker-message-handler] 	Preparing Worker#0 for Round#0
2026.09.17-11:07:34.794[32m info [39m [caliper] [worker-message-handler] 	Preparing Worker#1 for Round#0
2026.09.17-11:07:34.808[32m info [39m [caliper] [connectors/peer-gateway/PeerGateway] 	Generating contract map for user User1
2026.09.17-11:07:34.808[32m info [39m [caliper] [connectors/peer-gateway/PeerGateway] 	Generating contract map for user User1
2026.09.17-11:07:34.812[32m info [39m [caliper] [connectors/peer-gateway/PeerGateway] 	Generating contract map for user _HimbaraBankOrgMSP_User1
2026.09.17-11:07:34.813[32m info [39m [caliper] [connectors/peer-gateway/PeerGateway] 	Generating contract map for user _HimbaraBankOrgMSP_User1
2026.09.17-11:07:34.816[32m info [39m [caliper] [connectors/peer-gateway/PeerGateway] 	Generating contract map for user _CommercialBankOrgMSP_User1
2026.09.17-11:07:34.816[32m info [39m [caliper] [caliper-worker] 	Info: worker 1 prepare test phase for round 0 is starting...
2026.09.17-11:07:34.819[32m info [39m [caliper] [connectors/peer-gateway/PeerGateway] 	Generating contract map for user _CommercialBankOrgMSP_User1
2026.09.17-11:07:34.819[32m info [39m [caliper] [caliper-worker] 	Info: worker 0 prepare test phase for round 0 is starting...
2026.09.17-11:07:34.862[31m error[39m [caliper] [connectors/peer-gateway/PeerGateway] 	Failed to perform query transaction [GetWallet] using arguments [wlt_bench_custodian_20260917-pilot6_calibration-retail-transfer-low-2w-30tps-r5_retail-transfer-low],  with error: GatewayError: 2 UNKNOWN: evaluate call to endorser returned error: chaincode response 500, wallet wlt_bench_custodian_20260917-pilot6_calibration-retail-transfer-low-2w-30tps-r5_retail-transfer-low not found
Details:
-  peer0.himbara.paynet:9051:chaincode response 500, wallet wlt_bench_custodian_20260917-pilot6_calibration-retail-transfer-low-2w-30tps-r5_retail-transfer-low not found
2026.09.17-11:07:34.870[31m error[39m [caliper] [connectors/peer-gateway/PeerGateway] 	Failed to perform query transaction [GetParticipant] using arguments [bench_custodian_20260917-pilot6_calibration-retail-transfer-low-2w-30tps-r5_retail-transfer-low],  with error: GatewayError: 2 UNKNOWN: evaluate call to endorser returned error: chaincode response 500, participant bench_custodian_20260917-pilot6_calibration-retail-transfer-low-2w-30tps-r5_retail-transfer-low not found
Details:
-  peer0.bi.paynet:7051:chaincode response 500, participant bench_custodian_20260917-pilot6_calibration-retail-transfer-low-2w-30tps-r5_retail-transfer-low not found
2026.09.17-11:07:35.372[31m error[39m [caliper] [connectors/peer-gateway/PeerGateway] 	Failed to perform query transaction [GetWallet] using arguments [wlt_bench_custodian_20260917-pilot6_calibration-retail-transfer-low-2w-30tps-r5_retail-transfer-low],  with error: GatewayError: 2 UNKNOWN: evaluate call to endorser returned error: chaincode response 500, wallet wlt_bench_custodian_20260917-pilot6_calibration-retail-transfer-low-2w-30tps-r5_retail-transfer-low not found
Details:
-  peer0.himbara.paynet:9051:chaincode response 500, wallet wlt_bench_custodian_20260917-pilot6_calibration-retail-transfer-low-2w-30tps-r5_retail-transfer-low not found
2026.09.17-11:07:35.880[31m error[39m [caliper] [connectors/peer-gateway/PeerGateway] 	Failed to perform query transaction [GetWallet] using arguments [wlt_bench_custodian_20260917-pilot6_calibration-retail-transfer-low-2w-30tps-r5_retail-transfer-low],  with error: GatewayError: 2 UNKNOWN: evaluate call to endorser returned error: chaincode response 500, wallet wlt_bench_custodian_20260917-pilot6_calibration-retail-transfer-low-2w-30tps-r5_retail-transfer-low not found
Details:
-  peer0.himbara.paynet:9051:chaincode response 500, wallet wlt_bench_custodian_20260917-pilot6_calibration-retail-transfer-low-2w-30tps-r5_retail-transfer-low not found
2026.09.17-11:07:36.390[31m error[39m [caliper] [connectors/peer-gateway/PeerGateway] 	Failed to perform query transaction [GetWallet] using arguments [wlt_bench_custodian_20260917-pilot6_calibration-retail-transfer-low-2w-30tps-r5_retail-transfer-low],  with error: GatewayError: 2 UNKNOWN: evaluate call to endorser returned error: chaincode response 500, wallet wlt_bench_custodian_20260917-pilot6_calibration-retail-transfer-low-2w-30tps-r5_retail-transfer-low not found
Details:
-  peer0.himbara.paynet:9051:chaincode response 500, wallet wlt_bench_custodian_20260917-pilot6_calibration-retail-transfer-low-2w-30tps-r5_retail-transfer-low not found
2026.09.17-11:07:36.906[31m error[39m [caliper] [connectors/peer-gateway/PeerGateway] 	Failed to perform query transaction [GetWallet] using arguments [wlt_bench_custodian_20260917-pilot6_calibration-retail-transfer-low-2w-30tps-r5_retail-transfer-low],  with error: GatewayError: 2 UNKNOWN: evaluate call to endorser returned error: chaincode response 500, wallet wlt_bench_custodian_20260917-pilot6_calibration-retail-transfer-low-2w-30tps-r5_retail-transfer-low not found
Details:
-  peer0.himbara.paynet:9051:chaincode response 500, wallet wlt_bench_custodian_20260917-pilot6_calibration-retail-transfer-low-2w-30tps-r5_retail-transfer-low not found
2026.09.17-11:07:37.419[31m error[39m [caliper] [connectors/peer-gateway/PeerGateway] 	Failed to perform query transaction [GetWallet] using arguments [wlt_bench_custodian_20260917-pilot6_calibration-retail-transfer-low-2w-30tps-r5_retail-transfer-low],  with error: GatewayError: 2 UNKNOWN: evaluate call to endorser returned error: chaincode response 500, wallet wlt_bench_custodian_20260917-pilot6_calibration-retail-transfer-low-2w-30tps-r5_retail-transfer-low not found
Details:
-  peer0.himbara.paynet:9051:chaincode response 500, wallet wlt_bench_custodian_20260917-pilot6_calibration-retail-transfer-low-2w-30tps-r5_retail-transfer-low not found
2026.09.17-11:07:37.929[31m error[39m [caliper] [connectors/peer-gateway/PeerGateway] 	Failed to perform query transaction [GetWallet] using arguments [wlt_bench_custodian_20260917-pilot6_calibration-retail-transfer-low-2w-30tps-r5_retail-transfer-low],  with error: GatewayError: 2 UNKNOWN: evaluate call to endorser returned error: chaincode response 500, wallet wlt_bench_custodian_20260917-pilot6_calibration-retail-transfer-low-2w-30tps-r5_retail-transfer-low not found
Details:
-  peer0.himbara.paynet:9051:chaincode response 500, wallet wlt_bench_custodian_20260917-pilot6_calibration-retail-transfer-low-2w-30tps-r5_retail-transfer-low not found
2026.09.17-11:07:38.439[31m error[39m [caliper] [connectors/peer-gateway/PeerGateway] 	Failed to perform query transaction [GetWallet] using arguments [wlt_bench_custodian_20260917-pilot6_calibration-retail-transfer-low-2w-30tps-r5_retail-transfer-low],  with error: GatewayError: 2 UNKNOWN: evaluate call to endorser returned error: chaincode response 500, wallet wlt_bench_custodian_20260917-pilot6_calibration-retail-transfer-low-2w-30tps-r5_retail-transfer-low not found
Details:
-  peer0.himbara.paynet:9051:chaincode response 500, wallet wlt_bench_custodian_20260917-pilot6_calibration-retail-transfer-low-2w-30tps-r5_retail-transfer-low not found
2026.09.17-11:07:38.954[31m error[39m [caliper] [connectors/peer-gateway/PeerGateway] 	Failed to perform query transaction [GetWallet] using arguments [wlt_bench_custodian_20260917-pilot6_calibration-retail-transfer-low-2w-30tps-r5_retail-transfer-low],  with error: GatewayError: 2 UNKNOWN: evaluate call to endorser returned error: chaincode response 500, wallet wlt_bench_custodian_20260917-pilot6_calibration-retail-transfer-low-2w-30tps-r5_retail-transfer-low not found
Details:
-  peer0.himbara.paynet:9051:chaincode response 500, wallet wlt_bench_custodian_20260917-pilot6_calibration-retail-transfer-low-2w-30tps-r5_retail-transfer-low not found
2026.09.17-11:08:59.509[32m info [39m [caliper] [connectors/peer-gateway/PeerGateway] 	disconnecting gateway for user User1
2026.09.17-11:08:59.509[32m info [39m [caliper] [connectors/peer-gateway/PeerGateway] 	disconnecting gateway for user _HimbaraBankOrgMSP_User1
2026.09.17-11:08:59.509[32m info [39m [caliper] [connectors/peer-gateway/PeerGateway] 	disconnecting gateway for user _CommercialBankOrgMSP_User1
2026.09.17-11:08:59.510[32m info [39m [caliper] [connectors/peer-gateway/PeerGateway] 	disconnecting gRpc client at peer peer0.bi.paynet
2026.09.17-11:08:59.510[32m info [39m [caliper] [connectors/peer-gateway/PeerGateway] 	disconnecting gRpc client at peer peer0.himbara.paynet
2026.09.17-11:08:59.510[32m info [39m [caliper] [connectors/peer-gateway/PeerGateway] 	disconnecting gRpc client at peer peer0.commercial.paynet
2026.09.17-11:08:59.511[32m info [39m [caliper] [caliper-worker] 	Info: worker 1 prepare test phase for round 0 is completed
2026.09.17-11:08:59.511[32m info [39m [caliper] [worker-message-handler] 	Worker#1 prepared for Round#0
2026.09.17-11:10:02.558[32m info [39m [caliper] [connectors/peer-gateway/PeerGateway] 	disconnecting gateway for user User1
2026.09.17-11:10:02.558[32m info [39m [caliper] [connectors/peer-gateway/PeerGateway] 	disconnecting gateway for user _HimbaraBankOrgMSP_User1
2026.09.17-11:10:02.558[32m info [39m [caliper] [connectors/peer-gateway/PeerGateway] 	disconnecting gateway for user _CommercialBankOrgMSP_User1
2026.09.17-11:10:02.558[32m info [39m [caliper] [connectors/peer-gateway/PeerGateway] 	disconnecting gRpc client at peer peer0.bi.paynet
2026.09.17-11:10:02.559[32m info [39m [caliper] [connectors/peer-gateway/PeerGateway] 	disconnecting gRpc client at peer peer0.himbara.paynet
2026.09.17-11:10:02.559[32m info [39m [caliper] [connectors/peer-gateway/PeerGateway] 	disconnecting gRpc client at peer peer0.commercial.paynet
2026.09.17-11:10:02.559[32m info [39m [caliper] [caliper-worker] 	Info: worker 0 prepare test phase for round 0 is completed
2026.09.17-11:10:02.559[32m info [39m [caliper] [worker-message-handler] 	Worker#0 prepared for Round#0
2026.09.17-11:10:02.560[32m info [39m [caliper] [worker-orchestrator] 	2 workers prepared, progressing to test phase.
2026.09.17-11:10:04.628[32m info [39m [caliper] [monitor-process] 	Registering node caliper(sum) within process monitor
2026.09.17-11:10:04.823[32m info [39m [caliper] [monitor-process] 	Starting process monitor with update interval 1000 ms
2026.09.17-11:10:04.824[32m info [39m [caliper] [round-orchestrator] 	Monitors successfully started
2026.09.17-11:10:04.825[32m info [39m [caliper] [worker-message-handler] 	Worker#0 is starting Round#0
2026.09.17-11:10:04.825[32m info [39m [caliper] [worker-message-handler] 	Worker#1 is starting Round#0
2026.09.17-11:10:04.828[32m info [39m [caliper] [connectors/peer-gateway/PeerGateway] 	Generating contract map for user User1
2026.09.17-11:10:04.829[32m info [39m [caliper] [connectors/peer-gateway/PeerGateway] 	Generating contract map for user User1
2026.09.17-11:10:04.831[32m info [39m [caliper] [connectors/peer-gateway/PeerGateway] 	Generating contract map for user _HimbaraBankOrgMSP_User1
2026.09.17-11:10:04.831[32m info [39m [caliper] [connectors/peer-gateway/PeerGateway] 	Generating contract map for user _HimbaraBankOrgMSP_User1
2026.09.17-11:10:04.833[32m info [39m [caliper] [connectors/peer-gateway/PeerGateway] 	Generating contract map for user _CommercialBankOrgMSP_User1
2026.09.17-11:10:04.834[32m info [39m [caliper] [connectors/peer-gateway/PeerGateway] 	Generating contract map for user _CommercialBankOrgMSP_User1
2026.09.17-11:10:04.835[32m info [39m [caliper] [caliper-worker] 	Worker #0 starting workload loop
2026.09.17-11:10:04.837[32m info [39m [caliper] [caliper-worker] 	Worker #1 starting workload loop
2026.09.17-11:10:07.562[32m info [39m [caliper] [default-observer] 	[warmup-retail-transfer-low-30tps Round 0 Transaction Info] - Submitted: 10 Succ: 10 Fail:0 Unfinished:0
2026.09.17-11:10:12.563[32m info [39m [caliper] [default-observer] 	[warmup-retail-transfer-low-30tps Round 0 Transaction Info] - Submitted: 36 Succ: 30 Fail:0 Unfinished:6
2026.09.17-11:10:17.564[32m info [39m [caliper] [default-observer] 	[warmup-retail-transfer-low-30tps Round 0 Transaction Info] - Submitted: 62 Succ: 60 Fail:0 Unfinished:2
2026.09.17-11:10:22.565[32m info [39m [caliper] [default-observer] 	[warmup-retail-transfer-low-30tps Round 0 Transaction Info] - Submitted: 86 Succ: 80 Fail:0 Unfinished:6
2026.09.17-11:10:27.566[32m info [39m [caliper] [default-observer] 	[warmup-retail-transfer-low-30tps Round 0 Transaction Info] - Submitted: 112 Succ: 110 Fail:0 Unfinished:2
2026.09.17-11:10:32.568[32m info [39m [caliper] [default-observer] 	[warmup-retail-transfer-low-30tps Round 0 Transaction Info] - Submitted: 136 Succ: 130 Fail:0 Unfinished:6
2026.09.17-11:10:37.568[32m info [39m [caliper] [default-observer] 	[warmup-retail-transfer-low-30tps Round 0 Transaction Info] - Submitted: 152 Succ: 152 Fail:0 Unfinished:0
2026.09.17-11:10:38.143[32m info [39m [caliper] [connectors/peer-gateway/PeerGateway] 	disconnecting gateway for user User1
2026.09.17-11:10:38.143[32m info [39m [caliper] [connectors/peer-gateway/PeerGateway] 	disconnecting gateway for user _HimbaraBankOrgMSP_User1
2026.09.17-11:10:38.143[32m info [39m [caliper] [connectors/peer-gateway/PeerGateway] 	disconnecting gateway for user _CommercialBankOrgMSP_User1
2026.09.17-11:10:38.143[32m info [39m [caliper] [connectors/peer-gateway/PeerGateway] 	disconnecting gRpc client at peer peer0.bi.paynet
2026.09.17-11:10:38.143[32m info [39m [caliper] [connectors/peer-gateway/PeerGateway] 	disconnecting gRpc client at peer peer0.himbara.paynet
2026.09.17-11:10:38.144[32m info [39m [caliper] [connectors/peer-gateway/PeerGateway] 	disconnecting gRpc client at peer peer0.commercial.paynet
2026.09.17-11:10:38.144[32m info [39m [caliper] [worker-message-handler] 	Worker#1 finished Round#0
2026.09.17-11:10:38.150[32m info [39m [caliper] [connectors/peer-gateway/PeerGateway] 	disconnecting gateway for user User1
2026.09.17-11:10:38.150[32m info [39m [caliper] [connectors/peer-gateway/PeerGateway] 	disconnecting gateway for user _HimbaraBankOrgMSP_User1
2026.09.17-11:10:38.150[32m info [39m [caliper] [connectors/peer-gateway/PeerGateway] 	disconnecting gateway for user _CommercialBankOrgMSP_User1
2026.09.17-11:10:38.150[32m info [39m [caliper] [connectors/peer-gateway/PeerGateway] 	disconnecting gRpc client at peer peer0.bi.paynet
2026.09.17-11:10:38.150[32m info [39m [caliper] [connectors/peer-gateway/PeerGateway] 	disconnecting gRpc client at peer peer0.himbara.paynet
2026.09.17-11:10:38.150[32m info [39m [caliper] [connectors/peer-gateway/PeerGateway] 	disconnecting gRpc client at peer peer0.commercial.paynet
2026.09.17-11:10:38.150[32m info [39m [caliper] [worker-message-handler] 	Worker#0 finished Round#0
2026.09.17-11:10:43.154[32m info [39m [caliper] [default-observer] 	Resetting txCount indicator count
2026.09.17-11:10:43.155[32m info [39m [caliper] [report-builder] 	### Test result ###
2026.09.17-11:10:43.162[32m info [39m [caliper] [report-builder] 	
+----------------------------------+------+------+-----------------+-----------------+-----------------+-----------------+------------------+
| Name                             | Succ | Fail | Send Rate (TPS) | Max Latency (s) | Min Latency (s) | Avg Latency (s) | Throughput (TPS) |
|----------------------------------|------|------|-----------------|-----------------|-----------------|-----------------|------------------|
| warmup-retail-transfer-low-30tps | 152  | 0    | 5.1             | 2.24            | 0.12            | 0.96            | 4.7              |
+----------------------------------+------+------+-----------------+-----------------+-----------------+-----------------+------------------+

2026.09.17-11:10:43.171[32m info [39m [caliper] [report-builder] 	### docker resource stats ###'
2026.09.17-11:10:43.175[32m info [39m [caliper] [report-builder] 	
+-----------------------------+-----------+-----------+------------------+------------------+-----------------+------------------+-----------------+----------------+
| Name                        | CPU%(max) | CPU%(avg) | Memory(max) [MB] | Memory(avg) [MB] | Traffic In [MB] | Traffic Out [MB] | Disc Write [MB] | Disc Read [KB] |
|-----------------------------|-----------|-----------|------------------|------------------|-----------------|------------------|-----------------|----------------|
| /peer0.commercial.paynet    | 0.0625    | 0.0275    | 101              | 99.9             | 2.57            | 1.18             | 4.02            | 0.00           |
|-----------------------------|-----------|-----------|------------------|------------------|-----------------|------------------|-----------------|----------------|
| /peer0.ojk.paynet           | 0.05      | 0.0275    | 102              | 100              | 2.57            | 1.17             | 4.06            | 0.00           |
|-----------------------------|-----------|-----------|------------------|------------------|-----------------|------------------|-----------------|----------------|
| /peer0.bi.paynet            | 0.04625   | 0.02375   | 104              | 103              | 2.60            | 1.21             | 4.15            | 0.00           |
|-----------------------------|-----------|-----------|------------------|------------------|-----------------|------------------|-----------------|----------------|
| /peer0.pjp.paynet           | 0.065     | 0.0275    | 97.0             | 96.0             | 2.57            | 1.18             | 4.23            | 0.00           |
|-----------------------------|-----------|-----------|------------------|------------------|-----------------|------------------|-----------------|----------------|
| /peer0.himbara.paynet       | 0.10875   | 0.06375   | 107              | 104              | 5.54            | 5.44             | 4.08            | 0.00           |
|-----------------------------|-----------|-----------|------------------|------------------|-----------------|------------------|-----------------|----------------|
| /couchdb0.himbara.paynet    | 0.16125   | 0.065     | 56.6             | 53.4             | 0.943           | 0.509            | 6.85            | 48.0           |
|-----------------------------|-----------|-----------|------------------|------------------|-----------------|------------------|-----------------|----------------|
| /couchdb0.bi.paynet         | 0.055     | 0.02375   | 53.6             | 52.6             | 0.955           | 1.04             | 23.7            | 0.00           |
|-----------------------------|-----------|-----------|------------------|------------------|-----------------|------------------|-----------------|----------------|
| /couchdb0.commercial.paynet | 0.075     | 0.025     | 54.8             | 53.2             | 0.956           | 1.05             | 6.61            | 0.00           |
|-----------------------------|-----------|-----------|------------------|------------------|-----------------|------------------|-----------------|----------------|
| /orderer.paynet             | 0.01375   | 0.0075    | 50.6             | 49.3             | 1.41            | 6.62             | 4.70            | 0.00           |
|-----------------------------|-----------|-----------|------------------|------------------|-----------------|------------------|-----------------|----------------|
| /couchdb0.ojk.paynet        | 0.11625   | 0.03375   | 53.8             | 52.9             | 0.956           | 1.05             | 6.38            | 0.00           |
|-----------------------------|-----------|-----------|------------------|------------------|-----------------|------------------|-----------------|----------------|
| /couchdb0.pjp.paynet        | 0.12375   | 0.03875   | 53.4             | 52.4             | 0.955           | 1.05             | 6.46            | 0.00           |
+-----------------------------+-----------+-----------+------------------+------------------+-----------------+------------------+-----------------+----------------+

2026.09.17-11:10:43.176[32m info [39m [caliper] [report-builder] 	### process resource stats ###'
2026.09.17-11:10:43.176[32m info [39m [caliper] [report-builder] 	
+-------------------+-----------+-----------+-----------------+-----------------+
| Name              | CPU%(max) | CPU%(avg) | Memory(max) [B] | Memory(avg) [B] |
|-------------------|-----------|-----------|-----------------|-----------------|
| node caliper(sum) | 33.66     | 21.01     | -               | -               |
+-------------------+-----------+-----------+-----------------+-----------------+

2026.09.17-11:10:43.177[32m info [39m [caliper] [round-orchestrator] 	Finished round 1 (warmup-retail-transfer-low-30tps) in 32.313 seconds
2026.09.17-11:10:43.177[32m info [39m [caliper] [monitor.js] 	Stopping all monitors
2026.09.17-11:10:43.379[32m info [39m [caliper] [round-orchestrator] 	Waiting 5 seconds for the next round...
2026.09.17-11:10:48.379[32m info [39m [caliper] [round-orchestrator] 	Started round 2 (retail-transfer-low-30tps)
2026.09.17-11:10:48.380[32m info [39m [caliper] [worker-message-handler] 	Preparing Worker#0 for Round#1
2026.09.17-11:10:48.380[32m info [39m [caliper] [worker-message-handler] 	Preparing Worker#1 for Round#1
2026.09.17-11:10:48.382[32m info [39m [caliper] [connectors/peer-gateway/PeerGateway] 	Generating contract map for user User1
2026.09.17-11:10:48.383[32m info [39m [caliper] [connectors/peer-gateway/PeerGateway] 	Generating contract map for user User1
2026.09.17-11:10:48.384[32m info [39m [caliper] [connectors/peer-gateway/PeerGateway] 	Generating contract map for user _HimbaraBankOrgMSP_User1
2026.09.17-11:10:48.386[32m info [39m [caliper] [connectors/peer-gateway/PeerGateway] 	Generating contract map for user _HimbaraBankOrgMSP_User1
2026.09.17-11:10:48.388[32m info [39m [caliper] [connectors/peer-gateway/PeerGateway] 	Generating contract map for user _CommercialBankOrgMSP_User1
2026.09.17-11:10:48.388[32m info [39m [caliper] [caliper-worker] 	Info: worker 0 prepare test phase for round 1 is starting...
2026.09.17-11:10:48.389[32m info [39m [caliper] [connectors/peer-gateway/PeerGateway] 	Generating contract map for user _CommercialBankOrgMSP_User1
2026.09.17-11:10:48.390[32m info [39m [caliper] [caliper-worker] 	Info: worker 1 prepare test phase for round 1 is starting...
2026.09.17-11:10:48.406[32m info [39m [caliper] [connectors/peer-gateway/PeerGateway] 	disconnecting gateway for user User1
2026.09.17-11:10:48.406[32m info [39m [caliper] [connectors/peer-gateway/PeerGateway] 	disconnecting gateway for user _HimbaraBankOrgMSP_User1
2026.09.17-11:10:48.407[32m info [39m [caliper] [connectors/peer-gateway/PeerGateway] 	disconnecting gateway for user _CommercialBankOrgMSP_User1
2026.09.17-11:10:48.407[32m info [39m [caliper] [connectors/peer-gateway/PeerGateway] 	disconnecting gRpc client at peer peer0.bi.paynet
2026.09.17-11:10:48.407[32m info [39m [caliper] [connectors/peer-gateway/PeerGateway] 	disconnecting gRpc client at peer peer0.himbara.paynet
2026.09.17-11:10:48.407[32m info [39m [caliper] [connectors/peer-gateway/PeerGateway] 	disconnecting gRpc client at peer peer0.commercial.paynet
2026.09.17-11:10:48.407[32m info [39m [caliper] [caliper-worker] 	Info: worker 1 prepare test phase for round 1 is completed
2026.09.17-11:10:48.407[32m info [39m [caliper] [worker-message-handler] 	Worker#1 prepared for Round#1
2026.09.17-11:10:52.603[32m info [39m [caliper] [connectors/peer-gateway/PeerGateway] 	disconnecting gateway for user User1
2026.09.17-11:10:52.603[32m info [39m [caliper] [connectors/peer-gateway/PeerGateway] 	disconnecting gateway for user _HimbaraBankOrgMSP_User1
2026.09.17-11:10:52.603[32m info [39m [caliper] [connectors/peer-gateway/PeerGateway] 	disconnecting gateway for user _CommercialBankOrgMSP_User1
2026.09.17-11:10:52.603[32m info [39m [caliper] [connectors/peer-gateway/PeerGateway] 	disconnecting gRpc client at peer peer0.bi.paynet
2026.09.17-11:10:52.604[32m info [39m [caliper] [connectors/peer-gateway/PeerGateway] 	disconnecting gRpc client at peer peer0.himbara.paynet
2026.09.17-11:10:52.604[32m info [39m [caliper] [connectors/peer-gateway/PeerGateway] 	disconnecting gRpc client at peer peer0.commercial.paynet
2026.09.17-11:10:52.604[32m info [39m [caliper] [caliper-worker] 	Info: worker 0 prepare test phase for round 1 is completed
2026.09.17-11:10:52.604[32m info [39m [caliper] [worker-message-handler] 	Worker#0 prepared for Round#1
2026.09.17-11:10:52.605[32m info [39m [caliper] [worker-orchestrator] 	2 workers prepared, progressing to test phase.
2026.09.17-11:10:54.641[32m info [39m [caliper] [monitor-process] 	Registering node caliper(sum) within process monitor
2026.09.17-11:10:54.785[32m info [39m [caliper] [monitor-process] 	Starting process monitor with update interval 1000 ms
2026.09.17-11:10:54.785[32m info [39m [caliper] [round-orchestrator] 	Monitors successfully started
2026.09.17-11:10:54.786[32m info [39m [caliper] [worker-message-handler] 	Worker#0 is starting Round#1
2026.09.17-11:10:54.786[32m info [39m [caliper] [worker-message-handler] 	Worker#1 is starting Round#1
2026.09.17-11:10:54.788[32m info [39m [caliper] [connectors/peer-gateway/PeerGateway] 	Generating contract map for user User1
2026.09.17-11:10:54.789[32m info [39m [caliper] [connectors/peer-gateway/PeerGateway] 	Generating contract map for user User1
2026.09.17-11:10:54.790[32m info [39m [caliper] [connectors/peer-gateway/PeerGateway] 	Generating contract map for user _HimbaraBankOrgMSP_User1
2026.09.17-11:10:54.791[32m info [39m [caliper] [connectors/peer-gateway/PeerGateway] 	Generating contract map for user _HimbaraBankOrgMSP_User1
2026.09.17-11:10:54.792[32m info [39m [caliper] [connectors/peer-gateway/PeerGateway] 	Generating contract map for user _CommercialBankOrgMSP_User1
2026.09.17-11:10:54.792[32m info [39m [caliper] [caliper-worker] 	Worker #0 starting workload loop
2026.09.17-11:10:54.793[32m info [39m [caliper] [connectors/peer-gateway/PeerGateway] 	Generating contract map for user _CommercialBankOrgMSP_User1
2026.09.17-11:10:54.793[32m info [39m [caliper] [caliper-worker] 	Worker #1 starting workload loop
2026.09.17-11:10:57.606[32m info [39m [caliper] [default-observer] 	[retail-transfer-low-30tps Round 1 Transaction Info] - Submitted: 61 Succ: 50 Fail:0 Unfinished:11
2026.09.17-11:11:02.607[32m info [39m [caliper] [default-observer] 	[retail-transfer-low-30tps Round 1 Transaction Info] - Submitted: 211 Succ: 200 Fail:0 Unfinished:11
2026.09.17-11:11:07.608[32m info [39m [caliper] [default-observer] 	[retail-transfer-low-30tps Round 1 Transaction Info] - Submitted: 361 Succ: 350 Fail:0 Unfinished:11
2026.09.17-11:11:12.608[32m info [39m [caliper] [default-observer] 	[retail-transfer-low-30tps Round 1 Transaction Info] - Submitted: 512 Succ: 500 Fail:0 Unfinished:12
2026.09.17-11:11:17.611[32m info [39m [caliper] [default-observer] 	[retail-transfer-low-30tps Round 1 Transaction Info] - Submitted: 662 Succ: 650 Fail:0 Unfinished:12
2026.09.17-11:11:22.612[32m info [39m [caliper] [default-observer] 	[retail-transfer-low-30tps Round 1 Transaction Info] - Submitted: 812 Succ: 790 Fail:0 Unfinished:22
2026.09.17-11:11:27.613[32m info [39m [caliper] [default-observer] 	[retail-transfer-low-30tps Round 1 Transaction Info] - Submitted: 962 Succ: 950 Fail:0 Unfinished:12
2026.09.17-11:11:32.613[32m info [39m [caliper] [default-observer] 	[retail-transfer-low-30tps Round 1 Transaction Info] - Submitted: 1112 Succ: 1100 Fail:0 Unfinished:12
2026.09.17-11:11:37.613[32m info [39m [caliper] [default-observer] 	[retail-transfer-low-30tps Round 1 Transaction Info] - Submitted: 1262 Succ: 1250 Fail:0 Unfinished:12
2026.09.17-11:11:42.614[32m info [39m [caliper] [default-observer] 	[retail-transfer-low-30tps Round 1 Transaction Info] - Submitted: 1412 Succ: 1390 Fail:0 Unfinished:22
2026.09.17-11:11:47.615[32m info [39m [caliper] [default-observer] 	[retail-transfer-low-30tps Round 1 Transaction Info] - Submitted: 1562 Succ: 1550 Fail:0 Unfinished:12
2026.09.17-11:11:52.615[32m info [39m [caliper] [default-observer] 	[retail-transfer-low-30tps Round 1 Transaction Info] - Submitted: 1712 Succ: 1700 Fail:0 Unfinished:12
2026.09.17-11:11:57.616[32m info [39m [caliper] [default-observer] 	[retail-transfer-low-30tps Round 1 Transaction Info] - Submitted: 1802 Succ: 1802 Fail:0 Unfinished:0
2026.09.17-11:11:58.098[32m info [39m [caliper] [connectors/peer-gateway/PeerGateway] 	disconnecting gateway for user User1
2026.09.17-11:11:58.098[32m info [39m [caliper] [connectors/peer-gateway/PeerGateway] 	disconnecting gateway for user _HimbaraBankOrgMSP_User1
2026.09.17-11:11:58.098[32m info [39m [caliper] [connectors/peer-gateway/PeerGateway] 	disconnecting gateway for user _CommercialBankOrgMSP_User1
2026.09.17-11:11:58.098[32m info [39m [caliper] [connectors/peer-gateway/PeerGateway] 	disconnecting gRpc client at peer peer0.bi.paynet
2026.09.17-11:11:58.099[32m info [39m [caliper] [connectors/peer-gateway/PeerGateway] 	disconnecting gRpc client at peer peer0.himbara.paynet
2026.09.17-11:11:58.099[32m info [39m [caliper] [connectors/peer-gateway/PeerGateway] 	disconnecting gRpc client at peer peer0.commercial.paynet
2026.09.17-11:11:58.099[32m info [39m [caliper] [worker-message-handler] 	Worker#0 finished Round#1
2026.09.17-11:11:58.102[32m info [39m [caliper] [connectors/peer-gateway/PeerGateway] 	disconnecting gateway for user User1
2026.09.17-11:11:58.102[32m info [39m [caliper] [connectors/peer-gateway/PeerGateway] 	disconnecting gateway for user _HimbaraBankOrgMSP_User1
2026.09.17-11:11:58.102[32m info [39m [caliper] [connectors/peer-gateway/PeerGateway] 	disconnecting gateway for user _CommercialBankOrgMSP_User1
2026.09.17-11:11:58.102[32m info [39m [caliper] [connectors/peer-gateway/PeerGateway] 	disconnecting gRpc client at peer peer0.bi.paynet
2026.09.17-11:11:58.102[32m info [39m [caliper] [connectors/peer-gateway/PeerGateway] 	disconnecting gRpc client at peer peer0.himbara.paynet
2026.09.17-11:11:58.102[32m info [39m [caliper] [connectors/peer-gateway/PeerGateway] 	disconnecting gRpc client at peer peer0.commercial.paynet
2026.09.17-11:11:58.102[32m info [39m [caliper] [worker-message-handler] 	Worker#1 finished Round#1
2026.09.17-11:12:03.104[32m info [39m [caliper] [default-observer] 	Resetting txCount indicator count
2026.09.17-11:12:03.107[32m info [39m [caliper] [report-builder] 	### Test result ###
2026.09.17-11:12:03.110[32m info [39m [caliper] [report-builder] 	
+---------------------------+------+------+-----------------+-----------------+-----------------+-----------------+------------------+
| Name                      | Succ | Fail | Send Rate (TPS) | Max Latency (s) | Min Latency (s) | Avg Latency (s) | Throughput (TPS) |
|---------------------------|------|------|-----------------|-----------------|-----------------|-----------------|------------------|
| retail-transfer-low-30tps | 1802 | 0    | 30.0            | 2.26            | 0.12            | 0.45            | 28.9             |
+---------------------------+------+------+-----------------+-----------------+-----------------+-----------------+------------------+

2026.09.17-11:12:03.117[32m info [39m [caliper] [report-builder] 	### docker resource stats ###'
2026.09.17-11:12:03.119[32m info [39m [caliper] [report-builder] 	
+-----------------------------+-----------+-----------+------------------+------------------+-----------------+------------------+-----------------+----------------+
| Name                        | CPU%(max) | CPU%(avg) | Memory(max) [MB] | Memory(avg) [MB] | Traffic In [MB] | Traffic Out [MB] | Disc Write [MB] | Disc Read [KB] |
|-----------------------------|-----------|-----------|------------------|------------------|-----------------|------------------|-----------------|----------------|
| /peer0.commercial.paynet    | 0.18625   | 0.1225    | 116              | 114              | 28.3            | 11.7             | 45.2            | 0.00           |
|-----------------------------|-----------|-----------|------------------|------------------|-----------------|------------------|-----------------|----------------|
| /peer0.ojk.paynet           | 0.1775    | 0.12125   | 115              | 112              | 28.3            | 11.6             | 45.2            | 0.00           |
|-----------------------------|-----------|-----------|------------------|------------------|-----------------|------------------|-----------------|----------------|
| /peer0.bi.paynet            | 0.185     | 0.1175    | 116              | 113              | 28.3            | 11.7             | 45.4            | 0.00           |
|-----------------------------|-----------|-----------|------------------|------------------|-----------------|------------------|-----------------|----------------|
| /peer0.pjp.paynet           | 0.16875   | 0.1175    | 115              | 110              | 28.3            | 11.7             | 45.6            | 0.00           |
|-----------------------------|-----------|-----------|------------------|------------------|-----------------|------------------|-----------------|----------------|
| /peer0.himbara.paynet       | 0.48375   | 0.3775    | 126              | 118              | 59.1            | 58.4             | 45.8            | 0.00           |
|-----------------------------|-----------|-----------|------------------|------------------|-----------------|------------------|-----------------|----------------|
| /couchdb0.himbara.paynet    | 2.1625    | 0.9825    | 73.7             | 58.5             | 10.9            | 5.15             | 225             | 384            |
|-----------------------------|-----------|-----------|------------------|------------------|-----------------|------------------|-----------------|----------------|
| /couchdb0.bi.paynet         | 1.95875   | 1.03      | 68.5             | 55.7             | 11.2            | 12.4             | 158             | 208            |
|-----------------------------|-----------|-----------|------------------|------------------|-----------------|------------------|-----------------|----------------|
| /couchdb0.commercial.paynet | 1.9275    | 1.08      | 70.4             | 58.9             | 11.2            | 12.4             | 206             | 240            |
|-----------------------------|-----------|-----------|------------------|------------------|-----------------|------------------|-----------------|----------------|
| /orderer.paynet             | 0.115     | 0.07625   | 80.3             | 63.1             | 16.4            | 78.3             | 50.9            | 0.00           |
|-----------------------------|-----------|-----------|------------------|------------------|-----------------|------------------|-----------------|----------------|
| /couchdb0.ojk.paynet        | 2.12375   | 1.11625   | 71.9             | 58.8             | 11.2            | 12.4             | 222             | 400            |
|-----------------------------|-----------|-----------|------------------|------------------|-----------------|------------------|-----------------|----------------|
| /couchdb0.pjp.paynet        | 1.9475    | 1.08375   | 71.9             | 58.6             | 11.2            | 12.4             | 164             | 240            |
+-----------------------------+-----------+-----------+------------------+------------------+-----------------+------------------+-----------------+----------------+

2026.09.17-11:12:03.120[32m info [39m [caliper] [report-builder] 	### process resource stats ###'
2026.09.17-11:12:03.120[32m info [39m [caliper] [report-builder] 	
+-------------------+-----------+-----------+-----------------+-----------------+
| Name              | CPU%(max) | CPU%(avg) | Memory(max) [B] | Memory(avg) [B] |
|-------------------|-----------|-----------|-----------------|-----------------|
| node caliper(sum) | 77.45     | 52.41     | -               | -               |
+-------------------+-----------+-----------+-----------------+-----------------+

2026.09.17-11:12:03.120[32m info [39m [caliper] [round-orchestrator] 	Finished round 2 (retail-transfer-low-30tps) in 62.309 seconds
2026.09.17-11:12:03.121[32m info [39m [caliper] [monitor.js] 	Stopping all monitors
2026.09.17-11:12:03.322[32m info [39m [caliper] [report-builder] 	### All test results ###
2026.09.17-11:12:03.322[32m info [39m [caliper] [report-builder] 	
+----------------------------------+------+------+-----------------+-----------------+-----------------+-----------------+------------------+
| Name                             | Succ | Fail | Send Rate (TPS) | Max Latency (s) | Min Latency (s) | Avg Latency (s) | Throughput (TPS) |
|----------------------------------|------|------|-----------------|-----------------|-----------------|-----------------|------------------|
| warmup-retail-transfer-low-30tps | 152  | 0    | 5.1             | 2.24            | 0.12            | 0.96            | 4.7              |
|----------------------------------|------|------|-----------------|-----------------|-----------------|-----------------|------------------|
| retail-transfer-low-30tps        | 1802 | 0    | 30.0            | 2.26            | 0.12            | 0.45            | 28.9             |
+----------------------------------+------+------+-----------------+-----------------+-----------------+-----------------+------------------+

2026.09.17-11:12:03.330[32m info [39m [caliper] [report-builder] 	Generated report with path /home/mfachrizalg/2026/Skripsi/bi-coin/bi-coin-fabric/report.html
2026.09.17-11:12:03.330[32m info [39m [caliper] [monitor.js] 	Stopping all monitors
2026.09.17-11:12:03.330[32m info [39m [caliper] [worker-orchestrator] 	Sending exit message to connected workers
2026.09.17-11:12:03.330[32m info [39m [caliper] [round-orchestrator] 	Benchmark finished in 268.537 seconds. Total rounds: 2. Successful rounds: 2. Failed rounds: 0.
2026.09.17-11:12:03.330[32m info [39m [caliper] [caliper-engine] 	Network configuration attribute "caliper.command.end" is not present, skipping end command
2026.09.17-11:12:03.330[32m info [39m [caliper] [cli-launch-manager] 	Benchmark successfully finished!
2026.09.17-11:12:03.331[32m info [39m [caliper] [worker-message-handler] 	Worker#1 is exiting
2026.09.17-11:12:03.331[32m info [39m [caliper] [worker-message-handler] 	Worker#0 is exiting
