
> bi-coin-fabric@1.0.0 benchmark:boundary
> caliper launch manager --caliper-benchconfig benchmark/benchconfigs/boundary-path.yaml --caliper-networkconfig benchmark/networkconfig.yaml --caliper-workspace .

2026.09.09-07:03:14.027 info  [caliper] [cli-launch-manager] 	Set workspace path: /workspace
2026.09.09-07:03:14.028 info  [caliper] [cli-launch-manager] 	Set benchmark configuration path: /workspace/benchmark/benchconfigs/boundary-path.yaml
2026.09.09-07:03:14.028 info  [caliper] [cli-launch-manager] 	Set network configuration path: /workspace/benchmark/networkconfig.yaml
2026.09.09-07:03:14.028 info  [caliper] [cli-launch-manager] 	Set SUT type: fabric
2026.09.09-07:03:14.050 info  [caliper] [caliper-engine] 	Starting benchmark flow
2026.09.09-07:03:14.050 info  [caliper] [caliper-engine] 	Network configuration attribute "caliper.command.start" is not present, skipping start command
2026.09.09-07:03:14.686 info  [caliper] [FabricConnectorFactory] 	Initializing peer gateway connector compatible with installed fabric-gateway SDK: 1.5.0
2026.09.09-07:03:14.693 info  [caliper] [IdentityManager] 	Adding User1 (admin=false) as User1 for organization BankIndonesiaOrgMSP
2026.09.09-07:03:14.694 info  [caliper] [IdentityManager] 	Adding User1 (admin=false) as _HimbaraBankOrgMSP_User1 for organization HimbaraBankOrgMSP
2026.09.09-07:03:14.695 info  [caliper] [IdentityManager] 	Adding User1 (admin=false) as _CommercialBankOrgMSP_User1 for organization CommercialBankOrgMSP
2026.09.09-07:03:14.697 info  [caliper] [connectors/peer-gateway/PeerGateway] 	Fabric-Gateway SDK version: 1.5.0 for Peer-Gateway connector; TLS based on BankIndonesiaOrgMSP: server
2026.09.09-07:03:14.697 info  [caliper] [caliper-engine] 	Executed "init" step in 0.001 seconds
2026.09.09-07:03:14.697 warn  [caliper] [connectors/peer-gateway/PeerGateway] 	Install smart contract not available for the Fabric Peer Gateway connector
2026.09.09-07:03:14.698 info  [caliper] [caliper-engine] 	Executed "install" step in 0.001 seconds
2026.09.09-07:03:14.700 info  [caliper] [monitor.js] 	Attempting to create resource monitor of type docker
2026.09.09-07:03:14.703 info  [caliper] [default-observer] 	Observer interval set to 5000 milliseconds
2026.09.09-07:03:14.708 info  [caliper] [round-orchestrator] 	Preparing worker connections
2026.09.09-07:03:14.709 info  [caliper] [worker-orchestrator] 	Launching worker 1 of 1
2026.09.09-07:03:14.714 info  [caliper] [worker-orchestrator] 	Messenger not configured, entering configure phase...
2026.09.09-07:03:14.715 info  [caliper] [worker-orchestrator] 	No existing workers detected, entering worker launch phase...
2026.09.09-07:03:14.715 info  [caliper] [worker-orchestrator] 	Waiting for 1 workers to be connected...
2026.09.09-07:03:15.041 info  [caliper] [cli-launch-worker] 	Set workspace path: /workspace
2026.09.09-07:03:15.042 info  [caliper] [cli-launch-worker] 	Set benchmark configuration path: /workspace/benchmark/benchconfigs/boundary-path.yaml
2026.09.09-07:03:15.042 info  [caliper] [cli-launch-worker] 	Set network configuration path: /workspace/benchmark/networkconfig.yaml
2026.09.09-07:03:15.042 info  [caliper] [cli-launch-worker] 	Set SUT type: fabric
2026.09.09-07:03:15.072 info  [caliper] [worker-orchestrator] 	1 workers connected, progressing to worker assignment phase.
2026.09.09-07:03:15.073 info  [caliper] [worker-orchestrator] 	Workers currently unassigned, awaiting index assignment...
2026.09.09-07:03:15.073 info  [caliper] [worker-orchestrator] 	Waiting for 1 workers to be assigned...
2026.09.09-07:03:15.109 info  [caliper] [worker-orchestrator] 	1 workers assigned, progressing to worker initialization phase.
2026.09.09-07:03:15.109 info  [caliper] [worker-orchestrator] 	Waiting for 1 workers to be ready...
2026.09.09-07:03:15.111 info  [caliper] [worker-message-handler] 	Initializing Worker#0...
2026.09.09-07:03:15.688 info  [caliper] [FabricConnectorFactory] 	Initializing peer gateway connector compatible with installed fabric-gateway SDK: 1.5.0
2026.09.09-07:03:15.694 info  [caliper] [IdentityManager] 	Adding User1 (admin=false) as User1 for organization BankIndonesiaOrgMSP
2026.09.09-07:03:15.695 info  [caliper] [IdentityManager] 	Adding User1 (admin=false) as _HimbaraBankOrgMSP_User1 for organization HimbaraBankOrgMSP
2026.09.09-07:03:15.696 info  [caliper] [IdentityManager] 	Adding User1 (admin=false) as _CommercialBankOrgMSP_User1 for organization CommercialBankOrgMSP
2026.09.09-07:03:15.699 info  [caliper] [worker-message-handler] 	Worker#0 initialized
2026.09.09-07:03:15.701 info  [caliper] [worker-orchestrator] 	1 workers ready, progressing to test preparation phase.
2026.09.09-07:03:15.701 info  [caliper] [round-orchestrator] 	Started round 1 (boundary-path)
2026.09.09-07:03:15.703 info  [caliper] [worker-message-handler] 	Preparing Worker#0 for Round#0
2026.09.09-07:03:15.755 info  [caliper] [connectors/peer-gateway/PeerGateway] 	Generating contract map for user User1
2026.09.09-07:03:15.761 info  [caliper] [connectors/peer-gateway/PeerGateway] 	Generating contract map for user _HimbaraBankOrgMSP_User1
2026.09.09-07:03:15.765 info  [caliper] [connectors/peer-gateway/PeerGateway] 	Generating contract map for user _CommercialBankOrgMSP_User1
2026.09.09-07:03:15.765 info  [caliper] [caliper-worker] 	Info: worker 0 prepare test phase for round 0 is starting...
2026.09.09-07:03:15.834 error [caliper] [connectors/peer-gateway/PeerGateway] 	Failed to perform query transaction [GetParticipant] using arguments [bench_custodian_20260909-final-boundary_boundary-path],  with error: GatewayError: 2 UNKNOWN: evaluate call to endorser returned error: chaincode response 500, participant bench_custodian_20260909-final-boundary_boundary-path not found
Details:
-  peer0.bi.paynet:7051:chaincode response 500, participant bench_custodian_20260909-final-boundary_boundary-path not found
2026.09.09-07:06:06.772 info  [caliper] [connectors/peer-gateway/PeerGateway] 	disconnecting gateway for user User1
2026.09.09-07:06:06.772 info  [caliper] [connectors/peer-gateway/PeerGateway] 	disconnecting gateway for user _HimbaraBankOrgMSP_User1
2026.09.09-07:06:06.772 info  [caliper] [connectors/peer-gateway/PeerGateway] 	disconnecting gateway for user _CommercialBankOrgMSP_User1
2026.09.09-07:06:06.772 info  [caliper] [connectors/peer-gateway/PeerGateway] 	disconnecting gRpc client at peer peer0.bi.paynet
2026.09.09-07:06:06.773 info  [caliper] [connectors/peer-gateway/PeerGateway] 	disconnecting gRpc client at peer peer0.himbara.paynet
2026.09.09-07:06:06.773 info  [caliper] [connectors/peer-gateway/PeerGateway] 	disconnecting gRpc client at peer peer0.commercial.paynet
2026.09.09-07:06:06.774 info  [caliper] [caliper-worker] 	Info: worker 0 prepare test phase for round 0 is completed
2026.09.09-07:06:06.774 info  [caliper] [worker-message-handler] 	Worker#0 prepared for Round#0
2026.09.09-07:06:06.777 info  [caliper] [worker-orchestrator] 	1 workers prepared, progressing to test phase.
2026.09.09-07:06:08.861 info  [caliper] [round-orchestrator] 	Monitors successfully started
2026.09.09-07:06:08.863 info  [caliper] [worker-message-handler] 	Worker#0 is starting Round#0
2026.09.09-07:06:08.866 info  [caliper] [connectors/peer-gateway/PeerGateway] 	Generating contract map for user User1
2026.09.09-07:06:08.868 info  [caliper] [connectors/peer-gateway/PeerGateway] 	Generating contract map for user _HimbaraBankOrgMSP_User1
2026.09.09-07:06:08.870 info  [caliper] [connectors/peer-gateway/PeerGateway] 	Generating contract map for user _CommercialBankOrgMSP_User1
2026.09.09-07:06:08.872 info  [caliper] [caliper-worker] 	Worker #0 starting workload loop
2026.09.09-07:06:09.887 error [caliper] [connectors/peer-gateway/PeerGateway] 	Failed to perform submit transaction [Transfer] using arguments [wlt_bnd_20260909-final-boundary_boundary-path_w0_r0_mttr4wsj_bal_over_s,wlt_bnd_20260909-final-boundary_boundary-path_w0_r0_mttr4wsj_bal_over_r,1,boundary_20260909-final-boundary_boundary-path_w0_r0_15],  with error: EndorseError: 10 ABORTED: failed to endorse transaction, see attached details for more info
Details:
-  peer0.himbara.paynet:9051:chaincode response 500, insufficient balance: have 0, need 1
2026.09.09-07:06:11.781 info  [caliper] [default-observer] 	[boundary-path Round 0 Transaction Info] - Submitted: 2 Succ: 0 Fail:1 Unfinished:1
2026.09.09-07:06:11.883 error [caliper] [connectors/peer-gateway/PeerGateway] 	Failed to perform submit transaction [Transfer] using arguments [wlt_bnd_20260909-final-boundary_boundary-path_w0_r0_mttr4wsj_pertx_over_s,wlt_bnd_20260909-final-boundary_boundary-path_w0_r0_mttr4wsj_pertx_over_r,250001,boundary_20260909-final-boundary_boundary-path_w0_r0_17],  with error: EndorseError: 10 ABORTED: failed to endorse transaction, see attached details for more info
Details:
-  peer0.himbara.paynet:9051:chaincode response 500, per-transaction limit exceeded: 250000 for tier BASIC
2026.09.09-07:06:13.880 error [caliper] [connectors/peer-gateway/PeerGateway] 	Failed to perform submit transaction [Transfer] using arguments [wlt_bnd_20260909-final-boundary_boundary-path_w0_r0_mttr4wsj_daily_over_s,wlt_bnd_20260909-final-boundary_boundary-path_w0_r0_mttr4wsj_daily_over_r,1,boundary_20260909-final-boundary_boundary-path_w0_r0_19],  with error: EndorseError: 10 ABORTED: failed to endorse transaction, see attached details for more info
Details:
-  peer0.himbara.paynet:9051:chaincode response 500, daily transaction limit exceeded: 500000 for tier BASIC
2026.09.09-07:06:15.880 error [caliper] [connectors/peer-gateway/PeerGateway] 	Failed to perform submit transaction [Transfer] using arguments [wlt_bnd_20260909-final-boundary_boundary-path_w0_r0_mttr4wsj_recv_over_s,wlt_bnd_20260909-final-boundary_boundary-path_w0_r0_mttr4wsj_recv_over_r,1,boundary_20260909-final-boundary_boundary-path_w0_r0_21],  with error: EndorseError: 10 ABORTED: failed to endorse transaction, see attached details for more info
Details:
-  peer0.himbara.paynet:9051:chaincode response 500, transfer would exceed receiver max balance 2000000 for tier BASIC
2026.09.09-07:06:16.779 info  [caliper] [default-observer] 	[boundary-path Round 0 Transaction Info] - Submitted: 8 Succ: 3 Fail:3 Unfinished:2
{"event":"boundary-oracle","worker":0,"passed":8,"total":8,"expected":8,"mismatches":0,"infrastructureErrors":0,"verdict":"PASS"}
[boundary] worker 0: passed=8/8, mismatches=0 (every cap inclusive and correctly placed)
[boundary]   sender balance, one past available: expected reject, observed reject
[boundary]   sender balance, exact drain: expected commit, observed commit
[boundary]   per-tx cap, one past limit: expected reject, observed reject
[boundary]   daily outgoing cap, exactly at limit: expected commit, observed commit
[boundary]   per-tx cap, exactly at limit: expected commit, observed commit
[boundary]   daily outgoing cap, one past limit: expected reject, observed reject
[boundary]   receiver max balance, one past limit: expected reject, observed reject
[boundary]   receiver max balance, exactly at limit: expected commit, observed commit
2026.09.09-07:06:18.088 info  [caliper] [connectors/peer-gateway/PeerGateway] 	disconnecting gateway for user User1
2026.09.09-07:06:18.088 info  [caliper] [connectors/peer-gateway/PeerGateway] 	disconnecting gateway for user _HimbaraBankOrgMSP_User1
2026.09.09-07:06:18.088 info  [caliper] [connectors/peer-gateway/PeerGateway] 	disconnecting gateway for user _CommercialBankOrgMSP_User1
2026.09.09-07:06:18.088 info  [caliper] [connectors/peer-gateway/PeerGateway] 	disconnecting gRpc client at peer peer0.bi.paynet
2026.09.09-07:06:18.088 info  [caliper] [connectors/peer-gateway/PeerGateway] 	disconnecting gRpc client at peer peer0.himbara.paynet
2026.09.09-07:06:18.088 info  [caliper] [connectors/peer-gateway/PeerGateway] 	disconnecting gRpc client at peer peer0.commercial.paynet
2026.09.09-07:06:18.088 info  [caliper] [worker-message-handler] 	Worker#0 finished Round#0
2026.09.09-07:06:23.091 info  [caliper] [default-observer] 	Resetting txCount indicator count
2026.09.09-07:06:23.092 info  [caliper] [report-builder] 	### Test result ###
2026.09.09-07:06:23.100 info  [caliper] [report-builder] 	
+---------------+------+------+-----------------+-----------------+-----------------+-----------------+------------------+
| Name          | Succ | Fail | Send Rate (TPS) | Max Latency (s) | Min Latency (s) | Avg Latency (s) | Throughput (TPS) |
|---------------|------|------|-----------------|-----------------|-----------------|-----------------|------------------|
| boundary-path | 4    | 4    | 1.1             | 2.12            | 0.10            | 1.60            | 1.0              |
+---------------+------+------+-----------------+-----------------+-----------------+-----------------+------------------+

2026.09.09-07:06:23.108 info  [caliper] [report-builder] 	### docker resource stats ###'
2026.09.09-07:06:23.113 info  [caliper] [report-builder] 	
+-----------------------------+-----------+-----------+------------------+------------------+-----------------+------------------+-----------------+---------------+
| Name                        | CPU%(max) | CPU%(avg) | Memory(max) [MB] | Memory(avg) [MB] | Traffic In [KB] | Traffic Out [KB] | Disc Write [KB] | Disc Read [B] |
|-----------------------------|-----------|-----------|------------------|------------------|-----------------|------------------|-----------------|---------------|
| /peer0.ojk.paynet           | 0.04875   | 0.02875   | 90.5             | 89.9             | 148             | 107              | 672             | 0.00          |
|-----------------------------|-----------|-----------|------------------|------------------|-----------------|------------------|-----------------|---------------|
| /peer0.commercial.paynet    | 0.05875   | 0.03125   | 99.3             | 98.7             | 140             | 101              | 600             | 0.00          |
|-----------------------------|-----------|-----------|------------------|------------------|-----------------|------------------|-----------------|---------------|
| /peer0.bi.paynet            | 0.04875   | 0.03125   | 82.0             | 81.5             | 136             | 97.2             | 564             | 0.00          |
|-----------------------------|-----------|-----------|------------------|------------------|-----------------|------------------|-----------------|---------------|
| /peer0.pjp.paynet           | 0.0475    | 0.0275    | 87.9             | 87.2             | 135             | 99.5             | 380             | 0.00          |
|-----------------------------|-----------|-----------|------------------|------------------|-----------------|------------------|-----------------|---------------|
| /peer0.himbara.paynet       | 0.05125   | 0.03375   | 83.5             | 82.7             | 240             | 238              | 668             | 0.00          |
|-----------------------------|-----------|-----------|------------------|------------------|-----------------|------------------|-----------------|---------------|
| /couchdb0.ojk.paynet        | 0.14375   | 0.06375   | 53.9             | 53.6             | 27.7            | 33.7             | 888             | 0.00          |
|-----------------------------|-----------|-----------|------------------|------------------|-----------------|------------------|-----------------|---------------|
| /couchdb0.commercial.paynet | 0.15375   | 0.07      | 54.1             | 53.6             | 27.9            | 33.8             | 856             | 0.00          |
|-----------------------------|-----------|-----------|------------------|------------------|-----------------|------------------|-----------------|---------------|
| /couchdb0.bi.paynet         | 0.1675    | 0.07625   | 53.2             | 52.7             | 27.6            | 32.8             | 808             | 0.00          |
|-----------------------------|-----------|-----------|------------------|------------------|-----------------|------------------|-----------------|---------------|
| /couchdb0.himbara.paynet    | 0.13125   | 0.06625   | 55.1             | 54.8             | 29.3            | 21.0             | 984             | 0.00          |
|-----------------------------|-----------|-----------|------------------|------------------|-----------------|------------------|-----------------|---------------|
| /orderer.paynet             | 0.0075    | 0.0025    | 20.5             | 20.5             | 38.5            | 176              | 600             | 0.00          |
|-----------------------------|-----------|-----------|------------------|------------------|-----------------|------------------|-----------------|---------------|
| /couchdb0.pjp.paynet        | 0.1325    | 0.06      | 54.4             | 53.9             | 27.8            | 33.8             | 644             | 0.00          |
+-----------------------------+-----------+-----------+------------------+------------------+-----------------+------------------+-----------------+---------------+

2026.09.09-07:06:23.114 info  [caliper] [round-orchestrator] 	Finished round 1 (boundary-path) in 8.214 seconds
2026.09.09-07:06:23.114 info  [caliper] [monitor.js] 	Stopping all monitors
2026.09.09-07:06:23.215 info  [caliper] [report-builder] 	### All test results ###
2026.09.09-07:06:23.216 info  [caliper] [report-builder] 	
+---------------+------+------+-----------------+-----------------+-----------------+-----------------+------------------+
| Name          | Succ | Fail | Send Rate (TPS) | Max Latency (s) | Min Latency (s) | Avg Latency (s) | Throughput (TPS) |
|---------------|------|------|-----------------|-----------------|-----------------|-----------------|------------------|
| boundary-path | 4    | 4    | 1.1             | 2.12            | 0.10            | 1.60            | 1.0              |
+---------------+------+------+-----------------+-----------------+-----------------+-----------------+------------------+

2026.09.09-07:06:23.238 info  [caliper] [report-builder] 	Generated report with path /workspace/report.html
2026.09.09-07:06:23.239 info  [caliper] [monitor.js] 	Stopping all monitors
2026.09.09-07:06:23.239 info  [caliper] [worker-orchestrator] 	Sending exit message to connected workers
2026.09.09-07:06:23.239 info  [caliper] [round-orchestrator] 	Benchmark finished in 187.538 seconds. Total rounds: 1. Successful rounds: 1. Failed rounds: 0.
2026.09.09-07:06:23.239 info  [caliper] [caliper-engine] 	Network configuration attribute "caliper.command.end" is not present, skipping end command
2026.09.09-07:06:23.239 info  [caliper] [cli-launch-manager] 	Benchmark successfully finished!
2026.09.09-07:06:23.240 info  [caliper] [worker-message-handler] 	Worker#0 is exiting
