
> bi-coin-fabric@1.0.0 benchmark:transfer:w2
> caliper launch manager --caliper-benchconfig benchmark/benchconfigs/retail-transfer-workers-2.yaml --caliper-networkconfig benchmark/networkconfig.yaml --caliper-workspace .

2026.09.09-05:47:18.940 info  [caliper] [cli-launch-manager] 	Set workspace path: /workspace
2026.09.09-05:47:18.943 info  [caliper] [cli-launch-manager] 	Set benchmark configuration path: /workspace/benchmark/benchconfigs/retail-transfer-workers-2.yaml
2026.09.09-05:47:18.943 info  [caliper] [cli-launch-manager] 	Set network configuration path: /workspace/benchmark/networkconfig.yaml
2026.09.09-05:47:18.943 info  [caliper] [cli-launch-manager] 	Set SUT type: fabric
2026.09.09-05:47:18.971 info  [caliper] [caliper-engine] 	Starting benchmark flow
2026.09.09-05:47:18.972 info  [caliper] [caliper-engine] 	Network configuration attribute "caliper.command.start" is not present, skipping start command
2026.09.09-05:47:19.548 info  [caliper] [FabricConnectorFactory] 	Initializing peer gateway connector compatible with installed fabric-gateway SDK: 1.5.0
2026.09.09-05:47:19.554 info  [caliper] [IdentityManager] 	Adding User1 (admin=false) as User1 for organization BankIndonesiaOrgMSP
2026.09.09-05:47:19.556 info  [caliper] [IdentityManager] 	Adding User1 (admin=false) as _HimbaraBankOrgMSP_User1 for organization HimbaraBankOrgMSP
2026.09.09-05:47:19.557 info  [caliper] [IdentityManager] 	Adding User1 (admin=false) as _CommercialBankOrgMSP_User1 for organization CommercialBankOrgMSP
2026.09.09-05:47:19.559 info  [caliper] [connectors/peer-gateway/PeerGateway] 	Fabric-Gateway SDK version: 1.5.0 for Peer-Gateway connector; TLS based on BankIndonesiaOrgMSP: server
2026.09.09-05:47:19.559 info  [caliper] [caliper-engine] 	Executed "init" step in 0.001 seconds
2026.09.09-05:47:19.559 warn  [caliper] [connectors/peer-gateway/PeerGateway] 	Install smart contract not available for the Fabric Peer Gateway connector
2026.09.09-05:47:19.559 info  [caliper] [caliper-engine] 	Executed "install" step in 0 seconds
2026.09.09-05:47:19.561 info  [caliper] [monitor.js] 	Attempting to create resource monitor of type docker
2026.09.09-05:47:19.571 info  [caliper] [default-observer] 	Observer interval set to 5000 milliseconds
2026.09.09-05:47:19.575 info  [caliper] [round-orchestrator] 	Preparing worker connections
2026.09.09-05:47:19.575 info  [caliper] [worker-orchestrator] 	Launching worker 1 of 2
2026.09.09-05:47:19.579 info  [caliper] [worker-orchestrator] 	Launching worker 2 of 2
2026.09.09-05:47:19.581 info  [caliper] [worker-orchestrator] 	Messenger not configured, entering configure phase...
2026.09.09-05:47:19.582 info  [caliper] [worker-orchestrator] 	No existing workers detected, entering worker launch phase...
2026.09.09-05:47:19.582 info  [caliper] [worker-orchestrator] 	Waiting for 2 workers to be connected...
2026.09.09-05:47:19.906 info  [caliper] [cli-launch-worker] 	Set workspace path: /workspace
2026.09.09-05:47:19.907 info  [caliper] [cli-launch-worker] 	Set benchmark configuration path: /workspace/benchmark/benchconfigs/retail-transfer-workers-2.yaml
2026.09.09-05:47:19.907 info  [caliper] [cli-launch-worker] 	Set network configuration path: /workspace/benchmark/networkconfig.yaml
2026.09.09-05:47:19.907 info  [caliper] [cli-launch-worker] 	Set SUT type: fabric
2026.09.09-05:47:19.922 info  [caliper] [cli-launch-worker] 	Set workspace path: /workspace
2026.09.09-05:47:19.923 info  [caliper] [cli-launch-worker] 	Set benchmark configuration path: /workspace/benchmark/benchconfigs/retail-transfer-workers-2.yaml
2026.09.09-05:47:19.923 info  [caliper] [cli-launch-worker] 	Set network configuration path: /workspace/benchmark/networkconfig.yaml
2026.09.09-05:47:19.924 info  [caliper] [cli-launch-worker] 	Set SUT type: fabric
2026.09.09-05:47:19.959 info  [caliper] [worker-orchestrator] 	2 workers connected, progressing to worker assignment phase.
2026.09.09-05:47:19.959 info  [caliper] [worker-orchestrator] 	Workers currently unassigned, awaiting index assignment...
2026.09.09-05:47:19.960 info  [caliper] [worker-orchestrator] 	Waiting for 2 workers to be assigned...
2026.09.09-05:47:20.002 info  [caliper] [worker-orchestrator] 	2 workers assigned, progressing to worker initialization phase.
2026.09.09-05:47:20.003 info  [caliper] [worker-orchestrator] 	Waiting for 2 workers to be ready...
2026.09.09-05:47:20.004 info  [caliper] [worker-message-handler] 	Initializing Worker#0...
2026.09.09-05:47:20.004 info  [caliper] [worker-message-handler] 	Initializing Worker#1...
2026.09.09-05:47:20.597 info  [caliper] [FabricConnectorFactory] 	Initializing peer gateway connector compatible with installed fabric-gateway SDK: 1.5.0
2026.09.09-05:47:20.601 info  [caliper] [IdentityManager] 	Adding User1 (admin=false) as User1 for organization BankIndonesiaOrgMSP
2026.09.09-05:47:20.602 info  [caliper] [IdentityManager] 	Adding User1 (admin=false) as _HimbaraBankOrgMSP_User1 for organization HimbaraBankOrgMSP
2026.09.09-05:47:20.603 info  [caliper] [IdentityManager] 	Adding User1 (admin=false) as _CommercialBankOrgMSP_User1 for organization CommercialBankOrgMSP
2026.09.09-05:47:20.607 info  [caliper] [worker-message-handler] 	Worker#1 initialized
2026.09.09-05:47:20.617 info  [caliper] [FabricConnectorFactory] 	Initializing peer gateway connector compatible with installed fabric-gateway SDK: 1.5.0
2026.09.09-05:47:20.622 info  [caliper] [IdentityManager] 	Adding User1 (admin=false) as User1 for organization BankIndonesiaOrgMSP
2026.09.09-05:47:20.623 info  [caliper] [IdentityManager] 	Adding User1 (admin=false) as _HimbaraBankOrgMSP_User1 for organization HimbaraBankOrgMSP
2026.09.09-05:47:20.624 info  [caliper] [IdentityManager] 	Adding User1 (admin=false) as _CommercialBankOrgMSP_User1 for organization CommercialBankOrgMSP
2026.09.09-05:47:20.628 info  [caliper] [worker-message-handler] 	Worker#0 initialized
2026.09.09-05:47:20.629 info  [caliper] [worker-orchestrator] 	2 workers ready, progressing to test preparation phase.
2026.09.09-05:47:20.629 info  [caliper] [round-orchestrator] 	Started round 1 (retail-warmup-w2)
2026.09.09-05:47:20.631 info  [caliper] [worker-message-handler] 	Preparing Worker#0 for Round#0
2026.09.09-05:47:20.632 info  [caliper] [worker-message-handler] 	Preparing Worker#1 for Round#0
2026.09.09-05:47:20.678 info  [caliper] [connectors/peer-gateway/PeerGateway] 	Generating contract map for user User1
2026.09.09-05:47:20.679 info  [caliper] [connectors/peer-gateway/PeerGateway] 	Generating contract map for user User1
2026.09.09-05:47:20.683 info  [caliper] [connectors/peer-gateway/PeerGateway] 	Generating contract map for user _HimbaraBankOrgMSP_User1
2026.09.09-05:47:20.684 info  [caliper] [connectors/peer-gateway/PeerGateway] 	Generating contract map for user _HimbaraBankOrgMSP_User1
2026.09.09-05:47:20.687 info  [caliper] [connectors/peer-gateway/PeerGateway] 	Generating contract map for user _CommercialBankOrgMSP_User1
2026.09.09-05:47:20.687 info  [caliper] [connectors/peer-gateway/PeerGateway] 	Generating contract map for user _CommercialBankOrgMSP_User1
2026.09.09-05:47:20.687 info  [caliper] [caliper-worker] 	Info: worker 1 prepare test phase for round 0 is starting...
2026.09.09-05:47:20.687 info  [caliper] [caliper-worker] 	Info: worker 0 prepare test phase for round 0 is starting...
2026.09.09-05:47:20.758 error [caliper] [connectors/peer-gateway/PeerGateway] 	Failed to perform query transaction [GetParticipant] using arguments [bench_custodian_20260909-final-06_transfer-w2],  with error: GatewayError: 2 UNKNOWN: evaluate call to endorser returned error: chaincode response 500, participant bench_custodian_20260909-final-06_transfer-w2 not found
Details:
-  peer0.bi.paynet:7051:chaincode response 500, participant bench_custodian_20260909-final-06_transfer-w2 not found
