
> bi-coin-fabric@1.0.0 benchmark:functionality
> caliper launch manager --caliper-benchconfig benchmark/benchconfigs/functionality.yaml --caliper-networkconfig benchmark/networkconfig.yaml --caliper-workspace .

2026.06.30-11:46:49.713[32m info [39m [caliper] [cli-launch-manager] 	Set workspace path: /home/mfachrizalg/2026/Skripsi/bi-coin/bi-coin-fabric
2026.06.30-11:46:49.713[32m info [39m [caliper] [cli-launch-manager] 	Set benchmark configuration path: /home/mfachrizalg/2026/Skripsi/bi-coin/bi-coin-fabric/benchmark/benchconfigs/functionality.yaml
2026.06.30-11:46:49.714[32m info [39m [caliper] [cli-launch-manager] 	Set network configuration path: /home/mfachrizalg/2026/Skripsi/bi-coin/bi-coin-fabric/benchmark/networkconfig.yaml
2026.06.30-11:46:49.714[32m info [39m [caliper] [cli-launch-manager] 	Set SUT type: fabric
2026.06.30-11:46:49.730[32m info [39m [caliper] [caliper-engine] 	Starting benchmark flow
2026.06.30-11:46:49.731[32m info [39m [caliper] [caliper-engine] 	Network configuration attribute "caliper.command.start" is not present, skipping start command
2026.06.30-11:46:50.187[32m info [39m [caliper] [FabricConnectorFactory] 	Initializing peer gateway connector compatible with installed fabric-gateway SDK: 1.5.0
2026.06.30-11:46:50.195[32m info [39m [caliper] [IdentityManager] 	Adding User1 (admin=false) as User1 for organization BankIndonesiaOrgMSP
2026.06.30-11:46:50.197[32m info [39m [caliper] [IdentityManager] 	Adding User1 (admin=false) as _HimbaraBankOrgMSP_User1 for organization HimbaraBankOrgMSP
2026.06.30-11:46:50.198[32m info [39m [caliper] [IdentityManager] 	Adding User1 (admin=false) as _CommercialBankOrgMSP_User1 for organization CommercialBankOrgMSP
2026.06.30-11:46:50.200[32m info [39m [caliper] [connectors/peer-gateway/PeerGateway] 	Fabric-Gateway SDK version: 1.5.0 for Peer-Gateway connector; TLS based on BankIndonesiaOrgMSP: server
2026.06.30-11:46:50.200[32m info [39m [caliper] [caliper-engine] 	Executed "init" step in 0.001 seconds
2026.06.30-11:46:50.200[33m warn [39m [caliper] [connectors/peer-gateway/PeerGateway] 	Install smart contract not available for the Fabric Peer Gateway connector
2026.06.30-11:46:50.200[32m info [39m [caliper] [caliper-engine] 	Executed "install" step in 0 seconds
2026.06.30-11:46:50.202[32m info [39m [caliper] [monitor.js] 	No resource monitors specified
2026.06.30-11:46:50.212[32m info [39m [caliper] [default-observer] 	Observer interval set to 5000 milliseconds
2026.06.30-11:46:50.215[32m info [39m [caliper] [round-orchestrator] 	Preparing worker connections
2026.06.30-11:46:50.215[32m info [39m [caliper] [worker-orchestrator] 	Launching worker 1 of 2
2026.06.30-11:46:50.220[32m info [39m [caliper] [worker-orchestrator] 	Launching worker 2 of 2
2026.06.30-11:46:50.224[32m info [39m [caliper] [worker-orchestrator] 	Messenger not configured, entering configure phase...
2026.06.30-11:46:50.224[32m info [39m [caliper] [worker-orchestrator] 	No existing workers detected, entering worker launch phase...
2026.06.30-11:46:50.224[32m info [39m [caliper] [worker-orchestrator] 	Waiting for 2 workers to be connected...
2026.06.30-11:46:50.506[32m info [39m [caliper] [cli-launch-worker] 	Set workspace path: /home/mfachrizalg/2026/Skripsi/bi-coin/bi-coin-fabric
2026.06.30-11:46:50.507[32m info [39m [caliper] [cli-launch-worker] 	Set benchmark configuration path: /home/mfachrizalg/2026/Skripsi/bi-coin/bi-coin-fabric/benchmark/benchconfigs/functionality.yaml
2026.06.30-11:46:50.507[32m info [39m [caliper] [cli-launch-worker] 	Set network configuration path: /home/mfachrizalg/2026/Skripsi/bi-coin/bi-coin-fabric/benchmark/networkconfig.yaml
2026.06.30-11:46:50.507[32m info [39m [caliper] [cli-launch-worker] 	Set SUT type: fabric
2026.06.30-11:46:50.514[32m info [39m [caliper] [cli-launch-worker] 	Set workspace path: /home/mfachrizalg/2026/Skripsi/bi-coin/bi-coin-fabric
2026.06.30-11:46:50.515[32m info [39m [caliper] [cli-launch-worker] 	Set benchmark configuration path: /home/mfachrizalg/2026/Skripsi/bi-coin/bi-coin-fabric/benchmark/benchconfigs/functionality.yaml
2026.06.30-11:46:50.515[32m info [39m [caliper] [cli-launch-worker] 	Set network configuration path: /home/mfachrizalg/2026/Skripsi/bi-coin/bi-coin-fabric/benchmark/networkconfig.yaml
2026.06.30-11:46:50.515[32m info [39m [caliper] [cli-launch-worker] 	Set SUT type: fabric
2026.06.30-11:46:50.543[32m info [39m [caliper] [worker-orchestrator] 	2 workers connected, progressing to worker assignment phase.
2026.06.30-11:46:50.543[32m info [39m [caliper] [worker-orchestrator] 	Workers currently unassigned, awaiting index assignment...
2026.06.30-11:46:50.543[32m info [39m [caliper] [worker-orchestrator] 	Waiting for 2 workers to be assigned...
2026.06.30-11:46:50.576[32m info [39m [caliper] [worker-orchestrator] 	2 workers assigned, progressing to worker initialization phase.
2026.06.30-11:46:50.576[32m info [39m [caliper] [worker-orchestrator] 	Waiting for 2 workers to be ready...
2026.06.30-11:46:50.576[32m info [39m [caliper] [worker-message-handler] 	Initializing Worker#1...
2026.06.30-11:46:50.576[32m info [39m [caliper] [worker-message-handler] 	Initializing Worker#0...
2026.06.30-11:46:51.044[32m info [39m [caliper] [FabricConnectorFactory] 	Initializing peer gateway connector compatible with installed fabric-gateway SDK: 1.5.0
2026.06.30-11:46:51.048[32m info [39m [caliper] [IdentityManager] 	Adding User1 (admin=false) as User1 for organization BankIndonesiaOrgMSP
2026.06.30-11:46:51.049[32m info [39m [caliper] [FabricConnectorFactory] 	Initializing peer gateway connector compatible with installed fabric-gateway SDK: 1.5.0
2026.06.30-11:46:51.049[32m info [39m [caliper] [IdentityManager] 	Adding User1 (admin=false) as _HimbaraBankOrgMSP_User1 for organization HimbaraBankOrgMSP
2026.06.30-11:46:51.050[32m info [39m [caliper] [IdentityManager] 	Adding User1 (admin=false) as _CommercialBankOrgMSP_User1 for organization CommercialBankOrgMSP
2026.06.30-11:46:51.052[32m info [39m [caliper] [worker-message-handler] 	Worker#1 initialized
2026.06.30-11:46:51.054[32m info [39m [caliper] [IdentityManager] 	Adding User1 (admin=false) as User1 for organization BankIndonesiaOrgMSP
2026.06.30-11:46:51.055[32m info [39m [caliper] [IdentityManager] 	Adding User1 (admin=false) as _HimbaraBankOrgMSP_User1 for organization HimbaraBankOrgMSP
2026.06.30-11:46:51.056[32m info [39m [caliper] [IdentityManager] 	Adding User1 (admin=false) as _CommercialBankOrgMSP_User1 for organization CommercialBankOrgMSP
2026.06.30-11:46:51.058[32m info [39m [caliper] [worker-message-handler] 	Worker#0 initialized
2026.06.30-11:46:51.059[32m info [39m [caliper] [worker-orchestrator] 	2 workers ready, progressing to test preparation phase.
2026.06.30-11:46:51.059[32m info [39m [caliper] [round-orchestrator] 	Started round 1 (kyc-onboarding)
2026.06.30-11:46:51.060[32m info [39m [caliper] [worker-message-handler] 	Preparing Worker#0 for Round#0
2026.06.30-11:46:51.060[32m info [39m [caliper] [worker-message-handler] 	Preparing Worker#1 for Round#0
2026.06.30-11:46:51.073[32m info [39m [caliper] [connectors/peer-gateway/PeerGateway] 	Generating contract map for user User1
2026.06.30-11:46:51.074[32m info [39m [caliper] [connectors/peer-gateway/PeerGateway] 	Generating contract map for user User1
2026.06.30-11:46:51.077[32m info [39m [caliper] [connectors/peer-gateway/PeerGateway] 	Generating contract map for user _HimbaraBankOrgMSP_User1
2026.06.30-11:46:51.078[32m info [39m [caliper] [connectors/peer-gateway/PeerGateway] 	Generating contract map for user _HimbaraBankOrgMSP_User1
2026.06.30-11:46:51.079[32m info [39m [caliper] [connectors/peer-gateway/PeerGateway] 	Generating contract map for user _CommercialBankOrgMSP_User1
2026.06.30-11:46:51.079[32m info [39m [caliper] [caliper-worker] 	Info: worker 0 prepare test phase for round 0 is starting...
2026.06.30-11:46:51.080[32m info [39m [caliper] [connectors/peer-gateway/PeerGateway] 	Generating contract map for user _CommercialBankOrgMSP_User1
2026.06.30-11:46:51.080[32m info [39m [caliper] [caliper-worker] 	Info: worker 1 prepare test phase for round 0 is starting...
2026.06.30-11:46:51.081[32m info [39m [caliper] [connectors/peer-gateway/PeerGateway] 	disconnecting gateway for user User1
2026.06.30-11:46:51.081[32m info [39m [caliper] [connectors/peer-gateway/PeerGateway] 	disconnecting gateway for user _HimbaraBankOrgMSP_User1
2026.06.30-11:46:51.081[32m info [39m [caliper] [connectors/peer-gateway/PeerGateway] 	disconnecting gateway for user _CommercialBankOrgMSP_User1
2026.06.30-11:46:51.081[32m info [39m [caliper] [connectors/peer-gateway/PeerGateway] 	disconnecting gRpc client at peer peer0.bi.paynet
2026.06.30-11:46:51.082[32m info [39m [caliper] [connectors/peer-gateway/PeerGateway] 	disconnecting gRpc client at peer peer0.himbara.paynet
2026.06.30-11:46:51.082[32m info [39m [caliper] [connectors/peer-gateway/PeerGateway] 	disconnecting gRpc client at peer peer0.commercial.paynet
2026.06.30-11:46:51.082[32m info [39m [caliper] [caliper-worker] 	Info: worker 0 prepare test phase for round 0 is completed
2026.06.30-11:46:51.082[32m info [39m [caliper] [worker-message-handler] 	Worker#0 prepared for Round#0
2026.06.30-11:46:51.082[32m info [39m [caliper] [connectors/peer-gateway/PeerGateway] 	disconnecting gateway for user User1
2026.06.30-11:46:51.082[32m info [39m [caliper] [connectors/peer-gateway/PeerGateway] 	disconnecting gateway for user _HimbaraBankOrgMSP_User1
2026.06.30-11:46:51.082[32m info [39m [caliper] [connectors/peer-gateway/PeerGateway] 	disconnecting gateway for user _CommercialBankOrgMSP_User1
2026.06.30-11:46:51.082[32m info [39m [caliper] [connectors/peer-gateway/PeerGateway] 	disconnecting gRpc client at peer peer0.bi.paynet
2026.06.30-11:46:51.083[32m info [39m [caliper] [connectors/peer-gateway/PeerGateway] 	disconnecting gRpc client at peer peer0.himbara.paynet
2026.06.30-11:46:51.083[32m info [39m [caliper] [connectors/peer-gateway/PeerGateway] 	disconnecting gRpc client at peer peer0.commercial.paynet
2026.06.30-11:46:51.083[32m info [39m [caliper] [caliper-worker] 	Info: worker 1 prepare test phase for round 0 is completed
2026.06.30-11:46:51.083[32m info [39m [caliper] [worker-message-handler] 	Worker#1 prepared for Round#0
2026.06.30-11:46:51.083[32m info [39m [caliper] [worker-orchestrator] 	2 workers prepared, progressing to test phase.
2026.06.30-11:46:51.084[32m info [39m [caliper] [round-orchestrator] 	Monitors successfully started
2026.06.30-11:46:51.084[32m info [39m [caliper] [worker-message-handler] 	Worker#0 is starting Round#0
2026.06.30-11:46:51.085[32m info [39m [caliper] [worker-message-handler] 	Worker#1 is starting Round#0
2026.06.30-11:46:51.086[32m info [39m [caliper] [connectors/peer-gateway/PeerGateway] 	Generating contract map for user User1
2026.06.30-11:46:51.087[32m info [39m [caliper] [connectors/peer-gateway/PeerGateway] 	Generating contract map for user User1
2026.06.30-11:46:51.088[32m info [39m [caliper] [connectors/peer-gateway/PeerGateway] 	Generating contract map for user _HimbaraBankOrgMSP_User1
2026.06.30-11:46:51.089[32m info [39m [caliper] [connectors/peer-gateway/PeerGateway] 	Generating contract map for user _HimbaraBankOrgMSP_User1
2026.06.30-11:46:51.090[32m info [39m [caliper] [connectors/peer-gateway/PeerGateway] 	Generating contract map for user _CommercialBankOrgMSP_User1
2026.06.30-11:46:51.091[32m info [39m [caliper] [connectors/peer-gateway/PeerGateway] 	Generating contract map for user _CommercialBankOrgMSP_User1
2026.06.30-11:46:51.092[32m info [39m [caliper] [caliper-worker] 	Worker #0 starting workload loop
(node:972127) TimeoutNegativeWarning: -1 is a negative number.
Timeout duration was set to 1.
(Use `node --trace-warnings ...` to show where the warning was created)
2026.06.30-11:46:51.093[32m info [39m [caliper] [caliper-worker] 	Worker #1 starting workload loop
(node:972128) TimeoutNegativeWarning: -1 is a negative number.
Timeout duration was set to 1.
(Use `node --trace-warnings ...` to show where the warning was created)
2026.06.30-11:46:56.086[32m info [39m [caliper] [default-observer] 	[kyc-onboarding Round 0 Transaction Info] - Submitted: 44 Succ: 40 Fail:0 Unfinished:4
2026.06.30-11:47:01.085[32m info [39m [caliper] [default-observer] 	[kyc-onboarding Round 0 Transaction Info] - Submitted: 52 Succ: 50 Fail:0 Unfinished:2
2026.06.30-11:47:06.086[32m info [39m [caliper] [default-observer] 	[kyc-onboarding Round 0 Transaction Info] - Submitted: 56 Succ: 54 Fail:0 Unfinished:2
2026.06.30-11:47:07.119[32m info [39m [caliper] [connectors/peer-gateway/PeerGateway] 	disconnecting gateway for user User1
2026.06.30-11:47:07.119[32m info [39m [caliper] [connectors/peer-gateway/PeerGateway] 	disconnecting gateway for user _HimbaraBankOrgMSP_User1
2026.06.30-11:47:07.120[32m info [39m [caliper] [connectors/peer-gateway/PeerGateway] 	disconnecting gateway for user _CommercialBankOrgMSP_User1
2026.06.30-11:47:07.120[32m info [39m [caliper] [connectors/peer-gateway/PeerGateway] 	disconnecting gRpc client at peer peer0.bi.paynet
2026.06.30-11:47:07.120[32m info [39m [caliper] [connectors/peer-gateway/PeerGateway] 	disconnecting gRpc client at peer peer0.himbara.paynet
2026.06.30-11:47:07.120[32m info [39m [caliper] [connectors/peer-gateway/PeerGateway] 	disconnecting gRpc client at peer peer0.commercial.paynet
2026.06.30-11:47:07.120[32m info [39m [caliper] [worker-message-handler] 	Worker#1 finished Round#0
2026.06.30-11:47:07.123[32m info [39m [caliper] [connectors/peer-gateway/PeerGateway] 	disconnecting gateway for user User1
2026.06.30-11:47:07.123[32m info [39m [caliper] [connectors/peer-gateway/PeerGateway] 	disconnecting gateway for user _HimbaraBankOrgMSP_User1
2026.06.30-11:47:07.123[32m info [39m [caliper] [connectors/peer-gateway/PeerGateway] 	disconnecting gateway for user _CommercialBankOrgMSP_User1
2026.06.30-11:47:07.123[32m info [39m [caliper] [connectors/peer-gateway/PeerGateway] 	disconnecting gRpc client at peer peer0.bi.paynet
2026.06.30-11:47:07.124[32m info [39m [caliper] [connectors/peer-gateway/PeerGateway] 	disconnecting gRpc client at peer peer0.himbara.paynet
2026.06.30-11:47:07.124[32m info [39m [caliper] [connectors/peer-gateway/PeerGateway] 	disconnecting gRpc client at peer peer0.commercial.paynet
2026.06.30-11:47:07.124[32m info [39m [caliper] [worker-message-handler] 	Worker#0 finished Round#0
2026.06.30-11:47:12.125[32m info [39m [caliper] [default-observer] 	Resetting txCount indicator count
2026.06.30-11:47:12.126[32m info [39m [caliper] [report-builder] 	### Test result ###
2026.06.30-11:47:12.130[32m info [39m [caliper] [report-builder] 	
+----------------+------+------+-----------------+-----------------+-----------------+-----------------+------------------+
| Name           | Succ | Fail | Send Rate (TPS) | Max Latency (s) | Min Latency (s) | Avg Latency (s) | Throughput (TPS) |
|----------------|------|------|-----------------|-----------------|-----------------|-----------------|------------------|
| kyc-onboarding | 56   | 0    | 4.4             | 2.29            | 0.13            | 0.88            | 3.7              |
+----------------+------+------+-----------------+-----------------+-----------------+-----------------+------------------+

2026.06.30-11:47:12.130[32m info [39m [caliper] [round-orchestrator] 	Finished round 1 (kyc-onboarding) in 15.032 seconds
2026.06.30-11:47:12.131[32m info [39m [caliper] [monitor.js] 	Stopping all monitors
2026.06.30-11:47:12.131[32m info [39m [caliper] [round-orchestrator] 	Waiting 5 seconds for the next round...
2026.06.30-11:47:17.134[32m info [39m [caliper] [round-orchestrator] 	Started round 2 (monetary-ops)
2026.06.30-11:47:17.134[32m info [39m [caliper] [worker-message-handler] 	Preparing Worker#0 for Round#1
2026.06.30-11:47:17.135[32m info [39m [caliper] [worker-message-handler] 	Preparing Worker#1 for Round#1
2026.06.30-11:47:17.137[32m info [39m [caliper] [connectors/peer-gateway/PeerGateway] 	Generating contract map for user User1
2026.06.30-11:47:17.137[32m info [39m [caliper] [connectors/peer-gateway/PeerGateway] 	Generating contract map for user User1
2026.06.30-11:47:17.139[32m info [39m [caliper] [connectors/peer-gateway/PeerGateway] 	Generating contract map for user _HimbaraBankOrgMSP_User1
2026.06.30-11:47:17.139[32m info [39m [caliper] [connectors/peer-gateway/PeerGateway] 	Generating contract map for user _HimbaraBankOrgMSP_User1
2026.06.30-11:47:17.141[32m info [39m [caliper] [connectors/peer-gateway/PeerGateway] 	Generating contract map for user _CommercialBankOrgMSP_User1
2026.06.30-11:47:17.141[32m info [39m [caliper] [caliper-worker] 	Info: worker 0 prepare test phase for round 1 is starting...
2026.06.30-11:47:17.141[32m info [39m [caliper] [connectors/peer-gateway/PeerGateway] 	Generating contract map for user _CommercialBankOrgMSP_User1
2026.06.30-11:47:17.141[32m info [39m [caliper] [caliper-worker] 	Info: worker 1 prepare test phase for round 1 is starting...
2026.06.30-11:47:30.221[32m info [39m [caliper] [connectors/peer-gateway/PeerGateway] 	disconnecting gateway for user User1
2026.06.30-11:47:30.221[32m info [39m [caliper] [connectors/peer-gateway/PeerGateway] 	disconnecting gateway for user _HimbaraBankOrgMSP_User1
2026.06.30-11:47:30.221[32m info [39m [caliper] [connectors/peer-gateway/PeerGateway] 	disconnecting gateway for user _CommercialBankOrgMSP_User1
2026.06.30-11:47:30.222[32m info [39m [caliper] [connectors/peer-gateway/PeerGateway] 	disconnecting gRpc client at peer peer0.bi.paynet
2026.06.30-11:47:30.222[32m info [39m [caliper] [connectors/peer-gateway/PeerGateway] 	disconnecting gRpc client at peer peer0.himbara.paynet
2026.06.30-11:47:30.222[32m info [39m [caliper] [connectors/peer-gateway/PeerGateway] 	disconnecting gRpc client at peer peer0.commercial.paynet
2026.06.30-11:47:30.222[32m info [39m [caliper] [caliper-worker] 	Info: worker 1 prepare test phase for round 1 is completed
2026.06.30-11:47:30.222[32m info [39m [caliper] [worker-message-handler] 	Worker#1 prepared for Round#1
2026.06.30-11:47:32.315[32m info [39m [caliper] [connectors/peer-gateway/PeerGateway] 	disconnecting gateway for user User1
2026.06.30-11:47:32.315[32m info [39m [caliper] [connectors/peer-gateway/PeerGateway] 	disconnecting gateway for user _HimbaraBankOrgMSP_User1
2026.06.30-11:47:32.315[32m info [39m [caliper] [connectors/peer-gateway/PeerGateway] 	disconnecting gateway for user _CommercialBankOrgMSP_User1
2026.06.30-11:47:32.315[32m info [39m [caliper] [connectors/peer-gateway/PeerGateway] 	disconnecting gRpc client at peer peer0.bi.paynet
2026.06.30-11:47:32.315[32m info [39m [caliper] [connectors/peer-gateway/PeerGateway] 	disconnecting gRpc client at peer peer0.himbara.paynet
2026.06.30-11:47:32.315[32m info [39m [caliper] [connectors/peer-gateway/PeerGateway] 	disconnecting gRpc client at peer peer0.commercial.paynet
2026.06.30-11:47:32.316[32m info [39m [caliper] [caliper-worker] 	Info: worker 0 prepare test phase for round 1 is completed
2026.06.30-11:47:32.316[32m info [39m [caliper] [worker-message-handler] 	Worker#0 prepared for Round#1
2026.06.30-11:47:32.316[32m info [39m [caliper] [worker-orchestrator] 	2 workers prepared, progressing to test phase.
2026.06.30-11:47:32.316[32m info [39m [caliper] [round-orchestrator] 	Monitors successfully started
2026.06.30-11:47:32.317[32m info [39m [caliper] [worker-message-handler] 	Worker#0 is starting Round#1
2026.06.30-11:47:32.317[32m info [39m [caliper] [worker-message-handler] 	Worker#1 is starting Round#1
2026.06.30-11:47:32.320[32m info [39m [caliper] [connectors/peer-gateway/PeerGateway] 	Generating contract map for user User1
2026.06.30-11:47:32.320[32m info [39m [caliper] [connectors/peer-gateway/PeerGateway] 	Generating contract map for user User1
2026.06.30-11:47:32.323[32m info [39m [caliper] [connectors/peer-gateway/PeerGateway] 	Generating contract map for user _HimbaraBankOrgMSP_User1
2026.06.30-11:47:32.323[32m info [39m [caliper] [connectors/peer-gateway/PeerGateway] 	Generating contract map for user _HimbaraBankOrgMSP_User1
2026.06.30-11:47:32.325[32m info [39m [caliper] [connectors/peer-gateway/PeerGateway] 	Generating contract map for user _CommercialBankOrgMSP_User1
2026.06.30-11:47:32.325[32m info [39m [caliper] [connectors/peer-gateway/PeerGateway] 	Generating contract map for user _CommercialBankOrgMSP_User1
2026.06.30-11:47:32.325[32m info [39m [caliper] [caliper-worker] 	Worker #1 starting workload loop
2026.06.30-11:47:32.325[32m info [39m [caliper] [caliper-worker] 	Worker #0 starting workload loop
2026.06.30-11:47:37.317[32m info [39m [caliper] [default-observer] 	[monetary-ops Round 1 Transaction Info] - Submitted: 80 Succ: 80 Fail:0 Unfinished:0
2026.06.30-11:47:37.428[32m info [39m [caliper] [connectors/peer-gateway/PeerGateway] 	disconnecting gateway for user User1
2026.06.30-11:47:37.428[32m info [39m [caliper] [connectors/peer-gateway/PeerGateway] 	disconnecting gateway for user _HimbaraBankOrgMSP_User1
2026.06.30-11:47:37.428[32m info [39m [caliper] [connectors/peer-gateway/PeerGateway] 	disconnecting gateway for user _CommercialBankOrgMSP_User1
2026.06.30-11:47:37.428[32m info [39m [caliper] [connectors/peer-gateway/PeerGateway] 	disconnecting gRpc client at peer peer0.bi.paynet
2026.06.30-11:47:37.428[32m info [39m [caliper] [connectors/peer-gateway/PeerGateway] 	disconnecting gateway for user User1
2026.06.30-11:47:37.428[32m info [39m [caliper] [connectors/peer-gateway/PeerGateway] 	disconnecting gateway for user _HimbaraBankOrgMSP_User1
2026.06.30-11:47:37.428[32m info [39m [caliper] [connectors/peer-gateway/PeerGateway] 	disconnecting gateway for user _CommercialBankOrgMSP_User1
2026.06.30-11:47:37.428[32m info [39m [caliper] [connectors/peer-gateway/PeerGateway] 	disconnecting gRpc client at peer peer0.bi.paynet
2026.06.30-11:47:37.428[32m info [39m [caliper] [connectors/peer-gateway/PeerGateway] 	disconnecting gRpc client at peer peer0.himbara.paynet
2026.06.30-11:47:37.428[32m info [39m [caliper] [connectors/peer-gateway/PeerGateway] 	disconnecting gRpc client at peer peer0.commercial.paynet
2026.06.30-11:47:37.428[32m info [39m [caliper] [connectors/peer-gateway/PeerGateway] 	disconnecting gRpc client at peer peer0.himbara.paynet
2026.06.30-11:47:37.428[32m info [39m [caliper] [worker-message-handler] 	Worker#0 finished Round#1
2026.06.30-11:47:37.428[32m info [39m [caliper] [connectors/peer-gateway/PeerGateway] 	disconnecting gRpc client at peer peer0.commercial.paynet
2026.06.30-11:47:37.428[32m info [39m [caliper] [worker-message-handler] 	Worker#1 finished Round#1
2026.06.30-11:47:42.429[32m info [39m [caliper] [default-observer] 	Resetting txCount indicator count
2026.06.30-11:47:42.429[32m info [39m [caliper] [report-builder] 	### Test result ###
2026.06.30-11:47:42.430[32m info [39m [caliper] [report-builder] 	
+--------------+------+------+-----------------+-----------------+-----------------+-----------------+------------------+
| Name         | Succ | Fail | Send Rate (TPS) | Max Latency (s) | Min Latency (s) | Avg Latency (s) | Throughput (TPS) |
|--------------|------|------|-----------------|-----------------|-----------------|-----------------|------------------|
| monetary-ops | 80   | 0    | 20.5            | 0.53            | 0.10            | 0.32            | 19.9             |
+--------------+------+------+-----------------+-----------------+-----------------+-----------------+------------------+

2026.06.30-11:47:42.430[32m info [39m [caliper] [round-orchestrator] 	Finished round 2 (monetary-ops) in 4.103 seconds
2026.06.30-11:47:42.430[32m info [39m [caliper] [monitor.js] 	Stopping all monitors
2026.06.30-11:47:42.430[32m info [39m [caliper] [round-orchestrator] 	Waiting 5 seconds for the next round...
2026.06.30-11:47:47.431[32m info [39m [caliper] [round-orchestrator] 	Started round 3 (supervision-reads)
2026.06.30-11:47:47.431[32m info [39m [caliper] [worker-message-handler] 	Preparing Worker#0 for Round#2
2026.06.30-11:47:47.432[32m info [39m [caliper] [worker-message-handler] 	Preparing Worker#1 for Round#2
2026.06.30-11:47:47.434[32m info [39m [caliper] [connectors/peer-gateway/PeerGateway] 	Generating contract map for user User1
2026.06.30-11:47:47.434[32m info [39m [caliper] [connectors/peer-gateway/PeerGateway] 	Generating contract map for user User1
2026.06.30-11:47:47.435[32m info [39m [caliper] [connectors/peer-gateway/PeerGateway] 	Generating contract map for user _HimbaraBankOrgMSP_User1
2026.06.30-11:47:47.435[32m info [39m [caliper] [connectors/peer-gateway/PeerGateway] 	Generating contract map for user _HimbaraBankOrgMSP_User1
2026.06.30-11:47:47.436[32m info [39m [caliper] [connectors/peer-gateway/PeerGateway] 	Generating contract map for user _CommercialBankOrgMSP_User1
2026.06.30-11:47:47.436[32m info [39m [caliper] [connectors/peer-gateway/PeerGateway] 	Generating contract map for user _CommercialBankOrgMSP_User1
2026.06.30-11:47:47.436[32m info [39m [caliper] [caliper-worker] 	Info: worker 0 prepare test phase for round 2 is starting...
2026.06.30-11:47:47.436[32m info [39m [caliper] [caliper-worker] 	Info: worker 1 prepare test phase for round 2 is starting...
2026.06.30-11:48:08.507[31m error[39m [caliper] [connectors/peer-gateway/PeerGateway] 	Failed to perform submit transaction [Transfer] using arguments [wlt_c_supervision-reads_w0_r2_0,wlt_c_supervision-reads_w0_r2_1,250000],  with error: EndorseError: 10 ABORTED: failed to endorse transaction, see attached details for more info
Details:
-  peer0.bi.paynet:7051:chaincode response 500, insufficient balance: have 100000, need 250000
2026.06.30-11:48:08.510[31m error[39m [caliper] [connectors/peer-gateway/PeerGateway] 	Failed to perform submit transaction [Transfer] using arguments [wlt_c_supervision-reads_w1_r2_0,wlt_c_supervision-reads_w1_r2_1,250000],  with error: EndorseError: 10 ABORTED: failed to endorse transaction, see attached details for more info
Details:
-  peer0.bi.paynet:7051:chaincode response 500, insufficient balance: have 100000, need 250000
2026.06.30-11:48:16.907[32m info [39m [caliper] [connectors/peer-gateway/PeerGateway] 	disconnecting gateway for user User1
2026.06.30-11:48:16.907[32m info [39m [caliper] [connectors/peer-gateway/PeerGateway] 	disconnecting gateway for user _HimbaraBankOrgMSP_User1
2026.06.30-11:48:16.907[32m info [39m [caliper] [connectors/peer-gateway/PeerGateway] 	disconnecting gateway for user _CommercialBankOrgMSP_User1
2026.06.30-11:48:16.907[32m info [39m [caliper] [connectors/peer-gateway/PeerGateway] 	disconnecting gRpc client at peer peer0.bi.paynet
2026.06.30-11:48:16.908[32m info [39m [caliper] [connectors/peer-gateway/PeerGateway] 	disconnecting gRpc client at peer peer0.himbara.paynet
2026.06.30-11:48:16.908[32m info [39m [caliper] [connectors/peer-gateway/PeerGateway] 	disconnecting gRpc client at peer peer0.commercial.paynet
2026.06.30-11:48:16.908[32m info [39m [caliper] [caliper-worker] 	Info: worker 1 prepare test phase for round 2 is completed
2026.06.30-11:48:16.908[32m info [39m [caliper] [worker-message-handler] 	Worker#1 prepared for Round#2
2026.06.30-11:48:16.908[32m info [39m [caliper] [connectors/peer-gateway/PeerGateway] 	disconnecting gateway for user User1
2026.06.30-11:48:16.908[32m info [39m [caliper] [connectors/peer-gateway/PeerGateway] 	disconnecting gateway for user _HimbaraBankOrgMSP_User1
2026.06.30-11:48:16.908[32m info [39m [caliper] [connectors/peer-gateway/PeerGateway] 	disconnecting gateway for user _CommercialBankOrgMSP_User1
2026.06.30-11:48:16.908[32m info [39m [caliper] [connectors/peer-gateway/PeerGateway] 	disconnecting gRpc client at peer peer0.bi.paynet
2026.06.30-11:48:16.908[32m info [39m [caliper] [connectors/peer-gateway/PeerGateway] 	disconnecting gRpc client at peer peer0.himbara.paynet
2026.06.30-11:48:16.908[32m info [39m [caliper] [connectors/peer-gateway/PeerGateway] 	disconnecting gRpc client at peer peer0.commercial.paynet
2026.06.30-11:48:16.909[32m info [39m [caliper] [caliper-worker] 	Info: worker 0 prepare test phase for round 2 is completed
2026.06.30-11:48:16.909[32m info [39m [caliper] [worker-message-handler] 	Worker#0 prepared for Round#2
2026.06.30-11:48:16.909[32m info [39m [caliper] [worker-orchestrator] 	2 workers prepared, progressing to test phase.
2026.06.30-11:48:16.909[32m info [39m [caliper] [round-orchestrator] 	Monitors successfully started
2026.06.30-11:48:16.910[32m info [39m [caliper] [worker-message-handler] 	Worker#1 is starting Round#2
2026.06.30-11:48:16.910[32m info [39m [caliper] [worker-message-handler] 	Worker#0 is starting Round#2
2026.06.30-11:48:16.912[32m info [39m [caliper] [connectors/peer-gateway/PeerGateway] 	Generating contract map for user User1
2026.06.30-11:48:16.912[32m info [39m [caliper] [connectors/peer-gateway/PeerGateway] 	Generating contract map for user User1
2026.06.30-11:48:16.914[32m info [39m [caliper] [connectors/peer-gateway/PeerGateway] 	Generating contract map for user _HimbaraBankOrgMSP_User1
2026.06.30-11:48:16.914[32m info [39m [caliper] [connectors/peer-gateway/PeerGateway] 	Generating contract map for user _HimbaraBankOrgMSP_User1
2026.06.30-11:48:16.915[32m info [39m [caliper] [connectors/peer-gateway/PeerGateway] 	Generating contract map for user _CommercialBankOrgMSP_User1
2026.06.30-11:48:16.916[32m info [39m [caliper] [caliper-worker] 	Worker #1 starting workload loop
2026.06.30-11:48:16.916[32m info [39m [caliper] [connectors/peer-gateway/PeerGateway] 	Generating contract map for user _CommercialBankOrgMSP_User1
2026.06.30-11:48:16.916[32m info [39m [caliper] [caliper-worker] 	Worker #0 starting workload loop
2026.06.30-11:48:21.910[32m info [39m [caliper] [default-observer] 	[supervision-reads Round 2 Transaction Info] - Submitted: 80 Succ: 80 Fail:0 Unfinished:0
2026.06.30-11:48:22.723[32m info [39m [caliper] [connectors/peer-gateway/PeerGateway] 	disconnecting gateway for user User1
2026.06.30-11:48:22.723[32m info [39m [caliper] [connectors/peer-gateway/PeerGateway] 	disconnecting gateway for user _HimbaraBankOrgMSP_User1
2026.06.30-11:48:22.723[32m info [39m [caliper] [connectors/peer-gateway/PeerGateway] 	disconnecting gateway for user _CommercialBankOrgMSP_User1
2026.06.30-11:48:22.723[32m info [39m [caliper] [connectors/peer-gateway/PeerGateway] 	disconnecting gRpc client at peer peer0.bi.paynet
2026.06.30-11:48:22.723[32m info [39m [caliper] [connectors/peer-gateway/PeerGateway] 	disconnecting gRpc client at peer peer0.himbara.paynet
2026.06.30-11:48:22.723[32m info [39m [caliper] [connectors/peer-gateway/PeerGateway] 	disconnecting gRpc client at peer peer0.commercial.paynet
2026.06.30-11:48:22.723[32m info [39m [caliper] [worker-message-handler] 	Worker#0 finished Round#2
2026.06.30-11:48:22.724[32m info [39m [caliper] [connectors/peer-gateway/PeerGateway] 	disconnecting gateway for user User1
2026.06.30-11:48:22.724[32m info [39m [caliper] [connectors/peer-gateway/PeerGateway] 	disconnecting gateway for user _HimbaraBankOrgMSP_User1
2026.06.30-11:48:22.724[32m info [39m [caliper] [connectors/peer-gateway/PeerGateway] 	disconnecting gateway for user _CommercialBankOrgMSP_User1
2026.06.30-11:48:22.724[32m info [39m [caliper] [connectors/peer-gateway/PeerGateway] 	disconnecting gRpc client at peer peer0.bi.paynet
2026.06.30-11:48:22.724[32m info [39m [caliper] [connectors/peer-gateway/PeerGateway] 	disconnecting gRpc client at peer peer0.himbara.paynet
2026.06.30-11:48:22.724[32m info [39m [caliper] [connectors/peer-gateway/PeerGateway] 	disconnecting gRpc client at peer peer0.commercial.paynet
2026.06.30-11:48:22.724[32m info [39m [caliper] [worker-message-handler] 	Worker#1 finished Round#2
2026.06.30-11:48:27.725[32m info [39m [caliper] [default-observer] 	Resetting txCount indicator count
2026.06.30-11:48:27.725[32m info [39m [caliper] [report-builder] 	### Test result ###
2026.06.30-11:48:27.726[32m info [39m [caliper] [report-builder] 	
+-------------------+------+------+-----------------+-----------------+-----------------+-----------------+------------------+
| Name              | Succ | Fail | Send Rate (TPS) | Max Latency (s) | Min Latency (s) | Avg Latency (s) | Throughput (TPS) |
|-------------------|------|------|-----------------|-----------------|-----------------|-----------------|------------------|
| supervision-reads | 80   | 0    | 30.8            | 3.24            | 0.01            | 1.10            | 17.0             |
+-------------------+------+------+-----------------+-----------------+-----------------+-----------------+------------------+

2026.06.30-11:48:27.726[32m info [39m [caliper] [round-orchestrator] 	Finished round 3 (supervision-reads) in 4.806 seconds
2026.06.30-11:48:27.726[32m info [39m [caliper] [monitor.js] 	Stopping all monitors
2026.06.30-11:48:27.726[32m info [39m [caliper] [round-orchestrator] 	Waiting 5 seconds for the next round...
2026.06.30-11:48:32.731[32m info [39m [caliper] [round-orchestrator] 	Started round 4 (admin-policy)
2026.06.30-11:48:32.732[32m info [39m [caliper] [worker-message-handler] 	Preparing Worker#0 for Round#3
2026.06.30-11:48:32.732[32m info [39m [caliper] [worker-message-handler] 	Preparing Worker#1 for Round#3
2026.06.30-11:48:32.734[32m info [39m [caliper] [connectors/peer-gateway/PeerGateway] 	Generating contract map for user User1
2026.06.30-11:48:32.735[32m info [39m [caliper] [connectors/peer-gateway/PeerGateway] 	Generating contract map for user User1
2026.06.30-11:48:32.736[32m info [39m [caliper] [connectors/peer-gateway/PeerGateway] 	Generating contract map for user _HimbaraBankOrgMSP_User1
2026.06.30-11:48:32.736[32m info [39m [caliper] [connectors/peer-gateway/PeerGateway] 	Generating contract map for user _HimbaraBankOrgMSP_User1
2026.06.30-11:48:32.737[32m info [39m [caliper] [connectors/peer-gateway/PeerGateway] 	Generating contract map for user _CommercialBankOrgMSP_User1
2026.06.30-11:48:32.737[32m info [39m [caliper] [caliper-worker] 	Info: worker 1 prepare test phase for round 3 is starting...
2026.06.30-11:48:32.738[32m info [39m [caliper] [connectors/peer-gateway/PeerGateway] 	Generating contract map for user _CommercialBankOrgMSP_User1
2026.06.30-11:48:32.738[32m info [39m [caliper] [caliper-worker] 	Info: worker 0 prepare test phase for round 3 is starting...
2026.06.30-11:48:32.739[32m info [39m [caliper] [connectors/peer-gateway/PeerGateway] 	disconnecting gateway for user User1
2026.06.30-11:48:32.739[32m info [39m [caliper] [connectors/peer-gateway/PeerGateway] 	disconnecting gateway for user _HimbaraBankOrgMSP_User1
2026.06.30-11:48:32.739[32m info [39m [caliper] [connectors/peer-gateway/PeerGateway] 	disconnecting gateway for user _CommercialBankOrgMSP_User1
2026.06.30-11:48:32.739[32m info [39m [caliper] [connectors/peer-gateway/PeerGateway] 	disconnecting gRpc client at peer peer0.bi.paynet
2026.06.30-11:48:32.739[32m info [39m [caliper] [connectors/peer-gateway/PeerGateway] 	disconnecting gRpc client at peer peer0.himbara.paynet
2026.06.30-11:48:32.739[32m info [39m [caliper] [connectors/peer-gateway/PeerGateway] 	disconnecting gRpc client at peer peer0.commercial.paynet
2026.06.30-11:48:32.739[32m info [39m [caliper] [caliper-worker] 	Info: worker 1 prepare test phase for round 3 is completed
2026.06.30-11:48:32.739[32m info [39m [caliper] [worker-message-handler] 	Worker#1 prepared for Round#3
2026.06.30-11:48:32.739[32m info [39m [caliper] [connectors/peer-gateway/PeerGateway] 	disconnecting gateway for user User1
2026.06.30-11:48:32.739[32m info [39m [caliper] [connectors/peer-gateway/PeerGateway] 	disconnecting gateway for user _HimbaraBankOrgMSP_User1
2026.06.30-11:48:32.739[32m info [39m [caliper] [connectors/peer-gateway/PeerGateway] 	disconnecting gateway for user _CommercialBankOrgMSP_User1
2026.06.30-11:48:32.739[32m info [39m [caliper] [connectors/peer-gateway/PeerGateway] 	disconnecting gRpc client at peer peer0.bi.paynet
2026.06.30-11:48:32.740[32m info [39m [caliper] [connectors/peer-gateway/PeerGateway] 	disconnecting gRpc client at peer peer0.himbara.paynet
2026.06.30-11:48:32.740[32m info [39m [caliper] [connectors/peer-gateway/PeerGateway] 	disconnecting gRpc client at peer peer0.commercial.paynet
2026.06.30-11:48:32.740[32m info [39m [caliper] [caliper-worker] 	Info: worker 0 prepare test phase for round 3 is completed
2026.06.30-11:48:32.740[32m info [39m [caliper] [worker-message-handler] 	Worker#0 prepared for Round#3
2026.06.30-11:48:32.740[32m info [39m [caliper] [worker-orchestrator] 	2 workers prepared, progressing to test phase.
2026.06.30-11:48:32.740[32m info [39m [caliper] [round-orchestrator] 	Monitors successfully started
2026.06.30-11:48:32.741[32m info [39m [caliper] [worker-message-handler] 	Worker#0 is starting Round#3
2026.06.30-11:48:32.741[32m info [39m [caliper] [worker-message-handler] 	Worker#1 is starting Round#3
2026.06.30-11:48:32.743[32m info [39m [caliper] [connectors/peer-gateway/PeerGateway] 	Generating contract map for user User1
2026.06.30-11:48:32.743[32m info [39m [caliper] [connectors/peer-gateway/PeerGateway] 	Generating contract map for user User1
2026.06.30-11:48:32.744[32m info [39m [caliper] [connectors/peer-gateway/PeerGateway] 	Generating contract map for user _HimbaraBankOrgMSP_User1
2026.06.30-11:48:32.744[32m info [39m [caliper] [connectors/peer-gateway/PeerGateway] 	Generating contract map for user _HimbaraBankOrgMSP_User1
2026.06.30-11:48:32.746[32m info [39m [caliper] [connectors/peer-gateway/PeerGateway] 	Generating contract map for user _CommercialBankOrgMSP_User1
2026.06.30-11:48:32.746[32m info [39m [caliper] [connectors/peer-gateway/PeerGateway] 	Generating contract map for user _CommercialBankOrgMSP_User1
2026.06.30-11:48:32.746[32m info [39m [caliper] [caliper-worker] 	Worker #1 starting workload loop
2026.06.30-11:48:32.746[32m info [39m [caliper] [caliper-worker] 	Worker #0 starting workload loop
2026.06.30-11:48:37.742[32m info [39m [caliper] [default-observer] 	[admin-policy Round 3 Transaction Info] - Submitted: 20 Succ: 20 Fail:0 Unfinished:0
2026.06.30-11:48:41.449[32m info [39m [caliper] [connectors/peer-gateway/PeerGateway] 	disconnecting gateway for user User1
2026.06.30-11:48:41.449[32m info [39m [caliper] [connectors/peer-gateway/PeerGateway] 	disconnecting gateway for user _HimbaraBankOrgMSP_User1
2026.06.30-11:48:41.449[32m info [39m [caliper] [connectors/peer-gateway/PeerGateway] 	disconnecting gateway for user _CommercialBankOrgMSP_User1
2026.06.30-11:48:41.449[32m info [39m [caliper] [connectors/peer-gateway/PeerGateway] 	disconnecting gRpc client at peer peer0.bi.paynet
2026.06.30-11:48:41.449[32m info [39m [caliper] [connectors/peer-gateway/PeerGateway] 	disconnecting gRpc client at peer peer0.himbara.paynet
2026.06.30-11:48:41.449[32m info [39m [caliper] [connectors/peer-gateway/PeerGateway] 	disconnecting gRpc client at peer peer0.commercial.paynet
2026.06.30-11:48:41.449[32m info [39m [caliper] [worker-message-handler] 	Worker#0 finished Round#3
2026.06.30-11:48:41.450[32m info [39m [caliper] [connectors/peer-gateway/PeerGateway] 	disconnecting gateway for user User1
2026.06.30-11:48:41.450[32m info [39m [caliper] [connectors/peer-gateway/PeerGateway] 	disconnecting gateway for user _HimbaraBankOrgMSP_User1
2026.06.30-11:48:41.450[32m info [39m [caliper] [connectors/peer-gateway/PeerGateway] 	disconnecting gateway for user _CommercialBankOrgMSP_User1
2026.06.30-11:48:41.450[32m info [39m [caliper] [connectors/peer-gateway/PeerGateway] 	disconnecting gRpc client at peer peer0.bi.paynet
2026.06.30-11:48:41.450[32m info [39m [caliper] [connectors/peer-gateway/PeerGateway] 	disconnecting gRpc client at peer peer0.himbara.paynet
2026.06.30-11:48:41.450[32m info [39m [caliper] [connectors/peer-gateway/PeerGateway] 	disconnecting gRpc client at peer peer0.commercial.paynet
2026.06.30-11:48:41.451[32m info [39m [caliper] [worker-message-handler] 	Worker#1 finished Round#3
2026.06.30-11:48:46.453[32m info [39m [caliper] [default-observer] 	Resetting txCount indicator count
2026.06.30-11:48:46.454[32m info [39m [caliper] [report-builder] 	### Test result ###
2026.06.30-11:48:46.454[32m info [39m [caliper] [report-builder] 	
+--------------+------+------+-----------------+-----------------+-----------------+-----------------+------------------+
| Name         | Succ | Fail | Send Rate (TPS) | Max Latency (s) | Min Latency (s) | Avg Latency (s) | Throughput (TPS) |
|--------------|------|------|-----------------|-----------------|-----------------|-----------------|------------------|
| admin-policy | 40   | 0    | 5.3             | 1.72            | 0.09            | 0.91            | 5.2              |
+--------------+------+------+-----------------+-----------------+-----------------+-----------------+------------------+

2026.06.30-11:48:46.455[32m info [39m [caliper] [round-orchestrator] 	Finished round 4 (admin-policy) in 7.704 seconds
2026.06.30-11:48:46.455[32m info [39m [caliper] [monitor.js] 	Stopping all monitors
2026.06.30-11:48:46.455[32m info [39m [caliper] [report-builder] 	### All test results ###
2026.06.30-11:48:46.456[32m info [39m [caliper] [report-builder] 	
+-------------------+------+------+-----------------+-----------------+-----------------+-----------------+------------------+
| Name              | Succ | Fail | Send Rate (TPS) | Max Latency (s) | Min Latency (s) | Avg Latency (s) | Throughput (TPS) |
|-------------------|------|------|-----------------|-----------------|-----------------|-----------------|------------------|
| kyc-onboarding    | 56   | 0    | 4.4             | 2.29            | 0.13            | 0.88            | 3.7              |
|-------------------|------|------|-----------------|-----------------|-----------------|-----------------|------------------|
| monetary-ops      | 80   | 0    | 20.5            | 0.53            | 0.10            | 0.32            | 19.9             |
|-------------------|------|------|-----------------|-----------------|-----------------|-----------------|------------------|
| supervision-reads | 80   | 0    | 30.8            | 3.24            | 0.01            | 1.10            | 17.0             |
|-------------------|------|------|-----------------|-----------------|-----------------|-----------------|------------------|
| admin-policy      | 40   | 0    | 5.3             | 1.72            | 0.09            | 0.91            | 5.2              |
+-------------------+------+------+-----------------+-----------------+-----------------+-----------------+------------------+

2026.06.30-11:48:46.465[32m info [39m [caliper] [report-builder] 	Generated report with path /home/mfachrizalg/2026/Skripsi/bi-coin/bi-coin-fabric/report.html
2026.06.30-11:48:46.466[32m info [39m [caliper] [monitor.js] 	Stopping all monitors
2026.06.30-11:48:46.466[32m info [39m [caliper] [worker-orchestrator] 	Sending exit message to connected workers
2026.06.30-11:48:46.466[32m info [39m [caliper] [round-orchestrator] 	Benchmark finished in 115.407 seconds. Total rounds: 4. Successful rounds: 4. Failed rounds: 0.
2026.06.30-11:48:46.466[32m info [39m [caliper] [caliper-engine] 	Network configuration attribute "caliper.command.end" is not present, skipping end command
2026.06.30-11:48:46.466[32m info [39m [caliper] [cli-launch-manager] 	Benchmark successfully finished!
2026.06.30-11:48:46.466[32m info [39m [caliper] [worker-message-handler] 	Worker#0 is exiting
2026.06.30-11:48:46.466[32m info [39m [caliper] [worker-message-handler] 	Worker#1 is exiting
