
> bi-coin-fabric@1.0.0 benchmark:authorization
> caliper launch manager --caliper-benchconfig benchmark/benchconfigs/authorization.yaml --caliper-networkconfig benchmark/networkconfig.yaml --caliper-workspace .

2026.09.08-14:26:01.043 info  [caliper] [cli-launch-manager] 	Set workspace path: /workspace
2026.09.08-14:26:01.044 info  [caliper] [cli-launch-manager] 	Set benchmark configuration path: /workspace/benchmark/benchconfigs/authorization.yaml
2026.09.08-14:26:01.044 info  [caliper] [cli-launch-manager] 	Set network configuration path: /workspace/benchmark/networkconfig.yaml
2026.09.08-14:26:01.044 info  [caliper] [cli-launch-manager] 	Set SUT type: fabric
2026.09.08-14:26:01.065 info  [caliper] [caliper-engine] 	Starting benchmark flow
2026.09.08-14:26:01.065 info  [caliper] [caliper-engine] 	Network configuration attribute "caliper.command.start" is not present, skipping start command
2026.09.08-14:26:01.693 info  [caliper] [FabricConnectorFactory] 	Initializing peer gateway connector compatible with installed fabric-gateway SDK: 1.5.0
2026.09.08-14:26:01.699 info  [caliper] [IdentityManager] 	Adding User1 (admin=false) as User1 for organization BankIndonesiaOrgMSP
2026.09.08-14:26:01.700 info  [caliper] [IdentityManager] 	Adding User1 (admin=false) as _HimbaraBankOrgMSP_User1 for organization HimbaraBankOrgMSP
2026.09.08-14:26:01.702 info  [caliper] [IdentityManager] 	Adding User1 (admin=false) as _CommercialBankOrgMSP_User1 for organization CommercialBankOrgMSP
2026.09.08-14:26:01.703 info  [caliper] [connectors/peer-gateway/PeerGateway] 	Fabric-Gateway SDK version: 1.5.0 for Peer-Gateway connector; TLS based on BankIndonesiaOrgMSP: server
2026.09.08-14:26:01.703 info  [caliper] [caliper-engine] 	Executed "init" step in 0.001 seconds
2026.09.08-14:26:01.703 warn  [caliper] [connectors/peer-gateway/PeerGateway] 	Install smart contract not available for the Fabric Peer Gateway connector
2026.09.08-14:26:01.703 info  [caliper] [caliper-engine] 	Executed "install" step in 0 seconds
2026.09.08-14:26:01.705 info  [caliper] [monitor.js] 	Attempting to create resource monitor of type docker
2026.09.08-14:26:01.707 info  [caliper] [default-observer] 	Observer interval set to 5000 milliseconds
2026.09.08-14:26:01.710 info  [caliper] [round-orchestrator] 	Preparing worker connections
2026.09.08-14:26:01.710 info  [caliper] [worker-orchestrator] 	Launching worker 1 of 1
2026.09.08-14:26:01.714 info  [caliper] [worker-orchestrator] 	Messenger not configured, entering configure phase...
2026.09.08-14:26:01.715 info  [caliper] [worker-orchestrator] 	No existing workers detected, entering worker launch phase...
2026.09.08-14:26:01.715 info  [caliper] [worker-orchestrator] 	Waiting for 1 workers to be connected...
2026.09.08-14:26:02.063 info  [caliper] [cli-launch-worker] 	Set workspace path: /workspace
2026.09.08-14:26:02.063 info  [caliper] [cli-launch-worker] 	Set benchmark configuration path: /workspace/benchmark/benchconfigs/authorization.yaml
2026.09.08-14:26:02.064 info  [caliper] [cli-launch-worker] 	Set network configuration path: /workspace/benchmark/networkconfig.yaml
2026.09.08-14:26:02.064 info  [caliper] [cli-launch-worker] 	Set SUT type: fabric
2026.09.08-14:26:02.092 info  [caliper] [worker-orchestrator] 	1 workers connected, progressing to worker assignment phase.
2026.09.08-14:26:02.093 info  [caliper] [worker-orchestrator] 	Workers currently unassigned, awaiting index assignment...
2026.09.08-14:26:02.093 info  [caliper] [worker-orchestrator] 	Waiting for 1 workers to be assigned...
2026.09.08-14:26:02.134 info  [caliper] [worker-orchestrator] 	1 workers assigned, progressing to worker initialization phase.
2026.09.08-14:26:02.134 info  [caliper] [worker-orchestrator] 	Waiting for 1 workers to be ready...
2026.09.08-14:26:02.135 info  [caliper] [worker-message-handler] 	Initializing Worker#0...
2026.09.08-14:26:02.708 info  [caliper] [FabricConnectorFactory] 	Initializing peer gateway connector compatible with installed fabric-gateway SDK: 1.5.0
2026.09.08-14:26:02.713 info  [caliper] [IdentityManager] 	Adding User1 (admin=false) as User1 for organization BankIndonesiaOrgMSP
2026.09.08-14:26:02.714 info  [caliper] [IdentityManager] 	Adding User1 (admin=false) as _HimbaraBankOrgMSP_User1 for organization HimbaraBankOrgMSP
2026.09.08-14:26:02.715 info  [caliper] [IdentityManager] 	Adding User1 (admin=false) as _CommercialBankOrgMSP_User1 for organization CommercialBankOrgMSP
2026.09.08-14:26:02.718 info  [caliper] [worker-message-handler] 	Worker#0 initialized
2026.09.08-14:26:02.719 info  [caliper] [worker-orchestrator] 	1 workers ready, progressing to test preparation phase.
2026.09.08-14:26:02.719 info  [caliper] [round-orchestrator] 	Started round 1 (custody-authorization)
2026.09.08-14:26:02.721 info  [caliper] [worker-message-handler] 	Preparing Worker#0 for Round#0
2026.09.08-14:26:02.768 info  [caliper] [connectors/peer-gateway/PeerGateway] 	Generating contract map for user User1
2026.09.08-14:26:02.774 info  [caliper] [connectors/peer-gateway/PeerGateway] 	Generating contract map for user _HimbaraBankOrgMSP_User1
2026.09.08-14:26:02.777 info  [caliper] [connectors/peer-gateway/PeerGateway] 	Generating contract map for user _CommercialBankOrgMSP_User1
2026.09.08-14:26:02.778 info  [caliper] [caliper-worker] 	Info: worker 0 prepare test phase for round 0 is starting...
2026.09.08-14:26:23.712 info  [caliper] [connectors/peer-gateway/PeerGateway] 	disconnecting gateway for user User1
2026.09.08-14:26:23.713 info  [caliper] [connectors/peer-gateway/PeerGateway] 	disconnecting gateway for user _HimbaraBankOrgMSP_User1
2026.09.08-14:26:23.713 info  [caliper] [connectors/peer-gateway/PeerGateway] 	disconnecting gateway for user _CommercialBankOrgMSP_User1
2026.09.08-14:26:23.713 info  [caliper] [connectors/peer-gateway/PeerGateway] 	disconnecting gRpc client at peer peer0.bi.paynet
2026.09.08-14:26:23.713 info  [caliper] [connectors/peer-gateway/PeerGateway] 	disconnecting gRpc client at peer peer0.himbara.paynet
2026.09.08-14:26:23.713 info  [caliper] [connectors/peer-gateway/PeerGateway] 	disconnecting gRpc client at peer peer0.commercial.paynet
2026.09.08-14:26:23.714 info  [caliper] [caliper-worker] 	Info: worker 0 prepare test phase for round 0 is completed
2026.09.08-14:26:23.714 info  [caliper] [worker-message-handler] 	Worker#0 prepared for Round#0
2026.09.08-14:26:23.715 info  [caliper] [worker-orchestrator] 	1 workers prepared, progressing to test phase.
2026.09.08-14:26:25.764 info  [caliper] [round-orchestrator] 	Monitors successfully started
2026.09.08-14:26:25.766 info  [caliper] [worker-message-handler] 	Worker#0 is starting Round#0
2026.09.08-14:26:25.768 info  [caliper] [connectors/peer-gateway/PeerGateway] 	Generating contract map for user User1
2026.09.08-14:26:25.771 info  [caliper] [connectors/peer-gateway/PeerGateway] 	Generating contract map for user _HimbaraBankOrgMSP_User1
2026.09.08-14:26:25.775 info  [caliper] [connectors/peer-gateway/PeerGateway] 	Generating contract map for user _CommercialBankOrgMSP_User1
2026.09.08-14:26:25.777 info  [caliper] [caliper-worker] 	Worker #0 starting workload loop
2026.09.08-14:26:25.801 error [caliper] [connectors/peer-gateway/PeerGateway] 	Failed to perform submit transaction [Transfer] using arguments [wlt_auth_sender_20260908-fix-01_custody-authorization_w0_r0,wlt_auth_receiver_20260908-fix-01_custody-authorization_w0_r0,1000,custody_20260908-fix-01_custody-authorization_w0_r0_himbara],  with error: EndorseError: 10 ABORTED: failed to endorse transaction, see attached details for more info
Details:
-  peer0.himbara.paynet:9051:chaincode response 500, custodian MSP mismatch: caller HimbaraBankOrgMSP must equal sender custodian BankIndonesiaOrgMSP
{"event":"authorization-oracle","worker":0,"actor":{"invokerMspId":"HimbaraBankOrgMSP","invokerIdentity":"User1"},"targetCustodian":"BankIndonesiaOrgMSP","total":1,"failed":1,"custodyErrors":1,"infrastructureErrors":0,"verdict":"PASS"}
2026.09.08-14:26:26.886 info  [caliper] [connectors/peer-gateway/PeerGateway] 	disconnecting gateway for user User1
2026.09.08-14:26:26.886 info  [caliper] [connectors/peer-gateway/PeerGateway] 	disconnecting gateway for user _HimbaraBankOrgMSP_User1
2026.09.08-14:26:26.886 info  [caliper] [connectors/peer-gateway/PeerGateway] 	disconnecting gateway for user _CommercialBankOrgMSP_User1
2026.09.08-14:26:26.886 info  [caliper] [connectors/peer-gateway/PeerGateway] 	disconnecting gRpc client at peer peer0.bi.paynet
2026.09.08-14:26:26.886 info  [caliper] [connectors/peer-gateway/PeerGateway] 	disconnecting gRpc client at peer peer0.himbara.paynet
2026.09.08-14:26:26.886 info  [caliper] [connectors/peer-gateway/PeerGateway] 	disconnecting gRpc client at peer peer0.commercial.paynet
2026.09.08-14:26:26.887 info  [caliper] [worker-message-handler] 	Worker#0 finished Round#0
2026.09.08-14:26:31.890 info  [caliper] [default-observer] 	Resetting txCount indicator count
2026.09.08-14:26:31.890 info  [caliper] [report-builder] 	### Test result ###
2026.09.08-14:26:31.898 info  [caliper] [report-builder] 	
+-----------------------+------+------+-----------------+-----------------+-----------------+-----------------+------------------+
| Name                  | Succ | Fail | Send Rate (TPS) | Max Latency (s) | Min Latency (s) | Avg Latency (s) | Throughput (TPS) |
|-----------------------|------|------|-----------------|-----------------|-----------------|-----------------|------------------|
| custody-authorization | 2    | 1    | 120.0           | 0.02            | 0.02            | 0.02            | 62.5             |
+-----------------------+------+------+-----------------+-----------------+-----------------+-----------------+------------------+

2026.09.08-14:26:31.902 info  [caliper] [report-builder] 	### docker resource stats ###'
2026.09.08-14:26:31.905 info  [caliper] [report-builder] 	
+--------------------------+-----------+-----------+------------------+------------------+-----------------+------------------+----------------+---------------+
| Name                     | CPU%(max) | CPU%(avg) | Memory(max) [MB] | Memory(avg) [MB] | Traffic In [KB] | Traffic Out [KB] | Disc Write [B] | Disc Read [B] |
|--------------------------|-----------|-----------|------------------|------------------|-----------------|------------------|----------------|---------------|
| /peer0.commercial.paynet | 0.02875   | 0.0175    | 241              | 240              | 30.5            | 30.1             | 0.00           | 0.00          |
|--------------------------|-----------|-----------|------------------|------------------|-----------------|------------------|----------------|---------------|
| /peer0.ojk.paynet        | 0.0225    | 0.0175    | 221              | 221              | 25.3            | 24.6             | 0.00           | 0.00          |
|--------------------------|-----------|-----------|------------------|------------------|-----------------|------------------|----------------|---------------|
| /peer0.pjp.paynet        | 0.02      | 0.0175    | 218              | 217              | 26.0            | 25.5             | 0.00           | 0.00          |
|--------------------------|-----------|-----------|------------------|------------------|-----------------|------------------|----------------|---------------|
| /peer0.himbara.paynet    | 0.03125   | 0.01875   | 213              | 212              | 39.5            | 44.0             | 0.00           | 0.00          |
|--------------------------|-----------|-----------|------------------|------------------|-----------------|------------------|----------------|---------------|
| /peer0.bi.paynet         | 0.03      | 0.0175    | 220              | 220              | 30.1            | 31.4             | 0.00           | 0.00          |
|--------------------------|-----------|-----------|------------------|------------------|-----------------|------------------|----------------|---------------|
| /orderer.paynet          | 0.00125   | 0         | 16.0             | 16.0             | 0.00            | 0.00             | 0.00           | 0.00          |
+--------------------------+-----------+-----------+------------------+------------------+-----------------+------------------+----------------+---------------+

2026.09.08-14:26:31.906 info  [caliper] [round-orchestrator] 	Finished round 1 (custody-authorization) in 0.108 seconds
2026.09.08-14:26:31.906 info  [caliper] [monitor.js] 	Stopping all monitors
2026.09.08-14:26:32.007 info  [caliper] [report-builder] 	### All test results ###
2026.09.08-14:26:32.008 info  [caliper] [report-builder] 	
+-----------------------+------+------+-----------------+-----------------+-----------------+-----------------+------------------+
| Name                  | Succ | Fail | Send Rate (TPS) | Max Latency (s) | Min Latency (s) | Avg Latency (s) | Throughput (TPS) |
|-----------------------|------|------|-----------------|-----------------|-----------------|-----------------|------------------|
| custody-authorization | 2    | 1    | 120.0           | 0.02            | 0.02            | 0.02            | 62.5             |
+-----------------------+------+------+-----------------+-----------------+-----------------+-----------------+------------------+

2026.09.08-14:26:32.027 info  [caliper] [report-builder] 	Generated report with path /workspace/report.html
2026.09.08-14:26:32.027 info  [caliper] [monitor.js] 	Stopping all monitors
2026.09.08-14:26:32.027 info  [caliper] [worker-orchestrator] 	Sending exit message to connected workers
2026.09.08-14:26:32.027 info  [caliper] [round-orchestrator] 	Benchmark finished in 29.308 seconds. Total rounds: 1. Successful rounds: 1. Failed rounds: 0.
2026.09.08-14:26:32.028 info  [caliper] [caliper-engine] 	Network configuration attribute "caliper.command.end" is not present, skipping end command
2026.09.08-14:26:32.028 info  [caliper] [cli-launch-manager] 	Benchmark successfully finished!
2026.09.08-14:26:32.028 info  [caliper] [worker-message-handler] 	Worker#0 is exiting
[authorization-oracle] {"actors":1,"verdict":"PASS"}
