> caliper launch manager --caliper-benchconfig benchmark/benchconfigs/negative-path.yaml --caliper-networkconfig benchmark/networkconfig.yaml --caliper-workspace .
2026.08.11-14:05:54.036[32m info [39m [caliper] [cli-launch-manager] 	Set workspace path: /home/mfachrizalg/2026/Skripsi/bi-coin/bi-coin-fabric
2026.08.11-14:05:54.037[32m info [39m [caliper] [cli-launch-manager] 	Set benchmark configuration path: /home/mfachrizalg/2026/Skripsi/bi-coin/bi-coin-fabric/benchmark/benchconfigs/negative-path.yaml
2026.08.11-14:05:54.037[32m info [39m [caliper] [cli-launch-manager] 	Set network configuration path: /home/mfachrizalg/2026/Skripsi/bi-coin/bi-coin-fabric/benchmark/networkconfig.yaml
2026.08.11-14:05:54.038[32m info [39m [caliper] [cli-launch-manager] 	Set SUT type: fabric
2026.08.11-14:05:54.061[32m info [39m [caliper] [caliper-engine] 	Starting benchmark flow
2026.08.11-14:05:54.061[32m info [39m [caliper] [caliper-engine] 	Network configuration attribute "caliper.command.start" is not present, skipping start command
2026.08.11-14:05:54.673[32m info [39m [caliper] [FabricConnectorFactory] 	Initializing peer gateway connector compatible with installed fabric-gateway SDK: 1.5.0
2026.08.11-14:05:54.689[32m info [39m [caliper] [IdentityManager] 	Adding User1 (admin=false) as User1 for organization BankIndonesiaOrgMSP
2026.08.11-14:05:54.691[32m info [39m [caliper] [IdentityManager] 	Adding User1 (admin=false) as _HimbaraBankOrgMSP_User1 for organization HimbaraBankOrgMSP
2026.08.11-14:05:54.693[32m info [39m [caliper] [IdentityManager] 	Adding User1 (admin=false) as _CommercialBankOrgMSP_User1 for organization CommercialBankOrgMSP
2026.08.11-14:05:54.694[32m info [39m [caliper] [connectors/peer-gateway/PeerGateway] 	Fabric-Gateway SDK version: 1.5.0 for Peer-Gateway connector; TLS based on BankIndonesiaOrgMSP: server
2026.08.11-14:05:54.694[32m info [39m [caliper] [caliper-engine] 	Executed "init" step in 0.001 seconds
2026.08.11-14:05:54.694[33m warn [39m [caliper] [connectors/peer-gateway/PeerGateway] 	Install smart contract not available for the Fabric Peer Gateway connector
2026.08.11-14:05:54.694[32m info [39m [caliper] [caliper-engine] 	Executed "install" step in 0 seconds
2026.08.11-14:05:54.696[32m info [39m [caliper] [monitor.js] 	Attempting to create resource monitor of type docker
2026.08.11-14:05:54.697[32m info [39m [caliper] [default-observer] 	Observer interval set to 5000 milliseconds
2026.08.11-14:05:54.701[32m info [39m [caliper] [round-orchestrator] 	Preparing worker connections
2026.08.11-14:05:54.701[32m info [39m [caliper] [worker-orchestrator] 	Launching worker 1 of 1
2026.08.11-14:05:54.705[32m info [39m [caliper] [worker-orchestrator] 	Messenger not configured, entering configure phase...
2026.08.11-14:05:54.706[32m info [39m [caliper] [worker-orchestrator] 	No existing workers detected, entering worker launch phase...
2026.08.11-14:05:54.706[32m info [39m [caliper] [worker-orchestrator] 	Waiting for 1 workers to be connected...
2026.08.11-14:05:54.967[32m info [39m [caliper] [cli-launch-worker] 	Set workspace path: /home/mfachrizalg/2026/Skripsi/bi-coin/bi-coin-fabric
2026.08.11-14:05:54.968[32m info [39m [caliper] [cli-launch-worker] 	Set benchmark configuration path: /home/mfachrizalg/2026/Skripsi/bi-coin/bi-coin-fabric/benchmark/benchconfigs/negative-path.yaml
2026.08.11-14:05:54.969[32m info [39m [caliper] [cli-launch-worker] 	Set network configuration path: /home/mfachrizalg/2026/Skripsi/bi-coin/bi-coin-fabric/benchmark/networkconfig.yaml
2026.08.11-14:05:54.969[32m info [39m [caliper] [cli-launch-worker] 	Set SUT type: fabric
2026.08.11-14:05:54.991[32m info [39m [caliper] [worker-orchestrator] 	1 workers connected, progressing to worker assignment phase.
2026.08.11-14:05:54.991[32m info [39m [caliper] [worker-orchestrator] 	Workers currently unassigned, awaiting index assignment...
2026.08.11-14:05:54.991[32m info [39m [caliper] [worker-orchestrator] 	Waiting for 1 workers to be assigned...
2026.08.11-14:05:55.018[32m info [39m [caliper] [worker-orchestrator] 	1 workers assigned, progressing to worker initialization phase.
2026.08.11-14:05:55.018[32m info [39m [caliper] [worker-orchestrator] 	Waiting for 1 workers to be ready...
2026.08.11-14:05:55.019[32m info [39m [caliper] [worker-message-handler] 	Initializing Worker#0...
2026.08.11-14:05:55.522[32m info [39m [caliper] [FabricConnectorFactory] 	Initializing peer gateway connector compatible with installed fabric-gateway SDK: 1.5.0
2026.08.11-14:05:55.527[32m info [39m [caliper] [IdentityManager] 	Adding User1 (admin=false) as User1 for organization BankIndonesiaOrgMSP
2026.08.11-14:05:55.529[32m info [39m [caliper] [IdentityManager] 	Adding User1 (admin=false) as _HimbaraBankOrgMSP_User1 for organization HimbaraBankOrgMSP
2026.08.11-14:05:55.530[32m info [39m [caliper] [IdentityManager] 	Adding User1 (admin=false) as _CommercialBankOrgMSP_User1 for organization CommercialBankOrgMSP
2026.08.11-14:05:55.532[32m info [39m [caliper] [worker-message-handler] 	Worker#0 initialized
2026.08.11-14:05:55.532[32m info [39m [caliper] [worker-orchestrator] 	1 workers ready, progressing to test preparation phase.
2026.08.11-14:05:55.532[32m info [39m [caliper] [round-orchestrator] 	Started round 1 (negative-path)
2026.08.11-14:05:55.533[32m info [39m [caliper] [worker-message-handler] 	Preparing Worker#0 for Round#0
2026.08.11-14:05:55.543[31m error[39m [caliper] [worker-message-handler] 	Error while handling "prepare" message for Worker (995014): Error: Module "/home/mfachrizalg/2026/Skripsi/bi-coin/bi-coin-fabric/benchmark/workloads/negative-path.js" could not be loaded: SyntaxError: Unexpected token 'const'
Searched paths: /home/mfachrizalg/2026/Skripsi/bi-coin/bi-coin-fabric/node_modules/@hyperledger/caliper-core/lib/common/utils/node_modules,/home/mfachrizalg/2026/Skripsi/bi-coin/bi-coin-fabric/node_modules/@hyperledger/caliper-core/lib/common/node_modules,/home/mfachrizalg/2026/Skripsi/bi-coin/bi-coin-fabric/node_modules/@hyperledger/caliper-core/lib/node_modules,/home/mfachrizalg/2026/Skripsi/bi-coin/bi-coin-fabric/node_modules/@hyperledger/caliper-core/node_modules,/home/mfachrizalg/2026/Skripsi/bi-coin/bi-coin-fabric/node_modules/@hyperledger/node_modules,/home/mfachrizalg/2026/Skripsi/bi-coin/bi-coin-fabric/node_modules,/home/mfachrizalg/2026/Skripsi/bi-coin/node_modules,/home/mfachrizalg/2026/Skripsi/node_modules,/home/mfachrizalg/2026/node_modules,/home/mfachrizalg/node_modules,/home/node_modules,/node_modules
    at CaliperUtils.loadModule (/home/mfachrizalg/2026/Skripsi/bi-coin/bi-coin-fabric/node_modules/@hyperledger/caliper-core/lib/common/utils/caliper-utils.js:117:19)
    at CaliperUtils.loadModuleFunction (/home/mfachrizalg/2026/Skripsi/bi-coin/bi-coin-fabric/node_modules/@hyperledger/caliper-core/lib/common/utils/caliper-utils.js:159:35)
    at CaliperWorker.prepareTest (/home/mfachrizalg/2026/Skripsi/bi-coin/bi-coin-fabric/node_modules/@hyperledger/caliper-core/lib/worker/caliper-worker.js:151:52)
    at WorkerMessageHandler._handlePrepareMessage (/home/mfachrizalg/2026/Skripsi/bi-coin/bi-coin-fabric/node_modules/@hyperledger/caliper-core/lib/worker/worker-message-handler.js:210:31)
    at ProcessMessenger.<anonymous> (/home/mfachrizalg/2026/Skripsi/bi-coin/bi-coin-fabric/node_modules/@hyperledger/caliper-core/lib/worker/worker-message-handler.js:89:24)
    at ProcessMessenger.emit (node:events:519:28)
    at ProcessMessenger.onMessage (/home/mfachrizalg/2026/Skripsi/bi-coin/bi-coin-fabric/node_modules/@hyperledger/caliper-core/lib/common/messengers/messenger-interface.js:40:14)
    at process.<anonymous> (/home/mfachrizalg/2026/Skripsi/bi-coin/bi-coin-fabric/node_modules/@hyperledger/caliper-core/lib/common/messengers/process/process-messenger.js:59:26)
    at process.emit (node:events:519:28)
    at emit (node:internal/child_process:949:14)
2026.08.11-14:05:55.543[31m error[39m [caliper] [round-orchestrator] 	Failed round 1 (negative-path): Error: Error: Module "/home/mfachrizalg/2026/Skripsi/bi-coin/bi-coin-fabric/benchmark/workloads/negative-path.js" could not be loaded: SyntaxError: Unexpected token 'const'
Searched paths: /home/mfachrizalg/2026/Skripsi/bi-coin/bi-coin-fabric/node_modules/@hyperledger/caliper-core/lib/common/utils/node_modules,/home/mfachrizalg/2026/Skripsi/bi-coin/bi-coin-fabric/node_modules/@hyperledger/caliper-core/lib/common/node_modules,/home/mfachrizalg/2026/Skripsi/bi-coin/bi-coin-fabric/node_modules/@hyperledger/caliper-core/lib/node_modules,/home/mfachrizalg/2026/Skripsi/bi-coin/bi-coin-fabric/node_modules/@hyperledger/caliper-core/node_modules,/home/mfachrizalg/2026/Skripsi/bi-coin/bi-coin-fabric/node_modules/@hyperledger/node_modules,/home/mfachrizalg/2026/Skripsi/bi-coin/bi-coin-fabric/node_modules,/home/mfachrizalg/2026/Skripsi/bi-coin/node_modules,/home/mfachrizalg/2026/Skripsi/node_modules,/home/mfachrizalg/2026/node_modules,/home/mfachrizalg/node_modules,/home/node_modules,/node_modules
    at WorkerOrchestrator.updateWorkerPhase (/home/mfachrizalg/2026/Skripsi/bi-coin/bi-coin-fabric/node_modules/@hyperledger/caliper-core/lib/manager/orchestrators/worker-orchestrator.js:306:61)
    at ProcessMessenger.<anonymous> (/home/mfachrizalg/2026/Skripsi/bi-coin/bi-coin-fabric/node_modules/@hyperledger/caliper-core/lib/manager/orchestrators/worker-orchestrator.js:109:18)
    at ProcessMessenger.emit (node:events:519:28)
    at ProcessMessenger.onMessage (/home/mfachrizalg/2026/Skripsi/bi-coin/bi-coin-fabric/node_modules/@hyperledger/caliper-core/lib/common/messengers/messenger-interface.js:40:14)
    at ChildProcess.<anonymous> (/home/mfachrizalg/2026/Skripsi/bi-coin/bi-coin-fabric/node_modules/@hyperledger/caliper-core/lib/common/messengers/process/process-messenger.js:59:26)
    at ChildProcess.emit (node:events:519:28)
    at emit (node:internal/child_process:949:14)
    at process.processTicksAndRejections (node:internal/process/task_queues:90:21)
2026.08.11-14:05:55.544[32m info [39m [caliper] [report-builder] 	### All test results ###
2026.08.11-14:05:55.544[31m error[39m [caliper] [report-builder] 	No data within test result; implies error within configuration files
2026.08.11-14:05:55.544[31m error[39m [caliper] [round-orchestrator] 	Error while finalizing the report: Error: unrecognized report table
    at ReportBuilder.setSummaryTable (/home/mfachrizalg/2026/Skripsi/bi-coin/bi-coin-fabric/node_modules/@hyperledger/caliper-core/lib/manager/report/report-builder.js:142:19)
    at Report.printResultsByRound (/home/mfachrizalg/2026/Skripsi/bi-coin/bi-coin-fabric/node_modules/@hyperledger/caliper-core/lib/manager/report/report.js:182:28)
    at RoundOrchestrator.run (/home/mfachrizalg/2026/Skripsi/bi-coin/bi-coin-fabric/node_modules/@hyperledger/caliper-core/lib/manager/orchestrators/round-orchestrator.js:229:25)
    at process.processTicksAndRejections (node:internal/process/task_queues:103:5)
    at async CaliperEngine.run (/home/mfachrizalg/2026/Skripsi/bi-coin/bi-coin-fabric/node_modules/@hyperledger/caliper-core/lib/manager/caliper-engine.js:153:17)
    at async LaunchManager.handler (/home/mfachrizalg/2026/Skripsi/bi-coin/bi-coin-fabric/node_modules/@hyperledger/caliper-cli/lib/launch/lib/launchManager.js:81:30)
2026.08.11-14:05:55.544[32m info [39m [caliper] [monitor.js] 	Stopping all monitors
2026.08.11-14:05:55.544[32m info [39m [caliper] [worker-orchestrator] 	Sending exit message to connected workers
2026.08.11-14:05:55.545[32m info [39m [caliper] [round-orchestrator] 	Benchmark finished in 0.013 seconds. Total rounds: 1. Successful rounds: 0. Failed rounds: 1.
2026.08.11-14:05:55.545[32m info [39m [caliper] [caliper-engine] 	Network configuration attribute "caliper.command.end" is not present, skipping end command
2026.08.11-14:05:55.545[32m info [39m [caliper] [cli-launch-manager] 	Benchmark successfully finished!
2026.08.11-14:05:55.545[32m info [39m [caliper] [worker-message-handler] 	Worker#0 is exiting
