
> bi-coin-fabric@1.0.0 benchmark:adversarial
> caliper launch manager --caliper-benchconfig benchmark/benchconfigs/adversarial.yaml --caliper-networkconfig benchmark/networkconfig.yaml --caliper-workspace .

2026.08.24-17:23:56.236[32m info [39m [caliper] [cli-launch-manager] 	Set workspace path: /home/mfachrizalg/2026/Skripsi/bi-coin/bi-coin-fabric
2026.08.24-17:23:56.237[32m info [39m [caliper] [cli-launch-manager] 	Set benchmark configuration path: /home/mfachrizalg/2026/Skripsi/bi-coin/bi-coin-fabric/benchmark/benchconfigs/adversarial.yaml
2026.08.24-17:23:56.237[32m info [39m [caliper] [cli-launch-manager] 	Set network configuration path: /home/mfachrizalg/2026/Skripsi/bi-coin/bi-coin-fabric/benchmark/networkconfig.yaml
2026.08.24-17:23:56.238[32m info [39m [caliper] [cli-launch-manager] 	Set SUT type: fabric
2026.08.24-17:23:56.260[32m info [39m [caliper] [caliper-engine] 	Starting benchmark flow
2026.08.24-17:23:56.260[32m info [39m [caliper] [caliper-engine] 	Network configuration attribute "caliper.command.start" is not present, skipping start command
2026.08.24-17:23:57.168[32m info [39m [caliper] [FabricConnectorFactory] 	Initializing peer gateway connector compatible with installed fabric-gateway SDK: 1.5.0
2026.08.24-17:23:57.175[32m info [39m [caliper] [IdentityManager] 	Adding User1 (admin=false) as User1 for organization BankIndonesiaOrgMSP
2026.08.24-17:23:57.177[32m info [39m [caliper] [IdentityManager] 	Adding User1 (admin=false) as _HimbaraBankOrgMSP_User1 for organization HimbaraBankOrgMSP
2026.08.24-17:23:57.178[32m info [39m [caliper] [IdentityManager] 	Adding User1 (admin=false) as _CommercialBankOrgMSP_User1 for organization CommercialBankOrgMSP
2026.08.24-17:23:57.180[32m info [39m [caliper] [connectors/peer-gateway/PeerGateway] 	Fabric-Gateway SDK version: 1.5.0 for Peer-Gateway connector; TLS based on BankIndonesiaOrgMSP: server
2026.08.24-17:23:57.180[32m info [39m [caliper] [caliper-engine] 	Executed "init" step in 0.001 seconds
2026.08.24-17:23:57.180[33m warn [39m [caliper] [connectors/peer-gateway/PeerGateway] 	Install smart contract not available for the Fabric Peer Gateway connector
2026.08.24-17:23:57.181[32m info [39m [caliper] [caliper-engine] 	Executed "install" step in 0.001 seconds
2026.08.24-17:23:57.182[32m info [39m [caliper] [monitor.js] 	Attempting to create resource monitor of type docker
2026.08.24-17:23:57.184[32m info [39m [caliper] [default-observer] 	Observer interval set to 5000 milliseconds
2026.08.24-17:23:57.187[32m info [39m [caliper] [round-orchestrator] 	Preparing worker connections
2026.08.24-17:23:57.187[32m info [39m [caliper] [worker-orchestrator] 	Launching worker 1 of 4
2026.08.24-17:23:57.191[32m info [39m [caliper] [worker-orchestrator] 	Launching worker 2 of 4
2026.08.24-17:23:57.194[32m info [39m [caliper] [worker-orchestrator] 	Launching worker 3 of 4
2026.08.24-17:23:57.197[32m info [39m [caliper] [worker-orchestrator] 	Launching worker 4 of 4
2026.08.24-17:23:57.200[32m info [39m [caliper] [worker-orchestrator] 	Messenger not configured, entering configure phase...
2026.08.24-17:23:57.201[32m info [39m [caliper] [worker-orchestrator] 	No existing workers detected, entering worker launch phase...
2026.08.24-17:23:57.201[32m info [39m [caliper] [worker-orchestrator] 	Waiting for 4 workers to be connected...
2026.08.24-17:23:57.682[32m info [39m [caliper] [cli-launch-worker] 	Set workspace path: /home/mfachrizalg/2026/Skripsi/bi-coin/bi-coin-fabric
2026.08.24-17:23:57.683[32m info [39m [caliper] [cli-launch-worker] 	Set benchmark configuration path: /home/mfachrizalg/2026/Skripsi/bi-coin/bi-coin-fabric/benchmark/benchconfigs/adversarial.yaml
2026.08.24-17:23:57.683[32m info [39m [caliper] [cli-launch-worker] 	Set network configuration path: /home/mfachrizalg/2026/Skripsi/bi-coin/bi-coin-fabric/benchmark/networkconfig.yaml
2026.08.24-17:23:57.683[32m info [39m [caliper] [cli-launch-worker] 	Set SUT type: fabric
2026.08.24-17:23:57.700[32m info [39m [caliper] [cli-launch-worker] 	Set workspace path: /home/mfachrizalg/2026/Skripsi/bi-coin/bi-coin-fabric
2026.08.24-17:23:57.701[32m info [39m [caliper] [cli-launch-worker] 	Set benchmark configuration path: /home/mfachrizalg/2026/Skripsi/bi-coin/bi-coin-fabric/benchmark/benchconfigs/adversarial.yaml
2026.08.24-17:23:57.702[32m info [39m [caliper] [cli-launch-worker] 	Set network configuration path: /home/mfachrizalg/2026/Skripsi/bi-coin/bi-coin-fabric/benchmark/networkconfig.yaml
2026.08.24-17:23:57.702[32m info [39m [caliper] [cli-launch-worker] 	Set SUT type: fabric
2026.08.24-17:23:57.716[32m info [39m [caliper] [cli-launch-worker] 	Set workspace path: /home/mfachrizalg/2026/Skripsi/bi-coin/bi-coin-fabric
2026.08.24-17:23:57.717[32m info [39m [caliper] [cli-launch-worker] 	Set benchmark configuration path: /home/mfachrizalg/2026/Skripsi/bi-coin/bi-coin-fabric/benchmark/benchconfigs/adversarial.yaml
2026.08.24-17:23:57.718[32m info [39m [caliper] [cli-launch-worker] 	Set network configuration path: /home/mfachrizalg/2026/Skripsi/bi-coin/bi-coin-fabric/benchmark/networkconfig.yaml
2026.08.24-17:23:57.718[32m info [39m [caliper] [cli-launch-worker] 	Set SUT type: fabric
2026.08.24-17:23:57.736[32m info [39m [caliper] [cli-launch-worker] 	Set workspace path: /home/mfachrizalg/2026/Skripsi/bi-coin/bi-coin-fabric
2026.08.24-17:23:57.737[32m info [39m [caliper] [cli-launch-worker] 	Set benchmark configuration path: /home/mfachrizalg/2026/Skripsi/bi-coin/bi-coin-fabric/benchmark/benchconfigs/adversarial.yaml
2026.08.24-17:23:57.738[32m info [39m [caliper] [cli-launch-worker] 	Set network configuration path: /home/mfachrizalg/2026/Skripsi/bi-coin/bi-coin-fabric/benchmark/networkconfig.yaml
2026.08.24-17:23:57.738[32m info [39m [caliper] [cli-launch-worker] 	Set SUT type: fabric
2026.08.24-17:23:57.771[32m info [39m [caliper] [worker-orchestrator] 	4 workers connected, progressing to worker assignment phase.
2026.08.24-17:23:57.776[32m info [39m [caliper] [worker-orchestrator] 	Workers currently unassigned, awaiting index assignment...
2026.08.24-17:23:57.778[32m info [39m [caliper] [worker-orchestrator] 	Waiting for 4 workers to be assigned...
2026.08.24-17:23:57.851[32m info [39m [caliper] [worker-orchestrator] 	4 workers assigned, progressing to worker initialization phase.
2026.08.24-17:23:57.851[32m info [39m [caliper] [worker-orchestrator] 	Waiting for 4 workers to be ready...
2026.08.24-17:23:57.852[32m info [39m [caliper] [worker-message-handler] 	Initializing Worker#1...
2026.08.24-17:23:57.852[32m info [39m [caliper] [worker-message-handler] 	Initializing Worker#2...
2026.08.24-17:23:57.852[32m info [39m [caliper] [worker-message-handler] 	Initializing Worker#0...
2026.08.24-17:23:57.853[32m info [39m [caliper] [worker-message-handler] 	Initializing Worker#3...
2026.08.24-17:23:58.746[32m info [39m [caliper] [FabricConnectorFactory] 	Initializing peer gateway connector compatible with installed fabric-gateway SDK: 1.5.0
2026.08.24-17:23:58.760[32m info [39m [caliper] [IdentityManager] 	Adding User1 (admin=false) as User1 for organization BankIndonesiaOrgMSP
2026.08.24-17:23:58.764[32m info [39m [caliper] [IdentityManager] 	Adding User1 (admin=false) as _HimbaraBankOrgMSP_User1 for organization HimbaraBankOrgMSP
2026.08.24-17:23:58.768[32m info [39m [caliper] [IdentityManager] 	Adding User1 (admin=false) as _CommercialBankOrgMSP_User1 for organization CommercialBankOrgMSP
2026.08.24-17:23:58.772[32m info [39m [caliper] [worker-message-handler] 	Worker#3 initialized
2026.08.24-17:23:58.810[32m info [39m [caliper] [FabricConnectorFactory] 	Initializing peer gateway connector compatible with installed fabric-gateway SDK: 1.5.0
2026.08.24-17:23:58.827[32m info [39m [caliper] [FabricConnectorFactory] 	Initializing peer gateway connector compatible with installed fabric-gateway SDK: 1.5.0
2026.08.24-17:23:58.828[32m info [39m [caliper] [IdentityManager] 	Adding User1 (admin=false) as User1 for organization BankIndonesiaOrgMSP
2026.08.24-17:23:58.829[32m info [39m [caliper] [IdentityManager] 	Adding User1 (admin=false) as _HimbaraBankOrgMSP_User1 for organization HimbaraBankOrgMSP
2026.08.24-17:23:58.830[32m info [39m [caliper] [IdentityManager] 	Adding User1 (admin=false) as _CommercialBankOrgMSP_User1 for organization CommercialBankOrgMSP
2026.08.24-17:23:58.833[32m info [39m [caliper] [worker-message-handler] 	Worker#2 initialized
2026.08.24-17:23:58.836[32m info [39m [caliper] [IdentityManager] 	Adding User1 (admin=false) as User1 for organization BankIndonesiaOrgMSP
2026.08.24-17:23:58.837[32m info [39m [caliper] [IdentityManager] 	Adding User1 (admin=false) as _HimbaraBankOrgMSP_User1 for organization HimbaraBankOrgMSP
2026.08.24-17:23:58.838[32m info [39m [caliper] [IdentityManager] 	Adding User1 (admin=false) as _CommercialBankOrgMSP_User1 for organization CommercialBankOrgMSP
2026.08.24-17:23:58.841[32m info [39m [caliper] [worker-message-handler] 	Worker#0 initialized
2026.08.24-17:23:58.883[32m info [39m [caliper] [FabricConnectorFactory] 	Initializing peer gateway connector compatible with installed fabric-gateway SDK: 1.5.0
2026.08.24-17:23:58.891[32m info [39m [caliper] [IdentityManager] 	Adding User1 (admin=false) as User1 for organization BankIndonesiaOrgMSP
2026.08.24-17:23:58.892[32m info [39m [caliper] [IdentityManager] 	Adding User1 (admin=false) as _HimbaraBankOrgMSP_User1 for organization HimbaraBankOrgMSP
2026.08.24-17:23:58.893[32m info [39m [caliper] [IdentityManager] 	Adding User1 (admin=false) as _CommercialBankOrgMSP_User1 for organization CommercialBankOrgMSP
2026.08.24-17:23:58.895[32m info [39m [caliper] [worker-message-handler] 	Worker#1 initialized
2026.08.24-17:23:58.896[32m info [39m [caliper] [worker-orchestrator] 	4 workers ready, progressing to test preparation phase.
2026.08.24-17:23:58.896[32m info [39m [caliper] [round-orchestrator] 	Started round 1 (aggregate-overspend-contention)
2026.08.24-17:23:58.897[32m info [39m [caliper] [worker-message-handler] 	Preparing Worker#0 for Round#0
2026.08.24-17:23:58.898[32m info [39m [caliper] [worker-message-handler] 	Preparing Worker#2 for Round#0
2026.08.24-17:23:58.898[32m info [39m [caliper] [worker-message-handler] 	Preparing Worker#1 for Round#0
2026.08.24-17:23:58.899[32m info [39m [caliper] [worker-message-handler] 	Preparing Worker#3 for Round#0
2026.08.24-17:23:58.918[32m info [39m [caliper] [connectors/peer-gateway/PeerGateway] 	Generating contract map for user User1
2026.08.24-17:23:58.918[32m info [39m [caliper] [connectors/peer-gateway/PeerGateway] 	Generating contract map for user User1
2026.08.24-17:23:58.922[32m info [39m [caliper] [connectors/peer-gateway/PeerGateway] 	Generating contract map for user User1
2026.08.24-17:23:58.924[32m info [39m [caliper] [connectors/peer-gateway/PeerGateway] 	Generating contract map for user _HimbaraBankOrgMSP_User1
2026.08.24-17:23:58.924[32m info [39m [caliper] [connectors/peer-gateway/PeerGateway] 	Generating contract map for user _HimbaraBankOrgMSP_User1
2026.08.24-17:23:58.926[32m info [39m [caliper] [connectors/peer-gateway/PeerGateway] 	Generating contract map for user User1
2026.08.24-17:23:58.927[32m info [39m [caliper] [connectors/peer-gateway/PeerGateway] 	Generating contract map for user _CommercialBankOrgMSP_User1
2026.08.24-17:23:58.927[32m info [39m [caliper] [caliper-worker] 	Info: worker 1 prepare test phase for round 0 is starting...
2026.08.24-17:23:58.928[32m info [39m [caliper] [connectors/peer-gateway/PeerGateway] 	Generating contract map for user _CommercialBankOrgMSP_User1
2026.08.24-17:23:58.928[32m info [39m [caliper] [caliper-worker] 	Info: worker 2 prepare test phase for round 0 is starting...
2026.08.24-17:23:58.928[32m info [39m [caliper] [connectors/peer-gateway/PeerGateway] 	Generating contract map for user _HimbaraBankOrgMSP_User1
2026.08.24-17:23:58.933[32m info [39m [caliper] [connectors/peer-gateway/PeerGateway] 	Generating contract map for user _CommercialBankOrgMSP_User1
2026.08.24-17:23:58.933[32m info [39m [caliper] [caliper-worker] 	Info: worker 3 prepare test phase for round 0 is starting...
2026.08.24-17:23:58.934[32m info [39m [caliper] [connectors/peer-gateway/PeerGateway] 	Generating contract map for user _HimbaraBankOrgMSP_User1
2026.08.24-17:23:58.939[32m info [39m [caliper] [connectors/peer-gateway/PeerGateway] 	Generating contract map for user _CommercialBankOrgMSP_User1
2026.08.24-17:23:58.939[32m info [39m [caliper] [caliper-worker] 	Info: worker 0 prepare test phase for round 0 is starting...
2026.08.24-17:23:58.990[31m error[39m [caliper] [connectors/peer-gateway/PeerGateway] 	Failed to perform query transaction [GetWallet] using arguments [wlt_overspend-contention_dblspend_sender_r0],  with error: GatewayError: 2 UNKNOWN: evaluate call to endorser returned error: chaincode response 500, wallet wlt_overspend-contention_dblspend_sender_r0 not found
Details:
-  peer0.bi.paynet:7051:chaincode response 500, wallet wlt_overspend-contention_dblspend_sender_r0 not found
2026.08.24-17:23:59.016[31m error[39m [caliper] [connectors/peer-gateway/PeerGateway] 	Failed to perform query transaction [GetWallet] using arguments [wlt_overspend-contention_dblspend_sender_r0],  with error: GatewayError: 2 UNKNOWN: evaluate call to endorser returned error: chaincode response 500, wallet wlt_overspend-contention_dblspend_sender_r0 not found
Details:
-  peer0.bi.paynet:7051:chaincode response 500, wallet wlt_overspend-contention_dblspend_sender_r0 not found
2026.08.24-17:23:59.019[31m error[39m [caliper] [connectors/peer-gateway/PeerGateway] 	Failed to perform query transaction [GetWallet] using arguments [wlt_overspend-contention_dblspend_sender_r0],  with error: GatewayError: 2 UNKNOWN: evaluate call to endorser returned error: chaincode response 500, wallet wlt_overspend-contention_dblspend_sender_r0 not found
Details:
-  peer0.bi.paynet:7051:chaincode response 500, wallet wlt_overspend-contention_dblspend_sender_r0 not found
2026.08.24-17:23:59.503[31m error[39m [caliper] [connectors/peer-gateway/PeerGateway] 	Failed to perform query transaction [GetWallet] using arguments [wlt_overspend-contention_dblspend_sender_r0],  with error: GatewayError: 2 UNKNOWN: evaluate call to endorser returned error: chaincode response 500, wallet wlt_overspend-contention_dblspend_sender_r0 not found
Details:
-  peer0.bi.paynet:7051:chaincode response 500, wallet wlt_overspend-contention_dblspend_sender_r0 not found
2026.08.24-17:23:59.529[31m error[39m [caliper] [connectors/peer-gateway/PeerGateway] 	Failed to perform query transaction [GetWallet] using arguments [wlt_overspend-contention_dblspend_sender_r0],  with error: GatewayError: 2 UNKNOWN: evaluate call to endorser returned error: chaincode response 500, wallet wlt_overspend-contention_dblspend_sender_r0 not found
Details:
-  peer0.bi.paynet:7051:chaincode response 500, wallet wlt_overspend-contention_dblspend_sender_r0 not found
2026.08.24-17:23:59.533[31m error[39m [caliper] [connectors/peer-gateway/PeerGateway] 	Failed to perform query transaction [GetWallet] using arguments [wlt_overspend-contention_dblspend_sender_r0],  with error: GatewayError: 2 UNKNOWN: evaluate call to endorser returned error: chaincode response 500, wallet wlt_overspend-contention_dblspend_sender_r0 not found
Details:
-  peer0.bi.paynet:7051:chaincode response 500, wallet wlt_overspend-contention_dblspend_sender_r0 not found
2026.08.24-17:24:00.014[31m error[39m [caliper] [connectors/peer-gateway/PeerGateway] 	Failed to perform query transaction [GetWallet] using arguments [wlt_overspend-contention_dblspend_sender_r0],  with error: GatewayError: 2 UNKNOWN: evaluate call to endorser returned error: chaincode response 500, wallet wlt_overspend-contention_dblspend_sender_r0 not found
Details:
-  peer0.bi.paynet:7051:chaincode response 500, wallet wlt_overspend-contention_dblspend_sender_r0 not found
2026.08.24-17:24:00.041[31m error[39m [caliper] [connectors/peer-gateway/PeerGateway] 	Failed to perform query transaction [GetWallet] using arguments [wlt_overspend-contention_dblspend_sender_r0],  with error: GatewayError: 2 UNKNOWN: evaluate call to endorser returned error: chaincode response 500, wallet wlt_overspend-contention_dblspend_sender_r0 not found
Details:
-  peer0.bi.paynet:7051:chaincode response 500, wallet wlt_overspend-contention_dblspend_sender_r0 not found
2026.08.24-17:24:00.046[31m error[39m [caliper] [connectors/peer-gateway/PeerGateway] 	Failed to perform query transaction [GetWallet] using arguments [wlt_overspend-contention_dblspend_sender_r0],  with error: GatewayError: 2 UNKNOWN: evaluate call to endorser returned error: chaincode response 500, wallet wlt_overspend-contention_dblspend_sender_r0 not found
Details:
-  peer0.bi.paynet:7051:chaincode response 500, wallet wlt_overspend-contention_dblspend_sender_r0 not found
2026.08.24-17:24:00.528[31m error[39m [caliper] [connectors/peer-gateway/PeerGateway] 	Failed to perform query transaction [GetWallet] using arguments [wlt_overspend-contention_dblspend_sender_r0],  with error: GatewayError: 2 UNKNOWN: evaluate call to endorser returned error: chaincode response 500, wallet wlt_overspend-contention_dblspend_sender_r0 not found
Details:
-  peer0.bi.paynet:7051:chaincode response 500, wallet wlt_overspend-contention_dblspend_sender_r0 not found
2026.08.24-17:24:00.558[31m error[39m [caliper] [connectors/peer-gateway/PeerGateway] 	Failed to perform query transaction [GetWallet] using arguments [wlt_overspend-contention_dblspend_sender_r0],  with error: GatewayError: 2 UNKNOWN: evaluate call to endorser returned error: chaincode response 500, wallet wlt_overspend-contention_dblspend_sender_r0 not found
Details:
-  peer0.bi.paynet:7051:chaincode response 500, wallet wlt_overspend-contention_dblspend_sender_r0 not found
2026.08.24-17:24:00.558[31m error[39m [caliper] [connectors/peer-gateway/PeerGateway] 	Failed to perform query transaction [GetWallet] using arguments [wlt_overspend-contention_dblspend_sender_r0],  with error: GatewayError: 2 UNKNOWN: evaluate call to endorser returned error: chaincode response 500, wallet wlt_overspend-contention_dblspend_sender_r0 not found
Details:
-  peer0.bi.paynet:7051:chaincode response 500, wallet wlt_overspend-contention_dblspend_sender_r0 not found
2026.08.24-17:24:01.041[31m error[39m [caliper] [connectors/peer-gateway/PeerGateway] 	Failed to perform query transaction [GetWallet] using arguments [wlt_overspend-contention_dblspend_sender_r0],  with error: GatewayError: 2 UNKNOWN: evaluate call to endorser returned error: chaincode response 500, wallet wlt_overspend-contention_dblspend_sender_r0 not found
Details:
-  peer0.bi.paynet:7051:chaincode response 500, wallet wlt_overspend-contention_dblspend_sender_r0 not found
2026.08.24-17:24:01.123[31m error[39m [caliper] [connectors/peer-gateway/PeerGateway] 	Failed to perform query transaction [GetWallet] using arguments [wlt_overspend-contention_dblspend_sender_r0],  with error: GatewayError: 2 UNKNOWN: evaluate call to endorser returned error: chaincode response 500, wallet wlt_overspend-contention_dblspend_sender_r0 not found
Details:
-  peer0.bi.paynet:7051:chaincode response 500, wallet wlt_overspend-contention_dblspend_sender_r0 not found
2026.08.24-17:24:01.123[31m error[39m [caliper] [connectors/peer-gateway/PeerGateway] 	Failed to perform query transaction [GetWallet] using arguments [wlt_overspend-contention_dblspend_sender_r0],  with error: GatewayError: 2 UNKNOWN: evaluate call to endorser returned error: chaincode response 500, wallet wlt_overspend-contention_dblspend_sender_r0 not found
Details:
-  peer0.bi.paynet:7051:chaincode response 500, wallet wlt_overspend-contention_dblspend_sender_r0 not found
2026.08.24-17:24:01.554[31m error[39m [caliper] [connectors/peer-gateway/PeerGateway] 	Failed to perform query transaction [GetWallet] using arguments [wlt_overspend-contention_dblspend_sender_r0],  with error: GatewayError: 2 UNKNOWN: evaluate call to endorser returned error: chaincode response 500, wallet wlt_overspend-contention_dblspend_sender_r0 not found
Details:
-  peer0.bi.paynet:7051:chaincode response 500, wallet wlt_overspend-contention_dblspend_sender_r0 not found
2026.08.24-17:24:01.637[31m error[39m [caliper] [connectors/peer-gateway/PeerGateway] 	Failed to perform query transaction [GetWallet] using arguments [wlt_overspend-contention_dblspend_sender_r0],  with error: GatewayError: 2 UNKNOWN: evaluate call to endorser returned error: chaincode response 500, wallet wlt_overspend-contention_dblspend_sender_r0 not found
Details:
-  peer0.bi.paynet:7051:chaincode response 500, wallet wlt_overspend-contention_dblspend_sender_r0 not found
2026.08.24-17:24:01.637[31m error[39m [caliper] [connectors/peer-gateway/PeerGateway] 	Failed to perform query transaction [GetWallet] using arguments [wlt_overspend-contention_dblspend_sender_r0],  with error: GatewayError: 2 UNKNOWN: evaluate call to endorser returned error: chaincode response 500, wallet wlt_overspend-contention_dblspend_sender_r0 not found
Details:
-  peer0.bi.paynet:7051:chaincode response 500, wallet wlt_overspend-contention_dblspend_sender_r0 not found
2026.08.24-17:24:02.077[31m error[39m [caliper] [connectors/peer-gateway/PeerGateway] 	Failed to perform query transaction [GetWallet] using arguments [wlt_overspend-contention_dblspend_sender_r0],  with error: GatewayError: 2 UNKNOWN: evaluate call to endorser returned error: chaincode response 500, wallet wlt_overspend-contention_dblspend_sender_r0 not found
Details:
-  peer0.bi.paynet:7051:chaincode response 500, wallet wlt_overspend-contention_dblspend_sender_r0 not found
2026.08.24-17:24:02.148[31m error[39m [caliper] [connectors/peer-gateway/PeerGateway] 	Failed to perform query transaction [GetWallet] using arguments [wlt_overspend-contention_dblspend_sender_r0],  with error: GatewayError: 2 UNKNOWN: evaluate call to endorser returned error: chaincode response 500, wallet wlt_overspend-contention_dblspend_sender_r0 not found
Details:
-  peer0.bi.paynet:7051:chaincode response 500, wallet wlt_overspend-contention_dblspend_sender_r0 not found
2026.08.24-17:24:02.152[31m error[39m [caliper] [connectors/peer-gateway/PeerGateway] 	Failed to perform query transaction [GetWallet] using arguments [wlt_overspend-contention_dblspend_sender_r0],  with error: GatewayError: 2 UNKNOWN: evaluate call to endorser returned error: chaincode response 500, wallet wlt_overspend-contention_dblspend_sender_r0 not found
Details:
-  peer0.bi.paynet:7051:chaincode response 500, wallet wlt_overspend-contention_dblspend_sender_r0 not found
2026.08.24-17:24:02.591[31m error[39m [caliper] [connectors/peer-gateway/PeerGateway] 	Failed to perform query transaction [GetWallet] using arguments [wlt_overspend-contention_dblspend_sender_r0],  with error: GatewayError: 2 UNKNOWN: evaluate call to endorser returned error: chaincode response 500, wallet wlt_overspend-contention_dblspend_sender_r0 not found
Details:
-  peer0.bi.paynet:7051:chaincode response 500, wallet wlt_overspend-contention_dblspend_sender_r0 not found
2026.08.24-17:24:02.660[31m error[39m [caliper] [connectors/peer-gateway/PeerGateway] 	Failed to perform query transaction [GetWallet] using arguments [wlt_overspend-contention_dblspend_sender_r0],  with error: GatewayError: 2 UNKNOWN: evaluate call to endorser returned error: chaincode response 500, wallet wlt_overspend-contention_dblspend_sender_r0 not found
Details:
-  peer0.bi.paynet:7051:chaincode response 500, wallet wlt_overspend-contention_dblspend_sender_r0 not found
2026.08.24-17:24:02.668[31m error[39m [caliper] [connectors/peer-gateway/PeerGateway] 	Failed to perform query transaction [GetWallet] using arguments [wlt_overspend-contention_dblspend_sender_r0],  with error: GatewayError: 2 UNKNOWN: evaluate call to endorser returned error: chaincode response 500, wallet wlt_overspend-contention_dblspend_sender_r0 not found
Details:
-  peer0.bi.paynet:7051:chaincode response 500, wallet wlt_overspend-contention_dblspend_sender_r0 not found
2026.08.24-17:24:03.102[31m error[39m [caliper] [connectors/peer-gateway/PeerGateway] 	Failed to perform query transaction [GetWallet] using arguments [wlt_overspend-contention_dblspend_sender_r0],  with error: GatewayError: 2 UNKNOWN: evaluate call to endorser returned error: chaincode response 500, wallet wlt_overspend-contention_dblspend_sender_r0 not found
Details:
-  peer0.bi.paynet:7051:chaincode response 500, wallet wlt_overspend-contention_dblspend_sender_r0 not found
2026.08.24-17:24:03.232[31m error[39m [caliper] [connectors/peer-gateway/PeerGateway] 	Failed to perform query transaction [GetWallet] using arguments [wlt_overspend-contention_dblspend_sender_r0],  with error: GatewayError: 2 UNKNOWN: evaluate call to endorser returned error: chaincode response 500, wallet wlt_overspend-contention_dblspend_sender_r0 not found
Details:
-  peer0.bi.paynet:7051:chaincode response 500, wallet wlt_overspend-contention_dblspend_sender_r0 not found
2026.08.24-17:24:03.238[31m error[39m [caliper] [connectors/peer-gateway/PeerGateway] 	Failed to perform query transaction [GetWallet] using arguments [wlt_overspend-contention_dblspend_sender_r0],  with error: GatewayError: 2 UNKNOWN: evaluate call to endorser returned error: chaincode response 500, wallet wlt_overspend-contention_dblspend_sender_r0 not found
Details:
-  peer0.bi.paynet:7051:chaincode response 500, wallet wlt_overspend-contention_dblspend_sender_r0 not found
2026.08.24-17:24:03.614[31m error[39m [caliper] [connectors/peer-gateway/PeerGateway] 	Failed to perform query transaction [GetWallet] using arguments [wlt_overspend-contention_dblspend_sender_r0],  with error: GatewayError: 2 UNKNOWN: evaluate call to endorser returned error: chaincode response 500, wallet wlt_overspend-contention_dblspend_sender_r0 not found
Details:
-  peer0.bi.paynet:7051:chaincode response 500, wallet wlt_overspend-contention_dblspend_sender_r0 not found
2026.08.24-17:24:03.743[31m error[39m [caliper] [connectors/peer-gateway/PeerGateway] 	Failed to perform query transaction [GetWallet] using arguments [wlt_overspend-contention_dblspend_sender_r0],  with error: GatewayError: 2 UNKNOWN: evaluate call to endorser returned error: chaincode response 500, wallet wlt_overspend-contention_dblspend_sender_r0 not found
Details:
-  peer0.bi.paynet:7051:chaincode response 500, wallet wlt_overspend-contention_dblspend_sender_r0 not found
2026.08.24-17:24:03.749[31m error[39m [caliper] [connectors/peer-gateway/PeerGateway] 	Failed to perform query transaction [GetWallet] using arguments [wlt_overspend-contention_dblspend_sender_r0],  with error: GatewayError: 2 UNKNOWN: evaluate call to endorser returned error: chaincode response 500, wallet wlt_overspend-contention_dblspend_sender_r0 not found
Details:
-  peer0.bi.paynet:7051:chaincode response 500, wallet wlt_overspend-contention_dblspend_sender_r0 not found
2026.08.24-17:24:04.122[31m error[39m [caliper] [connectors/peer-gateway/PeerGateway] 	Failed to perform query transaction [GetWallet] using arguments [wlt_overspend-contention_dblspend_sender_r0],  with error: GatewayError: 2 UNKNOWN: evaluate call to endorser returned error: chaincode response 500, wallet wlt_overspend-contention_dblspend_sender_r0 not found
Details:
-  peer0.bi.paynet:7051:chaincode response 500, wallet wlt_overspend-contention_dblspend_sender_r0 not found
2026.08.24-17:24:04.254[31m error[39m [caliper] [connectors/peer-gateway/PeerGateway] 	Failed to perform query transaction [GetWallet] using arguments [wlt_overspend-contention_dblspend_sender_r0],  with error: GatewayError: 2 UNKNOWN: evaluate call to endorser returned error: chaincode response 500, wallet wlt_overspend-contention_dblspend_sender_r0 not found
Details:
-  peer0.bi.paynet:7051:chaincode response 500, wallet wlt_overspend-contention_dblspend_sender_r0 not found
2026.08.24-17:24:04.259[31m error[39m [caliper] [connectors/peer-gateway/PeerGateway] 	Failed to perform query transaction [GetWallet] using arguments [wlt_overspend-contention_dblspend_sender_r0],  with error: GatewayError: 2 UNKNOWN: evaluate call to endorser returned error: chaincode response 500, wallet wlt_overspend-contention_dblspend_sender_r0 not found
Details:
-  peer0.bi.paynet:7051:chaincode response 500, wallet wlt_overspend-contention_dblspend_sender_r0 not found
2026.08.24-17:24:04.635[31m error[39m [caliper] [connectors/peer-gateway/PeerGateway] 	Failed to perform query transaction [GetWallet] using arguments [wlt_overspend-contention_dblspend_sender_r0],  with error: GatewayError: 2 UNKNOWN: evaluate call to endorser returned error: chaincode response 500, wallet wlt_overspend-contention_dblspend_sender_r0 not found
Details:
-  peer0.bi.paynet:7051:chaincode response 500, wallet wlt_overspend-contention_dblspend_sender_r0 not found
2026.08.24-17:24:04.765[31m error[39m [caliper] [connectors/peer-gateway/PeerGateway] 	Failed to perform query transaction [GetWallet] using arguments [wlt_overspend-contention_dblspend_sender_r0],  with error: GatewayError: 2 UNKNOWN: evaluate call to endorser returned error: chaincode response 500, wallet wlt_overspend-contention_dblspend_sender_r0 not found
Details:
-  peer0.bi.paynet:7051:chaincode response 500, wallet wlt_overspend-contention_dblspend_sender_r0 not found
2026.08.24-17:24:04.769[31m error[39m [caliper] [connectors/peer-gateway/PeerGateway] 	Failed to perform query transaction [GetWallet] using arguments [wlt_overspend-contention_dblspend_sender_r0],  with error: GatewayError: 2 UNKNOWN: evaluate call to endorser returned error: chaincode response 500, wallet wlt_overspend-contention_dblspend_sender_r0 not found
Details:
-  peer0.bi.paynet:7051:chaincode response 500, wallet wlt_overspend-contention_dblspend_sender_r0 not found
2026.08.24-17:24:05.146[31m error[39m [caliper] [connectors/peer-gateway/PeerGateway] 	Failed to perform query transaction [GetWallet] using arguments [wlt_overspend-contention_dblspend_sender_r0],  with error: GatewayError: 2 UNKNOWN: evaluate call to endorser returned error: chaincode response 500, wallet wlt_overspend-contention_dblspend_sender_r0 not found
Details:
-  peer0.bi.paynet:7051:chaincode response 500, wallet wlt_overspend-contention_dblspend_sender_r0 not found
2026.08.24-17:24:05.351[31m error[39m [caliper] [connectors/peer-gateway/PeerGateway] 	Failed to perform query transaction [GetWallet] using arguments [wlt_overspend-contention_dblspend_sender_r0],  with error: GatewayError: 2 UNKNOWN: evaluate call to endorser returned error: chaincode response 500, wallet wlt_overspend-contention_dblspend_sender_r0 not found
Details:
-  peer0.bi.paynet:7051:chaincode response 500, wallet wlt_overspend-contention_dblspend_sender_r0 not found
2026.08.24-17:24:05.351[31m error[39m [caliper] [connectors/peer-gateway/PeerGateway] 	Failed to perform query transaction [GetWallet] using arguments [wlt_overspend-contention_dblspend_sender_r0],  with error: GatewayError: 2 UNKNOWN: evaluate call to endorser returned error: chaincode response 500, wallet wlt_overspend-contention_dblspend_sender_r0 not found
Details:
-  peer0.bi.paynet:7051:chaincode response 500, wallet wlt_overspend-contention_dblspend_sender_r0 not found
2026.08.24-17:24:05.655[31m error[39m [caliper] [connectors/peer-gateway/PeerGateway] 	Failed to perform query transaction [GetWallet] using arguments [wlt_overspend-contention_dblspend_sender_r0],  with error: GatewayError: 2 UNKNOWN: evaluate call to endorser returned error: chaincode response 500, wallet wlt_overspend-contention_dblspend_sender_r0 not found
Details:
-  peer0.bi.paynet:7051:chaincode response 500, wallet wlt_overspend-contention_dblspend_sender_r0 not found
2026.08.24-17:24:05.862[31m error[39m [caliper] [connectors/peer-gateway/PeerGateway] 	Failed to perform query transaction [GetWallet] using arguments [wlt_overspend-contention_dblspend_sender_r0],  with error: GatewayError: 2 UNKNOWN: evaluate call to endorser returned error: chaincode response 500, wallet wlt_overspend-contention_dblspend_sender_r0 not found
Details:
-  peer0.bi.paynet:7051:chaincode response 500, wallet wlt_overspend-contention_dblspend_sender_r0 not found
2026.08.24-17:24:05.862[31m error[39m [caliper] [connectors/peer-gateway/PeerGateway] 	Failed to perform query transaction [GetWallet] using arguments [wlt_overspend-contention_dblspend_sender_r0],  with error: GatewayError: 2 UNKNOWN: evaluate call to endorser returned error: chaincode response 500, wallet wlt_overspend-contention_dblspend_sender_r0 not found
Details:
-  peer0.bi.paynet:7051:chaincode response 500, wallet wlt_overspend-contention_dblspend_sender_r0 not found
2026.08.24-17:24:06.165[31m error[39m [caliper] [connectors/peer-gateway/PeerGateway] 	Failed to perform query transaction [GetWallet] using arguments [wlt_overspend-contention_dblspend_sender_r0],  with error: GatewayError: 2 UNKNOWN: evaluate call to endorser returned error: chaincode response 500, wallet wlt_overspend-contention_dblspend_sender_r0 not found
Details:
-  peer0.bi.paynet:7051:chaincode response 500, wallet wlt_overspend-contention_dblspend_sender_r0 not found
2026.08.24-17:24:06.372[31m error[39m [caliper] [connectors/peer-gateway/PeerGateway] 	Failed to perform query transaction [GetWallet] using arguments [wlt_overspend-contention_dblspend_sender_r0],  with error: GatewayError: 2 UNKNOWN: evaluate call to endorser returned error: chaincode response 500, wallet wlt_overspend-contention_dblspend_sender_r0 not found
Details:
-  peer0.bi.paynet:7051:chaincode response 500, wallet wlt_overspend-contention_dblspend_sender_r0 not found
2026.08.24-17:24:06.373[31m error[39m [caliper] [connectors/peer-gateway/PeerGateway] 	Failed to perform query transaction [GetWallet] using arguments [wlt_overspend-contention_dblspend_sender_r0],  with error: GatewayError: 2 UNKNOWN: evaluate call to endorser returned error: chaincode response 500, wallet wlt_overspend-contention_dblspend_sender_r0 not found
Details:
-  peer0.bi.paynet:7051:chaincode response 500, wallet wlt_overspend-contention_dblspend_sender_r0 not found
2026.08.24-17:24:06.675[31m error[39m [caliper] [connectors/peer-gateway/PeerGateway] 	Failed to perform query transaction [GetWallet] using arguments [wlt_overspend-contention_dblspend_sender_r0],  with error: GatewayError: 2 UNKNOWN: evaluate call to endorser returned error: chaincode response 500, wallet wlt_overspend-contention_dblspend_sender_r0 not found
Details:
-  peer0.bi.paynet:7051:chaincode response 500, wallet wlt_overspend-contention_dblspend_sender_r0 not found
2026.08.24-17:24:06.880[31m error[39m [caliper] [connectors/peer-gateway/PeerGateway] 	Failed to perform query transaction [GetWallet] using arguments [wlt_overspend-contention_dblspend_sender_r0],  with error: GatewayError: 2 UNKNOWN: evaluate call to endorser returned error: chaincode response 500, wallet wlt_overspend-contention_dblspend_sender_r0 not found
Details:
-  peer0.bi.paynet:7051:chaincode response 500, wallet wlt_overspend-contention_dblspend_sender_r0 not found
2026.08.24-17:24:06.883[31m error[39m [caliper] [connectors/peer-gateway/PeerGateway] 	Failed to perform query transaction [GetWallet] using arguments [wlt_overspend-contention_dblspend_sender_r0],  with error: GatewayError: 2 UNKNOWN: evaluate call to endorser returned error: chaincode response 500, wallet wlt_overspend-contention_dblspend_sender_r0 not found
Details:
-  peer0.bi.paynet:7051:chaincode response 500, wallet wlt_overspend-contention_dblspend_sender_r0 not found
2026.08.24-17:24:07.184[31m error[39m [caliper] [connectors/peer-gateway/PeerGateway] 	Failed to perform query transaction [GetWallet] using arguments [wlt_overspend-contention_dblspend_sender_r0],  with error: GatewayError: 2 UNKNOWN: evaluate call to endorser returned error: chaincode response 500, wallet wlt_overspend-contention_dblspend_sender_r0 not found
Details:
-  peer0.bi.paynet:7051:chaincode response 500, wallet wlt_overspend-contention_dblspend_sender_r0 not found
2026.08.24-17:24:07.389[31m error[39m [caliper] [connectors/peer-gateway/PeerGateway] 	Failed to perform query transaction [GetWallet] using arguments [wlt_overspend-contention_dblspend_sender_r0],  with error: GatewayError: 2 UNKNOWN: evaluate call to endorser returned error: chaincode response 500, wallet wlt_overspend-contention_dblspend_sender_r0 not found
Details:
-  peer0.bi.paynet:7051:chaincode response 500, wallet wlt_overspend-contention_dblspend_sender_r0 not found
2026.08.24-17:24:07.392[31m error[39m [caliper] [connectors/peer-gateway/PeerGateway] 	Failed to perform query transaction [GetWallet] using arguments [wlt_overspend-contention_dblspend_sender_r0],  with error: GatewayError: 2 UNKNOWN: evaluate call to endorser returned error: chaincode response 500, wallet wlt_overspend-contention_dblspend_sender_r0 not found
Details:
-  peer0.bi.paynet:7051:chaincode response 500, wallet wlt_overspend-contention_dblspend_sender_r0 not found
