
> bi-coin-fabric@1.0.0 benchmark:functionality
> caliper launch manager --caliper-benchconfig benchmark/benchconfigs/functionality.yaml --caliper-networkconfig benchmark/networkconfig.yaml --caliper-workspace .

2026.07.27-22:11:38.118[32m info [39m [caliper] [cli-launch-manager] 	Set workspace path: /home/mfachrizalg/2026/Skripsi/bi-coin/bi-coin-fabric
2026.07.27-22:11:38.119[32m info [39m [caliper] [cli-launch-manager] 	Set benchmark configuration path: /home/mfachrizalg/2026/Skripsi/bi-coin/bi-coin-fabric/benchmark/benchconfigs/functionality.yaml
2026.07.27-22:11:38.119[32m info [39m [caliper] [cli-launch-manager] 	Set network configuration path: /home/mfachrizalg/2026/Skripsi/bi-coin/bi-coin-fabric/benchmark/networkconfig.yaml
2026.07.27-22:11:38.119[32m info [39m [caliper] [cli-launch-manager] 	Set SUT type: fabric
2026.07.27-22:11:38.136[32m info [39m [caliper] [caliper-engine] 	Starting benchmark flow
2026.07.27-22:11:38.137[32m info [39m [caliper] [caliper-engine] 	Network configuration attribute "caliper.command.start" is not present, skipping start command
2026.07.27-22:11:38.620[32m info [39m [caliper] [FabricConnectorFactory] 	Initializing peer gateway connector compatible with installed fabric-gateway SDK: 1.5.0
2026.07.27-22:11:38.626[32m info [39m [caliper] [IdentityManager] 	Adding User1 (admin=false) as User1 for organization BankIndonesiaOrgMSP
2026.07.27-22:11:38.627[32m info [39m [caliper] [IdentityManager] 	Adding User1 (admin=false) as _HimbaraBankOrgMSP_User1 for organization HimbaraBankOrgMSP
2026.07.27-22:11:38.628[32m info [39m [caliper] [IdentityManager] 	Adding User1 (admin=false) as _CommercialBankOrgMSP_User1 for organization CommercialBankOrgMSP
2026.07.27-22:11:38.630[32m info [39m [caliper] [connectors/peer-gateway/PeerGateway] 	Fabric-Gateway SDK version: 1.5.0 for Peer-Gateway connector; TLS based on BankIndonesiaOrgMSP: server
2026.07.27-22:11:38.631[32m info [39m [caliper] [caliper-engine] 	Executed "init" step in 0.002 seconds
2026.07.27-22:11:38.631[33m warn [39m [caliper] [connectors/peer-gateway/PeerGateway] 	Install smart contract not available for the Fabric Peer Gateway connector
2026.07.27-22:11:38.631[32m info [39m [caliper] [caliper-engine] 	Executed "install" step in 0 seconds
2026.07.27-22:11:38.633[32m info [39m [caliper] [monitor.js] 	Attempting to create resource monitor of type docker
2026.07.27-22:11:38.635[32m info [39m [caliper] [default-observer] 	Observer interval set to 5000 milliseconds
2026.07.27-22:11:38.638[32m info [39m [caliper] [round-orchestrator] 	Preparing worker connections
2026.07.27-22:11:38.638[32m info [39m [caliper] [worker-orchestrator] 	Launching worker 1 of 2
2026.07.27-22:11:38.642[32m info [39m [caliper] [worker-orchestrator] 	Launching worker 2 of 2
2026.07.27-22:11:38.644[32m info [39m [caliper] [worker-orchestrator] 	Messenger not configured, entering configure phase...
2026.07.27-22:11:38.645[32m info [39m [caliper] [worker-orchestrator] 	No existing workers detected, entering worker launch phase...
2026.07.27-22:11:38.645[32m info [39m [caliper] [worker-orchestrator] 	Waiting for 2 workers to be connected...
2026.07.27-22:11:38.934[32m info [39m [caliper] [cli-launch-worker] 	Set workspace path: /home/mfachrizalg/2026/Skripsi/bi-coin/bi-coin-fabric
2026.07.27-22:11:38.935[32m info [39m [caliper] [cli-launch-worker] 	Set benchmark configuration path: /home/mfachrizalg/2026/Skripsi/bi-coin/bi-coin-fabric/benchmark/benchconfigs/functionality.yaml
2026.07.27-22:11:38.934[32m info [39m [caliper] [cli-launch-worker] 	Set workspace path: /home/mfachrizalg/2026/Skripsi/bi-coin/bi-coin-fabric
2026.07.27-22:11:38.935[32m info [39m [caliper] [cli-launch-worker] 	Set network configuration path: /home/mfachrizalg/2026/Skripsi/bi-coin/bi-coin-fabric/benchmark/networkconfig.yaml
2026.07.27-22:11:38.935[32m info [39m [caliper] [cli-launch-worker] 	Set SUT type: fabric
2026.07.27-22:11:38.935[32m info [39m [caliper] [cli-launch-worker] 	Set benchmark configuration path: /home/mfachrizalg/2026/Skripsi/bi-coin/bi-coin-fabric/benchmark/benchconfigs/functionality.yaml
2026.07.27-22:11:38.935[32m info [39m [caliper] [cli-launch-worker] 	Set network configuration path: /home/mfachrizalg/2026/Skripsi/bi-coin/bi-coin-fabric/benchmark/networkconfig.yaml
2026.07.27-22:11:38.936[32m info [39m [caliper] [cli-launch-worker] 	Set SUT type: fabric
2026.07.27-22:11:38.962[32m info [39m [caliper] [worker-orchestrator] 	2 workers connected, progressing to worker assignment phase.
2026.07.27-22:11:38.962[32m info [39m [caliper] [worker-orchestrator] 	Workers currently unassigned, awaiting index assignment...
2026.07.27-22:11:38.963[32m info [39m [caliper] [worker-orchestrator] 	Waiting for 2 workers to be assigned...
2026.07.27-22:11:38.993[32m info [39m [caliper] [worker-orchestrator] 	2 workers assigned, progressing to worker initialization phase.
2026.07.27-22:11:38.993[32m info [39m [caliper] [worker-orchestrator] 	Waiting for 2 workers to be ready...
2026.07.27-22:11:38.993[32m info [39m [caliper] [worker-message-handler] 	Initializing Worker#0...
2026.07.27-22:11:38.994[32m info [39m [caliper] [worker-message-handler] 	Initializing Worker#1...
2026.07.27-22:11:39.485[32m info [39m [caliper] [FabricConnectorFactory] 	Initializing peer gateway connector compatible with installed fabric-gateway SDK: 1.5.0
2026.07.27-22:11:39.490[32m info [39m [caliper] [IdentityManager] 	Adding User1 (admin=false) as User1 for organization BankIndonesiaOrgMSP
2026.07.27-22:11:39.491[32m info [39m [caliper] [IdentityManager] 	Adding User1 (admin=false) as _HimbaraBankOrgMSP_User1 for organization HimbaraBankOrgMSP
2026.07.27-22:11:39.491[32m info [39m [caliper] [IdentityManager] 	Adding User1 (admin=false) as _CommercialBankOrgMSP_User1 for organization CommercialBankOrgMSP
2026.07.27-22:11:39.494[32m info [39m [caliper] [worker-message-handler] 	Worker#0 initialized
2026.07.27-22:11:39.500[32m info [39m [caliper] [FabricConnectorFactory] 	Initializing peer gateway connector compatible with installed fabric-gateway SDK: 1.5.0
2026.07.27-22:11:39.505[32m info [39m [caliper] [IdentityManager] 	Adding User1 (admin=false) as User1 for organization BankIndonesiaOrgMSP
2026.07.27-22:11:39.506[32m info [39m [caliper] [IdentityManager] 	Adding User1 (admin=false) as _HimbaraBankOrgMSP_User1 for organization HimbaraBankOrgMSP
2026.07.27-22:11:39.506[32m info [39m [caliper] [IdentityManager] 	Adding User1 (admin=false) as _CommercialBankOrgMSP_User1 for organization CommercialBankOrgMSP
2026.07.27-22:11:39.508[32m info [39m [caliper] [worker-message-handler] 	Worker#1 initialized
2026.07.27-22:11:39.509[32m info [39m [caliper] [worker-orchestrator] 	2 workers ready, progressing to test preparation phase.
2026.07.27-22:11:39.509[32m info [39m [caliper] [round-orchestrator] 	Started round 1 (kyc-onboarding)
2026.07.27-22:11:39.510[32m info [39m [caliper] [worker-message-handler] 	Preparing Worker#0 for Round#0
2026.07.27-22:11:39.510[32m info [39m [caliper] [worker-message-handler] 	Preparing Worker#1 for Round#0
2026.07.27-22:11:39.523[32m info [39m [caliper] [connectors/peer-gateway/PeerGateway] 	Generating contract map for user User1
2026.07.27-22:11:39.524[32m info [39m [caliper] [connectors/peer-gateway/PeerGateway] 	Generating contract map for user User1
2026.07.27-22:11:39.528[32m info [39m [caliper] [connectors/peer-gateway/PeerGateway] 	Generating contract map for user _HimbaraBankOrgMSP_User1
2026.07.27-22:11:39.529[32m info [39m [caliper] [connectors/peer-gateway/PeerGateway] 	Generating contract map for user _HimbaraBankOrgMSP_User1
2026.07.27-22:11:39.531[32m info [39m [caliper] [connectors/peer-gateway/PeerGateway] 	Generating contract map for user _CommercialBankOrgMSP_User1
2026.07.27-22:11:39.531[32m info [39m [caliper] [caliper-worker] 	Info: worker 1 prepare test phase for round 0 is starting...
2026.07.27-22:11:39.532[32m info [39m [caliper] [connectors/peer-gateway/PeerGateway] 	Generating contract map for user _CommercialBankOrgMSP_User1
2026.07.27-22:11:39.532[32m info [39m [caliper] [caliper-worker] 	Info: worker 0 prepare test phase for round 0 is starting...
2026.07.27-22:11:39.533[32m info [39m [caliper] [connectors/peer-gateway/PeerGateway] 	disconnecting gateway for user User1
2026.07.27-22:11:39.533[32m info [39m [caliper] [connectors/peer-gateway/PeerGateway] 	disconnecting gateway for user _HimbaraBankOrgMSP_User1
2026.07.27-22:11:39.533[32m info [39m [caliper] [connectors/peer-gateway/PeerGateway] 	disconnecting gateway for user _CommercialBankOrgMSP_User1
2026.07.27-22:11:39.533[32m info [39m [caliper] [connectors/peer-gateway/PeerGateway] 	disconnecting gRpc client at peer peer0.bi.paynet
2026.07.27-22:11:39.533[32m info [39m [caliper] [connectors/peer-gateway/PeerGateway] 	disconnecting gRpc client at peer peer0.himbara.paynet
2026.07.27-22:11:39.534[32m info [39m [caliper] [connectors/peer-gateway/PeerGateway] 	disconnecting gRpc client at peer peer0.commercial.paynet
2026.07.27-22:11:39.534[32m info [39m [caliper] [caliper-worker] 	Info: worker 1 prepare test phase for round 0 is completed
2026.07.27-22:11:39.534[32m info [39m [caliper] [worker-message-handler] 	Worker#1 prepared for Round#0
2026.07.27-22:11:39.534[32m info [39m [caliper] [connectors/peer-gateway/PeerGateway] 	disconnecting gateway for user User1
2026.07.27-22:11:39.534[32m info [39m [caliper] [connectors/peer-gateway/PeerGateway] 	disconnecting gateway for user _HimbaraBankOrgMSP_User1
2026.07.27-22:11:39.534[32m info [39m [caliper] [connectors/peer-gateway/PeerGateway] 	disconnecting gateway for user _CommercialBankOrgMSP_User1
2026.07.27-22:11:39.534[32m info [39m [caliper] [connectors/peer-gateway/PeerGateway] 	disconnecting gRpc client at peer peer0.bi.paynet
2026.07.27-22:11:39.535[32m info [39m [caliper] [connectors/peer-gateway/PeerGateway] 	disconnecting gRpc client at peer peer0.himbara.paynet
2026.07.27-22:11:39.535[32m info [39m [caliper] [connectors/peer-gateway/PeerGateway] 	disconnecting gRpc client at peer peer0.commercial.paynet
2026.07.27-22:11:39.535[32m info [39m [caliper] [caliper-worker] 	Info: worker 0 prepare test phase for round 0 is completed
2026.07.27-22:11:39.535[32m info [39m [caliper] [worker-message-handler] 	Worker#0 prepared for Round#0
2026.07.27-22:11:39.535[32m info [39m [caliper] [worker-orchestrator] 	2 workers prepared, progressing to test phase.
2026.07.27-22:11:41.595[32m info [39m [caliper] [round-orchestrator] 	Monitors successfully started
2026.07.27-22:11:41.596[32m info [39m [caliper] [worker-message-handler] 	Worker#0 is starting Round#0
2026.07.27-22:11:41.596[32m info [39m [caliper] [worker-message-handler] 	Worker#1 is starting Round#0
2026.07.27-22:11:41.599[32m info [39m [caliper] [connectors/peer-gateway/PeerGateway] 	Generating contract map for user User1
2026.07.27-22:11:41.599[32m info [39m [caliper] [connectors/peer-gateway/PeerGateway] 	Generating contract map for user User1
2026.07.27-22:11:41.600[32m info [39m [caliper] [connectors/peer-gateway/PeerGateway] 	Generating contract map for user _HimbaraBankOrgMSP_User1
2026.07.27-22:11:41.600[32m info [39m [caliper] [connectors/peer-gateway/PeerGateway] 	Generating contract map for user _HimbaraBankOrgMSP_User1
2026.07.27-22:11:41.602[32m info [39m [caliper] [connectors/peer-gateway/PeerGateway] 	Generating contract map for user _CommercialBankOrgMSP_User1
2026.07.27-22:11:41.602[32m info [39m [caliper] [connectors/peer-gateway/PeerGateway] 	Generating contract map for user _CommercialBankOrgMSP_User1
2026.07.27-22:11:41.604[32m info [39m [caliper] [caliper-worker] 	Worker #0 starting workload loop
2026.07.27-22:11:41.604[32m info [39m [caliper] [caliper-worker] 	Worker #1 starting workload loop
(node:225216) TimeoutNegativeWarning: -1 is a negative number.
Timeout duration was set to 1.
(Use `node --trace-warnings ...` to show where the warning was created)
(node:225217) TimeoutNegativeWarning: -1 is a negative number.
Timeout duration was set to 1.
(Use `node --trace-warnings ...` to show where the warning was created)
2026.07.27-22:11:44.536[32m info [39m [caliper] [default-observer] 	[kyc-onboarding Round 0 Transaction Info] - Submitted: 32 Succ: 20 Fail:0 Unfinished:12
2026.07.27-22:11:49.537[32m info [39m [caliper] [default-observer] 	[kyc-onboarding Round 0 Transaction Info] - Submitted: 50 Succ: 46 Fail:0 Unfinished:4
2026.07.27-22:11:54.538[32m info [39m [caliper] [default-observer] 	[kyc-onboarding Round 0 Transaction Info] - Submitted: 54 Succ: 52 Fail:0 Unfinished:2
2026.07.27-22:11:57.324[32m info [39m [caliper] [connectors/peer-gateway/PeerGateway] 	disconnecting gateway for user User1
2026.07.27-22:11:57.324[32m info [39m [caliper] [connectors/peer-gateway/PeerGateway] 	disconnecting gateway for user _HimbaraBankOrgMSP_User1
2026.07.27-22:11:57.324[32m info [39m [caliper] [connectors/peer-gateway/PeerGateway] 	disconnecting gateway for user _CommercialBankOrgMSP_User1
2026.07.27-22:11:57.324[32m info [39m [caliper] [connectors/peer-gateway/PeerGateway] 	disconnecting gRpc client at peer peer0.bi.paynet
2026.07.27-22:11:57.324[32m info [39m [caliper] [connectors/peer-gateway/PeerGateway] 	disconnecting gRpc client at peer peer0.himbara.paynet
2026.07.27-22:11:57.324[32m info [39m [caliper] [connectors/peer-gateway/PeerGateway] 	disconnecting gRpc client at peer peer0.commercial.paynet
2026.07.27-22:11:57.324[32m info [39m [caliper] [worker-message-handler] 	Worker#1 finished Round#0
2026.07.27-22:11:57.326[32m info [39m [caliper] [connectors/peer-gateway/PeerGateway] 	disconnecting gateway for user User1
2026.07.27-22:11:57.326[32m info [39m [caliper] [connectors/peer-gateway/PeerGateway] 	disconnecting gateway for user _HimbaraBankOrgMSP_User1
2026.07.27-22:11:57.326[32m info [39m [caliper] [connectors/peer-gateway/PeerGateway] 	disconnecting gateway for user _CommercialBankOrgMSP_User1
2026.07.27-22:11:57.326[32m info [39m [caliper] [connectors/peer-gateway/PeerGateway] 	disconnecting gRpc client at peer peer0.bi.paynet
2026.07.27-22:11:57.327[32m info [39m [caliper] [connectors/peer-gateway/PeerGateway] 	disconnecting gRpc client at peer peer0.himbara.paynet
2026.07.27-22:11:57.327[32m info [39m [caliper] [connectors/peer-gateway/PeerGateway] 	disconnecting gRpc client at peer peer0.commercial.paynet
2026.07.27-22:11:57.327[32m info [39m [caliper] [worker-message-handler] 	Worker#0 finished Round#0
2026.07.27-22:12:02.329[32m info [39m [caliper] [default-observer] 	Resetting txCount indicator count
2026.07.27-22:12:02.329[32m info [39m [caliper] [report-builder] 	### Test result ###
2026.07.27-22:12:02.333[32m info [39m [caliper] [report-builder] 	
+----------------+------+------+-----------------+-----------------+-----------------+-----------------+------------------+
| Name           | Succ | Fail | Send Rate (TPS) | Max Latency (s) | Min Latency (s) | Avg Latency (s) | Throughput (TPS) |
|----------------|------|------|-----------------|-----------------|-----------------|-----------------|------------------|
| kyc-onboarding | 56   | 0    | 4.5             | 2.19            | 0.09            | 0.85            | 3.8              |
+----------------+------+------+-----------------+-----------------+-----------------+-----------------+------------------+

2026.07.27-22:12:02.337[32m info [39m [caliper] [report-builder] 	### docker resource stats ###'
2026.07.27-22:12:02.340[32m info [39m [caliper] [report-builder] 	
+-----------------------------+-----------+-----------+------------------+------------------+-----------------+------------------+-----------------+----------------+
| Name                        | CPU%(max) | CPU%(avg) | Memory(max) [MB] | Memory(avg) [MB] | Traffic In [MB] | Traffic Out [MB] | Disc Write [MB] | Disc Read [KB] |
|-----------------------------|-----------|-----------|------------------|------------------|-----------------|------------------|-----------------|----------------|
| /peer0.pjp.paynet           | 0.2075    | 0.055     | 232              | 231              | 0.615           | 0.335            | 1.38            | 0.00           |
|-----------------------------|-----------|-----------|------------------|------------------|-----------------|------------------|-----------------|----------------|
| /peer0.commercial.paynet    | 0.1025    | 0.04875   | 229              | 187              | 0.627           | 0.348            | 1.74            | 0.00           |
|-----------------------------|-----------|-----------|------------------|------------------|-----------------|------------------|-----------------|----------------|
| /peer0.himbara.paynet       | 0.0925    | 0.0425    | 225              | 225              | 0.582           | 0.295            | 1.80            | 0.00           |
|-----------------------------|-----------|-----------|------------------|------------------|-----------------|------------------|-----------------|----------------|
| /peer0.ojk.paynet           | 0.09625   | 0.04875   | 226              | 167              | 0.612           | 0.334            | 1.82            | 0.00           |
|-----------------------------|-----------|-----------|------------------|------------------|-----------------|------------------|-----------------|----------------|
| /peer0.bi.paynet            | 0.19125   | 0.0625    | 226              | 226              | 1.37            | 1.21             | 2.18            | 0.00           |
|-----------------------------|-----------|-----------|------------------|------------------|-----------------|------------------|-----------------|----------------|
| /couchdb0.pjp.paynet        | 0.2425    | 0.10375   | 58.8             | 56.3             | 0.0874          | 0.0929           | 2.11            | 0.00           |
|-----------------------------|-----------|-----------|------------------|------------------|-----------------|------------------|-----------------|----------------|
| /couchdb0.himbara.paynet    | 0.2325    | 0.11375   | 54.1             | 53.5             | 0.0848          | 0.0927           | 2.15            | 0.00           |
|-----------------------------|-----------|-----------|------------------|------------------|-----------------|------------------|-----------------|----------------|
| /couchdb0.commercial.paynet | 0.27875   | 0.11875   | 56.8             | 54.0             | 0.0912          | 0.101            | 2.36            | 0.00           |
|-----------------------------|-----------|-----------|------------------|------------------|-----------------|------------------|-----------------|----------------|
| /couchdb0.bi.paynet         | 0.24875   | 0.10625   | 55.8             | 55.3             | 0.0971          | 0.103            | 2.00            | 0.00           |
|-----------------------------|-----------|-----------|------------------|------------------|-----------------|------------------|-----------------|----------------|
| /couchdb0.ojk.paynet        | 0.2625    | 0.11625   | 56.1             | 55.4             | 0.0862          | 0.0934           | 2.22            | 0.00           |
|-----------------------------|-----------|-----------|------------------|------------------|-----------------|------------------|-----------------|----------------|
| /orderer.paynet             | 0.03      | 0.00875   | 29.5             | 28.2             | 0.347           | 1.59             | 2.23            | 4.00           |
+-----------------------------+-----------+-----------+------------------+------------------+-----------------+------------------+-----------------+----------------+

2026.07.27-22:12:02.341[32m info [39m [caliper] [round-orchestrator] 	Finished round 1 (kyc-onboarding) in 14.722 seconds
2026.07.27-22:12:02.341[32m info [39m [caliper] [monitor.js] 	Stopping all monitors
2026.07.27-22:12:02.441[32m info [39m [caliper] [round-orchestrator] 	Waiting 5 seconds for the next round...
2026.07.27-22:12:07.443[32m info [39m [caliper] [round-orchestrator] 	Started round 2 (monetary-ops)
2026.07.27-22:12:07.443[32m info [39m [caliper] [worker-message-handler] 	Preparing Worker#0 for Round#1
2026.07.27-22:12:07.443[32m info [39m [caliper] [worker-message-handler] 	Preparing Worker#1 for Round#1
2026.07.27-22:12:07.446[32m info [39m [caliper] [connectors/peer-gateway/PeerGateway] 	Generating contract map for user User1
2026.07.27-22:12:07.446[32m info [39m [caliper] [connectors/peer-gateway/PeerGateway] 	Generating contract map for user User1
2026.07.27-22:12:07.447[32m info [39m [caliper] [connectors/peer-gateway/PeerGateway] 	Generating contract map for user _HimbaraBankOrgMSP_User1
2026.07.27-22:12:07.448[32m info [39m [caliper] [connectors/peer-gateway/PeerGateway] 	Generating contract map for user _HimbaraBankOrgMSP_User1
2026.07.27-22:12:07.449[32m info [39m [caliper] [connectors/peer-gateway/PeerGateway] 	Generating contract map for user _CommercialBankOrgMSP_User1
2026.07.27-22:12:07.449[32m info [39m [caliper] [caliper-worker] 	Info: worker 1 prepare test phase for round 1 is starting...
2026.07.27-22:12:07.449[32m info [39m [caliper] [connectors/peer-gateway/PeerGateway] 	Generating contract map for user _CommercialBankOrgMSP_User1
2026.07.27-22:12:07.450[32m info [39m [caliper] [caliper-worker] 	Info: worker 0 prepare test phase for round 1 is starting...
2026.07.27-22:12:16.193[32m info [39m [caliper] [connectors/peer-gateway/PeerGateway] 	disconnecting gateway for user User1
2026.07.27-22:12:16.193[32m info [39m [caliper] [connectors/peer-gateway/PeerGateway] 	disconnecting gateway for user User1
2026.07.27-22:12:16.193[32m info [39m [caliper] [connectors/peer-gateway/PeerGateway] 	disconnecting gateway for user _HimbaraBankOrgMSP_User1
2026.07.27-22:12:16.193[32m info [39m [caliper] [connectors/peer-gateway/PeerGateway] 	disconnecting gateway for user _HimbaraBankOrgMSP_User1
2026.07.27-22:12:16.193[32m info [39m [caliper] [connectors/peer-gateway/PeerGateway] 	disconnecting gateway for user _CommercialBankOrgMSP_User1
2026.07.27-22:12:16.193[32m info [39m [caliper] [connectors/peer-gateway/PeerGateway] 	disconnecting gateway for user _CommercialBankOrgMSP_User1
2026.07.27-22:12:16.193[32m info [39m [caliper] [connectors/peer-gateway/PeerGateway] 	disconnecting gRpc client at peer peer0.bi.paynet
2026.07.27-22:12:16.193[32m info [39m [caliper] [connectors/peer-gateway/PeerGateway] 	disconnecting gRpc client at peer peer0.bi.paynet
2026.07.27-22:12:16.194[32m info [39m [caliper] [connectors/peer-gateway/PeerGateway] 	disconnecting gRpc client at peer peer0.himbara.paynet
2026.07.27-22:12:16.194[32m info [39m [caliper] [connectors/peer-gateway/PeerGateway] 	disconnecting gRpc client at peer peer0.commercial.paynet
2026.07.27-22:12:16.194[32m info [39m [caliper] [connectors/peer-gateway/PeerGateway] 	disconnecting gRpc client at peer peer0.himbara.paynet
2026.07.27-22:12:16.194[32m info [39m [caliper] [caliper-worker] 	Info: worker 1 prepare test phase for round 1 is completed
2026.07.27-22:12:16.194[32m info [39m [caliper] [connectors/peer-gateway/PeerGateway] 	disconnecting gRpc client at peer peer0.commercial.paynet
2026.07.27-22:12:16.194[32m info [39m [caliper] [worker-message-handler] 	Worker#1 prepared for Round#1
2026.07.27-22:12:16.194[32m info [39m [caliper] [caliper-worker] 	Info: worker 0 prepare test phase for round 1 is completed
2026.07.27-22:12:16.194[32m info [39m [caliper] [worker-message-handler] 	Worker#0 prepared for Round#1
2026.07.27-22:12:16.195[32m info [39m [caliper] [worker-orchestrator] 	2 workers prepared, progressing to test phase.
2026.07.27-22:12:18.237[32m info [39m [caliper] [round-orchestrator] 	Monitors successfully started
2026.07.27-22:12:18.238[32m info [39m [caliper] [worker-message-handler] 	Worker#0 is starting Round#1
2026.07.27-22:12:18.238[32m info [39m [caliper] [worker-message-handler] 	Worker#1 is starting Round#1
2026.07.27-22:12:18.241[32m info [39m [caliper] [connectors/peer-gateway/PeerGateway] 	Generating contract map for user User1
2026.07.27-22:12:18.241[32m info [39m [caliper] [connectors/peer-gateway/PeerGateway] 	Generating contract map for user User1
2026.07.27-22:12:18.243[32m info [39m [caliper] [connectors/peer-gateway/PeerGateway] 	Generating contract map for user _HimbaraBankOrgMSP_User1
2026.07.27-22:12:18.243[32m info [39m [caliper] [connectors/peer-gateway/PeerGateway] 	Generating contract map for user _HimbaraBankOrgMSP_User1
2026.07.27-22:12:18.244[32m info [39m [caliper] [connectors/peer-gateway/PeerGateway] 	Generating contract map for user _CommercialBankOrgMSP_User1
2026.07.27-22:12:18.245[32m info [39m [caliper] [connectors/peer-gateway/PeerGateway] 	Generating contract map for user _CommercialBankOrgMSP_User1
2026.07.27-22:12:18.245[32m info [39m [caliper] [caliper-worker] 	Worker #1 starting workload loop
2026.07.27-22:12:18.245[32m info [39m [caliper] [caliper-worker] 	Worker #0 starting workload loop
2026.07.27-22:12:21.196[32m info [39m [caliper] [default-observer] 	[monetary-ops Round 1 Transaction Info] - Submitted: 40 Succ: 30 Fail:0 Unfinished:10
2026.07.27-22:12:23.347[32m info [39m [caliper] [connectors/peer-gateway/PeerGateway] 	disconnecting gateway for user User1
2026.07.27-22:12:23.347[32m info [39m [caliper] [connectors/peer-gateway/PeerGateway] 	disconnecting gateway for user User1
2026.07.27-22:12:23.347[32m info [39m [caliper] [connectors/peer-gateway/PeerGateway] 	disconnecting gateway for user _HimbaraBankOrgMSP_User1
2026.07.27-22:12:23.347[32m info [39m [caliper] [connectors/peer-gateway/PeerGateway] 	disconnecting gateway for user _HimbaraBankOrgMSP_User1
2026.07.27-22:12:23.347[32m info [39m [caliper] [connectors/peer-gateway/PeerGateway] 	disconnecting gateway for user _CommercialBankOrgMSP_User1
2026.07.27-22:12:23.347[32m info [39m [caliper] [connectors/peer-gateway/PeerGateway] 	disconnecting gateway for user _CommercialBankOrgMSP_User1
2026.07.27-22:12:23.347[32m info [39m [caliper] [connectors/peer-gateway/PeerGateway] 	disconnecting gRpc client at peer peer0.bi.paynet
2026.07.27-22:12:23.347[32m info [39m [caliper] [connectors/peer-gateway/PeerGateway] 	disconnecting gRpc client at peer peer0.bi.paynet
2026.07.27-22:12:23.347[32m info [39m [caliper] [connectors/peer-gateway/PeerGateway] 	disconnecting gRpc client at peer peer0.himbara.paynet
2026.07.27-22:12:23.347[32m info [39m [caliper] [connectors/peer-gateway/PeerGateway] 	disconnecting gRpc client at peer peer0.himbara.paynet
2026.07.27-22:12:23.347[32m info [39m [caliper] [connectors/peer-gateway/PeerGateway] 	disconnecting gRpc client at peer peer0.commercial.paynet
2026.07.27-22:12:23.347[32m info [39m [caliper] [connectors/peer-gateway/PeerGateway] 	disconnecting gRpc client at peer peer0.commercial.paynet
2026.07.27-22:12:23.348[32m info [39m [caliper] [worker-message-handler] 	Worker#0 finished Round#1
2026.07.27-22:12:23.348[32m info [39m [caliper] [worker-message-handler] 	Worker#1 finished Round#1
2026.07.27-22:12:28.349[32m info [39m [caliper] [default-observer] 	Resetting txCount indicator count
2026.07.27-22:12:28.349[32m info [39m [caliper] [report-builder] 	### Test result ###
2026.07.27-22:12:28.350[32m info [39m [caliper] [report-builder] 	
+--------------+------+------+-----------------+-----------------+-----------------+-----------------+------------------+
| Name         | Succ | Fail | Send Rate (TPS) | Max Latency (s) | Min Latency (s) | Avg Latency (s) | Throughput (TPS) |
|--------------|------|------|-----------------|-----------------|-----------------|-----------------|------------------|
| monetary-ops | 80   | 0    | 20.5            | 0.55            | 0.11            | 0.33            | 19.7             |
+--------------+------+------+-----------------+-----------------+-----------------+-----------------+------------------+

2026.07.27-22:12:28.355[32m info [39m [caliper] [report-builder] 	### docker resource stats ###'
2026.07.27-22:12:28.356[32m info [39m [caliper] [report-builder] 	
+-----------------------------+-----------+-----------+------------------+------------------+-----------------+------------------+-----------------+---------------+
| Name                        | CPU%(max) | CPU%(avg) | Memory(max) [MB] | Memory(avg) [MB] | Traffic In [MB] | Traffic Out [MB] | Disc Write [MB] | Disc Read [B] |
|-----------------------------|-----------|-----------|------------------|------------------|-----------------|------------------|-----------------|---------------|
| /peer0.pjp.paynet           | 0.17375   | 0.05125   | 105              | 105              | 0.795           | 0.419            | 2.26            | 0.00          |
|-----------------------------|-----------|-----------|------------------|------------------|-----------------|------------------|-----------------|---------------|
| /peer0.commercial.paynet    | 0.1975    | 0.05875   | 108              | 107              | 0.793           | 0.431            | 2.17            | 0.00          |
|-----------------------------|-----------|-----------|------------------|------------------|-----------------|------------------|-----------------|---------------|
| /peer0.himbara.paynet       | 0.15375   | 0.04875   | 118              | 117              | 0.773           | 0.395            | 2.09            | 0.00          |
|-----------------------------|-----------|-----------|------------------|------------------|-----------------|------------------|-----------------|---------------|
| /peer0.ojk.paynet           | 0.16625   | 0.05375   | 117              | 117              | 0.815           | 0.457            | 1.50            | 0.00          |
|-----------------------------|-----------|-----------|------------------|------------------|-----------------|------------------|-----------------|---------------|
| /peer0.bi.paynet            | 0.31625   | 0.08375   | 116              | 116              | 1.95            | 1.70             | 2.04            | 0.00          |
|-----------------------------|-----------|-----------|------------------|------------------|-----------------|------------------|-----------------|---------------|
| /couchdb0.pjp.paynet        | 0.39125   | 0.10375   | 56.5             | 55.9             | 0.136           | 0.105            | 3.45            | 0.00          |
|-----------------------------|-----------|-----------|------------------|------------------|-----------------|------------------|-----------------|---------------|
| /couchdb0.himbara.paynet    | 0.42625   | 0.10375   | 55.6             | 54.5             | 0.136           | 0.105            | 3.10            | 0.00          |
|-----------------------------|-----------|-----------|------------------|------------------|-----------------|------------------|-----------------|---------------|
| /couchdb0.commercial.paynet | 0.48625   | 0.11625   | 54.9             | 54.5             | 0.136           | 0.100            | 3.09            | 0.00          |
|-----------------------------|-----------|-----------|------------------|------------------|-----------------|------------------|-----------------|---------------|
| /couchdb0.bi.paynet         | 0.38875   | 0.0975    | 56.4             | 55.4             | 0.125           | 0.0707           | 3.51            | 0.00          |
|-----------------------------|-----------|-----------|------------------|------------------|-----------------|------------------|-----------------|---------------|
| /couchdb0.ojk.paynet        | 0.44875   | 0.11375   | 56.9             | 56.0             | 0.138           | 0.106            | 3.52            | 0.00          |
|-----------------------------|-----------|-----------|------------------|------------------|-----------------|------------------|-----------------|---------------|
| /orderer.paynet             | 0.04875   | 0.01      | 49.1             | 48.9             | 0.510           | 2.35             | 2.66            | 0.00          |
+-----------------------------+-----------+-----------+------------------+------------------+-----------------+------------------+-----------------+---------------+

2026.07.27-22:12:28.356[32m info [39m [caliper] [round-orchestrator] 	Finished round 2 (monetary-ops) in 4.102 seconds
2026.07.27-22:12:28.356[32m info [39m [caliper] [monitor.js] 	Stopping all monitors
2026.07.27-22:12:28.457[32m info [39m [caliper] [round-orchestrator] 	Waiting 5 seconds for the next round...
2026.07.27-22:12:33.457[32m info [39m [caliper] [round-orchestrator] 	Started round 3 (supervision-reads)
2026.07.27-22:12:33.458[32m info [39m [caliper] [worker-message-handler] 	Preparing Worker#0 for Round#2
2026.07.27-22:12:33.458[32m info [39m [caliper] [worker-message-handler] 	Preparing Worker#1 for Round#2
2026.07.27-22:12:33.460[32m info [39m [caliper] [connectors/peer-gateway/PeerGateway] 	Generating contract map for user User1
2026.07.27-22:12:33.461[32m info [39m [caliper] [connectors/peer-gateway/PeerGateway] 	Generating contract map for user User1
2026.07.27-22:12:33.462[32m info [39m [caliper] [connectors/peer-gateway/PeerGateway] 	Generating contract map for user _HimbaraBankOrgMSP_User1
2026.07.27-22:12:33.462[32m info [39m [caliper] [connectors/peer-gateway/PeerGateway] 	Generating contract map for user _HimbaraBankOrgMSP_User1
2026.07.27-22:12:33.464[32m info [39m [caliper] [connectors/peer-gateway/PeerGateway] 	Generating contract map for user _CommercialBankOrgMSP_User1
2026.07.27-22:12:33.464[32m info [39m [caliper] [caliper-worker] 	Info: worker 0 prepare test phase for round 2 is starting...
2026.07.27-22:12:33.464[32m info [39m [caliper] [connectors/peer-gateway/PeerGateway] 	Generating contract map for user _CommercialBankOrgMSP_User1
2026.07.27-22:12:33.465[32m info [39m [caliper] [caliper-worker] 	Info: worker 1 prepare test phase for round 2 is starting...
2026.07.27-22:12:54.717[32m info [39m [caliper] [connectors/peer-gateway/PeerGateway] 	disconnecting gateway for user User1
2026.07.27-22:12:54.717[32m info [39m [caliper] [connectors/peer-gateway/PeerGateway] 	disconnecting gateway for user User1
2026.07.27-22:12:54.717[32m info [39m [caliper] [connectors/peer-gateway/PeerGateway] 	disconnecting gateway for user _HimbaraBankOrgMSP_User1
2026.07.27-22:12:54.717[32m info [39m [caliper] [connectors/peer-gateway/PeerGateway] 	disconnecting gateway for user _CommercialBankOrgMSP_User1
2026.07.27-22:12:54.717[32m info [39m [caliper] [connectors/peer-gateway/PeerGateway] 	disconnecting gateway for user _HimbaraBankOrgMSP_User1
2026.07.27-22:12:54.717[32m info [39m [caliper] [connectors/peer-gateway/PeerGateway] 	disconnecting gRpc client at peer peer0.bi.paynet
2026.07.27-22:12:54.717[32m info [39m [caliper] [connectors/peer-gateway/PeerGateway] 	disconnecting gateway for user _CommercialBankOrgMSP_User1
2026.07.27-22:12:54.717[32m info [39m [caliper] [connectors/peer-gateway/PeerGateway] 	disconnecting gRpc client at peer peer0.bi.paynet
2026.07.27-22:12:54.717[32m info [39m [caliper] [connectors/peer-gateway/PeerGateway] 	disconnecting gRpc client at peer peer0.himbara.paynet
2026.07.27-22:12:54.717[32m info [39m [caliper] [connectors/peer-gateway/PeerGateway] 	disconnecting gRpc client at peer peer0.himbara.paynet
2026.07.27-22:12:54.717[32m info [39m [caliper] [connectors/peer-gateway/PeerGateway] 	disconnecting gRpc client at peer peer0.commercial.paynet
2026.07.27-22:12:54.717[32m info [39m [caliper] [connectors/peer-gateway/PeerGateway] 	disconnecting gRpc client at peer peer0.commercial.paynet
2026.07.27-22:12:54.717[32m info [39m [caliper] [caliper-worker] 	Info: worker 0 prepare test phase for round 2 is completed
2026.07.27-22:12:54.717[32m info [39m [caliper] [caliper-worker] 	Info: worker 1 prepare test phase for round 2 is completed
2026.07.27-22:12:54.717[32m info [39m [caliper] [worker-message-handler] 	Worker#0 prepared for Round#2
2026.07.27-22:12:54.717[32m info [39m [caliper] [worker-message-handler] 	Worker#1 prepared for Round#2
2026.07.27-22:12:54.718[32m info [39m [caliper] [worker-orchestrator] 	2 workers prepared, progressing to test phase.
2026.07.27-22:12:56.763[32m info [39m [caliper] [round-orchestrator] 	Monitors successfully started
2026.07.27-22:12:56.764[32m info [39m [caliper] [worker-message-handler] 	Worker#0 is starting Round#2
2026.07.27-22:12:56.764[32m info [39m [caliper] [worker-message-handler] 	Worker#1 is starting Round#2
2026.07.27-22:12:56.765[32m info [39m [caliper] [connectors/peer-gateway/PeerGateway] 	Generating contract map for user User1
2026.07.27-22:12:56.765[32m info [39m [caliper] [connectors/peer-gateway/PeerGateway] 	Generating contract map for user User1
2026.07.27-22:12:56.767[32m info [39m [caliper] [connectors/peer-gateway/PeerGateway] 	Generating contract map for user _HimbaraBankOrgMSP_User1
2026.07.27-22:12:56.767[32m info [39m [caliper] [connectors/peer-gateway/PeerGateway] 	Generating contract map for user _HimbaraBankOrgMSP_User1
2026.07.27-22:12:56.769[32m info [39m [caliper] [connectors/peer-gateway/PeerGateway] 	Generating contract map for user _CommercialBankOrgMSP_User1
2026.07.27-22:12:56.769[32m info [39m [caliper] [connectors/peer-gateway/PeerGateway] 	Generating contract map for user _CommercialBankOrgMSP_User1
2026.07.27-22:12:56.770[32m info [39m [caliper] [caliper-worker] 	Worker #1 starting workload loop
2026.07.27-22:12:56.770[32m info [39m [caliper] [caliper-worker] 	Worker #0 starting workload loop
2026.07.27-22:12:59.720[32m info [39m [caliper] [default-observer] 	[supervision-reads Round 2 Transaction Info] - Submitted: 80 Succ: 80 Fail:0 Unfinished:0
2026.07.27-22:13:00.472[32m info [39m [caliper] [connectors/peer-gateway/PeerGateway] 	disconnecting gateway for user User1
2026.07.27-22:13:00.472[32m info [39m [caliper] [connectors/peer-gateway/PeerGateway] 	disconnecting gateway for user User1
2026.07.27-22:13:00.473[32m info [39m [caliper] [connectors/peer-gateway/PeerGateway] 	disconnecting gateway for user _HimbaraBankOrgMSP_User1
2026.07.27-22:13:00.473[32m info [39m [caliper] [connectors/peer-gateway/PeerGateway] 	disconnecting gateway for user _CommercialBankOrgMSP_User1
2026.07.27-22:13:00.473[32m info [39m [caliper] [connectors/peer-gateway/PeerGateway] 	disconnecting gateway for user _HimbaraBankOrgMSP_User1
2026.07.27-22:13:00.473[32m info [39m [caliper] [connectors/peer-gateway/PeerGateway] 	disconnecting gRpc client at peer peer0.bi.paynet
2026.07.27-22:13:00.473[32m info [39m [caliper] [connectors/peer-gateway/PeerGateway] 	disconnecting gateway for user _CommercialBankOrgMSP_User1
2026.07.27-22:13:00.473[32m info [39m [caliper] [connectors/peer-gateway/PeerGateway] 	disconnecting gRpc client at peer peer0.bi.paynet
2026.07.27-22:13:00.473[32m info [39m [caliper] [connectors/peer-gateway/PeerGateway] 	disconnecting gRpc client at peer peer0.himbara.paynet
2026.07.27-22:13:00.473[32m info [39m [caliper] [connectors/peer-gateway/PeerGateway] 	disconnecting gRpc client at peer peer0.commercial.paynet
2026.07.27-22:13:00.473[32m info [39m [caliper] [worker-message-handler] 	Worker#0 finished Round#2
2026.07.27-22:13:00.473[32m info [39m [caliper] [connectors/peer-gateway/PeerGateway] 	disconnecting gRpc client at peer peer0.himbara.paynet
2026.07.27-22:13:00.473[32m info [39m [caliper] [connectors/peer-gateway/PeerGateway] 	disconnecting gRpc client at peer peer0.commercial.paynet
2026.07.27-22:13:00.473[32m info [39m [caliper] [worker-message-handler] 	Worker#1 finished Round#2
2026.07.27-22:13:05.475[32m info [39m [caliper] [default-observer] 	Resetting txCount indicator count
2026.07.27-22:13:05.475[32m info [39m [caliper] [report-builder] 	### Test result ###
2026.07.27-22:13:05.475[32m info [39m [caliper] [report-builder] 	
+-------------------+------+------+-----------------+-----------------+-----------------+-----------------+------------------+
| Name              | Succ | Fail | Send Rate (TPS) | Max Latency (s) | Min Latency (s) | Avg Latency (s) | Throughput (TPS) |
|-------------------|------|------|-----------------|-----------------|-----------------|-----------------|------------------|
| supervision-reads | 80   | 0    | 30.8            | 0.09            | 0.00            | 0.04            | 30.7             |
+-------------------+------+------+-----------------+-----------------+-----------------+-----------------+------------------+

2026.07.27-22:13:05.481[32m info [39m [caliper] [report-builder] 	### docker resource stats ###'
2026.07.27-22:13:05.483[32m info [39m [caliper] [report-builder] 	
+-----------------------------+-----------+-----------+------------------+------------------+-----------------+------------------+----------------+---------------+
| Name                        | CPU%(max) | CPU%(avg) | Memory(max) [MB] | Memory(avg) [MB] | Traffic In [MB] | Traffic Out [MB] | Disc Write [B] | Disc Read [B] |
|-----------------------------|-----------|-----------|------------------|------------------|-----------------|------------------|----------------|---------------|
| /peer0.pjp.paynet           | 0.035     | 0.02      | 112              | 112              | 0.0354          | 0.0369           | 0.00           | 0.00          |
|-----------------------------|-----------|-----------|------------------|------------------|-----------------|------------------|----------------|---------------|
| /peer0.commercial.paynet    | 0.0275    | 0.01625   | 115              | 115              | 0.0342          | 0.0347           | 0.00           | 0.00          |
|-----------------------------|-----------|-----------|------------------|------------------|-----------------|------------------|----------------|---------------|
| /peer0.himbara.paynet       | 0.03875   | 0.0175    | 120              | 120              | 0.0320          | 0.0335           | 0.00           | 0.00          |
|-----------------------------|-----------|-----------|------------------|------------------|-----------------|------------------|----------------|---------------|
| /peer0.ojk.paynet           | 0.03      | 0.01625   | 122              | 121              | 0.0328          | 0.0319           | 0.00           | 0.00          |
|-----------------------------|-----------|-----------|------------------|------------------|-----------------|------------------|----------------|---------------|
| /peer0.bi.paynet            | 0.4725    | 0.13375   | 122              | 122              | 13.1            | 8.32             | 0.00           | 0.00          |
|-----------------------------|-----------|-----------|------------------|------------------|-----------------|------------------|----------------|---------------|
| /couchdb0.pjp.paynet        | 0.12125   | 0.05375   | 56.0             | 55.4             | 0.00            | 0.00             | 0.00           | 0.00          |
|-----------------------------|-----------|-----------|------------------|------------------|-----------------|------------------|----------------|---------------|
| /couchdb0.himbara.paynet    | 0.095     | 0.04      | 55.4             | 55.3             | 0.00            | 0.00             | 0.00           | 0.00          |
|-----------------------------|-----------|-----------|------------------|------------------|-----------------|------------------|----------------|---------------|
| /couchdb0.commercial.paynet | 0.10375   | 0.045     | 54.8             | 54.7             | 0.00            | 0.00             | 0.00           | 0.00          |
|-----------------------------|-----------|-----------|------------------|------------------|-----------------|------------------|----------------|---------------|
| /couchdb0.bi.paynet         | 1.23125   | 0.35125   | 55.4             | 55.2             | 0.378           | 11.6             | 0.00           | 0.00          |
|-----------------------------|-----------|-----------|------------------|------------------|-----------------|------------------|----------------|---------------|
| /couchdb0.ojk.paynet        | 0.1025    | 0.0425    | 56.2             | 55.5             | 0.00            | 0.00             | 0.00           | 0.00          |
|-----------------------------|-----------|-----------|------------------|------------------|-----------------|------------------|----------------|---------------|
| /orderer.paynet             | 0.00125   | 0         | 56.8             | 56.8             | 0.000163        | 0.000163         | 0.00           | 0.00          |
+-----------------------------+-----------+-----------+------------------+------------------+-----------------+------------------+----------------+---------------+

2026.07.27-22:13:05.483[32m info [39m [caliper] [round-orchestrator] 	Finished round 3 (supervision-reads) in 2.703 seconds
2026.07.27-22:13:05.483[32m info [39m [caliper] [monitor.js] 	Stopping all monitors
2026.07.27-22:13:05.583[32m info [39m [caliper] [round-orchestrator] 	Waiting 5 seconds for the next round...
2026.07.27-22:13:10.583[32m info [39m [caliper] [round-orchestrator] 	Started round 4 (admin-policy)
2026.07.27-22:13:10.584[32m info [39m [caliper] [worker-message-handler] 	Preparing Worker#0 for Round#3
2026.07.27-22:13:10.584[32m info [39m [caliper] [worker-message-handler] 	Preparing Worker#1 for Round#3
2026.07.27-22:13:10.587[32m info [39m [caliper] [connectors/peer-gateway/PeerGateway] 	Generating contract map for user User1
2026.07.27-22:13:10.587[32m info [39m [caliper] [connectors/peer-gateway/PeerGateway] 	Generating contract map for user User1
2026.07.27-22:13:10.589[32m info [39m [caliper] [connectors/peer-gateway/PeerGateway] 	Generating contract map for user _HimbaraBankOrgMSP_User1
2026.07.27-22:13:10.589[32m info [39m [caliper] [connectors/peer-gateway/PeerGateway] 	Generating contract map for user _HimbaraBankOrgMSP_User1
2026.07.27-22:13:10.590[32m info [39m [caliper] [connectors/peer-gateway/PeerGateway] 	Generating contract map for user _CommercialBankOrgMSP_User1
2026.07.27-22:13:10.590[32m info [39m [caliper] [caliper-worker] 	Info: worker 0 prepare test phase for round 3 is starting...
2026.07.27-22:13:10.590[32m info [39m [caliper] [connectors/peer-gateway/PeerGateway] 	Generating contract map for user _CommercialBankOrgMSP_User1
2026.07.27-22:13:10.591[32m info [39m [caliper] [caliper-worker] 	Info: worker 1 prepare test phase for round 3 is starting...
2026.07.27-22:13:10.591[32m info [39m [caliper] [connectors/peer-gateway/PeerGateway] 	disconnecting gateway for user User1
2026.07.27-22:13:10.591[32m info [39m [caliper] [connectors/peer-gateway/PeerGateway] 	disconnecting gateway for user _HimbaraBankOrgMSP_User1
2026.07.27-22:13:10.591[32m info [39m [caliper] [connectors/peer-gateway/PeerGateway] 	disconnecting gateway for user _CommercialBankOrgMSP_User1
2026.07.27-22:13:10.591[32m info [39m [caliper] [connectors/peer-gateway/PeerGateway] 	disconnecting gRpc client at peer peer0.bi.paynet
2026.07.27-22:13:10.591[32m info [39m [caliper] [connectors/peer-gateway/PeerGateway] 	disconnecting gRpc client at peer peer0.himbara.paynet
2026.07.27-22:13:10.591[32m info [39m [caliper] [connectors/peer-gateway/PeerGateway] 	disconnecting gRpc client at peer peer0.commercial.paynet
2026.07.27-22:13:10.591[32m info [39m [caliper] [caliper-worker] 	Info: worker 0 prepare test phase for round 3 is completed
2026.07.27-22:13:10.591[32m info [39m [caliper] [worker-message-handler] 	Worker#0 prepared for Round#3
2026.07.27-22:13:10.592[32m info [39m [caliper] [connectors/peer-gateway/PeerGateway] 	disconnecting gateway for user User1
2026.07.27-22:13:10.592[32m info [39m [caliper] [connectors/peer-gateway/PeerGateway] 	disconnecting gateway for user _HimbaraBankOrgMSP_User1
2026.07.27-22:13:10.592[32m info [39m [caliper] [connectors/peer-gateway/PeerGateway] 	disconnecting gateway for user _CommercialBankOrgMSP_User1
2026.07.27-22:13:10.592[32m info [39m [caliper] [connectors/peer-gateway/PeerGateway] 	disconnecting gRpc client at peer peer0.bi.paynet
2026.07.27-22:13:10.592[32m info [39m [caliper] [connectors/peer-gateway/PeerGateway] 	disconnecting gRpc client at peer peer0.himbara.paynet
2026.07.27-22:13:10.592[32m info [39m [caliper] [connectors/peer-gateway/PeerGateway] 	disconnecting gRpc client at peer peer0.commercial.paynet
2026.07.27-22:13:10.592[32m info [39m [caliper] [caliper-worker] 	Info: worker 1 prepare test phase for round 3 is completed
2026.07.27-22:13:10.593[32m info [39m [caliper] [worker-message-handler] 	Worker#1 prepared for Round#3
2026.07.27-22:13:10.593[32m info [39m [caliper] [worker-orchestrator] 	2 workers prepared, progressing to test phase.
2026.07.27-22:13:12.623[32m info [39m [caliper] [round-orchestrator] 	Monitors successfully started
2026.07.27-22:13:12.624[32m info [39m [caliper] [worker-message-handler] 	Worker#0 is starting Round#3
2026.07.27-22:13:12.624[32m info [39m [caliper] [worker-message-handler] 	Worker#1 is starting Round#3
2026.07.27-22:13:12.625[32m info [39m [caliper] [connectors/peer-gateway/PeerGateway] 	Generating contract map for user User1
2026.07.27-22:13:12.625[32m info [39m [caliper] [connectors/peer-gateway/PeerGateway] 	Generating contract map for user User1
2026.07.27-22:13:12.627[32m info [39m [caliper] [connectors/peer-gateway/PeerGateway] 	Generating contract map for user _HimbaraBankOrgMSP_User1
2026.07.27-22:13:12.627[32m info [39m [caliper] [connectors/peer-gateway/PeerGateway] 	Generating contract map for user _HimbaraBankOrgMSP_User1
2026.07.27-22:13:12.628[32m info [39m [caliper] [connectors/peer-gateway/PeerGateway] 	Generating contract map for user _CommercialBankOrgMSP_User1
2026.07.27-22:13:12.628[32m info [39m [caliper] [connectors/peer-gateway/PeerGateway] 	Generating contract map for user _CommercialBankOrgMSP_User1
2026.07.27-22:13:12.628[32m info [39m [caliper] [caliper-worker] 	Worker #1 starting workload loop
2026.07.27-22:13:12.628[32m info [39m [caliper] [caliper-worker] 	Worker #0 starting workload loop
2026.07.27-22:13:15.594[32m info [39m [caliper] [default-observer] 	[admin-policy Round 3 Transaction Info] - Submitted: 10 Succ: 10 Fail:0 Unfinished:0
2026.07.27-22:13:20.595[32m info [39m [caliper] [default-observer] 	[admin-policy Round 3 Transaction Info] - Submitted: 40 Succ: 40 Fail:0 Unfinished:0
2026.07.27-22:13:21.332[32m info [39m [caliper] [connectors/peer-gateway/PeerGateway] 	disconnecting gateway for user User1
2026.07.27-22:13:21.332[32m info [39m [caliper] [connectors/peer-gateway/PeerGateway] 	disconnecting gateway for user _HimbaraBankOrgMSP_User1
2026.07.27-22:13:21.332[32m info [39m [caliper] [connectors/peer-gateway/PeerGateway] 	disconnecting gateway for user _CommercialBankOrgMSP_User1
2026.07.27-22:13:21.332[32m info [39m [caliper] [connectors/peer-gateway/PeerGateway] 	disconnecting gRpc client at peer peer0.bi.paynet
2026.07.27-22:13:21.332[32m info [39m [caliper] [connectors/peer-gateway/PeerGateway] 	disconnecting gRpc client at peer peer0.himbara.paynet
2026.07.27-22:13:21.332[32m info [39m [caliper] [connectors/peer-gateway/PeerGateway] 	disconnecting gRpc client at peer peer0.commercial.paynet
2026.07.27-22:13:21.332[32m info [39m [caliper] [worker-message-handler] 	Worker#0 finished Round#3
2026.07.27-22:13:21.334[32m info [39m [caliper] [connectors/peer-gateway/PeerGateway] 	disconnecting gateway for user User1
2026.07.27-22:13:21.334[32m info [39m [caliper] [connectors/peer-gateway/PeerGateway] 	disconnecting gateway for user _HimbaraBankOrgMSP_User1
2026.07.27-22:13:21.334[32m info [39m [caliper] [connectors/peer-gateway/PeerGateway] 	disconnecting gateway for user _CommercialBankOrgMSP_User1
2026.07.27-22:13:21.334[32m info [39m [caliper] [connectors/peer-gateway/PeerGateway] 	disconnecting gRpc client at peer peer0.bi.paynet
2026.07.27-22:13:21.334[32m info [39m [caliper] [connectors/peer-gateway/PeerGateway] 	disconnecting gRpc client at peer peer0.himbara.paynet
2026.07.27-22:13:21.334[32m info [39m [caliper] [connectors/peer-gateway/PeerGateway] 	disconnecting gRpc client at peer peer0.commercial.paynet
2026.07.27-22:13:21.334[32m info [39m [caliper] [worker-message-handler] 	Worker#1 finished Round#3
2026.07.27-22:13:26.336[32m info [39m [caliper] [default-observer] 	Resetting txCount indicator count
2026.07.27-22:13:26.336[32m info [39m [caliper] [report-builder] 	### Test result ###
2026.07.27-22:13:26.336[32m info [39m [caliper] [report-builder] 	
+--------------+------+------+-----------------+-----------------+-----------------+-----------------+------------------+
| Name         | Succ | Fail | Send Rate (TPS) | Max Latency (s) | Min Latency (s) | Avg Latency (s) | Throughput (TPS) |
|--------------|------|------|-----------------|-----------------|-----------------|-----------------|------------------|
| admin-policy | 40   | 0    | 5.3             | 1.71            | 0.09            | 0.90            | 5.2              |
+--------------+------+------+-----------------+-----------------+-----------------+-----------------+------------------+

2026.07.27-22:13:26.340[32m info [39m [caliper] [report-builder] 	### docker resource stats ###'
2026.07.27-22:13:26.342[32m info [39m [caliper] [report-builder] 	
+-----------------------------+-----------+-----------+------------------+------------------+-----------------+------------------+-----------------+---------------+
| Name                        | CPU%(max) | CPU%(avg) | Memory(max) [MB] | Memory(avg) [MB] | Traffic In [KB] | Traffic Out [MB] | Disc Write [MB] | Disc Read [B] |
|-----------------------------|-----------|-----------|------------------|------------------|-----------------|------------------|-----------------|---------------|
| /peer0.pjp.paynet           | 0.07625   | 0.0325    | 113              | 112              | 376             | 0.191            | 0.508           | 0.00          |
|-----------------------------|-----------|-----------|------------------|------------------|-----------------|------------------|-----------------|---------------|
| /peer0.commercial.paynet    | 0.03625   | 0.02125   | 116              | 114              | 359             | 0.168            | 0.871           | 0.00          |
|-----------------------------|-----------|-----------|------------------|------------------|-----------------|------------------|-----------------|---------------|
| /peer0.himbara.paynet       | 0.04125   | 0.02375   | 121              | 120              | 393             | 0.209            | 0.559           | 0.00          |
|-----------------------------|-----------|-----------|------------------|------------------|-----------------|------------------|-----------------|---------------|
| /peer0.ojk.paynet           | 0.03875   | 0.02      | 122              | 121              | 380             | 0.196            | 0.906           | 0.00          |
|-----------------------------|-----------|-----------|------------------|------------------|-----------------|------------------|-----------------|---------------|
| /peer0.bi.paynet            | 0.0625    | 0.03625   | 123              | 122              | 904             | 0.786            | 0.891           | 0.00          |
|-----------------------------|-----------|-----------|------------------|------------------|-----------------|------------------|-----------------|---------------|
| /couchdb0.pjp.paynet        | 0.0925    | 0.03375   | 55.5             | 55.3             | 42.0            | 0.0279           | 1.10            | 0.00          |
|-----------------------------|-----------|-----------|------------------|------------------|-----------------|------------------|-----------------|---------------|
| /couchdb0.himbara.paynet    | 0.08875   | 0.03      | 55.9             | 55.2             | 42.1            | 0.0278           | 1.31            | 0.00          |
|-----------------------------|-----------|-----------|------------------|------------------|-----------------|------------------|-----------------|---------------|
| /couchdb0.commercial.paynet | 0.08375   | 0.03      | 55.3             | 55.0             | 42.2            | 0.0281           | 1.14            | 0.00          |
|-----------------------------|-----------|-----------|------------------|------------------|-----------------|------------------|-----------------|---------------|
| /couchdb0.bi.paynet         | 0.10125   | 0.03625   | 55.9             | 55.6             | 42.2            | 0.0279           | 1.25            | 0.00          |
|-----------------------------|-----------|-----------|------------------|------------------|-----------------|------------------|-----------------|---------------|
| /couchdb0.ojk.paynet        | 0.0825    | 0.02875   | 56.5             | 55.9             | 42.3            | 0.0281           | 1.31            | 0.00          |
|-----------------------------|-----------|-----------|------------------|------------------|-----------------|------------------|-----------------|---------------|
| /orderer.paynet             | 0.00875   | 0.00375   | 57.8             | 57.0             | 242             | 1.08             | 1.10            | 0.00          |
+-----------------------------+-----------+-----------+------------------+------------------+-----------------+------------------+-----------------+---------------+

2026.07.27-22:13:26.342[32m info [39m [caliper] [round-orchestrator] 	Finished round 4 (admin-policy) in 7.705 seconds
2026.07.27-22:13:26.342[32m info [39m [caliper] [monitor.js] 	Stopping all monitors
2026.07.27-22:13:26.442[32m info [39m [caliper] [report-builder] 	### All test results ###
2026.07.27-22:13:26.443[32m info [39m [caliper] [report-builder] 	
+-------------------+------+------+-----------------+-----------------+-----------------+-----------------+------------------+
| Name              | Succ | Fail | Send Rate (TPS) | Max Latency (s) | Min Latency (s) | Avg Latency (s) | Throughput (TPS) |
|-------------------|------|------|-----------------|-----------------|-----------------|-----------------|------------------|
| kyc-onboarding    | 56   | 0    | 4.5             | 2.19            | 0.09            | 0.85            | 3.8              |
|-------------------|------|------|-----------------|-----------------|-----------------|-----------------|------------------|
| monetary-ops      | 80   | 0    | 20.5            | 0.55            | 0.11            | 0.33            | 19.7             |
|-------------------|------|------|-----------------|-----------------|-----------------|-----------------|------------------|
| supervision-reads | 80   | 0    | 30.8            | 0.09            | 0.00            | 0.04            | 30.7             |
|-------------------|------|------|-----------------|-----------------|-----------------|-----------------|------------------|
| admin-policy      | 40   | 0    | 5.3             | 1.71            | 0.09            | 0.90            | 5.2              |
+-------------------+------+------+-----------------+-----------------+-----------------+-----------------+------------------+

2026.07.27-22:13:26.451[32m info [39m [caliper] [report-builder] 	Generated report with path /home/mfachrizalg/2026/Skripsi/bi-coin/bi-coin-fabric/report.html
2026.07.27-22:13:26.451[32m info [39m [caliper] [monitor.js] 	Stopping all monitors
2026.07.27-22:13:26.451[32m info [39m [caliper] [worker-orchestrator] 	Sending exit message to connected workers
2026.07.27-22:13:26.452[32m info [39m [caliper] [round-orchestrator] 	Benchmark finished in 106.943 seconds. Total rounds: 4. Successful rounds: 4. Failed rounds: 0.
2026.07.27-22:13:26.452[32m info [39m [caliper] [caliper-engine] 	Network configuration attribute "caliper.command.end" is not present, skipping end command
2026.07.27-22:13:26.452[32m info [39m [caliper] [cli-launch-manager] 	Benchmark successfully finished!
2026.07.27-22:13:26.452[32m info [39m [caliper] [worker-message-handler] 	Worker#0 is exiting
2026.07.27-22:13:26.452[32m info [39m [caliper] [worker-message-handler] 	Worker#1 is exiting
