> caliper launch manager --caliper-benchconfig benchmark/benchconfigs/authorization.yaml --caliper-networkconfig benchmark/networkconfig.yaml --caliper-workspace .
2026.08.11-13:23:08.736[32m info [39m [caliper] [cli-launch-manager] 	Set workspace path: /home/mfachrizalg/2026/Skripsi/bi-coin/bi-coin-fabric
2026.08.11-13:23:08.737[32m info [39m [caliper] [cli-launch-manager] 	Set benchmark configuration path: /home/mfachrizalg/2026/Skripsi/bi-coin/bi-coin-fabric/benchmark/benchconfigs/authorization.yaml
2026.08.11-13:23:08.737[32m info [39m [caliper] [cli-launch-manager] 	Set network configuration path: /home/mfachrizalg/2026/Skripsi/bi-coin/bi-coin-fabric/benchmark/networkconfig.yaml
2026.08.11-13:23:08.737[32m info [39m [caliper] [cli-launch-manager] 	Set SUT type: fabric
2026.08.11-13:23:08.757[32m info [39m [caliper] [caliper-engine] 	Starting benchmark flow
2026.08.11-13:23:08.758[32m info [39m [caliper] [caliper-engine] 	Network configuration attribute "caliper.command.start" is not present, skipping start command
2026.08.11-13:23:09.390[32m info [39m [caliper] [FabricConnectorFactory] 	Initializing peer gateway connector compatible with installed fabric-gateway SDK: 1.5.0
2026.08.11-13:23:09.406[32m info [39m [caliper] [IdentityManager] 	Adding User1 (admin=false) as User1 for organization BankIndonesiaOrgMSP
2026.08.11-13:23:09.407[32m info [39m [caliper] [IdentityManager] 	Adding User1 (admin=false) as _HimbaraBankOrgMSP_User1 for organization HimbaraBankOrgMSP
2026.08.11-13:23:09.408[32m info [39m [caliper] [IdentityManager] 	Adding User1 (admin=false) as _CommercialBankOrgMSP_User1 for organization CommercialBankOrgMSP
2026.08.11-13:23:09.411[32m info [39m [caliper] [connectors/peer-gateway/PeerGateway] 	Fabric-Gateway SDK version: 1.5.0 for Peer-Gateway connector; TLS based on BankIndonesiaOrgMSP: server
2026.08.11-13:23:09.411[32m info [39m [caliper] [caliper-engine] 	Executed "init" step in 0.001 seconds
2026.08.11-13:23:09.411[33m warn [39m [caliper] [connectors/peer-gateway/PeerGateway] 	Install smart contract not available for the Fabric Peer Gateway connector
2026.08.11-13:23:09.411[32m info [39m [caliper] [caliper-engine] 	Executed "install" step in 0 seconds
2026.08.11-13:23:09.413[32m info [39m [caliper] [monitor.js] 	Attempting to create resource monitor of type docker
2026.08.11-13:23:09.415[32m info [39m [caliper] [default-observer] 	Observer interval set to 5000 milliseconds
2026.08.11-13:23:09.418[32m info [39m [caliper] [round-orchestrator] 	Preparing worker connections
2026.08.11-13:23:09.419[32m info [39m [caliper] [worker-orchestrator] 	Launching worker 1 of 1
2026.08.11-13:23:09.423[32m info [39m [caliper] [worker-orchestrator] 	Messenger not configured, entering configure phase...
2026.08.11-13:23:09.424[32m info [39m [caliper] [worker-orchestrator] 	No existing workers detected, entering worker launch phase...
2026.08.11-13:23:09.424[32m info [39m [caliper] [worker-orchestrator] 	Waiting for 1 workers to be connected...
2026.08.11-13:23:09.794[32m info [39m [caliper] [cli-launch-worker] 	Set workspace path: /home/mfachrizalg/2026/Skripsi/bi-coin/bi-coin-fabric
2026.08.11-13:23:09.796[32m info [39m [caliper] [cli-launch-worker] 	Set benchmark configuration path: /home/mfachrizalg/2026/Skripsi/bi-coin/bi-coin-fabric/benchmark/benchconfigs/authorization.yaml
2026.08.11-13:23:09.796[32m info [39m [caliper] [cli-launch-worker] 	Set network configuration path: /home/mfachrizalg/2026/Skripsi/bi-coin/bi-coin-fabric/benchmark/networkconfig.yaml
2026.08.11-13:23:09.796[32m info [39m [caliper] [cli-launch-worker] 	Set SUT type: fabric
2026.08.11-13:23:09.821[32m info [39m [caliper] [worker-orchestrator] 	1 workers connected, progressing to worker assignment phase.
2026.08.11-13:23:09.821[32m info [39m [caliper] [worker-orchestrator] 	Workers currently unassigned, awaiting index assignment...
2026.08.11-13:23:09.822[32m info [39m [caliper] [worker-orchestrator] 	Waiting for 1 workers to be assigned...
2026.08.11-13:23:09.858[32m info [39m [caliper] [worker-orchestrator] 	1 workers assigned, progressing to worker initialization phase.
2026.08.11-13:23:09.858[32m info [39m [caliper] [worker-orchestrator] 	Waiting for 1 workers to be ready...
2026.08.11-13:23:09.859[32m info [39m [caliper] [worker-message-handler] 	Initializing Worker#0...
2026.08.11-13:23:10.351[32m info [39m [caliper] [FabricConnectorFactory] 	Initializing peer gateway connector compatible with installed fabric-gateway SDK: 1.5.0
2026.08.11-13:23:10.356[32m info [39m [caliper] [IdentityManager] 	Adding User1 (admin=false) as User1 for organization BankIndonesiaOrgMSP
2026.08.11-13:23:10.357[32m info [39m [caliper] [IdentityManager] 	Adding User1 (admin=false) as _HimbaraBankOrgMSP_User1 for organization HimbaraBankOrgMSP
2026.08.11-13:23:10.358[32m info [39m [caliper] [IdentityManager] 	Adding User1 (admin=false) as _CommercialBankOrgMSP_User1 for organization CommercialBankOrgMSP
2026.08.11-13:23:10.359[32m info [39m [caliper] [worker-message-handler] 	Worker#0 initialized
2026.08.11-13:23:10.360[32m info [39m [caliper] [worker-orchestrator] 	1 workers ready, progressing to test preparation phase.
2026.08.11-13:23:10.360[32m info [39m [caliper] [round-orchestrator] 	Started round 1 (custody-authorization)
2026.08.11-13:23:10.361[32m info [39m [caliper] [worker-message-handler] 	Preparing Worker#0 for Round#0
2026.08.11-13:23:10.378[32m info [39m [caliper] [connectors/peer-gateway/PeerGateway] 	Generating contract map for user User1
2026.08.11-13:23:10.386[32m info [39m [caliper] [connectors/peer-gateway/PeerGateway] 	Generating contract map for user _HimbaraBankOrgMSP_User1
2026.08.11-13:23:10.388[32m info [39m [caliper] [connectors/peer-gateway/PeerGateway] 	Generating contract map for user _CommercialBankOrgMSP_User1
2026.08.11-13:23:10.388[32m info [39m [caliper] [caliper-worker] 	Info: worker 0 prepare test phase for round 0 is starting...
2026.08.11-13:23:29.311[32m info [39m [caliper] [connectors/peer-gateway/PeerGateway] 	disconnecting gateway for user User1
2026.08.11-13:23:29.311[32m info [39m [caliper] [connectors/peer-gateway/PeerGateway] 	disconnecting gateway for user _HimbaraBankOrgMSP_User1
2026.08.11-13:23:29.311[32m info [39m [caliper] [connectors/peer-gateway/PeerGateway] 	disconnecting gateway for user _CommercialBankOrgMSP_User1
2026.08.11-13:23:29.311[32m info [39m [caliper] [connectors/peer-gateway/PeerGateway] 	disconnecting gRpc client at peer peer0.bi.paynet
2026.08.11-13:23:29.311[32m info [39m [caliper] [connectors/peer-gateway/PeerGateway] 	disconnecting gRpc client at peer peer0.himbara.paynet
2026.08.11-13:23:29.311[32m info [39m [caliper] [connectors/peer-gateway/PeerGateway] 	disconnecting gRpc client at peer peer0.commercial.paynet
2026.08.11-13:23:29.311[32m info [39m [caliper] [caliper-worker] 	Info: worker 0 prepare test phase for round 0 is completed
2026.08.11-13:23:29.311[32m info [39m [caliper] [worker-message-handler] 	Worker#0 prepared for Round#0
2026.08.11-13:23:29.312[32m info [39m [caliper] [worker-orchestrator] 	1 workers prepared, progressing to test phase.
2026.08.11-13:23:31.447[32m info [39m [caliper] [round-orchestrator] 	Monitors successfully started
2026.08.11-13:23:31.448[32m info [39m [caliper] [worker-message-handler] 	Worker#0 is starting Round#0
2026.08.11-13:23:31.452[32m info [39m [caliper] [connectors/peer-gateway/PeerGateway] 	Generating contract map for user User1
2026.08.11-13:23:31.455[32m info [39m [caliper] [connectors/peer-gateway/PeerGateway] 	Generating contract map for user _HimbaraBankOrgMSP_User1
2026.08.11-13:23:31.456[32m info [39m [caliper] [connectors/peer-gateway/PeerGateway] 	Generating contract map for user _CommercialBankOrgMSP_User1
2026.08.11-13:23:31.458[32m info [39m [caliper] [caliper-worker] 	Worker #0 starting workload loop
2026.08.11-13:23:31.508[31m error[39m [caliper] [connectors/peer-gateway/PeerGateway] 	Failed to perform submit transaction [Transfer] using arguments [wlt_auth_sender_20260811-live-v3-authfix2_custody-authorization_w0_r0,wlt_auth_receiver_20260811-live-v3-authfix2_custody-authorization_w0_r0,1000,custody_20260811-live-v3-authfix2_custody-authorization_w0_r0_himbara],  with error: EndorseError: 10 ABORTED: failed to endorse transaction, see attached details for more info
Details:
-  peer0.himbara.paynet:9051:chaincode response 500, custodian MSP mismatch: caller HimbaraBankOrgMSP must equal sender custodian BankIndonesiaOrgMSP
{"event":"authorization-oracle","worker":0,"actor":{"invokerMspId":"HimbaraBankOrgMSP","invokerIdentity":"User1"},"targetCustodian":"BankIndonesiaOrgMSP","total":1,"failed":1,"custodyErrors":1,"infrastructureErrors":0,"verdict":"PASS"}
2026.08.11-13:23:32.568[32m info [39m [caliper] [connectors/peer-gateway/PeerGateway] 	disconnecting gateway for user User1
2026.08.11-13:23:32.569[32m info [39m [caliper] [connectors/peer-gateway/PeerGateway] 	disconnecting gateway for user _HimbaraBankOrgMSP_User1
2026.08.11-13:23:32.569[32m info [39m [caliper] [connectors/peer-gateway/PeerGateway] 	disconnecting gateway for user _CommercialBankOrgMSP_User1
2026.08.11-13:23:32.569[32m info [39m [caliper] [connectors/peer-gateway/PeerGateway] 	disconnecting gRpc client at peer peer0.bi.paynet
2026.08.11-13:23:32.569[32m info [39m [caliper] [connectors/peer-gateway/PeerGateway] 	disconnecting gRpc client at peer peer0.himbara.paynet
2026.08.11-13:23:32.569[32m info [39m [caliper] [connectors/peer-gateway/PeerGateway] 	disconnecting gRpc client at peer peer0.commercial.paynet
2026.08.11-13:23:32.569[32m info [39m [caliper] [worker-message-handler] 	Worker#0 finished Round#0
2026.08.11-13:23:37.571[32m info [39m [caliper] [default-observer] 	Resetting txCount indicator count
2026.08.11-13:23:37.572[32m info [39m [caliper] [report-builder] 	### Test result ###
2026.08.11-13:23:37.577[32m info [39m [caliper] [report-builder] 	
+-----------------------+------+------+-----------------+-----------------+-----------------+-----------------+------------------+
| Name                  | Succ | Fail | Send Rate (TPS) | Max Latency (s) | Min Latency (s) | Avg Latency (s) | Throughput (TPS) |
|-----------------------|------|------|-----------------|-----------------|-----------------|-----------------|------------------|
| custody-authorization | 2    | 1    | 60.0            | 0.02            | 0.02            | 0.02            | 44.8             |
+-----------------------+------+------+-----------------+-----------------+-----------------+-----------------+------------------+
2026.08.11-13:23:37.580[32m info [39m [caliper] [report-builder] 	### docker resource stats ###'
2026.08.11-13:23:37.581[32m info [39m [caliper] [report-builder] 	
+--------------------------+-----------+-----------+------------------+------------------+-----------------+------------------+----------------+----------------+
| Name                     | CPU%(max) | CPU%(avg) | Memory(max) [MB] | Memory(avg) [MB] | Traffic In [KB] | Traffic Out [KB] | Disc Write [B] | Disc Read [MB] |
|--------------------------|-----------|-----------|------------------|------------------|-----------------|------------------|----------------|----------------|
| /peer0.pjp.paynet        | 0.0525    | 0.0275    | 227              | 227              | 24.3            | 26.2             | 0.00           | 0.00391        |
|--------------------------|-----------|-----------|------------------|------------------|-----------------|------------------|----------------|----------------|
| /peer0.ojk.paynet        | 0.02625   | 0.02      | 219              | 219              | 16.2            | 16.2             | 0.00           | 0.00           |
|--------------------------|-----------|-----------|------------------|------------------|-----------------|------------------|----------------|----------------|
| /peer0.himbara.paynet    | 0.02375   | 0.01875   | 232              | 232              | 36.1            | 36.2             | 0.00           | 2.25           |
|--------------------------|-----------|-----------|------------------|------------------|-----------------|------------------|----------------|----------------|
| /peer0.commercial.paynet | 0.05125   | 0.02875   | 234              | 234              | 23.8            | 21.0             | 0.00           | 0.00           |
|--------------------------|-----------|-----------|------------------|------------------|-----------------|------------------|----------------|----------------|
| /peer0.bi.paynet         | 0.02375   | 0.0175    | 222              | 221              | 27.3            | 29.1             | 0.00           | 1.59           |
|--------------------------|-----------|-----------|------------------|------------------|-----------------|------------------|----------------|----------------|
| /orderer.paynet          | 0.00125   | 0         | 19.3             | 18.0             | 0.236           | 0.00             | 0.00           | 4.87           |
+--------------------------+-----------+-----------+------------------+------------------+-----------------+------------------+----------------+----------------+
2026.08.11-13:23:37.582[32m info [39m [caliper] [round-orchestrator] 	Finished round 1 (custody-authorization) in 0.107 seconds
2026.08.11-13:23:37.582[32m info [39m [caliper] [monitor.js] 	Stopping all monitors
2026.08.11-13:23:37.683[32m info [39m [caliper] [report-builder] 	### All test results ###
2026.08.11-13:23:37.683[32m info [39m [caliper] [report-builder] 	
+-----------------------+------+------+-----------------+-----------------+-----------------+-----------------+------------------+
| Name                  | Succ | Fail | Send Rate (TPS) | Max Latency (s) | Min Latency (s) | Avg Latency (s) | Throughput (TPS) |
|-----------------------|------|------|-----------------|-----------------|-----------------|-----------------|------------------|
| custody-authorization | 2    | 1    | 60.0            | 0.02            | 0.02            | 0.02            | 44.8             |
+-----------------------+------+------+-----------------+-----------------+-----------------+-----------------+------------------+
2026.08.11-13:23:37.691[32m info [39m [caliper] [report-builder] 	Generated report with path /home/mfachrizalg/2026/Skripsi/bi-coin/bi-coin-fabric/report.html
2026.08.11-13:23:37.691[32m info [39m [caliper] [monitor.js] 	Stopping all monitors
2026.08.11-13:23:37.691[32m info [39m [caliper] [worker-orchestrator] 	Sending exit message to connected workers
2026.08.11-13:23:37.691[32m info [39m [caliper] [round-orchestrator] 	Benchmark finished in 27.331 seconds. Total rounds: 1. Successful rounds: 1. Failed rounds: 0.
2026.08.11-13:23:37.691[32m info [39m [caliper] [caliper-engine] 	Network configuration attribute "caliper.command.end" is not present, skipping end command
2026.08.11-13:23:37.691[32m info [39m [caliper] [cli-launch-manager] 	Benchmark successfully finished!
2026.08.11-13:23:37.692[32m info [39m [caliper] [worker-message-handler] 	Worker#0 is exiting
(node:783006) TimeoutNegativeWarning: -1 is a negative number.
Timeout duration was set to 1.
(Use `node --trace-warnings ...` to show where the warning was created)
