
> bi-coin-fabric@1.0.0 benchmark:functionality
> caliper launch manager --caliper-benchconfig benchmark/benchconfigs/functionality.yaml --caliper-networkconfig benchmark/networkconfig.yaml --caliper-workspace .

2026.08.11-12:47:56.545[32m info [39m [caliper] [cli-launch-manager] 	Set workspace path: /home/mfachrizalg/2026/Skripsi/bi-coin/bi-coin-fabric
2026.08.11-12:47:56.545[32m info [39m [caliper] [cli-launch-manager] 	Set benchmark configuration path: /home/mfachrizalg/2026/Skripsi/bi-coin/bi-coin-fabric/benchmark/benchconfigs/functionality.yaml
2026.08.11-12:47:56.546[32m info [39m [caliper] [cli-launch-manager] 	Set network configuration path: /home/mfachrizalg/2026/Skripsi/bi-coin/bi-coin-fabric/benchmark/networkconfig.yaml
2026.08.11-12:47:56.546[32m info [39m [caliper] [cli-launch-manager] 	Set SUT type: fabric
2026.08.11-12:47:56.561[32m info [39m [caliper] [caliper-engine] 	Starting benchmark flow
2026.08.11-12:47:56.561[32m info [39m [caliper] [caliper-engine] 	Network configuration attribute "caliper.command.start" is not present, skipping start command
2026.08.11-12:47:57.009[32m info [39m [caliper] [FabricConnectorFactory] 	Initializing peer gateway connector compatible with installed fabric-gateway SDK: 1.5.0
2026.08.11-12:47:57.016[32m info [39m [caliper] [IdentityManager] 	Adding User1 (admin=false) as User1 for organization BankIndonesiaOrgMSP
2026.08.11-12:47:57.018[32m info [39m [caliper] [IdentityManager] 	Adding User1 (admin=false) as _HimbaraBankOrgMSP_User1 for organization HimbaraBankOrgMSP
2026.08.11-12:47:57.019[32m info [39m [caliper] [IdentityManager] 	Adding User1 (admin=false) as _CommercialBankOrgMSP_User1 for organization CommercialBankOrgMSP
2026.08.11-12:47:57.022[32m info [39m [caliper] [connectors/peer-gateway/PeerGateway] 	Fabric-Gateway SDK version: 1.5.0 for Peer-Gateway connector; TLS based on BankIndonesiaOrgMSP: server
2026.08.11-12:47:57.022[32m info [39m [caliper] [caliper-engine] 	Executed "init" step in 0.001 seconds
2026.08.11-12:47:57.022[33m warn [39m [caliper] [connectors/peer-gateway/PeerGateway] 	Install smart contract not available for the Fabric Peer Gateway connector
2026.08.11-12:47:57.022[32m info [39m [caliper] [caliper-engine] 	Executed "install" step in 0 seconds
2026.08.11-12:47:57.024[32m info [39m [caliper] [monitor.js] 	Attempting to create resource monitor of type docker
2026.08.11-12:47:57.025[32m info [39m [caliper] [default-observer] 	Observer interval set to 5000 milliseconds
2026.08.11-12:47:57.028[32m info [39m [caliper] [round-orchestrator] 	Preparing worker connections
2026.08.11-12:47:57.028[32m info [39m [caliper] [worker-orchestrator] 	Launching worker 1 of 2
2026.08.11-12:47:57.034[32m info [39m [caliper] [worker-orchestrator] 	Launching worker 2 of 2
2026.08.11-12:47:57.037[32m info [39m [caliper] [worker-orchestrator] 	Messenger not configured, entering configure phase...
2026.08.11-12:47:57.038[32m info [39m [caliper] [worker-orchestrator] 	No existing workers detected, entering worker launch phase...
2026.08.11-12:47:57.038[32m info [39m [caliper] [worker-orchestrator] 	Waiting for 2 workers to be connected...
2026.08.11-12:47:57.305[32m info [39m [caliper] [cli-launch-worker] 	Set workspace path: /home/mfachrizalg/2026/Skripsi/bi-coin/bi-coin-fabric
2026.08.11-12:47:57.306[32m info [39m [caliper] [cli-launch-worker] 	Set benchmark configuration path: /home/mfachrizalg/2026/Skripsi/bi-coin/bi-coin-fabric/benchmark/benchconfigs/functionality.yaml
2026.08.11-12:47:57.306[32m info [39m [caliper] [cli-launch-worker] 	Set workspace path: /home/mfachrizalg/2026/Skripsi/bi-coin/bi-coin-fabric
2026.08.11-12:47:57.306[32m info [39m [caliper] [cli-launch-worker] 	Set network configuration path: /home/mfachrizalg/2026/Skripsi/bi-coin/bi-coin-fabric/benchmark/networkconfig.yaml
2026.08.11-12:47:57.306[32m info [39m [caliper] [cli-launch-worker] 	Set SUT type: fabric
2026.08.11-12:47:57.307[32m info [39m [caliper] [cli-launch-worker] 	Set benchmark configuration path: /home/mfachrizalg/2026/Skripsi/bi-coin/bi-coin-fabric/benchmark/benchconfigs/functionality.yaml
2026.08.11-12:47:57.307[32m info [39m [caliper] [cli-launch-worker] 	Set network configuration path: /home/mfachrizalg/2026/Skripsi/bi-coin/bi-coin-fabric/benchmark/networkconfig.yaml
2026.08.11-12:47:57.307[32m info [39m [caliper] [cli-launch-worker] 	Set SUT type: fabric
2026.08.11-12:47:57.332[32m info [39m [caliper] [worker-orchestrator] 	2 workers connected, progressing to worker assignment phase.
2026.08.11-12:47:57.332[32m info [39m [caliper] [worker-orchestrator] 	Workers currently unassigned, awaiting index assignment...
2026.08.11-12:47:57.333[32m info [39m [caliper] [worker-orchestrator] 	Waiting for 2 workers to be assigned...
2026.08.11-12:47:57.362[32m info [39m [caliper] [worker-orchestrator] 	2 workers assigned, progressing to worker initialization phase.
2026.08.11-12:47:57.362[32m info [39m [caliper] [worker-orchestrator] 	Waiting for 2 workers to be ready...
2026.08.11-12:47:57.363[32m info [39m [caliper] [worker-message-handler] 	Initializing Worker#0...
2026.08.11-12:47:57.363[32m info [39m [caliper] [worker-message-handler] 	Initializing Worker#1...
2026.08.11-12:47:57.817[32m info [39m [caliper] [FabricConnectorFactory] 	Initializing peer gateway connector compatible with installed fabric-gateway SDK: 1.5.0
2026.08.11-12:47:57.822[32m info [39m [caliper] [IdentityManager] 	Adding User1 (admin=false) as User1 for organization BankIndonesiaOrgMSP
2026.08.11-12:47:57.823[32m info [39m [caliper] [IdentityManager] 	Adding User1 (admin=false) as _HimbaraBankOrgMSP_User1 for organization HimbaraBankOrgMSP
2026.08.11-12:47:57.823[32m info [39m [caliper] [IdentityManager] 	Adding User1 (admin=false) as _CommercialBankOrgMSP_User1 for organization CommercialBankOrgMSP
2026.08.11-12:47:57.824[32m info [39m [caliper] [FabricConnectorFactory] 	Initializing peer gateway connector compatible with installed fabric-gateway SDK: 1.5.0
2026.08.11-12:47:57.826[32m info [39m [caliper] [worker-message-handler] 	Worker#0 initialized
2026.08.11-12:47:57.829[32m info [39m [caliper] [IdentityManager] 	Adding User1 (admin=false) as User1 for organization BankIndonesiaOrgMSP
2026.08.11-12:47:57.830[32m info [39m [caliper] [IdentityManager] 	Adding User1 (admin=false) as _HimbaraBankOrgMSP_User1 for organization HimbaraBankOrgMSP
2026.08.11-12:47:57.831[32m info [39m [caliper] [IdentityManager] 	Adding User1 (admin=false) as _CommercialBankOrgMSP_User1 for organization CommercialBankOrgMSP
2026.08.11-12:47:57.833[32m info [39m [caliper] [worker-message-handler] 	Worker#1 initialized
2026.08.11-12:47:57.833[32m info [39m [caliper] [worker-orchestrator] 	2 workers ready, progressing to test preparation phase.
2026.08.11-12:47:57.833[32m info [39m [caliper] [round-orchestrator] 	Started round 1 (kyc-onboarding)
2026.08.11-12:47:57.834[32m info [39m [caliper] [worker-message-handler] 	Preparing Worker#0 for Round#0
2026.08.11-12:47:57.834[32m info [39m [caliper] [worker-message-handler] 	Preparing Worker#1 for Round#0
2026.08.11-12:47:57.847[32m info [39m [caliper] [connectors/peer-gateway/PeerGateway] 	Generating contract map for user User1
2026.08.11-12:47:57.847[32m info [39m [caliper] [connectors/peer-gateway/PeerGateway] 	Generating contract map for user User1
2026.08.11-12:47:57.851[32m info [39m [caliper] [connectors/peer-gateway/PeerGateway] 	Generating contract map for user _HimbaraBankOrgMSP_User1
2026.08.11-12:47:57.851[32m info [39m [caliper] [connectors/peer-gateway/PeerGateway] 	Generating contract map for user _HimbaraBankOrgMSP_User1
2026.08.11-12:47:57.853[32m info [39m [caliper] [connectors/peer-gateway/PeerGateway] 	Generating contract map for user _CommercialBankOrgMSP_User1
2026.08.11-12:47:57.854[32m info [39m [caliper] [caliper-worker] 	Info: worker 0 prepare test phase for round 0 is starting...
2026.08.11-12:47:57.854[32m info [39m [caliper] [connectors/peer-gateway/PeerGateway] 	Generating contract map for user _CommercialBankOrgMSP_User1
2026.08.11-12:47:57.854[32m info [39m [caliper] [caliper-worker] 	Info: worker 1 prepare test phase for round 0 is starting...
2026.08.11-12:47:57.855[32m info [39m [caliper] [connectors/peer-gateway/PeerGateway] 	disconnecting gateway for user User1
2026.08.11-12:47:57.856[32m info [39m [caliper] [connectors/peer-gateway/PeerGateway] 	disconnecting gateway for user _HimbaraBankOrgMSP_User1
2026.08.11-12:47:57.856[32m info [39m [caliper] [connectors/peer-gateway/PeerGateway] 	disconnecting gateway for user User1
2026.08.11-12:47:57.856[32m info [39m [caliper] [connectors/peer-gateway/PeerGateway] 	disconnecting gateway for user _CommercialBankOrgMSP_User1
2026.08.11-12:47:57.856[32m info [39m [caliper] [connectors/peer-gateway/PeerGateway] 	disconnecting gateway for user _HimbaraBankOrgMSP_User1
2026.08.11-12:47:57.856[32m info [39m [caliper] [connectors/peer-gateway/PeerGateway] 	disconnecting gRpc client at peer peer0.bi.paynet
2026.08.11-12:47:57.856[32m info [39m [caliper] [connectors/peer-gateway/PeerGateway] 	disconnecting gateway for user _CommercialBankOrgMSP_User1
2026.08.11-12:47:57.856[32m info [39m [caliper] [connectors/peer-gateway/PeerGateway] 	disconnecting gRpc client at peer peer0.bi.paynet
2026.08.11-12:47:57.856[32m info [39m [caliper] [connectors/peer-gateway/PeerGateway] 	disconnecting gRpc client at peer peer0.himbara.paynet
2026.08.11-12:47:57.856[32m info [39m [caliper] [connectors/peer-gateway/PeerGateway] 	disconnecting gRpc client at peer peer0.commercial.paynet
2026.08.11-12:47:57.856[32m info [39m [caliper] [connectors/peer-gateway/PeerGateway] 	disconnecting gRpc client at peer peer0.himbara.paynet
2026.08.11-12:47:57.856[32m info [39m [caliper] [connectors/peer-gateway/PeerGateway] 	disconnecting gRpc client at peer peer0.commercial.paynet
2026.08.11-12:47:57.856[32m info [39m [caliper] [caliper-worker] 	Info: worker 0 prepare test phase for round 0 is completed
2026.08.11-12:47:57.857[32m info [39m [caliper] [worker-message-handler] 	Worker#0 prepared for Round#0
2026.08.11-12:47:57.857[32m info [39m [caliper] [caliper-worker] 	Info: worker 1 prepare test phase for round 0 is completed
2026.08.11-12:47:57.857[32m info [39m [caliper] [worker-message-handler] 	Worker#1 prepared for Round#0
2026.08.11-12:47:57.857[32m info [39m [caliper] [worker-orchestrator] 	2 workers prepared, progressing to test phase.
2026.08.11-12:47:59.926[32m info [39m [caliper] [round-orchestrator] 	Monitors successfully started
2026.08.11-12:47:59.927[32m info [39m [caliper] [worker-message-handler] 	Worker#0 is starting Round#0
2026.08.11-12:47:59.927[32m info [39m [caliper] [worker-message-handler] 	Worker#1 is starting Round#0
2026.08.11-12:47:59.929[32m info [39m [caliper] [connectors/peer-gateway/PeerGateway] 	Generating contract map for user User1
2026.08.11-12:47:59.929[32m info [39m [caliper] [connectors/peer-gateway/PeerGateway] 	Generating contract map for user User1
2026.08.11-12:47:59.931[32m info [39m [caliper] [connectors/peer-gateway/PeerGateway] 	Generating contract map for user _HimbaraBankOrgMSP_User1
2026.08.11-12:47:59.931[32m info [39m [caliper] [connectors/peer-gateway/PeerGateway] 	Generating contract map for user _HimbaraBankOrgMSP_User1
2026.08.11-12:47:59.932[32m info [39m [caliper] [connectors/peer-gateway/PeerGateway] 	Generating contract map for user _CommercialBankOrgMSP_User1
2026.08.11-12:47:59.932[32m info [39m [caliper] [connectors/peer-gateway/PeerGateway] 	Generating contract map for user _CommercialBankOrgMSP_User1
2026.08.11-12:47:59.934[32m info [39m [caliper] [caliper-worker] 	Worker #0 starting workload loop
2026.08.11-12:47:59.934[32m info [39m [caliper] [caliper-worker] 	Worker #1 starting workload loop
(node:672584) TimeoutNegativeWarning: -1 is a negative number.
Timeout duration was set to 1.
(Use `node --trace-warnings ...` to show where the warning was created)
(node:672585) TimeoutNegativeWarning: -1 is a negative number.
Timeout duration was set to 1.
(Use `node --trace-warnings ...` to show where the warning was created)
2026.08.11-12:48:02.860[32m info [39m [caliper] [default-observer] 	[kyc-onboarding Round 0 Transaction Info] - Submitted: 30 Succ: 20 Fail:0 Unfinished:10
2026.08.11-12:48:07.861[32m info [39m [caliper] [default-observer] 	[kyc-onboarding Round 0 Transaction Info] - Submitted: 50 Succ: 46 Fail:0 Unfinished:4
2026.08.11-12:48:12.862[32m info [39m [caliper] [default-observer] 	[kyc-onboarding Round 0 Transaction Info] - Submitted: 54 Succ: 52 Fail:0 Unfinished:2
2026.08.11-12:48:15.657[32m info [39m [caliper] [connectors/peer-gateway/PeerGateway] 	disconnecting gateway for user User1
2026.08.11-12:48:15.657[32m info [39m [caliper] [connectors/peer-gateway/PeerGateway] 	disconnecting gateway for user _HimbaraBankOrgMSP_User1
2026.08.11-12:48:15.657[32m info [39m [caliper] [connectors/peer-gateway/PeerGateway] 	disconnecting gateway for user _CommercialBankOrgMSP_User1
2026.08.11-12:48:15.657[32m info [39m [caliper] [connectors/peer-gateway/PeerGateway] 	disconnecting gRpc client at peer peer0.bi.paynet
2026.08.11-12:48:15.657[32m info [39m [caliper] [connectors/peer-gateway/PeerGateway] 	disconnecting gRpc client at peer peer0.himbara.paynet
2026.08.11-12:48:15.657[32m info [39m [caliper] [connectors/peer-gateway/PeerGateway] 	disconnecting gRpc client at peer peer0.commercial.paynet
2026.08.11-12:48:15.658[32m info [39m [caliper] [worker-message-handler] 	Worker#1 finished Round#0
2026.08.11-12:48:15.659[32m info [39m [caliper] [connectors/peer-gateway/PeerGateway] 	disconnecting gateway for user User1
2026.08.11-12:48:15.659[32m info [39m [caliper] [connectors/peer-gateway/PeerGateway] 	disconnecting gateway for user _HimbaraBankOrgMSP_User1
2026.08.11-12:48:15.660[32m info [39m [caliper] [connectors/peer-gateway/PeerGateway] 	disconnecting gateway for user _CommercialBankOrgMSP_User1
2026.08.11-12:48:15.660[32m info [39m [caliper] [connectors/peer-gateway/PeerGateway] 	disconnecting gRpc client at peer peer0.bi.paynet
2026.08.11-12:48:15.660[32m info [39m [caliper] [connectors/peer-gateway/PeerGateway] 	disconnecting gRpc client at peer peer0.himbara.paynet
2026.08.11-12:48:15.660[32m info [39m [caliper] [connectors/peer-gateway/PeerGateway] 	disconnecting gRpc client at peer peer0.commercial.paynet
2026.08.11-12:48:15.660[32m info [39m [caliper] [worker-message-handler] 	Worker#0 finished Round#0
2026.08.11-12:48:20.662[32m info [39m [caliper] [default-observer] 	Resetting txCount indicator count
2026.08.11-12:48:20.662[32m info [39m [caliper] [report-builder] 	### Test result ###
2026.08.11-12:48:20.666[32m info [39m [caliper] [report-builder] 	
+----------------+------+------+-----------------+-----------------+-----------------+-----------------+------------------+
| Name           | Succ | Fail | Send Rate (TPS) | Max Latency (s) | Min Latency (s) | Avg Latency (s) | Throughput (TPS) |
|----------------|------|------|-----------------|-----------------|-----------------|-----------------|------------------|
| kyc-onboarding | 56   | 0    | 4.4             | 2.22            | 0.09            | 0.86            | 3.8              |
+----------------+------+------+-----------------+-----------------+-----------------+-----------------+------------------+

2026.08.11-12:48:20.671[32m info [39m [caliper] [report-builder] 	### docker resource stats ###'
2026.08.11-12:48:20.673[32m info [39m [caliper] [report-builder] 	
+-----------------------------+-----------+-----------+------------------+------------------+-----------------+------------------+-----------------+----------------+
| Name                        | CPU%(max) | CPU%(avg) | Memory(max) [MB] | Memory(avg) [MB] | Traffic In [MB] | Traffic Out [MB] | Disc Write [MB] | Disc Read [KB] |
|-----------------------------|-----------|-----------|------------------|------------------|-----------------|------------------|-----------------|----------------|
| /peer0.bi.paynet            | 0.375     | 0.0775    | 100              | 95.3             | 1.42            | 1.24             | 2.38            | 0.00           |
|-----------------------------|-----------|-----------|------------------|------------------|-----------------|------------------|-----------------|----------------|
| /peer0.himbara.paynet       | 0.2075    | 0.05125   | 229              | 228              | 0.635           | 0.353            | 1.66            | 20.0           |
|-----------------------------|-----------|-----------|------------------|------------------|-----------------|------------------|-----------------|----------------|
| /peer0.commercial.paynet    | 0.1075    | 0.04375   | 223              | 194              | 0.633           | 0.359            | 1.70            | 20.0           |
|-----------------------------|-----------|-----------|------------------|------------------|-----------------|------------------|-----------------|----------------|
| /peer0.pjp.paynet           | 0.10875   | 0.0425    | 233              | 232              | 0.643           | 0.366            | 2.00            | 28.0           |
|-----------------------------|-----------|-----------|------------------|------------------|-----------------|------------------|-----------------|----------------|
| /peer0.ojk.paynet           | 0.11375   | 0.04      | 236              | 235              | 0.595           | 0.300            | 1.94            | 20.0           |
|-----------------------------|-----------|-----------|------------------|------------------|-----------------|------------------|-----------------|----------------|
| /couchdb0.bi.paynet         | 0.4325    | 0.12875   | 57.8             | 56.1             | 0.113           | 0.119            | 2.55            | 0.00           |
|-----------------------------|-----------|-----------|------------------|------------------|-----------------|------------------|-----------------|----------------|
| /couchdb0.pjp.paynet        | 0.345     | 0.12625   | 57.1             | 55.8             | 0.0984          | 0.104            | 2.07            | 8.00           |
|-----------------------------|-----------|-----------|------------------|------------------|-----------------|------------------|-----------------|----------------|
| /orderer.paynet             | 0.04625   | 0.01125   | 26.5             | 24.8             | 0.350           | 1.60             | 2.46            | 4.00           |
|-----------------------------|-----------|-----------|------------------|------------------|-----------------|------------------|-----------------|----------------|
| /couchdb0.commercial.paynet | 0.3475    | 0.1225    | 58.0             | 56.8             | 0.0982          | 0.104            | 2.86            | 4.00           |
|-----------------------------|-----------|-----------|------------------|------------------|-----------------|------------------|-----------------|----------------|
| /couchdb0.ojk.paynet        | 0.37625   | 0.12375   | 56.4             | 55.2             | 0.0954          | 0.104            | 2.14            | 0.00           |
|-----------------------------|-----------|-----------|------------------|------------------|-----------------|------------------|-----------------|----------------|
| /couchdb0.himbara.paynet    | 0.35      | 0.11875   | 57.5             | 56.8             | 0.106           | 0.115            | 2.66            | 4.00           |
+-----------------------------+-----------+-----------+------------------+------------------+-----------------+------------------+-----------------+----------------+

2026.08.11-12:48:20.673[32m info [39m [caliper] [round-orchestrator] 	Finished round 1 (kyc-onboarding) in 14.726 seconds
2026.08.11-12:48:20.673[32m info [39m [caliper] [monitor.js] 	Stopping all monitors
2026.08.11-12:48:20.774[32m info [39m [caliper] [round-orchestrator] 	Waiting 5 seconds for the next round...
2026.08.11-12:48:25.775[32m info [39m [caliper] [round-orchestrator] 	Started round 2 (monetary-ops)
2026.08.11-12:48:25.775[32m info [39m [caliper] [worker-message-handler] 	Preparing Worker#0 for Round#1
2026.08.11-12:48:25.776[32m info [39m [caliper] [worker-message-handler] 	Preparing Worker#1 for Round#1
2026.08.11-12:48:25.778[32m info [39m [caliper] [connectors/peer-gateway/PeerGateway] 	Generating contract map for user User1
2026.08.11-12:48:25.778[32m info [39m [caliper] [connectors/peer-gateway/PeerGateway] 	Generating contract map for user User1
2026.08.11-12:48:25.780[32m info [39m [caliper] [connectors/peer-gateway/PeerGateway] 	Generating contract map for user _HimbaraBankOrgMSP_User1
2026.08.11-12:48:25.780[32m info [39m [caliper] [connectors/peer-gateway/PeerGateway] 	Generating contract map for user _HimbaraBankOrgMSP_User1
2026.08.11-12:48:25.782[32m info [39m [caliper] [connectors/peer-gateway/PeerGateway] 	Generating contract map for user _CommercialBankOrgMSP_User1
2026.08.11-12:48:25.782[32m info [39m [caliper] [connectors/peer-gateway/PeerGateway] 	Generating contract map for user _CommercialBankOrgMSP_User1
2026.08.11-12:48:25.782[32m info [39m [caliper] [caliper-worker] 	Info: worker 1 prepare test phase for round 1 is starting...
2026.08.11-12:48:25.782[32m info [39m [caliper] [caliper-worker] 	Info: worker 0 prepare test phase for round 1 is starting...
2026.08.11-12:48:26.783[31m error[39m [caliper] [connectors/peer-gateway/PeerGateway] 	Failed to perform submit transaction [Mint] using arguments [wlt_c_monetary-ops_w0_r1_0,100000],  with error: Error: Failed to submit trasaction with status code: 12
2026.08.11-12:48:26.784[32m info [39m [caliper] [caliper-worker] 	Worker [0] encountered an error during prepare test phase for round 1: Error: setup Mint failed: [object Object]
    at assertSuccessfulResponse (/home/mfachrizalg/2026/Skripsi/bi-coin/bi-coin-fabric/benchmark/workloads/retail-base.js:71:19)
    at MonetaryOpsWorkload.submit (/home/mfachrizalg/2026/Skripsi/bi-coin/bi-coin-fabric/benchmark/workloads/retail-base.js:151:9)
    at process.processTicksAndRejections (node:internal/process/task_queues:104:5)
    at async Array.<anonymous> (/home/mfachrizalg/2026/Skripsi/bi-coin/bi-coin-fabric/benchmark/workloads/retail-base.js:228:21)
    at async /home/mfachrizalg/2026/Skripsi/bi-coin/bi-coin-fabric/benchmark/workloads/retail-base.js:137:17
    at async Promise.all (index 0)
    at async MonetaryOpsWorkload.runPool (/home/mfachrizalg/2026/Skripsi/bi-coin/bi-coin-fabric/benchmark/workloads/retail-base.js:140:9)
    at async MonetaryOpsWorkload.seedPopulation (/home/mfachrizalg/2026/Skripsi/bi-coin/bi-coin-fabric/benchmark/workloads/retail-base.js:232:9)
    at async MonetaryOpsWorkload.initializeWorkloadModule (/home/mfachrizalg/2026/Skripsi/bi-coin/bi-coin-fabric/benchmark/workloads/monetary-ops.js:19:9)
    at async CaliperWorker.prepareTest (/home/mfachrizalg/2026/Skripsi/bi-coin/bi-coin-fabric/node_modules/@hyperledger/caliper-core/lib/worker/caliper-worker.js:161:13)
2026.08.11-12:48:26.784[32m info [39m [caliper] [connectors/peer-gateway/PeerGateway] 	disconnecting gateway for user User1
2026.08.11-12:48:26.784[32m info [39m [caliper] [connectors/peer-gateway/PeerGateway] 	disconnecting gateway for user _HimbaraBankOrgMSP_User1
2026.08.11-12:48:26.784[32m info [39m [caliper] [connectors/peer-gateway/PeerGateway] 	disconnecting gateway for user _CommercialBankOrgMSP_User1
2026.08.11-12:48:26.784[32m info [39m [caliper] [connectors/peer-gateway/PeerGateway] 	disconnecting gRpc client at peer peer0.bi.paynet
2026.08.11-12:48:26.784[31m error[39m [caliper] [connectors/peer-gateway/PeerGateway] 	Failed to perform submit transaction [Mint] using arguments [wlt_c_monetary-ops_w1_r1_1,1000000],  with error: Error: Failed to submit trasaction with status code: 12
2026.08.11-12:48:26.784[32m info [39m [caliper] [connectors/peer-gateway/PeerGateway] 	disconnecting gRpc client at peer peer0.himbara.paynet
2026.08.11-12:48:26.784[32m info [39m [caliper] [connectors/peer-gateway/PeerGateway] 	disconnecting gRpc client at peer peer0.commercial.paynet
2026.08.11-12:48:26.784[32m info [39m [caliper] [caliper-worker] 	Info: worker 0 prepare test phase for round 1 is completed
2026.08.11-12:48:26.784[32m info [39m [caliper] [caliper-worker] 	Worker [1] encountered an error during prepare test phase for round 1: Error: setup Mint failed: [object Object]
    at assertSuccessfulResponse (/home/mfachrizalg/2026/Skripsi/bi-coin/bi-coin-fabric/benchmark/workloads/retail-base.js:71:19)
    at MonetaryOpsWorkload.submit (/home/mfachrizalg/2026/Skripsi/bi-coin/bi-coin-fabric/benchmark/workloads/retail-base.js:151:9)
    at process.processTicksAndRejections (node:internal/process/task_queues:104:5)
    at async Array.<anonymous> (/home/mfachrizalg/2026/Skripsi/bi-coin/bi-coin-fabric/benchmark/workloads/retail-base.js:228:21)
    at async /home/mfachrizalg/2026/Skripsi/bi-coin/bi-coin-fabric/benchmark/workloads/retail-base.js:137:17
    at async Promise.all (index 1)
    at async MonetaryOpsWorkload.runPool (/home/mfachrizalg/2026/Skripsi/bi-coin/bi-coin-fabric/benchmark/workloads/retail-base.js:140:9)
    at async MonetaryOpsWorkload.seedPopulation (/home/mfachrizalg/2026/Skripsi/bi-coin/bi-coin-fabric/benchmark/workloads/retail-base.js:232:9)
    at async MonetaryOpsWorkload.initializeWorkloadModule (/home/mfachrizalg/2026/Skripsi/bi-coin/bi-coin-fabric/benchmark/workloads/monetary-ops.js:19:9)
    at async CaliperWorker.prepareTest (/home/mfachrizalg/2026/Skripsi/bi-coin/bi-coin-fabric/node_modules/@hyperledger/caliper-core/lib/worker/caliper-worker.js:161:13)
2026.08.11-12:48:26.784[31m error[39m [caliper] [worker-message-handler] 	Error while handling "prepare" message for Worker (672584): Error: setup Mint failed: [object Object]
    at assertSuccessfulResponse (/home/mfachrizalg/2026/Skripsi/bi-coin/bi-coin-fabric/benchmark/workloads/retail-base.js:71:19)
    at MonetaryOpsWorkload.submit (/home/mfachrizalg/2026/Skripsi/bi-coin/bi-coin-fabric/benchmark/workloads/retail-base.js:151:9)
    at process.processTicksAndRejections (node:internal/process/task_queues:104:5)
    at async Array.<anonymous> (/home/mfachrizalg/2026/Skripsi/bi-coin/bi-coin-fabric/benchmark/workloads/retail-base.js:228:21)
    at async /home/mfachrizalg/2026/Skripsi/bi-coin/bi-coin-fabric/benchmark/workloads/retail-base.js:137:17
    at async Promise.all (index 0)
    at async MonetaryOpsWorkload.runPool (/home/mfachrizalg/2026/Skripsi/bi-coin/bi-coin-fabric/benchmark/workloads/retail-base.js:140:9)
    at async MonetaryOpsWorkload.seedPopulation (/home/mfachrizalg/2026/Skripsi/bi-coin/bi-coin-fabric/benchmark/workloads/retail-base.js:232:9)
    at async MonetaryOpsWorkload.initializeWorkloadModule (/home/mfachrizalg/2026/Skripsi/bi-coin/bi-coin-fabric/benchmark/workloads/monetary-ops.js:19:9)
    at async CaliperWorker.prepareTest (/home/mfachrizalg/2026/Skripsi/bi-coin/bi-coin-fabric/node_modules/@hyperledger/caliper-core/lib/worker/caliper-worker.js:161:13)
2026.08.11-12:48:26.785[32m info [39m [caliper] [connectors/peer-gateway/PeerGateway] 	disconnecting gateway for user User1
2026.08.11-12:48:26.785[32m info [39m [caliper] [connectors/peer-gateway/PeerGateway] 	disconnecting gateway for user _HimbaraBankOrgMSP_User1
2026.08.11-12:48:26.785[32m info [39m [caliper] [connectors/peer-gateway/PeerGateway] 	disconnecting gateway for user _CommercialBankOrgMSP_User1
2026.08.11-12:48:26.785[32m info [39m [caliper] [connectors/peer-gateway/PeerGateway] 	disconnecting gRpc client at peer peer0.bi.paynet
2026.08.11-12:48:26.785[32m info [39m [caliper] [connectors/peer-gateway/PeerGateway] 	disconnecting gRpc client at peer peer0.himbara.paynet
2026.08.11-12:48:26.785[32m info [39m [caliper] [connectors/peer-gateway/PeerGateway] 	disconnecting gRpc client at peer peer0.commercial.paynet
2026.08.11-12:48:26.785[32m info [39m [caliper] [caliper-worker] 	Info: worker 1 prepare test phase for round 1 is completed
2026.08.11-12:48:26.785[31m error[39m [caliper] [worker-message-handler] 	Error while handling "prepare" message for Worker#1 (672585): Error: setup Mint failed: [object Object]
    at assertSuccessfulResponse (/home/mfachrizalg/2026/Skripsi/bi-coin/bi-coin-fabric/benchmark/workloads/retail-base.js:71:19)
    at MonetaryOpsWorkload.submit (/home/mfachrizalg/2026/Skripsi/bi-coin/bi-coin-fabric/benchmark/workloads/retail-base.js:151:9)
    at process.processTicksAndRejections (node:internal/process/task_queues:104:5)
    at async Array.<anonymous> (/home/mfachrizalg/2026/Skripsi/bi-coin/bi-coin-fabric/benchmark/workloads/retail-base.js:228:21)
    at async /home/mfachrizalg/2026/Skripsi/bi-coin/bi-coin-fabric/benchmark/workloads/retail-base.js:137:17
    at async Promise.all (index 1)
    at async MonetaryOpsWorkload.runPool (/home/mfachrizalg/2026/Skripsi/bi-coin/bi-coin-fabric/benchmark/workloads/retail-base.js:140:9)
    at async MonetaryOpsWorkload.seedPopulation (/home/mfachrizalg/2026/Skripsi/bi-coin/bi-coin-fabric/benchmark/workloads/retail-base.js:232:9)
    at async MonetaryOpsWorkload.initializeWorkloadModule (/home/mfachrizalg/2026/Skripsi/bi-coin/bi-coin-fabric/benchmark/workloads/monetary-ops.js:19:9)
    at async CaliperWorker.prepareTest (/home/mfachrizalg/2026/Skripsi/bi-coin/bi-coin-fabric/node_modules/@hyperledger/caliper-core/lib/worker/caliper-worker.js:161:13)
2026.08.11-12:48:26.785[31m error[39m [caliper] [connectors/peer-gateway/PeerGateway] 	Failed to perform submit transaction [Mint] using arguments [wlt_c_monetary-ops_w0_r1_3,1000000],  with error: Error: Failed to submit trasaction with status code: 12
2026.08.11-12:48:26.785[31m error[39m [caliper] [round-orchestrator] 	Failed round 2 (monetary-ops): Error: Error: setup Mint failed: [object Object]
    at WorkerOrchestrator.updateWorkerPhase (/home/mfachrizalg/2026/Skripsi/bi-coin/bi-coin-fabric/node_modules/@hyperledger/caliper-core/lib/manager/orchestrators/worker-orchestrator.js:306:61)
    at ProcessMessenger.<anonymous> (/home/mfachrizalg/2026/Skripsi/bi-coin/bi-coin-fabric/node_modules/@hyperledger/caliper-core/lib/manager/orchestrators/worker-orchestrator.js:109:18)
    at ProcessMessenger.emit (node:events:508:28)
    at ProcessMessenger.onMessage (/home/mfachrizalg/2026/Skripsi/bi-coin/bi-coin-fabric/node_modules/@hyperledger/caliper-core/lib/common/messengers/messenger-interface.js:40:14)
    at ChildProcess.<anonymous> (/home/mfachrizalg/2026/Skripsi/bi-coin/bi-coin-fabric/node_modules/@hyperledger/caliper-core/lib/common/messengers/process/process-messenger.js:59:26)
    at ChildProcess.emit (node:events:508:28)
    at emit (node:internal/child_process:948:14)
    at process.processTicksAndRejections (node:internal/process/task_queues:91:21)
2026.08.11-12:48:26.786[32m info [39m [caliper] [round-orchestrator] 	Started round 3 (supervision-reads)
2026.08.11-12:48:26.786[31m error[39m [caliper] [connectors/peer-gateway/PeerGateway] 	Failed to perform submit transaction [Mint] using arguments [wlt_c_monetary-ops_w1_r1_3,1000000],  with error: Error: Failed to submit trasaction with status code: 12
2026.08.11-12:48:26.786[31m error[39m [caliper] [connectors/peer-gateway/PeerGateway] 	Failed to perform submit transaction [Mint] using arguments [wlt_c_monetary-ops_w0_r1_4,1000000],  with error: Error: Failed to submit trasaction with status code: 12
2026.08.11-12:48:26.786[31m error[39m [caliper] [connectors/peer-gateway/PeerGateway] 	Failed to perform submit transaction [Mint] using arguments [wlt_c_monetary-ops_w1_r1_4,1000000],  with error: Error: Failed to submit trasaction with status code: 12
2026.08.11-12:48:26.786[31m error[39m [caliper] [round-orchestrator] 	Failed round 3 (supervision-reads): Error: Error: setup Mint failed: [object Object]
    at WorkerOrchestrator.updateWorkerPhase (/home/mfachrizalg/2026/Skripsi/bi-coin/bi-coin-fabric/node_modules/@hyperledger/caliper-core/lib/manager/orchestrators/worker-orchestrator.js:306:61)
    at ProcessMessenger.<anonymous> (/home/mfachrizalg/2026/Skripsi/bi-coin/bi-coin-fabric/node_modules/@hyperledger/caliper-core/lib/manager/orchestrators/worker-orchestrator.js:109:18)
    at ProcessMessenger.emit (node:events:508:28)
    at ProcessMessenger.onMessage (/home/mfachrizalg/2026/Skripsi/bi-coin/bi-coin-fabric/node_modules/@hyperledger/caliper-core/lib/common/messengers/messenger-interface.js:40:14)
    at ChildProcess.<anonymous> (/home/mfachrizalg/2026/Skripsi/bi-coin/bi-coin-fabric/node_modules/@hyperledger/caliper-core/lib/common/messengers/process/process-messenger.js:59:26)
    at ChildProcess.emit (node:events:508:28)
    at emit (node:internal/child_process:948:14)
    at process.processTicksAndRejections (node:internal/process/task_queues:91:21)
2026.08.11-12:48:26.786[32m info [39m [caliper] [round-orchestrator] 	Started round 4 (admin-policy)
2026.08.11-12:48:26.787[31m error[39m [caliper] [connectors/peer-gateway/PeerGateway] 	Failed to perform submit transaction [Mint] using arguments [wlt_c_monetary-ops_w1_r1_0,100000],  with error: Error: Failed to submit trasaction with status code: 12
2026.08.11-12:48:26.787[31m error[39m [caliper] [connectors/peer-gateway/PeerGateway] 	Failed to perform submit transaction [Mint] using arguments [wlt_c_monetary-ops_w0_r1_2,1000000],  with error: Error: Failed to submit trasaction with status code: 12
2026.08.11-12:48:26.787[31m error[39m [caliper] [connectors/peer-gateway/PeerGateway] 	Failed to perform submit transaction [Mint] using arguments [wlt_c_monetary-ops_w0_r1_1,1000000],  with error: Error: Failed to submit trasaction with status code: 12
2026.08.11-12:48:26.787[32m info [39m [caliper] [worker-message-handler] 	Preparing Worker#1 for Round#2
2026.08.11-12:48:26.788[32m info [39m [caliper] [worker-message-handler] 	Preparing Worker#0 for Round#2
2026.08.11-12:48:26.788[32m info [39m [caliper] [worker-message-handler] 	Preparing Worker#1 for Round#3
2026.08.11-12:48:26.789[32m info [39m [caliper] [worker-message-handler] 	Preparing Worker#0 for Round#3
2026.08.11-12:48:26.789[32m info [39m [caliper] [caliper-worker] 	Info: worker 1 prepare test phase for round 3 is starting...
2026.08.11-12:48:26.789[32m info [39m [caliper] [caliper-worker] 	Info: worker 0 prepare test phase for round 3 is starting...
2026.08.11-12:48:26.791[32m info [39m [caliper] [connectors/peer-gateway/PeerGateway] 	disconnecting gateway for user User1
2026.08.11-12:48:26.791[32m info [39m [caliper] [connectors/peer-gateway/PeerGateway] 	disconnecting gateway for user _HimbaraBankOrgMSP_User1
2026.08.11-12:48:26.791[32m info [39m [caliper] [connectors/peer-gateway/PeerGateway] 	disconnecting gateway for user _CommercialBankOrgMSP_User1
2026.08.11-12:48:26.791[32m info [39m [caliper] [caliper-worker] 	Info: worker 0 prepare test phase for round 3 is completed
2026.08.11-12:48:26.791[32m info [39m [caliper] [worker-message-handler] 	Worker#0 prepared for Round#3
2026.08.11-12:48:26.791[31m error[39m [caliper] [connectors/peer-gateway/PeerGateway] 	Failed to perform submit transaction [CreateRetailCustomer] using arguments [c_monetary-ops_w1_r1_5,sha256:identity:c_monetary-ops_w1_r1_5,wlt_c_monetary-ops_w1_r1_5,kyc_c_monetary-ops_w1_r1_5],  with error: Error: Channel has been shut down
2026.08.11-12:48:26.792[32m info [39m [caliper] [connectors/peer-gateway/PeerGateway] 	disconnecting gateway for user User1
2026.08.11-12:48:26.792[32m info [39m [caliper] [connectors/peer-gateway/PeerGateway] 	disconnecting gateway for user _HimbaraBankOrgMSP_User1
2026.08.11-12:48:26.792[32m info [39m [caliper] [connectors/peer-gateway/PeerGateway] 	disconnecting gateway for user _CommercialBankOrgMSP_User1
2026.08.11-12:48:26.792[32m info [39m [caliper] [caliper-worker] 	Info: worker 1 prepare test phase for round 3 is completed
2026.08.11-12:48:26.792[32m info [39m [caliper] [worker-message-handler] 	Worker#1 prepared for Round#3
2026.08.11-12:48:26.793[32m info [39m [caliper] [worker-orchestrator] 	2 workers prepared, progressing to test phase.
2026.08.11-12:48:26.794[32m info [39m [caliper] [connectors/peer-gateway/PeerGateway] 	Generating contract map for user User1
2026.08.11-12:48:26.796[32m info [39m [caliper] [connectors/peer-gateway/PeerGateway] 	Generating contract map for user _HimbaraBankOrgMSP_User1
2026.08.11-12:48:26.796[32m info [39m [caliper] [connectors/peer-gateway/PeerGateway] 	Generating contract map for user User1
2026.08.11-12:48:26.797[32m info [39m [caliper] [connectors/peer-gateway/PeerGateway] 	Generating contract map for user _HimbaraBankOrgMSP_User1
2026.08.11-12:48:26.797[32m info [39m [caliper] [connectors/peer-gateway/PeerGateway] 	Generating contract map for user _CommercialBankOrgMSP_User1
2026.08.11-12:48:26.797[32m info [39m [caliper] [caliper-worker] 	Info: worker 0 prepare test phase for round 2 is starting...
2026.08.11-12:48:26.799[32m info [39m [caliper] [connectors/peer-gateway/PeerGateway] 	disconnecting gateway for user User1
2026.08.11-12:48:26.799[32m info [39m [caliper] [connectors/peer-gateway/PeerGateway] 	disconnecting gateway for user _HimbaraBankOrgMSP_User1
2026.08.11-12:48:26.799[32m info [39m [caliper] [connectors/peer-gateway/PeerGateway] 	disconnecting gateway for user _CommercialBankOrgMSP_User1
2026.08.11-12:48:26.799[32m info [39m [caliper] [connectors/peer-gateway/PeerGateway] 	disconnecting gRpc client at peer peer0.bi.paynet
2026.08.11-12:48:26.799[32m info [39m [caliper] [connectors/peer-gateway/PeerGateway] 	disconnecting gRpc client at peer peer0.himbara.paynet
2026.08.11-12:48:26.799[32m info [39m [caliper] [connectors/peer-gateway/PeerGateway] 	disconnecting gRpc client at peer peer0.commercial.paynet
2026.08.11-12:48:26.799[32m info [39m [caliper] [caliper-worker] 	Info: worker 0 prepare test phase for round 2 is completed
2026.08.11-12:48:26.799[32m info [39m [caliper] [worker-message-handler] 	Worker#0 prepared for Round#2
2026.08.11-12:48:26.801[32m info [39m [caliper] [connectors/peer-gateway/PeerGateway] 	Generating contract map for user _CommercialBankOrgMSP_User1
2026.08.11-12:48:26.801[32m info [39m [caliper] [caliper-worker] 	Info: worker 1 prepare test phase for round 2 is starting...
2026.08.11-12:48:26.803[32m info [39m [caliper] [connectors/peer-gateway/PeerGateway] 	disconnecting gateway for user User1
2026.08.11-12:48:26.803[32m info [39m [caliper] [connectors/peer-gateway/PeerGateway] 	disconnecting gateway for user _HimbaraBankOrgMSP_User1
2026.08.11-12:48:26.803[32m info [39m [caliper] [connectors/peer-gateway/PeerGateway] 	disconnecting gateway for user _CommercialBankOrgMSP_User1
2026.08.11-12:48:26.803[32m info [39m [caliper] [connectors/peer-gateway/PeerGateway] 	disconnecting gRpc client at peer peer0.bi.paynet
2026.08.11-12:48:26.803[32m info [39m [caliper] [connectors/peer-gateway/PeerGateway] 	disconnecting gRpc client at peer peer0.himbara.paynet
2026.08.11-12:48:26.804[32m info [39m [caliper] [connectors/peer-gateway/PeerGateway] 	disconnecting gRpc client at peer peer0.commercial.paynet
2026.08.11-12:48:26.804[32m info [39m [caliper] [caliper-worker] 	Info: worker 1 prepare test phase for round 2 is completed
2026.08.11-12:48:26.804[32m info [39m [caliper] [worker-message-handler] 	Worker#1 prepared for Round#2
/home/mfachrizalg/2026/Skripsi/bi-coin/bi-coin-fabric/node_modules/@hyperledger/caliper-core/lib/manager/orchestrators/worker-orchestrator.js:308
                this.workers[workerId].phases[phase].resolve();
                                                     ^

TypeError: this.workers[workerId].phases[phase].resolve is not a function
    at WorkerOrchestrator.updateWorkerPhase (/home/mfachrizalg/2026/Skripsi/bi-coin/bi-coin-fabric/node_modules/@hyperledger/caliper-core/lib/manager/orchestrators/worker-orchestrator.js:308:54)
    at ProcessMessenger.<anonymous> (/home/mfachrizalg/2026/Skripsi/bi-coin/bi-coin-fabric/node_modules/@hyperledger/caliper-core/lib/manager/orchestrators/worker-orchestrator.js:109:18)
    at ProcessMessenger.emit (node:events:508:28)
    at ProcessMessenger.onMessage (/home/mfachrizalg/2026/Skripsi/bi-coin/bi-coin-fabric/node_modules/@hyperledger/caliper-core/lib/common/messengers/messenger-interface.js:40:14)
    at ChildProcess.<anonymous> (/home/mfachrizalg/2026/Skripsi/bi-coin/bi-coin-fabric/node_modules/@hyperledger/caliper-core/lib/common/messengers/process/process-messenger.js:59:26)
    at ChildProcess.emit (node:events:508:28)
    at emit (node:internal/child_process:948:14)
    at process.processTicksAndRejections (node:internal/process/task_queues:91:21)

Node.js v24.14.1
