
> bi-coin-fabric@1.0.0 benchmark:transfer:w4
> caliper launch manager --caliper-benchconfig benchmark/benchconfigs/retail-transfer-workers-4.yaml --caliper-networkconfig benchmark/networkconfig.yaml --caliper-workspace .

2026.08.11-12:54:25.506[32m info [39m [caliper] [cli-launch-manager] 	Set workspace path: /home/mfachrizalg/2026/Skripsi/bi-coin/bi-coin-fabric
2026.08.11-12:54:25.507[32m info [39m [caliper] [cli-launch-manager] 	Set benchmark configuration path: /home/mfachrizalg/2026/Skripsi/bi-coin/bi-coin-fabric/benchmark/benchconfigs/retail-transfer-workers-4.yaml
2026.08.11-12:54:25.507[32m info [39m [caliper] [cli-launch-manager] 	Set network configuration path: /home/mfachrizalg/2026/Skripsi/bi-coin/bi-coin-fabric/benchmark/networkconfig.yaml
2026.08.11-12:54:25.507[32m info [39m [caliper] [cli-launch-manager] 	Set SUT type: fabric
2026.08.11-12:54:25.526[32m info [39m [caliper] [caliper-engine] 	Starting benchmark flow
2026.08.11-12:54:25.526[32m info [39m [caliper] [caliper-engine] 	Network configuration attribute "caliper.command.start" is not present, skipping start command
2026.08.11-12:54:26.048[32m info [39m [caliper] [FabricConnectorFactory] 	Initializing peer gateway connector compatible with installed fabric-gateway SDK: 1.5.0
2026.08.11-12:54:26.056[32m info [39m [caliper] [IdentityManager] 	Adding User1 (admin=false) as User1 for organization BankIndonesiaOrgMSP
2026.08.11-12:54:26.058[32m info [39m [caliper] [IdentityManager] 	Adding User1 (admin=false) as _HimbaraBankOrgMSP_User1 for organization HimbaraBankOrgMSP
2026.08.11-12:54:26.059[32m info [39m [caliper] [IdentityManager] 	Adding User1 (admin=false) as _CommercialBankOrgMSP_User1 for organization CommercialBankOrgMSP
2026.08.11-12:54:26.061[32m info [39m [caliper] [connectors/peer-gateway/PeerGateway] 	Fabric-Gateway SDK version: 1.5.0 for Peer-Gateway connector; TLS based on BankIndonesiaOrgMSP: server
2026.08.11-12:54:26.061[32m info [39m [caliper] [caliper-engine] 	Executed "init" step in 0.001 seconds
2026.08.11-12:54:26.061[33m warn [39m [caliper] [connectors/peer-gateway/PeerGateway] 	Install smart contract not available for the Fabric Peer Gateway connector
2026.08.11-12:54:26.061[32m info [39m [caliper] [caliper-engine] 	Executed "install" step in 0 seconds
2026.08.11-12:54:26.063[32m info [39m [caliper] [monitor.js] 	Attempting to create resource monitor of type docker
2026.08.11-12:54:26.064[32m info [39m [caliper] [default-observer] 	Observer interval set to 5000 milliseconds
2026.08.11-12:54:26.066[32m info [39m [caliper] [round-orchestrator] 	Preparing worker connections
2026.08.11-12:54:26.066[32m info [39m [caliper] [worker-orchestrator] 	Launching worker 1 of 4
2026.08.11-12:54:26.071[32m info [39m [caliper] [worker-orchestrator] 	Launching worker 2 of 4
2026.08.11-12:54:26.074[32m info [39m [caliper] [worker-orchestrator] 	Launching worker 3 of 4
2026.08.11-12:54:26.076[32m info [39m [caliper] [worker-orchestrator] 	Launching worker 4 of 4
2026.08.11-12:54:26.078[32m info [39m [caliper] [worker-orchestrator] 	Messenger not configured, entering configure phase...
2026.08.11-12:54:26.079[32m info [39m [caliper] [worker-orchestrator] 	No existing workers detected, entering worker launch phase...
2026.08.11-12:54:26.079[32m info [39m [caliper] [worker-orchestrator] 	Waiting for 4 workers to be connected...
2026.08.11-12:54:26.427[32m info [39m [caliper] [cli-launch-worker] 	Set workspace path: /home/mfachrizalg/2026/Skripsi/bi-coin/bi-coin-fabric
2026.08.11-12:54:26.428[32m info [39m [caliper] [cli-launch-worker] 	Set benchmark configuration path: /home/mfachrizalg/2026/Skripsi/bi-coin/bi-coin-fabric/benchmark/benchconfigs/retail-transfer-workers-4.yaml
2026.08.11-12:54:26.428[32m info [39m [caliper] [cli-launch-worker] 	Set network configuration path: /home/mfachrizalg/2026/Skripsi/bi-coin/bi-coin-fabric/benchmark/networkconfig.yaml
2026.08.11-12:54:26.428[32m info [39m [caliper] [cli-launch-worker] 	Set SUT type: fabric
2026.08.11-12:54:26.430[32m info [39m [caliper] [cli-launch-worker] 	Set workspace path: /home/mfachrizalg/2026/Skripsi/bi-coin/bi-coin-fabric
2026.08.11-12:54:26.431[32m info [39m [caliper] [cli-launch-worker] 	Set benchmark configuration path: /home/mfachrizalg/2026/Skripsi/bi-coin/bi-coin-fabric/benchmark/benchconfigs/retail-transfer-workers-4.yaml
2026.08.11-12:54:26.431[32m info [39m [caliper] [cli-launch-worker] 	Set network configuration path: /home/mfachrizalg/2026/Skripsi/bi-coin/bi-coin-fabric/benchmark/networkconfig.yaml
2026.08.11-12:54:26.432[32m info [39m [caliper] [cli-launch-worker] 	Set SUT type: fabric
2026.08.11-12:54:26.458[32m info [39m [caliper] [cli-launch-worker] 	Set workspace path: /home/mfachrizalg/2026/Skripsi/bi-coin/bi-coin-fabric
2026.08.11-12:54:26.459[32m info [39m [caliper] [cli-launch-worker] 	Set benchmark configuration path: /home/mfachrizalg/2026/Skripsi/bi-coin/bi-coin-fabric/benchmark/benchconfigs/retail-transfer-workers-4.yaml
2026.08.11-12:54:26.460[32m info [39m [caliper] [cli-launch-worker] 	Set network configuration path: /home/mfachrizalg/2026/Skripsi/bi-coin/bi-coin-fabric/benchmark/networkconfig.yaml
2026.08.11-12:54:26.460[32m info [39m [caliper] [cli-launch-worker] 	Set SUT type: fabric
2026.08.11-12:54:26.455[32m info [39m [caliper] [cli-launch-worker] 	Set workspace path: /home/mfachrizalg/2026/Skripsi/bi-coin/bi-coin-fabric
2026.08.11-12:54:26.461[32m info [39m [caliper] [cli-launch-worker] 	Set benchmark configuration path: /home/mfachrizalg/2026/Skripsi/bi-coin/bi-coin-fabric/benchmark/benchconfigs/retail-transfer-workers-4.yaml
2026.08.11-12:54:26.462[32m info [39m [caliper] [cli-launch-worker] 	Set network configuration path: /home/mfachrizalg/2026/Skripsi/bi-coin/bi-coin-fabric/benchmark/networkconfig.yaml
2026.08.11-12:54:26.462[32m info [39m [caliper] [cli-launch-worker] 	Set SUT type: fabric
2026.08.11-12:54:26.501[32m info [39m [caliper] [worker-orchestrator] 	4 workers connected, progressing to worker assignment phase.
2026.08.11-12:54:26.501[32m info [39m [caliper] [worker-orchestrator] 	Workers currently unassigned, awaiting index assignment...
2026.08.11-12:54:26.502[32m info [39m [caliper] [worker-orchestrator] 	Waiting for 4 workers to be assigned...
2026.08.11-12:54:26.549[32m info [39m [caliper] [worker-orchestrator] 	4 workers assigned, progressing to worker initialization phase.
2026.08.11-12:54:26.549[32m info [39m [caliper] [worker-orchestrator] 	Waiting for 4 workers to be ready...
2026.08.11-12:54:26.550[32m info [39m [caliper] [worker-message-handler] 	Initializing Worker#0...
2026.08.11-12:54:26.550[32m info [39m [caliper] [worker-message-handler] 	Initializing Worker#2...
2026.08.11-12:54:26.550[32m info [39m [caliper] [worker-message-handler] 	Initializing Worker#3...
2026.08.11-12:54:26.550[32m info [39m [caliper] [worker-message-handler] 	Initializing Worker#1...
2026.08.11-12:54:27.096[32m info [39m [caliper] [FabricConnectorFactory] 	Initializing peer gateway connector compatible with installed fabric-gateway SDK: 1.5.0
2026.08.11-12:54:27.101[32m info [39m [caliper] [IdentityManager] 	Adding User1 (admin=false) as User1 for organization BankIndonesiaOrgMSP
2026.08.11-12:54:27.101[32m info [39m [caliper] [IdentityManager] 	Adding User1 (admin=false) as _HimbaraBankOrgMSP_User1 for organization HimbaraBankOrgMSP
2026.08.11-12:54:27.102[32m info [39m [caliper] [IdentityManager] 	Adding User1 (admin=false) as _CommercialBankOrgMSP_User1 for organization CommercialBankOrgMSP
2026.08.11-12:54:27.104[32m info [39m [caliper] [worker-message-handler] 	Worker#3 initialized
2026.08.11-12:54:27.160[32m info [39m [caliper] [FabricConnectorFactory] 	Initializing peer gateway connector compatible with installed fabric-gateway SDK: 1.5.0
2026.08.11-12:54:27.165[32m info [39m [caliper] [IdentityManager] 	Adding User1 (admin=false) as User1 for organization BankIndonesiaOrgMSP
2026.08.11-12:54:27.166[32m info [39m [caliper] [IdentityManager] 	Adding User1 (admin=false) as _HimbaraBankOrgMSP_User1 for organization HimbaraBankOrgMSP
2026.08.11-12:54:27.167[32m info [39m [caliper] [IdentityManager] 	Adding User1 (admin=false) as _CommercialBankOrgMSP_User1 for organization CommercialBankOrgMSP
2026.08.11-12:54:27.169[32m info [39m [caliper] [worker-message-handler] 	Worker#2 initialized
2026.08.11-12:54:27.173[32m info [39m [caliper] [FabricConnectorFactory] 	Initializing peer gateway connector compatible with installed fabric-gateway SDK: 1.5.0
2026.08.11-12:54:27.178[32m info [39m [caliper] [IdentityManager] 	Adding User1 (admin=false) as User1 for organization BankIndonesiaOrgMSP
2026.08.11-12:54:27.179[32m info [39m [caliper] [IdentityManager] 	Adding User1 (admin=false) as _HimbaraBankOrgMSP_User1 for organization HimbaraBankOrgMSP
2026.08.11-12:54:27.180[32m info [39m [caliper] [IdentityManager] 	Adding User1 (admin=false) as _CommercialBankOrgMSP_User1 for organization CommercialBankOrgMSP
2026.08.11-12:54:27.181[32m info [39m [caliper] [worker-message-handler] 	Worker#0 initialized
2026.08.11-12:54:27.214[32m info [39m [caliper] [FabricConnectorFactory] 	Initializing peer gateway connector compatible with installed fabric-gateway SDK: 1.5.0
2026.08.11-12:54:27.219[32m info [39m [caliper] [IdentityManager] 	Adding User1 (admin=false) as User1 for organization BankIndonesiaOrgMSP
2026.08.11-12:54:27.220[32m info [39m [caliper] [IdentityManager] 	Adding User1 (admin=false) as _HimbaraBankOrgMSP_User1 for organization HimbaraBankOrgMSP
2026.08.11-12:54:27.220[32m info [39m [caliper] [IdentityManager] 	Adding User1 (admin=false) as _CommercialBankOrgMSP_User1 for organization CommercialBankOrgMSP
2026.08.11-12:54:27.222[32m info [39m [caliper] [worker-message-handler] 	Worker#1 initialized
2026.08.11-12:54:27.223[32m info [39m [caliper] [worker-orchestrator] 	4 workers ready, progressing to test preparation phase.
2026.08.11-12:54:27.223[32m info [39m [caliper] [round-orchestrator] 	Started round 1 (retail-warmup-w4)
2026.08.11-12:54:27.224[32m info [39m [caliper] [worker-message-handler] 	Preparing Worker#0 for Round#0
2026.08.11-12:54:27.224[32m info [39m [caliper] [worker-message-handler] 	Preparing Worker#1 for Round#0
2026.08.11-12:54:27.225[32m info [39m [caliper] [worker-message-handler] 	Preparing Worker#2 for Round#0
2026.08.11-12:54:27.225[32m info [39m [caliper] [worker-message-handler] 	Preparing Worker#3 for Round#0
2026.08.11-12:54:27.238[32m info [39m [caliper] [connectors/peer-gateway/PeerGateway] 	Generating contract map for user User1
2026.08.11-12:54:27.239[32m info [39m [caliper] [connectors/peer-gateway/PeerGateway] 	Generating contract map for user User1
2026.08.11-12:54:27.243[32m info [39m [caliper] [connectors/peer-gateway/PeerGateway] 	Generating contract map for user _HimbaraBankOrgMSP_User1
2026.08.11-12:54:27.243[32m info [39m [caliper] [connectors/peer-gateway/PeerGateway] 	Generating contract map for user User1
2026.08.11-12:54:27.243[32m info [39m [caliper] [connectors/peer-gateway/PeerGateway] 	Generating contract map for user User1
2026.08.11-12:54:27.243[32m info [39m [caliper] [connectors/peer-gateway/PeerGateway] 	Generating contract map for user _HimbaraBankOrgMSP_User1
2026.08.11-12:54:27.246[32m info [39m [caliper] [connectors/peer-gateway/PeerGateway] 	Generating contract map for user _CommercialBankOrgMSP_User1
2026.08.11-12:54:27.246[32m info [39m [caliper] [caliper-worker] 	Info: worker 1 prepare test phase for round 0 is starting...
2026.08.11-12:54:27.246[32m info [39m [caliper] [connectors/peer-gateway/PeerGateway] 	Generating contract map for user _CommercialBankOrgMSP_User1
2026.08.11-12:54:27.246[32m info [39m [caliper] [caliper-worker] 	Info: worker 2 prepare test phase for round 0 is starting...
2026.08.11-12:54:27.249[32m info [39m [caliper] [connectors/peer-gateway/PeerGateway] 	Generating contract map for user _HimbaraBankOrgMSP_User1
2026.08.11-12:54:27.249[32m info [39m [caliper] [connectors/peer-gateway/PeerGateway] 	Generating contract map for user _HimbaraBankOrgMSP_User1
2026.08.11-12:54:27.251[32m info [39m [caliper] [connectors/peer-gateway/PeerGateway] 	Generating contract map for user _CommercialBankOrgMSP_User1
2026.08.11-12:54:27.251[32m info [39m [caliper] [caliper-worker] 	Info: worker 3 prepare test phase for round 0 is starting...
2026.08.11-12:54:27.252[32m info [39m [caliper] [connectors/peer-gateway/PeerGateway] 	Generating contract map for user _CommercialBankOrgMSP_User1
2026.08.11-12:54:27.252[32m info [39m [caliper] [caliper-worker] 	Info: worker 0 prepare test phase for round 0 is starting...
2026.08.11-12:54:43.157[31m error[39m [caliper] [connectors/peer-gateway/PeerGateway] 	Failed to perform submit transaction [Mint] using arguments [wlt_c_transfer-w4_w0_r0_0,500000],  with error: Error: Failed to submit trasaction with status code: 12
2026.08.11-12:54:43.157[31m error[39m [caliper] [connectors/peer-gateway/PeerGateway] 	Failed to perform submit transaction [Mint] using arguments [wlt_c_transfer-w4_w1_r0_0,500000],  with error: Error: Failed to submit trasaction with status code: 12
2026.08.11-12:54:43.158[32m info [39m [caliper] [caliper-worker] 	Worker [0] encountered an error during prepare test phase for round 0: Error: setup Mint failed: [object Object]
    at assertSuccessfulResponse (/home/mfachrizalg/2026/Skripsi/bi-coin/bi-coin-fabric/benchmark/workloads/retail-base.js:71:19)
    at RetailTransferWorkload.submit (/home/mfachrizalg/2026/Skripsi/bi-coin/bi-coin-fabric/benchmark/workloads/retail-base.js:151:9)
    at process.processTicksAndRejections (node:internal/process/task_queues:104:5)
    at async Array.<anonymous> (/home/mfachrizalg/2026/Skripsi/bi-coin/bi-coin-fabric/benchmark/workloads/retail-base.js:228:21)
    at async /home/mfachrizalg/2026/Skripsi/bi-coin/bi-coin-fabric/benchmark/workloads/retail-base.js:137:17
    at async Promise.all (index 0)
    at async RetailTransferWorkload.runPool (/home/mfachrizalg/2026/Skripsi/bi-coin/bi-coin-fabric/benchmark/workloads/retail-base.js:140:9)
    at async RetailTransferWorkload.seedPopulation (/home/mfachrizalg/2026/Skripsi/bi-coin/bi-coin-fabric/benchmark/workloads/retail-base.js:234:9)
    at async RetailTransferWorkload.initializeWorkloadModule (/home/mfachrizalg/2026/Skripsi/bi-coin/bi-coin-fabric/benchmark/workloads/retail-transfer.js:21:9)
    at async CaliperWorker.prepareTest (/home/mfachrizalg/2026/Skripsi/bi-coin/bi-coin-fabric/node_modules/@hyperledger/caliper-core/lib/worker/caliper-worker.js:161:13)
2026.08.11-12:54:43.158[32m info [39m [caliper] [caliper-worker] 	Worker [1] encountered an error during prepare test phase for round 0: Error: setup Mint failed: [object Object]
    at assertSuccessfulResponse (/home/mfachrizalg/2026/Skripsi/bi-coin/bi-coin-fabric/benchmark/workloads/retail-base.js:71:19)
    at RetailTransferWorkload.submit (/home/mfachrizalg/2026/Skripsi/bi-coin/bi-coin-fabric/benchmark/workloads/retail-base.js:151:9)
    at process.processTicksAndRejections (node:internal/process/task_queues:104:5)
    at async Array.<anonymous> (/home/mfachrizalg/2026/Skripsi/bi-coin/bi-coin-fabric/benchmark/workloads/retail-base.js:228:21)
    at async /home/mfachrizalg/2026/Skripsi/bi-coin/bi-coin-fabric/benchmark/workloads/retail-base.js:137:17
    at async Promise.all (index 0)
    at async RetailTransferWorkload.runPool (/home/mfachrizalg/2026/Skripsi/bi-coin/bi-coin-fabric/benchmark/workloads/retail-base.js:140:9)
    at async RetailTransferWorkload.seedPopulation (/home/mfachrizalg/2026/Skripsi/bi-coin/bi-coin-fabric/benchmark/workloads/retail-base.js:234:9)
    at async RetailTransferWorkload.initializeWorkloadModule (/home/mfachrizalg/2026/Skripsi/bi-coin/bi-coin-fabric/benchmark/workloads/retail-transfer.js:21:9)
    at async CaliperWorker.prepareTest (/home/mfachrizalg/2026/Skripsi/bi-coin/bi-coin-fabric/node_modules/@hyperledger/caliper-core/lib/worker/caliper-worker.js:161:13)
2026.08.11-12:54:43.158[32m info [39m [caliper] [connectors/peer-gateway/PeerGateway] 	disconnecting gateway for user User1
2026.08.11-12:54:43.158[32m info [39m [caliper] [connectors/peer-gateway/PeerGateway] 	disconnecting gateway for user User1
2026.08.11-12:54:43.158[32m info [39m [caliper] [connectors/peer-gateway/PeerGateway] 	disconnecting gateway for user _HimbaraBankOrgMSP_User1
2026.08.11-12:54:43.158[32m info [39m [caliper] [connectors/peer-gateway/PeerGateway] 	disconnecting gateway for user _HimbaraBankOrgMSP_User1
2026.08.11-12:54:43.158[32m info [39m [caliper] [connectors/peer-gateway/PeerGateway] 	disconnecting gateway for user _CommercialBankOrgMSP_User1
2026.08.11-12:54:43.158[32m info [39m [caliper] [connectors/peer-gateway/PeerGateway] 	disconnecting gateway for user _CommercialBankOrgMSP_User1
2026.08.11-12:54:43.158[32m info [39m [caliper] [connectors/peer-gateway/PeerGateway] 	disconnecting gRpc client at peer peer0.bi.paynet
2026.08.11-12:54:43.158[32m info [39m [caliper] [connectors/peer-gateway/PeerGateway] 	disconnecting gRpc client at peer peer0.bi.paynet
2026.08.11-12:54:43.159[32m info [39m [caliper] [connectors/peer-gateway/PeerGateway] 	disconnecting gRpc client at peer peer0.himbara.paynet
2026.08.11-12:54:43.159[32m info [39m [caliper] [connectors/peer-gateway/PeerGateway] 	disconnecting gRpc client at peer peer0.commercial.paynet
2026.08.11-12:54:43.159[32m info [39m [caliper] [caliper-worker] 	Info: worker 1 prepare test phase for round 0 is completed
2026.08.11-12:54:43.159[31m error[39m [caliper] [worker-message-handler] 	Error while handling "prepare" message for Worker#1 (686697): Error: setup Mint failed: [object Object]
    at assertSuccessfulResponse (/home/mfachrizalg/2026/Skripsi/bi-coin/bi-coin-fabric/benchmark/workloads/retail-base.js:71:19)
    at RetailTransferWorkload.submit (/home/mfachrizalg/2026/Skripsi/bi-coin/bi-coin-fabric/benchmark/workloads/retail-base.js:151:9)
    at process.processTicksAndRejections (node:internal/process/task_queues:104:5)
    at async Array.<anonymous> (/home/mfachrizalg/2026/Skripsi/bi-coin/bi-coin-fabric/benchmark/workloads/retail-base.js:228:21)
    at async /home/mfachrizalg/2026/Skripsi/bi-coin/bi-coin-fabric/benchmark/workloads/retail-base.js:137:17
    at async Promise.all (index 0)
    at async RetailTransferWorkload.runPool (/home/mfachrizalg/2026/Skripsi/bi-coin/bi-coin-fabric/benchmark/workloads/retail-base.js:140:9)
    at async RetailTransferWorkload.seedPopulation (/home/mfachrizalg/2026/Skripsi/bi-coin/bi-coin-fabric/benchmark/workloads/retail-base.js:234:9)
    at async RetailTransferWorkload.initializeWorkloadModule (/home/mfachrizalg/2026/Skripsi/bi-coin/bi-coin-fabric/benchmark/workloads/retail-transfer.js:21:9)
    at async CaliperWorker.prepareTest (/home/mfachrizalg/2026/Skripsi/bi-coin/bi-coin-fabric/node_modules/@hyperledger/caliper-core/lib/worker/caliper-worker.js:161:13)
2026.08.11-12:54:43.161[32m info [39m [caliper] [connectors/peer-gateway/PeerGateway] 	disconnecting gRpc client at peer peer0.himbara.paynet
2026.08.11-12:54:43.162[31m error[39m [caliper] [round-orchestrator] 	Failed round 1 (retail-warmup-w4): Error: Error: setup Mint failed: [object Object]
    at WorkerOrchestrator.updateWorkerPhase (/home/mfachrizalg/2026/Skripsi/bi-coin/bi-coin-fabric/node_modules/@hyperledger/caliper-core/lib/manager/orchestrators/worker-orchestrator.js:306:61)
    at ProcessMessenger.<anonymous> (/home/mfachrizalg/2026/Skripsi/bi-coin/bi-coin-fabric/node_modules/@hyperledger/caliper-core/lib/manager/orchestrators/worker-orchestrator.js:109:18)
    at ProcessMessenger.emit (node:events:508:28)
    at ProcessMessenger.onMessage (/home/mfachrizalg/2026/Skripsi/bi-coin/bi-coin-fabric/node_modules/@hyperledger/caliper-core/lib/common/messengers/messenger-interface.js:40:14)
    at ChildProcess.<anonymous> (/home/mfachrizalg/2026/Skripsi/bi-coin/bi-coin-fabric/node_modules/@hyperledger/caliper-core/lib/common/messengers/process/process-messenger.js:59:26)
    at ChildProcess.emit (node:events:508:28)
    at emit (node:internal/child_process:948:14)
    at process.processTicksAndRejections (node:internal/process/task_queues:91:21)
2026.08.11-12:54:43.162[32m info [39m [caliper] [round-orchestrator] 	Started round 2 (retail-sustained-w4)
2026.08.11-12:54:43.162[31m error[39m [caliper] [connectors/peer-gateway/PeerGateway] 	Failed to perform submit transaction [Mint] using arguments [wlt_c_transfer-w4_w3_r0_0,500000],  with error: Error: Failed to submit trasaction with status code: 12
2026.08.11-12:54:43.162[32m info [39m [caliper] [connectors/peer-gateway/PeerGateway] 	disconnecting gRpc client at peer peer0.commercial.paynet
2026.08.11-12:54:43.163[32m info [39m [caliper] [caliper-worker] 	Info: worker 0 prepare test phase for round 0 is completed
2026.08.11-12:54:43.163[32m info [39m [caliper] [worker-message-handler] 	Preparing Worker#1 for Round#1
2026.08.11-12:54:43.163[32m info [39m [caliper] [caliper-worker] 	Worker [3] encountered an error during prepare test phase for round 0: Error: setup Mint failed: [object Object]
    at assertSuccessfulResponse (/home/mfachrizalg/2026/Skripsi/bi-coin/bi-coin-fabric/benchmark/workloads/retail-base.js:71:19)
    at RetailTransferWorkload.submit (/home/mfachrizalg/2026/Skripsi/bi-coin/bi-coin-fabric/benchmark/workloads/retail-base.js:151:9)
    at process.processTicksAndRejections (node:internal/process/task_queues:104:5)
    at async Array.<anonymous> (/home/mfachrizalg/2026/Skripsi/bi-coin/bi-coin-fabric/benchmark/workloads/retail-base.js:228:21)
    at async /home/mfachrizalg/2026/Skripsi/bi-coin/bi-coin-fabric/benchmark/workloads/retail-base.js:137:17
    at async Promise.all (index 0)
    at async RetailTransferWorkload.runPool (/home/mfachrizalg/2026/Skripsi/bi-coin/bi-coin-fabric/benchmark/workloads/retail-base.js:140:9)
    at async RetailTransferWorkload.seedPopulation (/home/mfachrizalg/2026/Skripsi/bi-coin/bi-coin-fabric/benchmark/workloads/retail-base.js:234:9)
    at async RetailTransferWorkload.initializeWorkloadModule (/home/mfachrizalg/2026/Skripsi/bi-coin/bi-coin-fabric/benchmark/workloads/retail-transfer.js:21:9)
    at async CaliperWorker.prepareTest (/home/mfachrizalg/2026/Skripsi/bi-coin/bi-coin-fabric/node_modules/@hyperledger/caliper-core/lib/worker/caliper-worker.js:161:13)
2026.08.11-12:54:43.163[32m info [39m [caliper] [connectors/peer-gateway/PeerGateway] 	disconnecting gateway for user User1
2026.08.11-12:54:43.164[32m info [39m [caliper] [connectors/peer-gateway/PeerGateway] 	disconnecting gateway for user _HimbaraBankOrgMSP_User1
2026.08.11-12:54:43.164[32m info [39m [caliper] [connectors/peer-gateway/PeerGateway] 	disconnecting gateway for user _CommercialBankOrgMSP_User1
2026.08.11-12:54:43.164[32m info [39m [caliper] [connectors/peer-gateway/PeerGateway] 	disconnecting gRpc client at peer peer0.bi.paynet
2026.08.11-12:54:43.164[32m info [39m [caliper] [connectors/peer-gateway/PeerGateway] 	disconnecting gRpc client at peer peer0.himbara.paynet
2026.08.11-12:54:43.164[32m info [39m [caliper] [connectors/peer-gateway/PeerGateway] 	disconnecting gRpc client at peer peer0.commercial.paynet
2026.08.11-12:54:43.164[32m info [39m [caliper] [caliper-worker] 	Info: worker 3 prepare test phase for round 0 is completed
2026.08.11-12:54:43.165[31m error[39m [caliper] [worker-message-handler] 	Error while handling "prepare" message for Worker#3 (686704): Error: setup Mint failed: [object Object]
    at assertSuccessfulResponse (/home/mfachrizalg/2026/Skripsi/bi-coin/bi-coin-fabric/benchmark/workloads/retail-base.js:71:19)
    at RetailTransferWorkload.submit (/home/mfachrizalg/2026/Skripsi/bi-coin/bi-coin-fabric/benchmark/workloads/retail-base.js:151:9)
    at process.processTicksAndRejections (node:internal/process/task_queues:104:5)
    at async Array.<anonymous> (/home/mfachrizalg/2026/Skripsi/bi-coin/bi-coin-fabric/benchmark/workloads/retail-base.js:228:21)
    at async /home/mfachrizalg/2026/Skripsi/bi-coin/bi-coin-fabric/benchmark/workloads/retail-base.js:137:17
    at async Promise.all (index 0)
    at async RetailTransferWorkload.runPool (/home/mfachrizalg/2026/Skripsi/bi-coin/bi-coin-fabric/benchmark/workloads/retail-base.js:140:9)
    at async RetailTransferWorkload.seedPopulation (/home/mfachrizalg/2026/Skripsi/bi-coin/bi-coin-fabric/benchmark/workloads/retail-base.js:234:9)
    at async RetailTransferWorkload.initializeWorkloadModule (/home/mfachrizalg/2026/Skripsi/bi-coin/bi-coin-fabric/benchmark/workloads/retail-transfer.js:21:9)
    at async CaliperWorker.prepareTest (/home/mfachrizalg/2026/Skripsi/bi-coin/bi-coin-fabric/node_modules/@hyperledger/caliper-core/lib/worker/caliper-worker.js:161:13)
2026.08.11-12:54:43.165[31m error[39m [caliper] [worker-message-handler] 	Error while handling "prepare" message for Worker (686696): Error: setup Mint failed: [object Object]
    at assertSuccessfulResponse (/home/mfachrizalg/2026/Skripsi/bi-coin/bi-coin-fabric/benchmark/workloads/retail-base.js:71:19)
    at RetailTransferWorkload.submit (/home/mfachrizalg/2026/Skripsi/bi-coin/bi-coin-fabric/benchmark/workloads/retail-base.js:151:9)
    at process.processTicksAndRejections (node:internal/process/task_queues:104:5)
    at async Array.<anonymous> (/home/mfachrizalg/2026/Skripsi/bi-coin/bi-coin-fabric/benchmark/workloads/retail-base.js:228:21)
    at async /home/mfachrizalg/2026/Skripsi/bi-coin/bi-coin-fabric/benchmark/workloads/retail-base.js:137:17
    at async Promise.all (index 0)
    at async RetailTransferWorkload.runPool (/home/mfachrizalg/2026/Skripsi/bi-coin/bi-coin-fabric/benchmark/workloads/retail-base.js:140:9)
    at async RetailTransferWorkload.seedPopulation (/home/mfachrizalg/2026/Skripsi/bi-coin/bi-coin-fabric/benchmark/workloads/retail-base.js:234:9)
    at async RetailTransferWorkload.initializeWorkloadModule (/home/mfachrizalg/2026/Skripsi/bi-coin/bi-coin-fabric/benchmark/workloads/retail-transfer.js:21:9)
    at async CaliperWorker.prepareTest (/home/mfachrizalg/2026/Skripsi/bi-coin/bi-coin-fabric/node_modules/@hyperledger/caliper-core/lib/worker/caliper-worker.js:161:13)
2026.08.11-12:54:43.165[31m error[39m [caliper] [round-orchestrator] 	Failed round 2 (retail-sustained-w4): Error: Error: setup Mint failed: [object Object]
    at WorkerOrchestrator.updateWorkerPhase (/home/mfachrizalg/2026/Skripsi/bi-coin/bi-coin-fabric/node_modules/@hyperledger/caliper-core/lib/manager/orchestrators/worker-orchestrator.js:306:61)
    at ProcessMessenger.<anonymous> (/home/mfachrizalg/2026/Skripsi/bi-coin/bi-coin-fabric/node_modules/@hyperledger/caliper-core/lib/manager/orchestrators/worker-orchestrator.js:109:18)
    at ProcessMessenger.emit (node:events:508:28)
    at ProcessMessenger.onMessage (/home/mfachrizalg/2026/Skripsi/bi-coin/bi-coin-fabric/node_modules/@hyperledger/caliper-core/lib/common/messengers/messenger-interface.js:40:14)
    at ChildProcess.<anonymous> (/home/mfachrizalg/2026/Skripsi/bi-coin/bi-coin-fabric/node_modules/@hyperledger/caliper-core/lib/common/messengers/process/process-messenger.js:59:26)
    at ChildProcess.emit (node:events:508:28)
    at emit (node:internal/child_process:948:14)
    at process.processTicksAndRejections (node:internal/process/task_queues:91:21)
2026.08.11-12:54:43.165[32m info [39m [caliper] [round-orchestrator] 	Started round 3 (retail-peak-w4)
2026.08.11-12:54:43.166[32m info [39m [caliper] [worker-message-handler] 	Preparing Worker#1 for Round#2
2026.08.11-12:54:43.167[32m info [39m [caliper] [worker-message-handler] 	Preparing Worker#2 for Round#1
2026.08.11-12:54:43.168[32m info [39m [caliper] [worker-message-handler] 	Preparing Worker#0 for Round#1
2026.08.11-12:54:43.168[32m info [39m [caliper] [caliper-worker] 	Info: worker 1 prepare test phase for round 2 is starting...
2026.08.11-12:54:43.168[31m error[39m [caliper] [round-orchestrator] 	Failed round 3 (retail-peak-w4): Error: Error: setup Mint failed: [object Object]
    at WorkerOrchestrator.updateWorkerPhase (/home/mfachrizalg/2026/Skripsi/bi-coin/bi-coin-fabric/node_modules/@hyperledger/caliper-core/lib/manager/orchestrators/worker-orchestrator.js:306:61)
    at ProcessMessenger.<anonymous> (/home/mfachrizalg/2026/Skripsi/bi-coin/bi-coin-fabric/node_modules/@hyperledger/caliper-core/lib/manager/orchestrators/worker-orchestrator.js:109:18)
    at ProcessMessenger.emit (node:events:508:28)
    at ProcessMessenger.onMessage (/home/mfachrizalg/2026/Skripsi/bi-coin/bi-coin-fabric/node_modules/@hyperledger/caliper-core/lib/common/messengers/messenger-interface.js:40:14)
    at ChildProcess.<anonymous> (/home/mfachrizalg/2026/Skripsi/bi-coin/bi-coin-fabric/node_modules/@hyperledger/caliper-core/lib/common/messengers/process/process-messenger.js:59:26)
    at ChildProcess.emit (node:events:508:28)
    at emit (node:internal/child_process:948:14)
    at process.processTicksAndRejections (node:internal/process/task_queues:91:21)
2026.08.11-12:54:43.168[32m info [39m [caliper] [worker-message-handler] 	Preparing Worker#3 for Round#1
2026.08.11-12:54:43.168[32m info [39m [caliper] [report-builder] 	### All test results ###
2026.08.11-12:54:43.168[31m error[39m [caliper] [report-builder] 	No data within test result; implies error within configuration files
2026.08.11-12:54:43.169[31m error[39m [caliper] [round-orchestrator] 	Error while finalizing the report: Error: unrecognized report table
    at ReportBuilder.setSummaryTable (/home/mfachrizalg/2026/Skripsi/bi-coin/bi-coin-fabric/node_modules/@hyperledger/caliper-core/lib/manager/report/report-builder.js:142:19)
    at Report.printResultsByRound (/home/mfachrizalg/2026/Skripsi/bi-coin/bi-coin-fabric/node_modules/@hyperledger/caliper-core/lib/manager/report/report.js:182:28)
    at RoundOrchestrator.run (/home/mfachrizalg/2026/Skripsi/bi-coin/bi-coin-fabric/node_modules/@hyperledger/caliper-core/lib/manager/orchestrators/round-orchestrator.js:229:25)
    at process.processTicksAndRejections (node:internal/process/task_queues:104:5)
    at async CaliperEngine.run (/home/mfachrizalg/2026/Skripsi/bi-coin/bi-coin-fabric/node_modules/@hyperledger/caliper-core/lib/manager/caliper-engine.js:153:17)
    at async LaunchManager.handler (/home/mfachrizalg/2026/Skripsi/bi-coin/bi-coin-fabric/node_modules/@hyperledger/caliper-cli/lib/launch/lib/launchManager.js:81:30)
2026.08.11-12:54:43.169[32m info [39m [caliper] [worker-message-handler] 	Preparing Worker#3 for Round#2
2026.08.11-12:54:43.169[32m info [39m [caliper] [worker-message-handler] 	Preparing Worker#0 for Round#2
2026.08.11-12:54:43.170[32m info [39m [caliper] [caliper-worker] 	Info: worker 0 prepare test phase for round 2 is starting...
2026.08.11-12:54:43.170[32m info [39m [caliper] [caliper-worker] 	Info: worker 3 prepare test phase for round 2 is starting...
2026.08.11-12:54:43.174[32m info [39m [caliper] [monitor.js] 	Stopping all monitors
2026.08.11-12:54:43.174[32m info [39m [caliper] [worker-orchestrator] 	Sending exit message to connected workers
2026.08.11-12:54:43.174[32m info [39m [caliper] [round-orchestrator] 	Benchmark finished in 15.951 seconds. Total rounds: 3. Successful rounds: 0. Failed rounds: 3.
2026.08.11-12:54:43.178[31m error[39m [caliper] [connectors/peer-gateway/PeerGateway] 	Failed to perform submit transaction [SubmitKycProfile] using arguments [kyc_m_transfer-w4_w1_r2_0,merchant,m_transfer-w4_w1_r2_0,["sha256:m_transfer-w4_w1_r2_0"]],  with error: Error: Channel has been shut down
2026.08.11-12:54:43.178[32m info [39m [caliper] [caliper-engine] 	Network configuration attribute "caliper.command.end" is not present, skipping end command
2026.08.11-12:54:43.178[31m error[39m [caliper] [connectors/peer-gateway/PeerGateway] 	Failed to perform submit transaction [SubmitKycProfile] using arguments [kyc_m_transfer-w4_w1_r2_1,merchant,m_transfer-w4_w1_r2_1,["sha256:m_transfer-w4_w1_r2_1"]],  with error: Error: Channel has been shut down
2026.08.11-12:54:43.178[32m info [39m [caliper] [cli-launch-manager] 	Benchmark successfully finished!
2026.08.11-12:54:43.178[31m error[39m [caliper] [connectors/peer-gateway/PeerGateway] 	Failed to perform submit transaction [SubmitKycProfile] using arguments [kyc_m_transfer-w4_w1_r2_2,merchant,m_transfer-w4_w1_r2_2,["sha256:m_transfer-w4_w1_r2_2"]],  with error: Error: Channel has been shut down
2026.08.11-12:54:43.179[32m info [39m [caliper] [caliper-worker] 	Worker [1] encountered an error during prepare test phase for round 2: Error: setup SubmitKycProfile failed: [object Object]
    at assertSuccessfulResponse (/home/mfachrizalg/2026/Skripsi/bi-coin/bi-coin-fabric/benchmark/workloads/retail-base.js:71:19)
    at RetailTransferWorkload.submit (/home/mfachrizalg/2026/Skripsi/bi-coin/bi-coin-fabric/benchmark/workloads/retail-base.js:151:9)
    at process.processTicksAndRejections (node:internal/process/task_queues:104:5)
    at async Array.<anonymous> (/home/mfachrizalg/2026/Skripsi/bi-coin/bi-coin-fabric/benchmark/workloads/retail-base.js:199:17)
    at async /home/mfachrizalg/2026/Skripsi/bi-coin/bi-coin-fabric/benchmark/workloads/retail-base.js:137:17
    at async Promise.all (index 0)
    at async RetailTransferWorkload.runPool (/home/mfachrizalg/2026/Skripsi/bi-coin/bi-coin-fabric/benchmark/workloads/retail-base.js:140:9)
    at async RetailTransferWorkload.seedPopulation (/home/mfachrizalg/2026/Skripsi/bi-coin/bi-coin-fabric/benchmark/workloads/retail-base.js:204:9)
    at async RetailTransferWorkload.initializeWorkloadModule (/home/mfachrizalg/2026/Skripsi/bi-coin/bi-coin-fabric/benchmark/workloads/retail-transfer.js:21:9)
    at async CaliperWorker.prepareTest (/home/mfachrizalg/2026/Skripsi/bi-coin/bi-coin-fabric/node_modules/@hyperledger/caliper-core/lib/worker/caliper-worker.js:161:13)
2026.08.11-12:54:43.179[32m info [39m [caliper] [connectors/peer-gateway/PeerGateway] 	disconnecting gateway for user User1
2026.08.11-12:54:43.179[32m info [39m [caliper] [connectors/peer-gateway/PeerGateway] 	disconnecting gateway for user _HimbaraBankOrgMSP_User1
2026.08.11-12:54:43.179[32m info [39m [caliper] [connectors/peer-gateway/PeerGateway] 	disconnecting gateway for user _CommercialBankOrgMSP_User1
2026.08.11-12:54:43.179[32m info [39m [caliper] [caliper-worker] 	Info: worker 1 prepare test phase for round 2 is completed
2026.08.11-12:54:43.179[31m error[39m [caliper] [worker-message-handler] 	Error while handling "prepare" message for Worker#1 (686697): Error: setup SubmitKycProfile failed: [object Object]
    at assertSuccessfulResponse (/home/mfachrizalg/2026/Skripsi/bi-coin/bi-coin-fabric/benchmark/workloads/retail-base.js:71:19)
    at RetailTransferWorkload.submit (/home/mfachrizalg/2026/Skripsi/bi-coin/bi-coin-fabric/benchmark/workloads/retail-base.js:151:9)
    at process.processTicksAndRejections (node:internal/process/task_queues:104:5)
    at async Array.<anonymous> (/home/mfachrizalg/2026/Skripsi/bi-coin/bi-coin-fabric/benchmark/workloads/retail-base.js:199:17)
    at async /home/mfachrizalg/2026/Skripsi/bi-coin/bi-coin-fabric/benchmark/workloads/retail-base.js:137:17
    at async Promise.all (index 0)
    at async RetailTransferWorkload.runPool (/home/mfachrizalg/2026/Skripsi/bi-coin/bi-coin-fabric/benchmark/workloads/retail-base.js:140:9)
    at async RetailTransferWorkload.seedPopulation (/home/mfachrizalg/2026/Skripsi/bi-coin/bi-coin-fabric/benchmark/workloads/retail-base.js:204:9)
    at async RetailTransferWorkload.initializeWorkloadModule (/home/mfachrizalg/2026/Skripsi/bi-coin/bi-coin-fabric/benchmark/workloads/retail-transfer.js:21:9)
    at async CaliperWorker.prepareTest (/home/mfachrizalg/2026/Skripsi/bi-coin/bi-coin-fabric/node_modules/@hyperledger/caliper-core/lib/worker/caliper-worker.js:161:13)
2026.08.11-12:54:43.180[32m info [39m [caliper] [worker-message-handler] 	Worker#1 is exiting
2026.08.11-12:54:43.176[32m info [39m [caliper] [worker-message-handler] 	Preparing Worker#2 for Round#2
2026.08.11-12:54:43.180[32m info [39m [caliper] [caliper-worker] 	Info: worker 2 prepare test phase for round 1 is starting...
2026.08.11-12:54:43.181[32m info [39m [caliper] [caliper-worker] 	Info: worker 2 prepare test phase for round 2 is starting...
2026.08.11-12:54:43.182[31m error[39m [caliper] [connectors/peer-gateway/PeerGateway] 	Failed to perform submit transaction [SubmitKycProfile] using arguments [kyc_m_transfer-w4_w3_r2_0,merchant,m_transfer-w4_w3_r2_0,["sha256:m_transfer-w4_w3_r2_0"]],  with error: Error: Channel has been shut down
2026.08.11-12:54:43.182[31m error[39m [caliper] [connectors/peer-gateway/PeerGateway] 	Failed to perform submit transaction [SubmitKycProfile] using arguments [kyc_m_transfer-w4_w3_r2_1,merchant,m_transfer-w4_w3_r2_1,["sha256:m_transfer-w4_w3_r2_1"]],  with error: Error: Channel has been shut down
2026.08.11-12:54:43.182[31m error[39m [caliper] [connectors/peer-gateway/PeerGateway] 	Failed to perform submit transaction [SubmitKycProfile] using arguments [kyc_m_transfer-w4_w3_r2_2,merchant,m_transfer-w4_w3_r2_2,["sha256:m_transfer-w4_w3_r2_2"]],  with error: Error: Channel has been shut down
2026.08.11-12:54:43.182[32m info [39m [caliper] [caliper-worker] 	Worker [3] encountered an error during prepare test phase for round 2: Error: setup SubmitKycProfile failed: [object Object]
    at assertSuccessfulResponse (/home/mfachrizalg/2026/Skripsi/bi-coin/bi-coin-fabric/benchmark/workloads/retail-base.js:71:19)
    at RetailTransferWorkload.submit (/home/mfachrizalg/2026/Skripsi/bi-coin/bi-coin-fabric/benchmark/workloads/retail-base.js:151:9)
    at process.processTicksAndRejections (node:internal/process/task_queues:104:5)
    at async Array.<anonymous> (/home/mfachrizalg/2026/Skripsi/bi-coin/bi-coin-fabric/benchmark/workloads/retail-base.js:199:17)
    at async /home/mfachrizalg/2026/Skripsi/bi-coin/bi-coin-fabric/benchmark/workloads/retail-base.js:137:17
    at async Promise.all (index 0)
    at async RetailTransferWorkload.runPool (/home/mfachrizalg/2026/Skripsi/bi-coin/bi-coin-fabric/benchmark/workloads/retail-base.js:140:9)
    at async RetailTransferWorkload.seedPopulation (/home/mfachrizalg/2026/Skripsi/bi-coin/bi-coin-fabric/benchmark/workloads/retail-base.js:204:9)
    at async RetailTransferWorkload.initializeWorkloadModule (/home/mfachrizalg/2026/Skripsi/bi-coin/bi-coin-fabric/benchmark/workloads/retail-transfer.js:21:9)
    at async CaliperWorker.prepareTest (/home/mfachrizalg/2026/Skripsi/bi-coin/bi-coin-fabric/node_modules/@hyperledger/caliper-core/lib/worker/caliper-worker.js:161:13)
2026.08.11-12:54:43.182[32m info [39m [caliper] [connectors/peer-gateway/PeerGateway] 	disconnecting gateway for user User1
2026.08.11-12:54:43.182[32m info [39m [caliper] [connectors/peer-gateway/PeerGateway] 	disconnecting gateway for user _HimbaraBankOrgMSP_User1
2026.08.11-12:54:43.182[32m info [39m [caliper] [connectors/peer-gateway/PeerGateway] 	disconnecting gateway for user _CommercialBankOrgMSP_User1
2026.08.11-12:54:43.183[32m info [39m [caliper] [connectors/peer-gateway/PeerGateway] 	Generating contract map for user User1
2026.08.11-12:54:43.183[32m info [39m [caliper] [caliper-worker] 	Info: worker 3 prepare test phase for round 2 is completed
2026.08.11-12:54:43.183[31m error[39m [caliper] [worker-message-handler] 	Error while handling "prepare" message for Worker#3 (686704): Error: setup SubmitKycProfile failed: [object Object]
    at assertSuccessfulResponse (/home/mfachrizalg/2026/Skripsi/bi-coin/bi-coin-fabric/benchmark/workloads/retail-base.js:71:19)
    at RetailTransferWorkload.submit (/home/mfachrizalg/2026/Skripsi/bi-coin/bi-coin-fabric/benchmark/workloads/retail-base.js:151:9)
    at process.processTicksAndRejections (node:internal/process/task_queues:104:5)
    at async Array.<anonymous> (/home/mfachrizalg/2026/Skripsi/bi-coin/bi-coin-fabric/benchmark/workloads/retail-base.js:199:17)
    at async /home/mfachrizalg/2026/Skripsi/bi-coin/bi-coin-fabric/benchmark/workloads/retail-base.js:137:17
    at async Promise.all (index 0)
    at async RetailTransferWorkload.runPool (/home/mfachrizalg/2026/Skripsi/bi-coin/bi-coin-fabric/benchmark/workloads/retail-base.js:140:9)
    at async RetailTransferWorkload.seedPopulation (/home/mfachrizalg/2026/Skripsi/bi-coin/bi-coin-fabric/benchmark/workloads/retail-base.js:204:9)
    at async RetailTransferWorkload.initializeWorkloadModule (/home/mfachrizalg/2026/Skripsi/bi-coin/bi-coin-fabric/benchmark/workloads/retail-transfer.js:21:9)
    at async CaliperWorker.prepareTest (/home/mfachrizalg/2026/Skripsi/bi-coin/bi-coin-fabric/node_modules/@hyperledger/caliper-core/lib/worker/caliper-worker.js:161:13)
2026.08.11-12:54:43.183[31m error[39m [caliper] [connectors/peer-gateway/PeerGateway] 	Failed to perform submit transaction [SubmitKycProfile] using arguments [kyc_m_transfer-w4_w0_r2_0,merchant,m_transfer-w4_w0_r2_0,["sha256:m_transfer-w4_w0_r2_0"]],  with error: Error: Channel has been shut down
2026.08.11-12:54:43.183[31m error[39m [caliper] [connectors/peer-gateway/PeerGateway] 	Failed to perform submit transaction [SubmitKycProfile] using arguments [kyc_m_transfer-w4_w0_r2_1,merchant,m_transfer-w4_w0_r2_1,["sha256:m_transfer-w4_w0_r2_1"]],  with error: Error: Channel has been shut down
2026.08.11-12:54:43.184[31m error[39m [caliper] [connectors/peer-gateway/PeerGateway] 	Failed to perform submit transaction [SubmitKycProfile] using arguments [kyc_m_transfer-w4_w0_r2_2,merchant,m_transfer-w4_w0_r2_2,["sha256:m_transfer-w4_w0_r2_2"]],  with error: Error: Channel has been shut down
2026.08.11-12:54:43.184[32m info [39m [caliper] [worker-message-handler] 	Worker#3 is exiting
2026.08.11-12:54:43.184[32m info [39m [caliper] [caliper-worker] 	Worker [0] encountered an error during prepare test phase for round 2: Error: setup SubmitKycProfile failed: [object Object]
    at assertSuccessfulResponse (/home/mfachrizalg/2026/Skripsi/bi-coin/bi-coin-fabric/benchmark/workloads/retail-base.js:71:19)
    at RetailTransferWorkload.submit (/home/mfachrizalg/2026/Skripsi/bi-coin/bi-coin-fabric/benchmark/workloads/retail-base.js:151:9)
    at process.processTicksAndRejections (node:internal/process/task_queues:104:5)
    at async Array.<anonymous> (/home/mfachrizalg/2026/Skripsi/bi-coin/bi-coin-fabric/benchmark/workloads/retail-base.js:199:17)
    at async /home/mfachrizalg/2026/Skripsi/bi-coin/bi-coin-fabric/benchmark/workloads/retail-base.js:137:17
    at async Promise.all (index 0)
    at async RetailTransferWorkload.runPool (/home/mfachrizalg/2026/Skripsi/bi-coin/bi-coin-fabric/benchmark/workloads/retail-base.js:140:9)
    at async RetailTransferWorkload.seedPopulation (/home/mfachrizalg/2026/Skripsi/bi-coin/bi-coin-fabric/benchmark/workloads/retail-base.js:204:9)
    at async RetailTransferWorkload.initializeWorkloadModule (/home/mfachrizalg/2026/Skripsi/bi-coin/bi-coin-fabric/benchmark/workloads/retail-transfer.js:21:9)
    at async CaliperWorker.prepareTest (/home/mfachrizalg/2026/Skripsi/bi-coin/bi-coin-fabric/node_modules/@hyperledger/caliper-core/lib/worker/caliper-worker.js:161:13)
2026.08.11-12:54:43.184[32m info [39m [caliper] [connectors/peer-gateway/PeerGateway] 	disconnecting gateway for user User1
2026.08.11-12:54:43.184[32m info [39m [caliper] [connectors/peer-gateway/PeerGateway] 	disconnecting gateway for user _HimbaraBankOrgMSP_User1
2026.08.11-12:54:43.184[32m info [39m [caliper] [connectors/peer-gateway/PeerGateway] 	disconnecting gateway for user _CommercialBankOrgMSP_User1
2026.08.11-12:54:43.184[32m info [39m [caliper] [caliper-worker] 	Info: worker 0 prepare test phase for round 2 is completed
2026.08.11-12:54:43.184[31m error[39m [caliper] [worker-message-handler] 	Error while handling "prepare" message for Worker (686696): Error: setup SubmitKycProfile failed: [object Object]
    at assertSuccessfulResponse (/home/mfachrizalg/2026/Skripsi/bi-coin/bi-coin-fabric/benchmark/workloads/retail-base.js:71:19)
    at RetailTransferWorkload.submit (/home/mfachrizalg/2026/Skripsi/bi-coin/bi-coin-fabric/benchmark/workloads/retail-base.js:151:9)
    at process.processTicksAndRejections (node:internal/process/task_queues:104:5)
    at async Array.<anonymous> (/home/mfachrizalg/2026/Skripsi/bi-coin/bi-coin-fabric/benchmark/workloads/retail-base.js:199:17)
    at async /home/mfachrizalg/2026/Skripsi/bi-coin/bi-coin-fabric/benchmark/workloads/retail-base.js:137:17
    at async Promise.all (index 0)
    at async RetailTransferWorkload.runPool (/home/mfachrizalg/2026/Skripsi/bi-coin/bi-coin-fabric/benchmark/workloads/retail-base.js:140:9)
    at async RetailTransferWorkload.seedPopulation (/home/mfachrizalg/2026/Skripsi/bi-coin/bi-coin-fabric/benchmark/workloads/retail-base.js:204:9)
    at async RetailTransferWorkload.initializeWorkloadModule (/home/mfachrizalg/2026/Skripsi/bi-coin/bi-coin-fabric/benchmark/workloads/retail-transfer.js:21:9)
    at async CaliperWorker.prepareTest (/home/mfachrizalg/2026/Skripsi/bi-coin/bi-coin-fabric/node_modules/@hyperledger/caliper-core/lib/worker/caliper-worker.js:161:13)
2026.08.11-12:54:43.185[32m info [39m [caliper] [worker-message-handler] 	Worker#0 is exiting
2026.08.11-12:54:43.186[32m info [39m [caliper] [connectors/peer-gateway/PeerGateway] 	Generating contract map for user _HimbaraBankOrgMSP_User1
2026.08.11-12:54:43.189[32m info [39m [caliper] [connectors/peer-gateway/PeerGateway] 	Generating contract map for user User1
2026.08.11-12:54:43.192[32m info [39m [caliper] [connectors/peer-gateway/PeerGateway] 	Generating contract map for user _HimbaraBankOrgMSP_User1
2026.08.11-12:54:43.192[32m info [39m [caliper] [connectors/peer-gateway/PeerGateway] 	Generating contract map for user _CommercialBankOrgMSP_User1
2026.08.11-12:54:43.192[32m info [39m [caliper] [caliper-worker] 	Info: worker 1 prepare test phase for round 1 is starting...
2026.08.11-12:54:43.193[32m info [39m [caliper] [connectors/peer-gateway/PeerGateway] 	Generating contract map for user User1
2026.08.11-12:54:43.194[32m info [39m [caliper] [connectors/peer-gateway/PeerGateway] 	Generating contract map for user _CommercialBankOrgMSP_User1
2026.08.11-12:54:43.194[32m info [39m [caliper] [caliper-worker] 	Info: worker 3 prepare test phase for round 1 is starting...
2026.08.11-12:54:43.197[32m info [39m [caliper] [connectors/peer-gateway/PeerGateway] 	Generating contract map for user _HimbaraBankOrgMSP_User1
2026.08.11-12:54:43.199[32m info [39m [caliper] [connectors/peer-gateway/PeerGateway] 	Generating contract map for user _CommercialBankOrgMSP_User1
2026.08.11-12:54:43.200[32m info [39m [caliper] [caliper-worker] 	Info: worker 0 prepare test phase for round 1 is starting...
2026.08.11-12:54:43.208[32m info [39m [caliper] [worker-message-handler] 	Worker#2 is exiting
2026.08.11-12:54:43.632[31m error[39m [caliper] [connectors/peer-gateway/PeerGateway] 	Failed to perform submit transaction [SubmitKycProfile] using arguments [kyc_m_transfer-w4_w2_r2_1,merchant,m_transfer-w4_w2_r2_1,["sha256:m_transfer-w4_w2_r2_1"]],  with error: Error: Failed to submit trasaction with status code: 11
2026.08.11-12:54:43.633[32m info [39m [caliper] [caliper-worker] 	Worker [2] encountered an error during prepare test phase for round 1: Error: setup SubmitKycProfile failed: [object Object]
    at assertSuccessfulResponse (/home/mfachrizalg/2026/Skripsi/bi-coin/bi-coin-fabric/benchmark/workloads/retail-base.js:71:19)
    at RetailTransferWorkload.submit (/home/mfachrizalg/2026/Skripsi/bi-coin/bi-coin-fabric/benchmark/workloads/retail-base.js:151:9)
    at process.processTicksAndRejections (node:internal/process/task_queues:104:5)
    at async Array.<anonymous> (/home/mfachrizalg/2026/Skripsi/bi-coin/bi-coin-fabric/benchmark/workloads/retail-base.js:199:17)
    at async /home/mfachrizalg/2026/Skripsi/bi-coin/bi-coin-fabric/benchmark/workloads/retail-base.js:137:17
    at async Promise.all (index 1)
    at async RetailTransferWorkload.runPool (/home/mfachrizalg/2026/Skripsi/bi-coin/bi-coin-fabric/benchmark/workloads/retail-base.js:140:9)
    at async RetailTransferWorkload.seedPopulation (/home/mfachrizalg/2026/Skripsi/bi-coin/bi-coin-fabric/benchmark/workloads/retail-base.js:204:9)
    at async RetailTransferWorkload.initializeWorkloadModule (/home/mfachrizalg/2026/Skripsi/bi-coin/bi-coin-fabric/benchmark/workloads/retail-transfer.js:21:9)
    at async CaliperWorker.prepareTest (/home/mfachrizalg/2026/Skripsi/bi-coin/bi-coin-fabric/node_modules/@hyperledger/caliper-core/lib/worker/caliper-worker.js:161:13)
2026.08.11-12:54:43.635[32m info [39m [caliper] [connectors/peer-gateway/PeerGateway] 	disconnecting gateway for user User1
2026.08.11-12:54:43.635[32m info [39m [caliper] [connectors/peer-gateway/PeerGateway] 	disconnecting gateway for user _HimbaraBankOrgMSP_User1
2026.08.11-12:54:43.635[32m info [39m [caliper] [connectors/peer-gateway/PeerGateway] 	disconnecting gateway for user _CommercialBankOrgMSP_User1
2026.08.11-12:54:43.635[32m info [39m [caliper] [connectors/peer-gateway/PeerGateway] 	disconnecting gRpc client at peer peer0.bi.paynet
2026.08.11-12:54:43.636[32m info [39m [caliper] [connectors/peer-gateway/PeerGateway] 	disconnecting gRpc client at peer peer0.himbara.paynet
2026.08.11-12:54:43.636[32m info [39m [caliper] [connectors/peer-gateway/PeerGateway] 	disconnecting gRpc client at peer peer0.commercial.paynet
2026.08.11-12:54:43.636[32m info [39m [caliper] [caliper-worker] 	Info: worker 2 prepare test phase for round 1 is completed
2026.08.11-12:54:43.636[31m error[39m [caliper] [worker-message-handler] 	Error while handling "prepare" message for Worker#2 (686698): Error: setup SubmitKycProfile failed: [object Object]
    at assertSuccessfulResponse (/home/mfachrizalg/2026/Skripsi/bi-coin/bi-coin-fabric/benchmark/workloads/retail-base.js:71:19)
    at RetailTransferWorkload.submit (/home/mfachrizalg/2026/Skripsi/bi-coin/bi-coin-fabric/benchmark/workloads/retail-base.js:151:9)
    at process.processTicksAndRejections (node:internal/process/task_queues:104:5)
    at async Array.<anonymous> (/home/mfachrizalg/2026/Skripsi/bi-coin/bi-coin-fabric/benchmark/workloads/retail-base.js:199:17)
    at async /home/mfachrizalg/2026/Skripsi/bi-coin/bi-coin-fabric/benchmark/workloads/retail-base.js:137:17
    at async Promise.all (index 1)
    at async RetailTransferWorkload.runPool (/home/mfachrizalg/2026/Skripsi/bi-coin/bi-coin-fabric/benchmark/workloads/retail-base.js:140:9)
    at async RetailTransferWorkload.seedPopulation (/home/mfachrizalg/2026/Skripsi/bi-coin/bi-coin-fabric/benchmark/workloads/retail-base.js:204:9)
    at async RetailTransferWorkload.initializeWorkloadModule (/home/mfachrizalg/2026/Skripsi/bi-coin/bi-coin-fabric/benchmark/workloads/retail-transfer.js:21:9)
    at async CaliperWorker.prepareTest (/home/mfachrizalg/2026/Skripsi/bi-coin/bi-coin-fabric/node_modules/@hyperledger/caliper-core/lib/worker/caliper-worker.js:161:13)
node:events:486
      throw er; // Unhandled 'error' event
      ^

Error [ERR_IPC_CHANNEL_CLOSED]: Channel closed
    at target.send (node:internal/child_process:753:16)
    at ProcessMessenger.send (/home/mfachrizalg/2026/Skripsi/bi-coin/bi-coin-fabric/node_modules/@hyperledger/caliper-core/lib/common/messengers/process/process-messenger.js:90:18)
    at WorkerMessageHandler._handlePrepareMessage (/home/mfachrizalg/2026/Skripsi/bi-coin/bi-coin-fabric/node_modules/@hyperledger/caliper-core/lib/worker/worker-message-handler.js:217:24)
    at process.processTicksAndRejections (node:internal/process/task_queues:104:5)
    at async ProcessMessenger.<anonymous> (/home/mfachrizalg/2026/Skripsi/bi-coin/bi-coin-fabric/node_modules/@hyperledger/caliper-core/lib/worker/worker-message-handler.js:89:13)
Emitted 'error' event on process instance at:
    at node:internal/child_process:757:35
    at process.processTicksAndRejections (node:internal/process/task_queues:85:11) {
  code: 'ERR_IPC_CHANNEL_CLOSED'
}

Node.js v24.14.1
2026.08.11-12:54:44.174[31m error[39m [caliper] [connectors/peer-gateway/PeerGateway] 	Failed to perform submit transaction [CreateWallet] using arguments [wlt_m_transfer-w4_w0_r1_0,m_transfer-w4_w0_r1_0,MERCHANT],  with error: CommitStatusError: 1 CANCELLED: Call cancelled
Details:
2026.08.11-12:54:44.174[31m error[39m [caliper] [connectors/peer-gateway/PeerGateway] 	Failed to perform submit transaction [CreateWallet] using arguments [wlt_m_transfer-w4_w1_r1_0,m_transfer-w4_w1_r1_0,MERCHANT],  with error: CommitStatusError: 1 CANCELLED: Call cancelled
Details:
2026.08.11-12:54:44.174[31m error[39m [caliper] [connectors/peer-gateway/PeerGateway] 	Failed to perform submit transaction [CreateWallet] using arguments [wlt_m_transfer-w4_w1_r1_2,m_transfer-w4_w1_r1_2,MERCHANT],  with error: EndorseError: 1 CANCELLED: Call cancelled
Details:
2026.08.11-12:54:44.174[31m error[39m [caliper] [connectors/peer-gateway/PeerGateway] 	Failed to perform submit transaction [CreateWallet] using arguments [wlt_m_transfer-w4_w0_r1_1,m_transfer-w4_w0_r1_1,MERCHANT],  with error: EndorseError: 1 CANCELLED: Call cancelled
Details:
2026.08.11-12:54:44.175[31m error[39m [caliper] [connectors/peer-gateway/PeerGateway] 	Failed to perform submit transaction [CreateWallet] using arguments [wlt_m_transfer-w4_w1_r1_1,m_transfer-w4_w1_r1_1,MERCHANT],  with error: EndorseError: 1 CANCELLED: Call cancelled
Details:
2026.08.11-12:54:44.175[31m error[39m [caliper] [connectors/peer-gateway/PeerGateway] 	Failed to perform submit transaction [CreateWallet] using arguments [wlt_m_transfer-w4_w0_r1_2,m_transfer-w4_w0_r1_2,MERCHANT],  with error: EndorseError: 1 CANCELLED: Call cancelled
Details:
2026.08.11-12:54:44.175[32m info [39m [caliper] [caliper-worker] 	Worker [0] encountered an error during prepare test phase for round 1: Error: setup CreateWallet failed: [object Object]
    at assertSuccessfulResponse (/home/mfachrizalg/2026/Skripsi/bi-coin/bi-coin-fabric/benchmark/workloads/retail-base.js:71:19)
    at RetailTransferWorkload.submit (/home/mfachrizalg/2026/Skripsi/bi-coin/bi-coin-fabric/benchmark/workloads/retail-base.js:151:9)
    at process.processTicksAndRejections (node:internal/process/task_queues:104:5)
    at async Array.<anonymous> (/home/mfachrizalg/2026/Skripsi/bi-coin/bi-coin-fabric/benchmark/workloads/retail-base.js:201:17)
    at async /home/mfachrizalg/2026/Skripsi/bi-coin/bi-coin-fabric/benchmark/workloads/retail-base.js:137:17
    at async Promise.all (index 0)
    at async RetailTransferWorkload.runPool (/home/mfachrizalg/2026/Skripsi/bi-coin/bi-coin-fabric/benchmark/workloads/retail-base.js:140:9)
    at async RetailTransferWorkload.seedPopulation (/home/mfachrizalg/2026/Skripsi/bi-coin/bi-coin-fabric/benchmark/workloads/retail-base.js:204:9)
    at async RetailTransferWorkload.initializeWorkloadModule (/home/mfachrizalg/2026/Skripsi/bi-coin/bi-coin-fabric/benchmark/workloads/retail-transfer.js:21:9)
    at async CaliperWorker.prepareTest (/home/mfachrizalg/2026/Skripsi/bi-coin/bi-coin-fabric/node_modules/@hyperledger/caliper-core/lib/worker/caliper-worker.js:161:13)
2026.08.11-12:54:44.175[32m info [39m [caliper] [caliper-worker] 	Worker [1] encountered an error during prepare test phase for round 1: Error: setup CreateWallet failed: [object Object]
    at assertSuccessfulResponse (/home/mfachrizalg/2026/Skripsi/bi-coin/bi-coin-fabric/benchmark/workloads/retail-base.js:71:19)
    at RetailTransferWorkload.submit (/home/mfachrizalg/2026/Skripsi/bi-coin/bi-coin-fabric/benchmark/workloads/retail-base.js:151:9)
    at process.processTicksAndRejections (node:internal/process/task_queues:104:5)
    at async Array.<anonymous> (/home/mfachrizalg/2026/Skripsi/bi-coin/bi-coin-fabric/benchmark/workloads/retail-base.js:201:17)
    at async /home/mfachrizalg/2026/Skripsi/bi-coin/bi-coin-fabric/benchmark/workloads/retail-base.js:137:17
    at async Promise.all (index 0)
    at async RetailTransferWorkload.runPool (/home/mfachrizalg/2026/Skripsi/bi-coin/bi-coin-fabric/benchmark/workloads/retail-base.js:140:9)
    at async RetailTransferWorkload.seedPopulation (/home/mfachrizalg/2026/Skripsi/bi-coin/bi-coin-fabric/benchmark/workloads/retail-base.js:204:9)
    at async RetailTransferWorkload.initializeWorkloadModule (/home/mfachrizalg/2026/Skripsi/bi-coin/bi-coin-fabric/benchmark/workloads/retail-transfer.js:21:9)
    at async CaliperWorker.prepareTest (/home/mfachrizalg/2026/Skripsi/bi-coin/bi-coin-fabric/node_modules/@hyperledger/caliper-core/lib/worker/caliper-worker.js:161:13)
2026.08.11-12:54:44.175[32m info [39m [caliper] [connectors/peer-gateway/PeerGateway] 	disconnecting gateway for user User1
2026.08.11-12:54:44.175[32m info [39m [caliper] [connectors/peer-gateway/PeerGateway] 	disconnecting gateway for user User1
2026.08.11-12:54:44.175[32m info [39m [caliper] [connectors/peer-gateway/PeerGateway] 	disconnecting gateway for user _HimbaraBankOrgMSP_User1
2026.08.11-12:54:44.175[32m info [39m [caliper] [connectors/peer-gateway/PeerGateway] 	disconnecting gateway for user _HimbaraBankOrgMSP_User1
2026.08.11-12:54:44.175[32m info [39m [caliper] [connectors/peer-gateway/PeerGateway] 	disconnecting gateway for user _CommercialBankOrgMSP_User1
2026.08.11-12:54:44.175[32m info [39m [caliper] [connectors/peer-gateway/PeerGateway] 	disconnecting gateway for user _CommercialBankOrgMSP_User1
2026.08.11-12:54:44.175[32m info [39m [caliper] [connectors/peer-gateway/PeerGateway] 	disconnecting gRpc client at peer peer0.bi.paynet
2026.08.11-12:54:44.175[32m info [39m [caliper] [connectors/peer-gateway/PeerGateway] 	disconnecting gRpc client at peer peer0.bi.paynet
2026.08.11-12:54:44.175[32m info [39m [caliper] [connectors/peer-gateway/PeerGateway] 	disconnecting gRpc client at peer peer0.himbara.paynet
2026.08.11-12:54:44.175[32m info [39m [caliper] [connectors/peer-gateway/PeerGateway] 	disconnecting gRpc client at peer peer0.himbara.paynet
2026.08.11-12:54:44.175[31m error[39m [caliper] [connectors/peer-gateway/PeerGateway] 	Failed to perform submit transaction [CreateWallet] using arguments [wlt_m_transfer-w4_w3_r1_1,m_transfer-w4_w3_r1_1,MERCHANT],  with error: CommitStatusError: 1 CANCELLED: Call cancelled
Details:
2026.08.11-12:54:44.175[32m info [39m [caliper] [connectors/peer-gateway/PeerGateway] 	disconnecting gRpc client at peer peer0.commercial.paynet
2026.08.11-12:54:44.176[32m info [39m [caliper] [connectors/peer-gateway/PeerGateway] 	disconnecting gRpc client at peer peer0.commercial.paynet
2026.08.11-12:54:44.176[32m info [39m [caliper] [caliper-worker] 	Info: worker 1 prepare test phase for round 1 is completed
2026.08.11-12:54:44.176[32m info [39m [caliper] [caliper-worker] 	Info: worker 0 prepare test phase for round 1 is completed
2026.08.11-12:54:44.176[31m error[39m [caliper] [worker-message-handler] 	Error while handling "prepare" message for Worker#1 (686697): Error: setup CreateWallet failed: [object Object]
    at assertSuccessfulResponse (/home/mfachrizalg/2026/Skripsi/bi-coin/bi-coin-fabric/benchmark/workloads/retail-base.js:71:19)
    at RetailTransferWorkload.submit (/home/mfachrizalg/2026/Skripsi/bi-coin/bi-coin-fabric/benchmark/workloads/retail-base.js:151:9)
    at process.processTicksAndRejections (node:internal/process/task_queues:104:5)
    at async Array.<anonymous> (/home/mfachrizalg/2026/Skripsi/bi-coin/bi-coin-fabric/benchmark/workloads/retail-base.js:201:17)
    at async /home/mfachrizalg/2026/Skripsi/bi-coin/bi-coin-fabric/benchmark/workloads/retail-base.js:137:17
    at async Promise.all (index 0)
    at async RetailTransferWorkload.runPool (/home/mfachrizalg/2026/Skripsi/bi-coin/bi-coin-fabric/benchmark/workloads/retail-base.js:140:9)
    at async RetailTransferWorkload.seedPopulation (/home/mfachrizalg/2026/Skripsi/bi-coin/bi-coin-fabric/benchmark/workloads/retail-base.js:204:9)
    at async RetailTransferWorkload.initializeWorkloadModule (/home/mfachrizalg/2026/Skripsi/bi-coin/bi-coin-fabric/benchmark/workloads/retail-transfer.js:21:9)
    at async CaliperWorker.prepareTest (/home/mfachrizalg/2026/Skripsi/bi-coin/bi-coin-fabric/node_modules/@hyperledger/caliper-core/lib/worker/caliper-worker.js:161:13)
2026.08.11-12:54:44.176[31m error[39m [caliper] [worker-message-handler] 	Error while handling "prepare" message for Worker (686696): Error: setup CreateWallet failed: [object Object]
    at assertSuccessfulResponse (/home/mfachrizalg/2026/Skripsi/bi-coin/bi-coin-fabric/benchmark/workloads/retail-base.js:71:19)
    at RetailTransferWorkload.submit (/home/mfachrizalg/2026/Skripsi/bi-coin/bi-coin-fabric/benchmark/workloads/retail-base.js:151:9)
    at process.processTicksAndRejections (node:internal/process/task_queues:104:5)
    at async Array.<anonymous> (/home/mfachrizalg/2026/Skripsi/bi-coin/bi-coin-fabric/benchmark/workloads/retail-base.js:201:17)
    at async /home/mfachrizalg/2026/Skripsi/bi-coin/bi-coin-fabric/benchmark/workloads/retail-base.js:137:17
    at async Promise.all (index 0)
    at async RetailTransferWorkload.runPool (/home/mfachrizalg/2026/Skripsi/bi-coin/bi-coin-fabric/benchmark/workloads/retail-base.js:140:9)
    at async RetailTransferWorkload.seedPopulation (/home/mfachrizalg/2026/Skripsi/bi-coin/bi-coin-fabric/benchmark/workloads/retail-base.js:204:9)
    at async RetailTransferWorkload.initializeWorkloadModule (/home/mfachrizalg/2026/Skripsi/bi-coin/bi-coin-fabric/benchmark/workloads/retail-transfer.js:21:9)
    at async CaliperWorker.prepareTest (/home/mfachrizalg/2026/Skripsi/bi-coin/bi-coin-fabric/node_modules/@hyperledger/caliper-core/lib/worker/caliper-worker.js:161:13)
2026.08.11-12:54:44.176[31m error[39m [caliper] [connectors/peer-gateway/PeerGateway] 	Failed to perform submit transaction [SubmitKycProfile] using arguments [kyc_m_transfer-w4_w3_r1_3,merchant,m_transfer-w4_w3_r1_3,["sha256:m_transfer-w4_w3_r1_3"]],  with error: EndorseError: 1 CANCELLED: Call cancelled
Details:
node:events:486
      throw er; // Unhandled 'error' event
      ^

Error [ERR_IPC_CHANNEL_CLOSED]: Channel closed
    at target.send (node:internal/child_process:753:16)
    at ProcessMessenger.send (/home/mfachrizalg/2026/Skripsi/bi-coin/bi-coin-fabric/node_modules/@hyperledger/caliper-core/lib/common/messengers/process/process-messenger.js:90:18)
    at WorkerMessageHandler._handlePrepareMessage (/home/mfachrizalg/2026/Skripsi/bi-coin/bi-coin-fabric/node_modules/@hyperledger/caliper-core/lib/worker/worker-message-handler.js:217:24)
    at process.processTicksAndRejections (node:internal/process/task_queues:104:5)
    at async ProcessMessenger.<anonymous> (/home/mfachrizalg/2026/Skripsi/bi-coin/bi-coin-fabric/node_modules/@hyperledger/caliper-core/lib/worker/worker-message-handler.js:89:13)
Emitted 'error' event on process instance at:
    at node:internal/child_process:757:35
    at process.processTicksAndRejections (node:internal/process/task_queues:85:11) {
  code: 'ERR_IPC_CHANNEL_CLOSED'
}
node:events:486
      throw er; // Unhandled 'error' event
      ^

Error [ERR_IPC_CHANNEL_CLOSED]: Channel closed
    at target.send (node:internal/child_process:753:16)
    at ProcessMessenger.send (/home/mfachrizalg/2026/Skripsi/bi-coin/bi-coin-fabric/node_modules/@hyperledger/caliper-core/lib/common/messengers/process/process-messenger.js:90:18)
    at WorkerMessageHandler._handlePrepareMessage (/home/mfachrizalg/2026/Skripsi/bi-coin/bi-coin-fabric/node_modules/@hyperledger/caliper-core/lib/worker/worker-message-handler.js:217:24)
    at process.processTicksAndRejections (node:internal/process/task_queues:104:5)
    at async ProcessMessenger.<anonymous> (/home/mfachrizalg/2026/Skripsi/bi-coin/bi-coin-fabric/node_modules/@hyperledger/caliper-core/lib/worker/worker-message-handler.js:89:13)
Emitted 'error' event on process instance at:
    at node:internal/child_process:757:35
    at process.processTicksAndRejections (node:internal/process/task_queues:85:11) {
  code: 'ERR_IPC_CHANNEL_CLOSED'
}

Node.js v24.14.1

Node.js v24.14.1
2026.08.11-12:54:44.177[31m error[39m [caliper] [connectors/peer-gateway/PeerGateway] 	Failed to perform submit transaction [CreateWallet] using arguments [wlt_m_transfer-w4_w3_r1_2,m_transfer-w4_w3_r1_2,MERCHANT],  with error: EndorseError: 1 CANCELLED: Call cancelled
Details:
2026.08.11-12:54:44.177[32m info [39m [caliper] [caliper-worker] 	Worker [3] encountered an error during prepare test phase for round 1: Error: setup CreateWallet failed: [object Object]
    at assertSuccessfulResponse (/home/mfachrizalg/2026/Skripsi/bi-coin/bi-coin-fabric/benchmark/workloads/retail-base.js:71:19)
    at RetailTransferWorkload.submit (/home/mfachrizalg/2026/Skripsi/bi-coin/bi-coin-fabric/benchmark/workloads/retail-base.js:151:9)
    at process.processTicksAndRejections (node:internal/process/task_queues:104:5)
    at async Array.<anonymous> (/home/mfachrizalg/2026/Skripsi/bi-coin/bi-coin-fabric/benchmark/workloads/retail-base.js:201:17)
    at async /home/mfachrizalg/2026/Skripsi/bi-coin/bi-coin-fabric/benchmark/workloads/retail-base.js:137:17
    at async Promise.all (index 1)
    at async RetailTransferWorkload.runPool (/home/mfachrizalg/2026/Skripsi/bi-coin/bi-coin-fabric/benchmark/workloads/retail-base.js:140:9)
    at async RetailTransferWorkload.seedPopulation (/home/mfachrizalg/2026/Skripsi/bi-coin/bi-coin-fabric/benchmark/workloads/retail-base.js:204:9)
    at async RetailTransferWorkload.initializeWorkloadModule (/home/mfachrizalg/2026/Skripsi/bi-coin/bi-coin-fabric/benchmark/workloads/retail-transfer.js:21:9)
    at async CaliperWorker.prepareTest (/home/mfachrizalg/2026/Skripsi/bi-coin/bi-coin-fabric/node_modules/@hyperledger/caliper-core/lib/worker/caliper-worker.js:161:13)
2026.08.11-12:54:44.177[32m info [39m [caliper] [connectors/peer-gateway/PeerGateway] 	disconnecting gateway for user User1
2026.08.11-12:54:44.177[32m info [39m [caliper] [connectors/peer-gateway/PeerGateway] 	disconnecting gateway for user _HimbaraBankOrgMSP_User1
2026.08.11-12:54:44.177[32m info [39m [caliper] [connectors/peer-gateway/PeerGateway] 	disconnecting gateway for user _CommercialBankOrgMSP_User1
2026.08.11-12:54:44.177[32m info [39m [caliper] [connectors/peer-gateway/PeerGateway] 	disconnecting gRpc client at peer peer0.bi.paynet
2026.08.11-12:54:44.178[32m info [39m [caliper] [connectors/peer-gateway/PeerGateway] 	disconnecting gRpc client at peer peer0.himbara.paynet
2026.08.11-12:54:44.178[32m info [39m [caliper] [connectors/peer-gateway/PeerGateway] 	disconnecting gRpc client at peer peer0.commercial.paynet
2026.08.11-12:54:44.178[32m info [39m [caliper] [caliper-worker] 	Info: worker 3 prepare test phase for round 1 is completed
2026.08.11-12:54:44.179[31m error[39m [caliper] [worker-message-handler] 	Error while handling "prepare" message for Worker#3 (686704): Error: setup CreateWallet failed: [object Object]
    at assertSuccessfulResponse (/home/mfachrizalg/2026/Skripsi/bi-coin/bi-coin-fabric/benchmark/workloads/retail-base.js:71:19)
    at RetailTransferWorkload.submit (/home/mfachrizalg/2026/Skripsi/bi-coin/bi-coin-fabric/benchmark/workloads/retail-base.js:151:9)
    at process.processTicksAndRejections (node:internal/process/task_queues:104:5)
    at async Array.<anonymous> (/home/mfachrizalg/2026/Skripsi/bi-coin/bi-coin-fabric/benchmark/workloads/retail-base.js:201:17)
    at async /home/mfachrizalg/2026/Skripsi/bi-coin/bi-coin-fabric/benchmark/workloads/retail-base.js:137:17
    at async Promise.all (index 1)
    at async RetailTransferWorkload.runPool (/home/mfachrizalg/2026/Skripsi/bi-coin/bi-coin-fabric/benchmark/workloads/retail-base.js:140:9)
    at async RetailTransferWorkload.seedPopulation (/home/mfachrizalg/2026/Skripsi/bi-coin/bi-coin-fabric/benchmark/workloads/retail-base.js:204:9)
    at async RetailTransferWorkload.initializeWorkloadModule (/home/mfachrizalg/2026/Skripsi/bi-coin/bi-coin-fabric/benchmark/workloads/retail-transfer.js:21:9)
    at async CaliperWorker.prepareTest (/home/mfachrizalg/2026/Skripsi/bi-coin/bi-coin-fabric/node_modules/@hyperledger/caliper-core/lib/worker/caliper-worker.js:161:13)
node:events:486
      throw er; // Unhandled 'error' event
      ^

Error [ERR_IPC_CHANNEL_CLOSED]: Channel closed
    at target.send (node:internal/child_process:753:16)
    at ProcessMessenger.send (/home/mfachrizalg/2026/Skripsi/bi-coin/bi-coin-fabric/node_modules/@hyperledger/caliper-core/lib/common/messengers/process/process-messenger.js:90:18)
    at WorkerMessageHandler._handlePrepareMessage (/home/mfachrizalg/2026/Skripsi/bi-coin/bi-coin-fabric/node_modules/@hyperledger/caliper-core/lib/worker/worker-message-handler.js:217:24)
    at process.processTicksAndRejections (node:internal/process/task_queues:104:5)
    at async ProcessMessenger.<anonymous> (/home/mfachrizalg/2026/Skripsi/bi-coin/bi-coin-fabric/node_modules/@hyperledger/caliper-core/lib/worker/worker-message-handler.js:89:13)
Emitted 'error' event on process instance at:
    at node:internal/child_process:757:35
    at process.processTicksAndRejections (node:internal/process/task_queues:85:11) {
  code: 'ERR_IPC_CHANNEL_CLOSED'
}

Node.js v24.14.1
