
> bi-coin-fabric@1.0.0 benchmark:authorization
> caliper launch manager --caliper-benchconfig benchmark/benchconfigs/authorization.yaml --caliper-networkconfig benchmark/networkconfig.yaml --caliper-workspace .

2026.08.24-17:19:03.505[32m info [39m [caliper] [cli-launch-manager] 	Set workspace path: /home/mfachrizalg/2026/Skripsi/bi-coin/bi-coin-fabric
2026.08.24-17:19:03.506[32m info [39m [caliper] [cli-launch-manager] 	Set benchmark configuration path: /home/mfachrizalg/2026/Skripsi/bi-coin/bi-coin-fabric/benchmark/benchconfigs/authorization.yaml
2026.08.24-17:19:03.507[32m info [39m [caliper] [cli-launch-manager] 	Set network configuration path: /home/mfachrizalg/2026/Skripsi/bi-coin/bi-coin-fabric/benchmark/networkconfig.yaml
2026.08.24-17:19:03.507[32m info [39m [caliper] [cli-launch-manager] 	Set SUT type: fabric
2026.08.24-17:19:03.531[32m info [39m [caliper] [caliper-engine] 	Starting benchmark flow
2026.08.24-17:19:03.531[32m info [39m [caliper] [caliper-engine] 	Network configuration attribute "caliper.command.start" is not present, skipping start command
2026.08.24-17:19:04.070[32m info [39m [caliper] [FabricConnectorFactory] 	Initializing peer gateway connector compatible with installed fabric-gateway SDK: 1.5.0
2026.08.24-17:19:04.077[32m info [39m [caliper] [IdentityManager] 	Adding User1 (admin=false) as User1 for organization BankIndonesiaOrgMSP
2026.08.24-17:19:04.077[32m info [39m [caliper] [IdentityManager] 	Adding User1 (admin=false) as _HimbaraBankOrgMSP_User1 for organization HimbaraBankOrgMSP
2026.08.24-17:19:04.078[32m info [39m [caliper] [IdentityManager] 	Adding User1 (admin=false) as _CommercialBankOrgMSP_User1 for organization CommercialBankOrgMSP
2026.08.24-17:19:04.080[32m info [39m [caliper] [connectors/peer-gateway/PeerGateway] 	Fabric-Gateway SDK version: 1.5.0 for Peer-Gateway connector; TLS based on BankIndonesiaOrgMSP: server
2026.08.24-17:19:04.080[32m info [39m [caliper] [caliper-engine] 	Executed "init" step in 0.001 seconds
2026.08.24-17:19:04.080[33m warn [39m [caliper] [connectors/peer-gateway/PeerGateway] 	Install smart contract not available for the Fabric Peer Gateway connector
2026.08.24-17:19:04.080[32m info [39m [caliper] [caliper-engine] 	Executed "install" step in 0 seconds
2026.08.24-17:19:04.082[32m info [39m [caliper] [monitor.js] 	Attempting to create resource monitor of type docker
2026.08.24-17:19:04.091[32m info [39m [caliper] [default-observer] 	Observer interval set to 5000 milliseconds
2026.08.24-17:19:04.094[32m info [39m [caliper] [round-orchestrator] 	Preparing worker connections
2026.08.24-17:19:04.094[32m info [39m [caliper] [worker-orchestrator] 	Launching worker 1 of 1
2026.08.24-17:19:04.098[32m info [39m [caliper] [worker-orchestrator] 	Messenger not configured, entering configure phase...
2026.08.24-17:19:04.098[32m info [39m [caliper] [worker-orchestrator] 	No existing workers detected, entering worker launch phase...
2026.08.24-17:19:04.098[32m info [39m [caliper] [worker-orchestrator] 	Waiting for 1 workers to be connected...
2026.08.24-17:19:04.365[32m info [39m [caliper] [cli-launch-worker] 	Set workspace path: /home/mfachrizalg/2026/Skripsi/bi-coin/bi-coin-fabric
2026.08.24-17:19:04.365[32m info [39m [caliper] [cli-launch-worker] 	Set benchmark configuration path: /home/mfachrizalg/2026/Skripsi/bi-coin/bi-coin-fabric/benchmark/benchconfigs/authorization.yaml
2026.08.24-17:19:04.366[32m info [39m [caliper] [cli-launch-worker] 	Set network configuration path: /home/mfachrizalg/2026/Skripsi/bi-coin/bi-coin-fabric/benchmark/networkconfig.yaml
2026.08.24-17:19:04.366[32m info [39m [caliper] [cli-launch-worker] 	Set SUT type: fabric
2026.08.24-17:19:04.388[32m info [39m [caliper] [worker-orchestrator] 	1 workers connected, progressing to worker assignment phase.
2026.08.24-17:19:04.388[32m info [39m [caliper] [worker-orchestrator] 	Workers currently unassigned, awaiting index assignment...
2026.08.24-17:19:04.389[32m info [39m [caliper] [worker-orchestrator] 	Waiting for 1 workers to be assigned...
2026.08.24-17:19:04.416[32m info [39m [caliper] [worker-orchestrator] 	1 workers assigned, progressing to worker initialization phase.
2026.08.24-17:19:04.416[32m info [39m [caliper] [worker-orchestrator] 	Waiting for 1 workers to be ready...
2026.08.24-17:19:04.417[32m info [39m [caliper] [worker-message-handler] 	Initializing Worker#0...
2026.08.24-17:19:05.019[32m info [39m [caliper] [FabricConnectorFactory] 	Initializing peer gateway connector compatible with installed fabric-gateway SDK: 1.5.0
2026.08.24-17:19:05.025[32m info [39m [caliper] [IdentityManager] 	Adding User1 (admin=false) as User1 for organization BankIndonesiaOrgMSP
2026.08.24-17:19:05.026[32m info [39m [caliper] [IdentityManager] 	Adding User1 (admin=false) as _HimbaraBankOrgMSP_User1 for organization HimbaraBankOrgMSP
2026.08.24-17:19:05.026[32m info [39m [caliper] [IdentityManager] 	Adding User1 (admin=false) as _CommercialBankOrgMSP_User1 for organization CommercialBankOrgMSP
2026.08.24-17:19:05.028[32m info [39m [caliper] [worker-message-handler] 	Worker#0 initialized
2026.08.24-17:19:05.029[32m info [39m [caliper] [worker-orchestrator] 	1 workers ready, progressing to test preparation phase.
2026.08.24-17:19:05.029[32m info [39m [caliper] [round-orchestrator] 	Started round 1 (custody-authorization)
2026.08.24-17:19:05.030[32m info [39m [caliper] [worker-message-handler] 	Preparing Worker#0 for Round#0
2026.08.24-17:19:05.048[32m info [39m [caliper] [connectors/peer-gateway/PeerGateway] 	Generating contract map for user User1
2026.08.24-17:19:05.052[32m info [39m [caliper] [connectors/peer-gateway/PeerGateway] 	Generating contract map for user _HimbaraBankOrgMSP_User1
2026.08.24-17:19:05.055[32m info [39m [caliper] [connectors/peer-gateway/PeerGateway] 	Generating contract map for user _CommercialBankOrgMSP_User1
2026.08.24-17:19:05.055[32m info [39m [caliper] [caliper-worker] 	Info: worker 0 prepare test phase for round 0 is starting...
2026.08.24-17:19:23.911[32m info [39m [caliper] [connectors/peer-gateway/PeerGateway] 	disconnecting gateway for user User1
2026.08.24-17:19:23.911[32m info [39m [caliper] [connectors/peer-gateway/PeerGateway] 	disconnecting gateway for user _HimbaraBankOrgMSP_User1
2026.08.24-17:19:23.911[32m info [39m [caliper] [connectors/peer-gateway/PeerGateway] 	disconnecting gateway for user _CommercialBankOrgMSP_User1
2026.08.24-17:19:23.911[32m info [39m [caliper] [connectors/peer-gateway/PeerGateway] 	disconnecting gRpc client at peer peer0.bi.paynet
2026.08.24-17:19:23.911[32m info [39m [caliper] [connectors/peer-gateway/PeerGateway] 	disconnecting gRpc client at peer peer0.himbara.paynet
2026.08.24-17:19:23.912[32m info [39m [caliper] [connectors/peer-gateway/PeerGateway] 	disconnecting gRpc client at peer peer0.commercial.paynet
2026.08.24-17:19:23.912[32m info [39m [caliper] [caliper-worker] 	Info: worker 0 prepare test phase for round 0 is completed
2026.08.24-17:19:23.912[32m info [39m [caliper] [worker-message-handler] 	Worker#0 prepared for Round#0
2026.08.24-17:19:23.913[32m info [39m [caliper] [worker-orchestrator] 	1 workers prepared, progressing to test phase.
2026.08.24-17:19:25.972[32m info [39m [caliper] [round-orchestrator] 	Monitors successfully started
2026.08.24-17:19:25.973[32m info [39m [caliper] [worker-message-handler] 	Worker#0 is starting Round#0
2026.08.24-17:19:25.976[32m info [39m [caliper] [connectors/peer-gateway/PeerGateway] 	Generating contract map for user User1
2026.08.24-17:19:25.978[32m info [39m [caliper] [connectors/peer-gateway/PeerGateway] 	Generating contract map for user _HimbaraBankOrgMSP_User1
2026.08.24-17:19:25.979[32m info [39m [caliper] [connectors/peer-gateway/PeerGateway] 	Generating contract map for user _CommercialBankOrgMSP_User1
2026.08.24-17:19:25.980[32m info [39m [caliper] [caliper-worker] 	Worker #0 starting workload loop
2026.08.24-17:19:26.005[31m error[39m [caliper] [connectors/peer-gateway/PeerGateway] 	Failed to perform submit transaction [Transfer] using arguments [wlt_auth_sender_20260824-review-full-01_custody-authorization_w0_r0,wlt_auth_receiver_20260824-review-full-01_custody-authorization_w0_r0,1000,custody_20260824-review-full-01_custody-authorization_w0_r0_himbara],  with error: EndorseError: 10 ABORTED: failed to endorse transaction, see attached details for more info
Details:
-  peer0.himbara.paynet:9051:chaincode response 500, custodian MSP mismatch: caller HimbaraBankOrgMSP must equal sender custodian BankIndonesiaOrgMSP
{"event":"authorization-oracle","worker":0,"actor":{"invokerMspId":"HimbaraBankOrgMSP","invokerIdentity":"User1"},"targetCustodian":"BankIndonesiaOrgMSP","total":1,"failed":1,"custodyErrors":1,"infrastructureErrors":0,"verdict":"PASS"}
2026.08.24-17:19:27.090[32m info [39m [caliper] [connectors/peer-gateway/PeerGateway] 	disconnecting gateway for user User1
2026.08.24-17:19:27.090[32m info [39m [caliper] [connectors/peer-gateway/PeerGateway] 	disconnecting gateway for user _HimbaraBankOrgMSP_User1
2026.08.24-17:19:27.090[32m info [39m [caliper] [connectors/peer-gateway/PeerGateway] 	disconnecting gateway for user _CommercialBankOrgMSP_User1
2026.08.24-17:19:27.090[32m info [39m [caliper] [connectors/peer-gateway/PeerGateway] 	disconnecting gRpc client at peer peer0.bi.paynet
2026.08.24-17:19:27.090[32m info [39m [caliper] [connectors/peer-gateway/PeerGateway] 	disconnecting gRpc client at peer peer0.himbara.paynet
2026.08.24-17:19:27.091[32m info [39m [caliper] [connectors/peer-gateway/PeerGateway] 	disconnecting gRpc client at peer peer0.commercial.paynet
2026.08.24-17:19:27.091[32m info [39m [caliper] [worker-message-handler] 	Worker#0 finished Round#0
2026.08.24-17:19:32.092[32m info [39m [caliper] [default-observer] 	Resetting txCount indicator count
2026.08.24-17:19:32.093[32m info [39m [caliper] [report-builder] 	### Test result ###
2026.08.24-17:19:32.096[32m info [39m [caliper] [report-builder] 	
+-----------------------+------+------+-----------------+-----------------+-----------------+-----------------+------------------+
| Name                  | Succ | Fail | Send Rate (TPS) | Max Latency (s) | Min Latency (s) | Avg Latency (s) | Throughput (TPS) |
|-----------------------|------|------|-----------------|-----------------|-----------------|-----------------|------------------|
| custody-authorization | 2    | 1    | 120.0           | 0.01            | 0.01            | 0.01            | 83.3             |
+-----------------------+------+------+-----------------+-----------------+-----------------+-----------------+------------------+

2026.08.24-17:19:32.100[32m info [39m [caliper] [report-builder] 	### docker resource stats ###'
2026.08.24-17:19:32.102[32m info [39m [caliper] [report-builder] 	
+--------------------------+-----------+-----------+------------------+------------------+-----------------+------------------+----------------+---------------+
| Name                     | CPU%(max) | CPU%(avg) | Memory(max) [MB] | Memory(avg) [MB] | Traffic In [KB] | Traffic Out [KB] | Disc Write [B] | Disc Read [B] |
|--------------------------|-----------|-----------|------------------|------------------|-----------------|------------------|----------------|---------------|
| /peer0.pjp.paynet        | 0.0225    | 0.01875   | 246              | 245              | 31.3            | 28.9             | 0.00           | 0.00          |
|--------------------------|-----------|-----------|------------------|------------------|-----------------|------------------|----------------|---------------|
| /peer0.himbara.paynet    | 0.0275    | 0.02      | 238              | 238              | 37.3            | 36.5             | 0.00           | 0.00          |
|--------------------------|-----------|-----------|------------------|------------------|-----------------|------------------|----------------|---------------|
| /peer0.commercial.paynet | 0.0375    | 0.01875   | 220              | 219              | 16.6            | 14.3             | 0.00           | 0.00          |
|--------------------------|-----------|-----------|------------------|------------------|-----------------|------------------|----------------|---------------|
| /peer0.ojk.paynet        | 0.03125   | 0.0175    | 219              | 219              | 19.9            | 19.5             | 0.00           | 0.00          |
|--------------------------|-----------|-----------|------------------|------------------|-----------------|------------------|----------------|---------------|
| /peer0.bi.paynet         | 0.02875   | 0.01875   | 253              | 253              | 26.7            | 25.5             | 0.00           | 0.00          |
|--------------------------|-----------|-----------|------------------|------------------|-----------------|------------------|----------------|---------------|
| /orderer.paynet          | 0         | 0         | 20.0             | 20.0             | 1.72            | 0.00             | 0.00           | 0.00          |
+--------------------------+-----------+-----------+------------------+------------------+-----------------+------------------+----------------+---------------+

2026.08.24-17:19:32.103[32m info [39m [caliper] [round-orchestrator] 	Finished round 1 (custody-authorization) in 0.109 seconds
2026.08.24-17:19:32.103[32m info [39m [caliper] [monitor.js] 	Stopping all monitors
2026.08.24-17:19:32.204[32m info [39m [caliper] [report-builder] 	### All test results ###
2026.08.24-17:19:32.204[32m info [39m [caliper] [report-builder] 	
+-----------------------+------+------+-----------------+-----------------+-----------------+-----------------+------------------+
| Name                  | Succ | Fail | Send Rate (TPS) | Max Latency (s) | Min Latency (s) | Avg Latency (s) | Throughput (TPS) |
|-----------------------|------|------|-----------------|-----------------|-----------------|-----------------|------------------|
| custody-authorization | 2    | 1    | 120.0           | 0.01            | 0.01            | 0.01            | 83.3             |
+-----------------------+------+------+-----------------+-----------------+-----------------+-----------------+------------------+

2026.08.24-17:19:32.220[32m info [39m [caliper] [report-builder] 	Generated report with path /home/mfachrizalg/2026/Skripsi/bi-coin/bi-coin-fabric/report.html
2026.08.24-17:19:32.220[32m info [39m [caliper] [monitor.js] 	Stopping all monitors
2026.08.24-17:19:32.220[32m info [39m [caliper] [worker-orchestrator] 	Sending exit message to connected workers
2026.08.24-17:19:32.220[32m info [39m [caliper] [round-orchestrator] 	Benchmark finished in 27.191 seconds. Total rounds: 1. Successful rounds: 1. Failed rounds: 0.
2026.08.24-17:19:32.220[32m info [39m [caliper] [caliper-engine] 	Network configuration attribute "caliper.command.end" is not present, skipping end command
2026.08.24-17:19:32.220[32m info [39m [caliper] [cli-launch-manager] 	Benchmark successfully finished!
2026.08.24-17:19:32.221[32m info [39m [caliper] [worker-message-handler] 	Worker#0 is exiting
[authorization-oracle] {"actors":1,"verdict":"PASS"}
