
> bi-coin-fabric@1.0.0 benchmark:boundary
> caliper launch manager --caliper-benchconfig benchmark/benchconfigs/boundary-path.yaml --caliper-networkconfig benchmark/networkconfig.yaml --caliper-workspace .

2026.08.24-17:15:23.140[32m info [39m [caliper] [cli-launch-manager] 	Set workspace path: /home/mfachrizalg/2026/Skripsi/bi-coin/bi-coin-fabric
2026.08.24-17:15:23.141[32m info [39m [caliper] [cli-launch-manager] 	Set benchmark configuration path: /home/mfachrizalg/2026/Skripsi/bi-coin/bi-coin-fabric/benchmark/benchconfigs/boundary-path.yaml
2026.08.24-17:15:23.144[32m info [39m [caliper] [cli-launch-manager] 	Set network configuration path: /home/mfachrizalg/2026/Skripsi/bi-coin/bi-coin-fabric/benchmark/networkconfig.yaml
2026.08.24-17:15:23.144[32m info [39m [caliper] [cli-launch-manager] 	Set SUT type: fabric
2026.08.24-17:15:23.159[32m info [39m [caliper] [caliper-engine] 	Starting benchmark flow
2026.08.24-17:15:23.160[32m info [39m [caliper] [caliper-engine] 	Network configuration attribute "caliper.command.start" is not present, skipping start command
2026.08.24-17:15:23.689[32m info [39m [caliper] [FabricConnectorFactory] 	Initializing peer gateway connector compatible with installed fabric-gateway SDK: 1.5.0
2026.08.24-17:15:23.696[32m info [39m [caliper] [IdentityManager] 	Adding User1 (admin=false) as User1 for organization BankIndonesiaOrgMSP
2026.08.24-17:15:23.697[32m info [39m [caliper] [IdentityManager] 	Adding User1 (admin=false) as _HimbaraBankOrgMSP_User1 for organization HimbaraBankOrgMSP
2026.08.24-17:15:23.698[32m info [39m [caliper] [IdentityManager] 	Adding User1 (admin=false) as _CommercialBankOrgMSP_User1 for organization CommercialBankOrgMSP
2026.08.24-17:15:23.699[32m info [39m [caliper] [connectors/peer-gateway/PeerGateway] 	Fabric-Gateway SDK version: 1.5.0 for Peer-Gateway connector; TLS based on BankIndonesiaOrgMSP: server
2026.08.24-17:15:23.699[32m info [39m [caliper] [caliper-engine] 	Executed "init" step in 0.001 seconds
2026.08.24-17:15:23.700[33m warn [39m [caliper] [connectors/peer-gateway/PeerGateway] 	Install smart contract not available for the Fabric Peer Gateway connector
2026.08.24-17:15:23.700[32m info [39m [caliper] [caliper-engine] 	Executed "install" step in 0 seconds
2026.08.24-17:15:23.702[32m info [39m [caliper] [monitor.js] 	Attempting to create resource monitor of type docker
2026.08.24-17:15:23.712[32m info [39m [caliper] [default-observer] 	Observer interval set to 5000 milliseconds
2026.08.24-17:15:23.715[32m info [39m [caliper] [round-orchestrator] 	Preparing worker connections
2026.08.24-17:15:23.715[32m info [39m [caliper] [worker-orchestrator] 	Launching worker 1 of 1
2026.08.24-17:15:23.721[32m info [39m [caliper] [worker-orchestrator] 	Messenger not configured, entering configure phase...
2026.08.24-17:15:23.721[32m info [39m [caliper] [worker-orchestrator] 	No existing workers detected, entering worker launch phase...
2026.08.24-17:15:23.721[32m info [39m [caliper] [worker-orchestrator] 	Waiting for 1 workers to be connected...
2026.08.24-17:15:24.016[32m info [39m [caliper] [cli-launch-worker] 	Set workspace path: /home/mfachrizalg/2026/Skripsi/bi-coin/bi-coin-fabric
2026.08.24-17:15:24.017[32m info [39m [caliper] [cli-launch-worker] 	Set benchmark configuration path: /home/mfachrizalg/2026/Skripsi/bi-coin/bi-coin-fabric/benchmark/benchconfigs/boundary-path.yaml
2026.08.24-17:15:24.018[32m info [39m [caliper] [cli-launch-worker] 	Set network configuration path: /home/mfachrizalg/2026/Skripsi/bi-coin/bi-coin-fabric/benchmark/networkconfig.yaml
2026.08.24-17:15:24.018[32m info [39m [caliper] [cli-launch-worker] 	Set SUT type: fabric
2026.08.24-17:15:24.041[32m info [39m [caliper] [worker-orchestrator] 	1 workers connected, progressing to worker assignment phase.
2026.08.24-17:15:24.041[32m info [39m [caliper] [worker-orchestrator] 	Workers currently unassigned, awaiting index assignment...
2026.08.24-17:15:24.042[32m info [39m [caliper] [worker-orchestrator] 	Waiting for 1 workers to be assigned...
2026.08.24-17:15:24.080[32m info [39m [caliper] [worker-orchestrator] 	1 workers assigned, progressing to worker initialization phase.
2026.08.24-17:15:24.080[32m info [39m [caliper] [worker-orchestrator] 	Waiting for 1 workers to be ready...
2026.08.24-17:15:24.081[32m info [39m [caliper] [worker-message-handler] 	Initializing Worker#0...
2026.08.24-17:15:24.586[32m info [39m [caliper] [FabricConnectorFactory] 	Initializing peer gateway connector compatible with installed fabric-gateway SDK: 1.5.0
2026.08.24-17:15:24.592[32m info [39m [caliper] [IdentityManager] 	Adding User1 (admin=false) as User1 for organization BankIndonesiaOrgMSP
2026.08.24-17:15:24.593[32m info [39m [caliper] [IdentityManager] 	Adding User1 (admin=false) as _HimbaraBankOrgMSP_User1 for organization HimbaraBankOrgMSP
2026.08.24-17:15:24.594[32m info [39m [caliper] [IdentityManager] 	Adding User1 (admin=false) as _CommercialBankOrgMSP_User1 for organization CommercialBankOrgMSP
2026.08.24-17:15:24.596[32m info [39m [caliper] [worker-message-handler] 	Worker#0 initialized
2026.08.24-17:15:24.597[32m info [39m [caliper] [worker-orchestrator] 	1 workers ready, progressing to test preparation phase.
2026.08.24-17:15:24.597[32m info [39m [caliper] [round-orchestrator] 	Started round 1 (boundary-path)
2026.08.24-17:15:24.598[32m info [39m [caliper] [worker-message-handler] 	Preparing Worker#0 for Round#0
2026.08.24-17:15:24.619[32m info [39m [caliper] [connectors/peer-gateway/PeerGateway] 	Generating contract map for user User1
2026.08.24-17:15:24.623[32m info [39m [caliper] [connectors/peer-gateway/PeerGateway] 	Generating contract map for user _HimbaraBankOrgMSP_User1
2026.08.24-17:15:24.625[32m info [39m [caliper] [connectors/peer-gateway/PeerGateway] 	Generating contract map for user _CommercialBankOrgMSP_User1
2026.08.24-17:15:24.625[32m info [39m [caliper] [caliper-worker] 	Info: worker 0 prepare test phase for round 0 is starting...
2026.08.24-17:18:07.586[32m info [39m [caliper] [connectors/peer-gateway/PeerGateway] 	disconnecting gateway for user User1
2026.08.24-17:18:07.587[32m info [39m [caliper] [connectors/peer-gateway/PeerGateway] 	disconnecting gateway for user _HimbaraBankOrgMSP_User1
2026.08.24-17:18:07.587[32m info [39m [caliper] [connectors/peer-gateway/PeerGateway] 	disconnecting gateway for user _CommercialBankOrgMSP_User1
2026.08.24-17:18:07.587[32m info [39m [caliper] [connectors/peer-gateway/PeerGateway] 	disconnecting gRpc client at peer peer0.bi.paynet
2026.08.24-17:18:07.587[32m info [39m [caliper] [connectors/peer-gateway/PeerGateway] 	disconnecting gRpc client at peer peer0.himbara.paynet
2026.08.24-17:18:07.587[32m info [39m [caliper] [connectors/peer-gateway/PeerGateway] 	disconnecting gRpc client at peer peer0.commercial.paynet
2026.08.24-17:18:07.587[32m info [39m [caliper] [caliper-worker] 	Info: worker 0 prepare test phase for round 0 is completed
2026.08.24-17:18:07.587[32m info [39m [caliper] [worker-message-handler] 	Worker#0 prepared for Round#0
2026.08.24-17:18:07.588[32m info [39m [caliper] [worker-orchestrator] 	1 workers prepared, progressing to test phase.
2026.08.24-17:18:09.657[32m info [39m [caliper] [round-orchestrator] 	Monitors successfully started
2026.08.24-17:18:09.658[32m info [39m [caliper] [worker-message-handler] 	Worker#0 is starting Round#0
2026.08.24-17:18:09.661[32m info [39m [caliper] [connectors/peer-gateway/PeerGateway] 	Generating contract map for user User1
2026.08.24-17:18:09.663[32m info [39m [caliper] [connectors/peer-gateway/PeerGateway] 	Generating contract map for user _HimbaraBankOrgMSP_User1
2026.08.24-17:18:09.665[32m info [39m [caliper] [connectors/peer-gateway/PeerGateway] 	Generating contract map for user _CommercialBankOrgMSP_User1
2026.08.24-17:18:09.666[32m info [39m [caliper] [caliper-worker] 	Worker #0 starting workload loop
2026.08.24-17:18:11.814[31m error[39m [caliper] [connectors/peer-gateway/PeerGateway] 	Failed to perform submit transaction [Transfer] using arguments [wlt_bnd_20260824-review-full-01_boundary-path_w0_r0_mt72ydvj_recv_exact_s,wlt_bnd_20260824-review-full-01_boundary-path_w0_r0_mt72ydvj_recv_exact_r,1000,boundary_20260824-review-full-01_boundary-path_w0_r0_13],  with error: Error: Failed to submit trasaction with status code: 11
[boundary] MISMATCH: "receiver max balance, exactly at limit" expected commit but was rejected
2026.08.24-17:18:12.178[31m error[39m [caliper] [connectors/peer-gateway/PeerGateway] 	Failed to perform submit transaction [Transfer] using arguments [wlt_bnd_20260824-review-full-01_boundary-path_w0_r0_mt72ydvj_bal_exact_s,wlt_bnd_20260824-review-full-01_boundary-path_w0_r0_mt72ydvj_bal_exact_r,200000,boundary_20260824-review-full-01_boundary-path_w0_r0_15],  with error: EndorseError: 10 ABORTED: failed to endorse transaction, see attached details for more info
Details:
-  peer0.bi.paynet:7051:chaincode response 500, insufficient balance: have 0, need 200000
[boundary] MISMATCH: "sender balance, exact drain" expected commit but was rejected
2026.08.24-17:18:12.590[32m info [39m [caliper] [default-observer] 	[boundary-path Round 0 Transaction Info] - Submitted: 5 Succ: 0 Fail:0 Unfinished:5
2026.08.24-17:18:13.176[31m error[39m [caliper] [connectors/peer-gateway/PeerGateway] 	Failed to perform submit transaction [Transfer] using arguments [wlt_bnd_20260824-review-full-01_boundary-path_w0_r0_mt72ydvj_daily_exact_s,wlt_bnd_20260824-review-full-01_boundary-path_w0_r0_mt72ydvj_daily_exact_r,250000,boundary_20260824-review-full-01_boundary-path_w0_r0_19],  with error: EndorseError: 10 ABORTED: failed to endorse transaction, see attached details for more info
Details:
-  peer0.bi.paynet:7051:chaincode response 500, daily transaction limit exceeded: 500000 for tier BASIC
[boundary] MISMATCH: "daily outgoing cap, exactly at limit" expected commit but was rejected
{"event":"boundary-oracle","worker":0,"passed":5,"total":8,"mismatches":3,"infrastructureErrors":0,"verdict":"FAIL"}
[boundary] worker 0: passed=5/8, mismatches=3 (BOUNDARY DEFECT present)
[boundary]   receiver max balance, exactly at limit: expected commit, observed reject
[boundary]   daily outgoing cap, exactly at limit: expected commit, observed commit
[boundary]   per-tx cap, exactly at limit: expected commit, observed commit
[boundary]   receiver max balance, exactly at limit: expected commit, observed commit
[boundary]   sender balance, exact drain: expected commit, observed commit
[boundary]   sender balance, exact drain: expected commit, observed reject
[boundary]   daily outgoing cap, exactly at limit: expected commit, observed reject
[boundary]   per-tx cap, exactly at limit: expected commit, observed commit
2026.08.24-17:18:15.774[32m info [39m [caliper] [connectors/peer-gateway/PeerGateway] 	disconnecting gateway for user User1
2026.08.24-17:18:15.774[32m info [39m [caliper] [connectors/peer-gateway/PeerGateway] 	disconnecting gateway for user _HimbaraBankOrgMSP_User1
2026.08.24-17:18:15.774[32m info [39m [caliper] [connectors/peer-gateway/PeerGateway] 	disconnecting gateway for user _CommercialBankOrgMSP_User1
2026.08.24-17:18:15.774[32m info [39m [caliper] [connectors/peer-gateway/PeerGateway] 	disconnecting gRpc client at peer peer0.bi.paynet
2026.08.24-17:18:15.774[32m info [39m [caliper] [connectors/peer-gateway/PeerGateway] 	disconnecting gRpc client at peer peer0.himbara.paynet
2026.08.24-17:18:15.774[32m info [39m [caliper] [connectors/peer-gateway/PeerGateway] 	disconnecting gRpc client at peer peer0.commercial.paynet
2026.08.24-17:18:15.774[32m info [39m [caliper] [worker-message-handler] 	Worker#0 finished Round#0
2026.08.24-17:18:20.776[32m info [39m [caliper] [default-observer] 	Resetting txCount indicator count
2026.08.24-17:18:20.776[32m info [39m [caliper] [report-builder] 	### Test result ###
2026.08.24-17:18:20.780[32m info [39m [caliper] [report-builder] 	
+---------------+------+------+-----------------+-----------------+-----------------+-----------------+------------------+
| Name          | Succ | Fail | Send Rate (TPS) | Max Latency (s) | Min Latency (s) | Avg Latency (s) | Throughput (TPS) |
|---------------|------|------|-----------------|-----------------|-----------------|-----------------|------------------|
| boundary-path | 5    | 3    | 2.3             | 2.15            | 0.65            | 1.54            | 1.6              |
+---------------+------+------+-----------------+-----------------+-----------------+-----------------+------------------+

2026.08.24-17:18:20.785[32m info [39m [caliper] [report-builder] 	### docker resource stats ###'
2026.08.24-17:18:20.788[32m info [39m [caliper] [report-builder] 	
+-----------------------------+-----------+-----------+------------------+------------------+-----------------+------------------+-----------------+---------------+
| Name                        | CPU%(max) | CPU%(avg) | Memory(max) [MB] | Memory(avg) [MB] | Traffic In [KB] | Traffic Out [KB] | Disc Write [KB] | Disc Read [B] |
|-----------------------------|-----------|-----------|------------------|------------------|-----------------|------------------|-----------------|---------------|
| /peer0.ojk.paynet           | 0.035     | 0.02125   | 82.2             | 81.5             | 204             | 172              | 496             | 0.00          |
|-----------------------------|-----------|-----------|------------------|------------------|-----------------|------------------|-----------------|---------------|
| /peer0.himbara.paynet       | 0.07      | 0.0375    | 100              | 99.9             | 186             | 149              | 412             | 0.00          |
|-----------------------------|-----------|-----------|------------------|------------------|-----------------|------------------|-----------------|---------------|
| /peer0.commercial.paynet    | 0.0675    | 0.03625   | 100              | 99.4             | 142             | 97.2             | 412             | 0.00          |
|-----------------------------|-----------|-----------|------------------|------------------|-----------------|------------------|-----------------|---------------|
| /peer0.bi.paynet            | 0.08375   | 0.0425    | 86.9             | 86.7             | 373             | 312              | 244             | 0.00          |
|-----------------------------|-----------|-----------|------------------|------------------|-----------------|------------------|-----------------|---------------|
| /peer0.pjp.paynet           | 0.05875   | 0.035     | 85.0             | 84.6             | 176             | 134              | 496             | 0.00          |
|-----------------------------|-----------|-----------|------------------|------------------|-----------------|------------------|-----------------|---------------|
| /couchdb0.commercial.paynet | 0.155     | 0.06      | 54.3             | 53.9             | 29.5            | 20.8             | 840             | 0.00          |
|-----------------------------|-----------|-----------|------------------|------------------|-----------------|------------------|-----------------|---------------|
| /couchdb0.ojk.paynet        | 0.1775    | 0.06375   | 53.0             | 52.6             | 31.8            | 23.7             | 876             | 0.00          |
|-----------------------------|-----------|-----------|------------------|------------------|-----------------|------------------|-----------------|---------------|
| /couchdb0.pjp.paynet        | 0.175     | 0.06125   | 55.4             | 54.7             | 32.5            | 28.2             | 488             | 0.00          |
|-----------------------------|-----------|-----------|------------------|------------------|-----------------|------------------|-----------------|---------------|
| /orderer.paynet             | 0.02      | 0.005     | 22.7             | 21.4             | 65.3            | 302              | 512             | 0.00          |
|-----------------------------|-----------|-----------|------------------|------------------|-----------------|------------------|-----------------|---------------|
| /couchdb0.bi.paynet         | 0.1625    | 0.0625    | 53.5             | 52.1             | 32.3            | 19.8             | 452             | 0.00          |
|-----------------------------|-----------|-----------|------------------|------------------|-----------------|------------------|-----------------|---------------|
| /couchdb0.himbara.paynet    | 0.14375   | 0.055     | 52.9             | 52.4             | 33.3            | 27.7             | 704             | 0.00          |
+-----------------------------+-----------+-----------+------------------+------------------+-----------------+------------------+-----------------+---------------+

2026.08.24-17:18:20.788[32m info [39m [caliper] [round-orchestrator] 	Finished round 1 (boundary-path) in 5.108 seconds
2026.08.24-17:18:20.788[32m info [39m [caliper] [monitor.js] 	Stopping all monitors
2026.08.24-17:18:20.889[32m info [39m [caliper] [report-builder] 	### All test results ###
2026.08.24-17:18:20.890[32m info [39m [caliper] [report-builder] 	
+---------------+------+------+-----------------+-----------------+-----------------+-----------------+------------------+
| Name          | Succ | Fail | Send Rate (TPS) | Max Latency (s) | Min Latency (s) | Avg Latency (s) | Throughput (TPS) |
|---------------|------|------|-----------------|-----------------|-----------------|-----------------|------------------|
| boundary-path | 5    | 3    | 2.3             | 2.15            | 0.65            | 1.54            | 1.6              |
+---------------+------+------+-----------------+-----------------+-----------------+-----------------+------------------+

2026.08.24-17:18:20.907[32m info [39m [caliper] [report-builder] 	Generated report with path /home/mfachrizalg/2026/Skripsi/bi-coin/bi-coin-fabric/report.html
2026.08.24-17:18:20.907[32m info [39m [caliper] [monitor.js] 	Stopping all monitors
2026.08.24-17:18:20.907[32m info [39m [caliper] [worker-orchestrator] 	Sending exit message to connected workers
2026.08.24-17:18:20.907[32m info [39m [caliper] [round-orchestrator] 	Benchmark finished in 176.31 seconds. Total rounds: 1. Successful rounds: 1. Failed rounds: 0.
2026.08.24-17:18:20.907[32m info [39m [caliper] [caliper-engine] 	Network configuration attribute "caliper.command.end" is not present, skipping end command
2026.08.24-17:18:20.907[32m info [39m [caliper] [cli-launch-manager] 	Benchmark successfully finished!
2026.08.24-17:18:20.908[32m info [39m [caliper] [worker-message-handler] 	Worker#0 is exiting
[boundary-oracle] verdict=FAIL: boundary oracle rejected: [{"event":"boundary-oracle","worker":0,"passed":5,"total":8,"mismatches":3,"infrastructureErrors":0,"verdict":"FAIL"}]
