
> bi-coin-fabric@1.0.0 benchmark:transfer:w2
> caliper launch manager --caliper-benchconfig benchmark/benchconfigs/retail-transfer-workers-2.yaml --caliper-networkconfig benchmark/networkconfig.yaml --caliper-workspace .

2026.08.24-17:00:26.335[32m info [39m [caliper] [cli-launch-manager] 	Set workspace path: /home/mfachrizalg/2026/Skripsi/bi-coin/bi-coin-fabric
2026.08.24-17:00:26.336[32m info [39m [caliper] [cli-launch-manager] 	Set benchmark configuration path: /home/mfachrizalg/2026/Skripsi/bi-coin/bi-coin-fabric/benchmark/benchconfigs/retail-transfer-workers-2.yaml
2026.08.24-17:00:26.336[32m info [39m [caliper] [cli-launch-manager] 	Set network configuration path: /home/mfachrizalg/2026/Skripsi/bi-coin/bi-coin-fabric/benchmark/networkconfig.yaml
2026.08.24-17:00:26.336[32m info [39m [caliper] [cli-launch-manager] 	Set SUT type: fabric
2026.08.24-17:00:26.354[32m info [39m [caliper] [caliper-engine] 	Starting benchmark flow
2026.08.24-17:00:26.354[32m info [39m [caliper] [caliper-engine] 	Network configuration attribute "caliper.command.start" is not present, skipping start command
2026.08.24-17:00:27.009[32m info [39m [caliper] [FabricConnectorFactory] 	Initializing peer gateway connector compatible with installed fabric-gateway SDK: 1.5.0
2026.08.24-17:00:27.019[32m info [39m [caliper] [IdentityManager] 	Adding User1 (admin=false) as User1 for organization BankIndonesiaOrgMSP
2026.08.24-17:00:27.020[32m info [39m [caliper] [IdentityManager] 	Adding User1 (admin=false) as _HimbaraBankOrgMSP_User1 for organization HimbaraBankOrgMSP
2026.08.24-17:00:27.021[32m info [39m [caliper] [IdentityManager] 	Adding User1 (admin=false) as _CommercialBankOrgMSP_User1 for organization CommercialBankOrgMSP
2026.08.24-17:00:27.023[32m info [39m [caliper] [connectors/peer-gateway/PeerGateway] 	Fabric-Gateway SDK version: 1.5.0 for Peer-Gateway connector; TLS based on BankIndonesiaOrgMSP: server
2026.08.24-17:00:27.023[32m info [39m [caliper] [caliper-engine] 	Executed "init" step in 0.001 seconds
2026.08.24-17:00:27.023[33m warn [39m [caliper] [connectors/peer-gateway/PeerGateway] 	Install smart contract not available for the Fabric Peer Gateway connector
2026.08.24-17:00:27.023[32m info [39m [caliper] [caliper-engine] 	Executed "install" step in 0 seconds
2026.08.24-17:00:27.025[32m info [39m [caliper] [monitor.js] 	Attempting to create resource monitor of type docker
2026.08.24-17:00:27.027[32m info [39m [caliper] [default-observer] 	Observer interval set to 5000 milliseconds
2026.08.24-17:00:27.029[32m info [39m [caliper] [round-orchestrator] 	Preparing worker connections
2026.08.24-17:00:27.030[32m info [39m [caliper] [worker-orchestrator] 	Launching worker 1 of 2
2026.08.24-17:00:27.034[32m info [39m [caliper] [worker-orchestrator] 	Launching worker 2 of 2
2026.08.24-17:00:27.036[32m info [39m [caliper] [worker-orchestrator] 	Messenger not configured, entering configure phase...
2026.08.24-17:00:27.037[32m info [39m [caliper] [worker-orchestrator] 	No existing workers detected, entering worker launch phase...
2026.08.24-17:00:27.037[32m info [39m [caliper] [worker-orchestrator] 	Waiting for 2 workers to be connected...
2026.08.24-17:00:27.327[32m info [39m [caliper] [cli-launch-worker] 	Set workspace path: /home/mfachrizalg/2026/Skripsi/bi-coin/bi-coin-fabric
2026.08.24-17:00:27.329[32m info [39m [caliper] [cli-launch-worker] 	Set benchmark configuration path: /home/mfachrizalg/2026/Skripsi/bi-coin/bi-coin-fabric/benchmark/benchconfigs/retail-transfer-workers-2.yaml
2026.08.24-17:00:27.329[32m info [39m [caliper] [cli-launch-worker] 	Set network configuration path: /home/mfachrizalg/2026/Skripsi/bi-coin/bi-coin-fabric/benchmark/networkconfig.yaml
2026.08.24-17:00:27.329[32m info [39m [caliper] [cli-launch-worker] 	Set SUT type: fabric
2026.08.24-17:00:27.334[32m info [39m [caliper] [cli-launch-worker] 	Set workspace path: /home/mfachrizalg/2026/Skripsi/bi-coin/bi-coin-fabric
2026.08.24-17:00:27.335[32m info [39m [caliper] [cli-launch-worker] 	Set benchmark configuration path: /home/mfachrizalg/2026/Skripsi/bi-coin/bi-coin-fabric/benchmark/benchconfigs/retail-transfer-workers-2.yaml
2026.08.24-17:00:27.335[32m info [39m [caliper] [cli-launch-worker] 	Set network configuration path: /home/mfachrizalg/2026/Skripsi/bi-coin/bi-coin-fabric/benchmark/networkconfig.yaml
2026.08.24-17:00:27.336[32m info [39m [caliper] [cli-launch-worker] 	Set SUT type: fabric
2026.08.24-17:00:27.359[32m info [39m [caliper] [worker-orchestrator] 	2 workers connected, progressing to worker assignment phase.
2026.08.24-17:00:27.359[32m info [39m [caliper] [worker-orchestrator] 	Workers currently unassigned, awaiting index assignment...
2026.08.24-17:00:27.359[32m info [39m [caliper] [worker-orchestrator] 	Waiting for 2 workers to be assigned...
2026.08.24-17:00:27.392[32m info [39m [caliper] [worker-orchestrator] 	2 workers assigned, progressing to worker initialization phase.
2026.08.24-17:00:27.393[32m info [39m [caliper] [worker-orchestrator] 	Waiting for 2 workers to be ready...
2026.08.24-17:00:27.393[32m info [39m [caliper] [worker-message-handler] 	Initializing Worker#0...
2026.08.24-17:00:27.394[32m info [39m [caliper] [worker-message-handler] 	Initializing Worker#1...
2026.08.24-17:00:27.949[32m info [39m [caliper] [FabricConnectorFactory] 	Initializing peer gateway connector compatible with installed fabric-gateway SDK: 1.5.0
2026.08.24-17:00:27.954[32m info [39m [caliper] [IdentityManager] 	Adding User1 (admin=false) as User1 for organization BankIndonesiaOrgMSP
2026.08.24-17:00:27.955[32m info [39m [caliper] [IdentityManager] 	Adding User1 (admin=false) as _HimbaraBankOrgMSP_User1 for organization HimbaraBankOrgMSP
2026.08.24-17:00:27.956[32m info [39m [caliper] [IdentityManager] 	Adding User1 (admin=false) as _CommercialBankOrgMSP_User1 for organization CommercialBankOrgMSP
2026.08.24-17:00:27.958[32m info [39m [caliper] [worker-message-handler] 	Worker#1 initialized
2026.08.24-17:00:27.968[32m info [39m [caliper] [FabricConnectorFactory] 	Initializing peer gateway connector compatible with installed fabric-gateway SDK: 1.5.0
2026.08.24-17:00:27.973[32m info [39m [caliper] [IdentityManager] 	Adding User1 (admin=false) as User1 for organization BankIndonesiaOrgMSP
2026.08.24-17:00:27.975[32m info [39m [caliper] [IdentityManager] 	Adding User1 (admin=false) as _HimbaraBankOrgMSP_User1 for organization HimbaraBankOrgMSP
2026.08.24-17:00:27.976[32m info [39m [caliper] [IdentityManager] 	Adding User1 (admin=false) as _CommercialBankOrgMSP_User1 for organization CommercialBankOrgMSP
2026.08.24-17:00:27.979[32m info [39m [caliper] [worker-message-handler] 	Worker#0 initialized
2026.08.24-17:00:27.979[32m info [39m [caliper] [worker-orchestrator] 	2 workers ready, progressing to test preparation phase.
2026.08.24-17:00:27.980[32m info [39m [caliper] [round-orchestrator] 	Started round 1 (retail-warmup-w2)
2026.08.24-17:00:27.981[32m info [39m [caliper] [worker-message-handler] 	Preparing Worker#0 for Round#0
2026.08.24-17:00:27.981[32m info [39m [caliper] [worker-message-handler] 	Preparing Worker#1 for Round#0
2026.08.24-17:00:27.998[32m info [39m [caliper] [connectors/peer-gateway/PeerGateway] 	Generating contract map for user User1
2026.08.24-17:00:27.998[32m info [39m [caliper] [connectors/peer-gateway/PeerGateway] 	Generating contract map for user User1
2026.08.24-17:00:28.002[32m info [39m [caliper] [connectors/peer-gateway/PeerGateway] 	Generating contract map for user _HimbaraBankOrgMSP_User1
2026.08.24-17:00:28.002[32m info [39m [caliper] [connectors/peer-gateway/PeerGateway] 	Generating contract map for user _HimbaraBankOrgMSP_User1
2026.08.24-17:00:28.004[32m info [39m [caliper] [connectors/peer-gateway/PeerGateway] 	Generating contract map for user _CommercialBankOrgMSP_User1
2026.08.24-17:00:28.004[32m info [39m [caliper] [connectors/peer-gateway/PeerGateway] 	Generating contract map for user _CommercialBankOrgMSP_User1
2026.08.24-17:00:28.004[32m info [39m [caliper] [caliper-worker] 	Info: worker 1 prepare test phase for round 0 is starting...
2026.08.24-17:00:28.004[32m info [39m [caliper] [caliper-worker] 	Info: worker 0 prepare test phase for round 0 is starting...
2026.08.24-17:00:58.102[31m error[39m [caliper] [connectors/peer-gateway/PeerGateway] 	Failed to perform submit transaction [Mint] using arguments [wlt_c_20260824-review-full-01_transfer-w2_w1_0,500000],  with error: Error: Failed to submit trasaction with status code: 12
2026.08.24-17:01:00.389[31m error[39m [caliper] [connectors/peer-gateway/PeerGateway] 	Failed to perform submit transaction [Mint] using arguments [wlt_c_20260824-review-full-01_transfer-w2_w1_0,500000],  with error: Error: Failed to submit trasaction with status code: 12
2026.08.24-17:01:02.641[31m error[39m [caliper] [connectors/peer-gateway/PeerGateway] 	Failed to perform submit transaction [Mint] using arguments [wlt_c_20260824-review-full-01_transfer-w2_w1_0,500000],  with error: Error: Failed to submit trasaction with status code: 12
2026.08.24-17:01:04.866[31m error[39m [caliper] [connectors/peer-gateway/PeerGateway] 	Failed to perform submit transaction [Mint] using arguments [wlt_c_20260824-review-full-01_transfer-w2_w1_0,500000],  with error: Error: Failed to submit trasaction with status code: 12
2026.08.24-17:01:07.226[31m error[39m [caliper] [connectors/peer-gateway/PeerGateway] 	Failed to perform submit transaction [Mint] using arguments [wlt_c_20260824-review-full-01_transfer-w2_w1_0,500000],  with error: Error: Failed to submit trasaction with status code: 12
2026.08.24-17:01:07.227[32m info [39m [caliper] [caliper-worker] 	Worker [1] encountered an error during prepare test phase for round 0: Error: setup Mint failed: [object Object]
    at assertSuccessfulResponse (/home/mfachrizalg/2026/Skripsi/bi-coin/bi-coin-fabric/benchmark/workloads/retail-base.js:71:19)
    at RetailTransferWorkload.submit (/home/mfachrizalg/2026/Skripsi/bi-coin/bi-coin-fabric/benchmark/workloads/retail-base.js:164:17)
    at process.processTicksAndRejections (node:internal/process/task_queues:103:5)
    at async Array.<anonymous> (/home/mfachrizalg/2026/Skripsi/bi-coin/bi-coin-fabric/benchmark/workloads/retail-base.js:251:17)
    at async /home/mfachrizalg/2026/Skripsi/bi-coin/bi-coin-fabric/benchmark/workloads/retail-base.js:147:17
    at async Promise.all (index 0)
    at async RetailTransferWorkload.runPool (/home/mfachrizalg/2026/Skripsi/bi-coin/bi-coin-fabric/benchmark/workloads/retail-base.js:150:9)
    at async RetailTransferWorkload.seedPopulation (/home/mfachrizalg/2026/Skripsi/bi-coin/bi-coin-fabric/benchmark/workloads/retail-base.js:257:9)
    at async RetailTransferWorkload.initializeWorkloadModule (/home/mfachrizalg/2026/Skripsi/bi-coin/bi-coin-fabric/benchmark/workloads/retail-transfer.js:21:9)
    at async CaliperWorker.prepareTest (/home/mfachrizalg/2026/Skripsi/bi-coin/bi-coin-fabric/node_modules/@hyperledger/caliper-core/lib/worker/caliper-worker.js:161:13)
2026.08.24-17:01:07.227[32m info [39m [caliper] [connectors/peer-gateway/PeerGateway] 	disconnecting gateway for user User1
2026.08.24-17:01:07.227[32m info [39m [caliper] [connectors/peer-gateway/PeerGateway] 	disconnecting gateway for user _HimbaraBankOrgMSP_User1
2026.08.24-17:01:07.227[32m info [39m [caliper] [connectors/peer-gateway/PeerGateway] 	disconnecting gateway for user _CommercialBankOrgMSP_User1
2026.08.24-17:01:07.227[32m info [39m [caliper] [connectors/peer-gateway/PeerGateway] 	disconnecting gRpc client at peer peer0.bi.paynet
2026.08.24-17:01:07.227[32m info [39m [caliper] [connectors/peer-gateway/PeerGateway] 	disconnecting gRpc client at peer peer0.himbara.paynet
2026.08.24-17:01:07.228[32m info [39m [caliper] [connectors/peer-gateway/PeerGateway] 	disconnecting gRpc client at peer peer0.commercial.paynet
2026.08.24-17:01:07.228[32m info [39m [caliper] [caliper-worker] 	Info: worker 1 prepare test phase for round 0 is completed
2026.08.24-17:01:07.228[31m error[39m [caliper] [worker-message-handler] 	Error while handling "prepare" message for Worker#1 (1538441): Error: setup Mint failed: [object Object]
    at assertSuccessfulResponse (/home/mfachrizalg/2026/Skripsi/bi-coin/bi-coin-fabric/benchmark/workloads/retail-base.js:71:19)
    at RetailTransferWorkload.submit (/home/mfachrizalg/2026/Skripsi/bi-coin/bi-coin-fabric/benchmark/workloads/retail-base.js:164:17)
    at process.processTicksAndRejections (node:internal/process/task_queues:103:5)
    at async Array.<anonymous> (/home/mfachrizalg/2026/Skripsi/bi-coin/bi-coin-fabric/benchmark/workloads/retail-base.js:251:17)
    at async /home/mfachrizalg/2026/Skripsi/bi-coin/bi-coin-fabric/benchmark/workloads/retail-base.js:147:17
    at async Promise.all (index 0)
    at async RetailTransferWorkload.runPool (/home/mfachrizalg/2026/Skripsi/bi-coin/bi-coin-fabric/benchmark/workloads/retail-base.js:150:9)
    at async RetailTransferWorkload.seedPopulation (/home/mfachrizalg/2026/Skripsi/bi-coin/bi-coin-fabric/benchmark/workloads/retail-base.js:257:9)
    at async RetailTransferWorkload.initializeWorkloadModule (/home/mfachrizalg/2026/Skripsi/bi-coin/bi-coin-fabric/benchmark/workloads/retail-transfer.js:21:9)
    at async CaliperWorker.prepareTest (/home/mfachrizalg/2026/Skripsi/bi-coin/bi-coin-fabric/node_modules/@hyperledger/caliper-core/lib/worker/caliper-worker.js:161:13)
2026.08.24-17:01:07.230[31m error[39m [caliper] [round-orchestrator] 	Failed round 1 (retail-warmup-w2): Error: Error: setup Mint failed: [object Object]
    at WorkerOrchestrator.updateWorkerPhase (/home/mfachrizalg/2026/Skripsi/bi-coin/bi-coin-fabric/node_modules/@hyperledger/caliper-core/lib/manager/orchestrators/worker-orchestrator.js:306:61)
    at ProcessMessenger.<anonymous> (/home/mfachrizalg/2026/Skripsi/bi-coin/bi-coin-fabric/node_modules/@hyperledger/caliper-core/lib/manager/orchestrators/worker-orchestrator.js:109:18)
    at ProcessMessenger.emit (node:events:519:28)
    at ProcessMessenger.onMessage (/home/mfachrizalg/2026/Skripsi/bi-coin/bi-coin-fabric/node_modules/@hyperledger/caliper-core/lib/common/messengers/messenger-interface.js:40:14)
    at ChildProcess.<anonymous> (/home/mfachrizalg/2026/Skripsi/bi-coin/bi-coin-fabric/node_modules/@hyperledger/caliper-core/lib/common/messengers/process/process-messenger.js:59:26)
    at ChildProcess.emit (node:events:519:28)
    at emit (node:internal/child_process:949:14)
    at process.processTicksAndRejections (node:internal/process/task_queues:90:21)
2026.08.24-17:01:07.230[32m info [39m [caliper] [round-orchestrator] 	Started round 2 (retail-sustained-w2)
2026.08.24-17:01:07.231[32m info [39m [caliper] [worker-message-handler] 	Preparing Worker#0 for Round#1
2026.08.24-17:01:07.232[32m info [39m [caliper] [caliper-worker] 	Info: worker 0 prepare test phase for round 1 is starting...
2026.08.24-17:01:07.233[32m info [39m [caliper] [worker-message-handler] 	Preparing Worker#1 for Round#1
2026.08.24-17:01:07.234[32m info [39m [caliper] [connectors/peer-gateway/PeerGateway] 	disconnecting gateway for user User1
2026.08.24-17:01:07.234[32m info [39m [caliper] [connectors/peer-gateway/PeerGateway] 	disconnecting gateway for user _HimbaraBankOrgMSP_User1
2026.08.24-17:01:07.234[32m info [39m [caliper] [connectors/peer-gateway/PeerGateway] 	disconnecting gateway for user _CommercialBankOrgMSP_User1
2026.08.24-17:01:07.234[32m info [39m [caliper] [connectors/peer-gateway/PeerGateway] 	disconnecting gRpc client at peer peer0.bi.paynet
2026.08.24-17:01:07.234[32m info [39m [caliper] [connectors/peer-gateway/PeerGateway] 	disconnecting gRpc client at peer peer0.himbara.paynet
2026.08.24-17:01:07.235[32m info [39m [caliper] [connectors/peer-gateway/PeerGateway] 	disconnecting gRpc client at peer peer0.commercial.paynet
2026.08.24-17:01:07.235[32m info [39m [caliper] [caliper-worker] 	Info: worker 0 prepare test phase for round 1 is completed
2026.08.24-17:01:07.235[32m info [39m [caliper] [worker-message-handler] 	Worker#0 prepared for Round#1
2026.08.24-17:01:07.239[32m info [39m [caliper] [connectors/peer-gateway/PeerGateway] 	Generating contract map for user User1
2026.08.24-17:01:07.242[32m info [39m [caliper] [connectors/peer-gateway/PeerGateway] 	Generating contract map for user _HimbaraBankOrgMSP_User1
2026.08.24-17:01:07.244[32m info [39m [caliper] [connectors/peer-gateway/PeerGateway] 	Generating contract map for user _CommercialBankOrgMSP_User1
2026.08.24-17:01:07.244[32m info [39m [caliper] [caliper-worker] 	Info: worker 1 prepare test phase for round 1 is starting...
2026.08.24-17:01:07.247[32m info [39m [caliper] [connectors/peer-gateway/PeerGateway] 	disconnecting gateway for user User1
2026.08.24-17:01:07.247[32m info [39m [caliper] [connectors/peer-gateway/PeerGateway] 	disconnecting gateway for user _HimbaraBankOrgMSP_User1
2026.08.24-17:01:07.247[32m info [39m [caliper] [connectors/peer-gateway/PeerGateway] 	disconnecting gateway for user _CommercialBankOrgMSP_User1
2026.08.24-17:01:07.247[32m info [39m [caliper] [connectors/peer-gateway/PeerGateway] 	disconnecting gRpc client at peer peer0.bi.paynet
2026.08.24-17:01:07.247[32m info [39m [caliper] [connectors/peer-gateway/PeerGateway] 	disconnecting gRpc client at peer peer0.himbara.paynet
2026.08.24-17:01:07.247[32m info [39m [caliper] [connectors/peer-gateway/PeerGateway] 	disconnecting gRpc client at peer peer0.commercial.paynet
2026.08.24-17:01:07.248[32m info [39m [caliper] [caliper-worker] 	Info: worker 1 prepare test phase for round 1 is completed
2026.08.24-17:01:07.248[32m info [39m [caliper] [worker-message-handler] 	Worker#1 prepared for Round#1
2026.08.24-17:01:07.249[32m info [39m [caliper] [worker-orchestrator] 	2 workers prepared, progressing to test phase.
2026.08.24-17:01:07.344[31m error[39m [caliper] [connectors/peer-gateway/PeerGateway] 	Failed to perform submit transaction [Mint] using arguments [wlt_c_20260824-review-full-01_transfer-w2_w0_5,500000],  with error: Error: Channel has been shut down
2026.08.24-17:01:07.600[31m error[39m [caliper] [connectors/peer-gateway/PeerGateway] 	Failed to perform submit transaction [Mint] using arguments [wlt_c_20260824-review-full-01_transfer-w2_w0_5,500000],  with error: Error: Channel has been shut down
2026.08.24-17:01:08.106[31m error[39m [caliper] [connectors/peer-gateway/PeerGateway] 	Failed to perform submit transaction [Mint] using arguments [wlt_c_20260824-review-full-01_transfer-w2_w0_5,500000],  with error: Error: Channel has been shut down
2026.08.24-17:01:08.861[31m error[39m [caliper] [connectors/peer-gateway/PeerGateway] 	Failed to perform submit transaction [Mint] using arguments [wlt_c_20260824-review-full-01_transfer-w2_w0_5,500000],  with error: Error: Channel has been shut down
2026.08.24-17:01:09.350[32m info [39m [caliper] [round-orchestrator] 	Monitors successfully started
2026.08.24-17:01:09.352[32m info [39m [caliper] [worker-message-handler] 	Worker#1 is starting Round#1
2026.08.24-17:01:09.352[32m info [39m [caliper] [worker-message-handler] 	Worker#0 is starting Round#1
2026.08.24-17:01:09.354[32m info [39m [caliper] [connectors/peer-gateway/PeerGateway] 	Generating contract map for user User1
2026.08.24-17:01:09.355[32m info [39m [caliper] [connectors/peer-gateway/PeerGateway] 	Generating contract map for user _HimbaraBankOrgMSP_User1
2026.08.24-17:01:09.356[32m info [39m [caliper] [connectors/peer-gateway/PeerGateway] 	Generating contract map for user User1
2026.08.24-17:01:09.358[32m info [39m [caliper] [connectors/peer-gateway/PeerGateway] 	Generating contract map for user _CommercialBankOrgMSP_User1
2026.08.24-17:01:09.359[32m info [39m [caliper] [connectors/peer-gateway/PeerGateway] 	Generating contract map for user _HimbaraBankOrgMSP_User1
2026.08.24-17:01:09.359[32m info [39m [caliper] [caliper-worker] 	Worker #1 starting workload loop
2026.08.24-17:01:09.362[32m info [39m [caliper] [connectors/peer-gateway/PeerGateway] 	Generating contract map for user _CommercialBankOrgMSP_User1
2026.08.24-17:01:09.364[32m info [39m [caliper] [caliper-worker] 	Worker #0 starting workload loop
2026.08.24-17:01:09.379[31m error[39m [caliper] [connectors/peer-gateway/PeerGateway] 	Failed to perform submit transaction [Transfer] using arguments [wlt_c_20260824-review-full-01_transfer-w2_w1_1,wlt_c_20260824-review-full-01_transfer-w2_w1_33,50000,bench_20260824-review-full-01_transfer-w2_w1_r1_1],  with error: EndorseError: 10 ABORTED: failed to endorse transaction, see attached details for more info
Details:
-  peer0.bi.paynet:7051:chaincode response 500, insufficient balance: have 0, need 50000
2026.08.24-17:01:09.440[31m error[39m [caliper] [connectors/peer-gateway/PeerGateway] 	Failed to perform submit transaction [Transfer] using arguments [wlt_c_20260824-review-full-01_transfer-w2_w1_2,wlt_c_20260824-review-full-01_transfer-w2_w1_34,14637,bench_20260824-review-full-01_transfer-w2_w1_r1_2],  with error: EndorseError: 10 ABORTED: failed to endorse transaction, see attached details for more info
Details:
-  peer0.bi.paynet:7051:chaincode response 500, insufficient balance: have 0, need 14637
2026.08.24-17:01:09.505[31m error[39m [caliper] [connectors/peer-gateway/PeerGateway] 	Failed to perform submit transaction [Transfer] using arguments [wlt_c_20260824-review-full-01_transfer-w2_w1_3,wlt_c_20260824-review-full-01_transfer-w2_w1_36,50000,bench_20260824-review-full-01_transfer-w2_w1_r1_3],  with error: EndorseError: 10 ABORTED: failed to endorse transaction, see attached details for more info
Details:
-  peer0.bi.paynet:7051:chaincode response 500, insufficient balance: have 0, need 50000
2026.08.24-17:01:09.571[31m error[39m [caliper] [connectors/peer-gateway/PeerGateway] 	Failed to perform submit transaction [Transfer] using arguments [wlt_c_20260824-review-full-01_transfer-w2_w1_4,wlt_c_20260824-review-full-01_transfer-w2_w1_37,50000,bench_20260824-review-full-01_transfer-w2_w1_r1_4],  with error: EndorseError: 10 ABORTED: failed to endorse transaction, see attached details for more info
Details:
-  peer0.bi.paynet:7051:chaincode response 500, insufficient balance: have 0, need 50000
2026.08.24-17:01:09.638[31m error[39m [caliper] [connectors/peer-gateway/PeerGateway] 	Failed to perform submit transaction [Transfer] using arguments [wlt_c_20260824-review-full-01_transfer-w2_w1_6,wlt_c_20260824-review-full-01_transfer-w2_w1_38,50000,bench_20260824-review-full-01_transfer-w2_w1_r1_5],  with error: EndorseError: 10 ABORTED: failed to endorse transaction, see attached details for more info
Details:
-  peer0.bi.paynet:7051:chaincode response 500, insufficient balance: have 0, need 50000
2026.08.24-17:01:09.644[31m error[39m [caliper] [connectors/peer-gateway/PeerGateway] 	Failed to perform submit transaction [Transfer] using arguments [wlt_c_20260824-review-full-01_transfer-w2_w0_6,wlt_c_20260824-review-full-01_transfer-w2_w0_38,50000,bench_20260824-review-full-01_transfer-w2_w0_r1_5],  with error: EndorseError: 10 ABORTED: failed to endorse transaction, see attached details for more info
Details:
-  peer0.bi.paynet:7051:chaincode response 500, insufficient balance: have 0, need 50000
2026.08.24-17:01:09.705[31m error[39m [caliper] [connectors/peer-gateway/PeerGateway] 	Failed to perform submit transaction [Transfer] using arguments [wlt_c_20260824-review-full-01_transfer-w2_w1_7,wlt_c_20260824-review-full-01_transfer-w2_w1_39,50000,bench_20260824-review-full-01_transfer-w2_w1_r1_6],  with error: EndorseError: 10 ABORTED: failed to endorse transaction, see attached details for more info
Details:
-  peer0.bi.paynet:7051:chaincode response 500, insufficient balance: have 0, need 50000
2026.08.24-17:01:09.709[31m error[39m [caliper] [connectors/peer-gateway/PeerGateway] 	Failed to perform submit transaction [Transfer] using arguments [wlt_c_20260824-review-full-01_transfer-w2_w0_7,wlt_c_20260824-review-full-01_transfer-w2_w0_39,50000,bench_20260824-review-full-01_transfer-w2_w0_r1_6],  with error: EndorseError: 10 ABORTED: failed to endorse transaction, see attached details for more info
Details:
-  peer0.bi.paynet:7051:chaincode response 500, insufficient balance: have 0, need 50000
2026.08.24-17:01:09.770[31m error[39m [caliper] [connectors/peer-gateway/PeerGateway] 	Failed to perform submit transaction [Transfer] using arguments [wlt_c_20260824-review-full-01_transfer-w2_w1_8,wlt_c_20260824-review-full-01_transfer-w2_w1_41,50000,bench_20260824-review-full-01_transfer-w2_w1_r1_7],  with error: EndorseError: 10 ABORTED: failed to endorse transaction, see attached details for more info
Details:
-  peer0.bi.paynet:7051:chaincode response 500, insufficient balance: have 0, need 50000
2026.08.24-17:01:09.775[31m error[39m [caliper] [connectors/peer-gateway/PeerGateway] 	Failed to perform submit transaction [Transfer] using arguments [wlt_c_20260824-review-full-01_transfer-w2_w0_8,wlt_c_20260824-review-full-01_transfer-w2_w0_41,17216,bench_20260824-review-full-01_transfer-w2_w0_r1_7],  with error: EndorseError: 10 ABORTED: failed to endorse transaction, see attached details for more info
Details:
-  peer0.bi.paynet:7051:chaincode response 500, insufficient balance: have 0, need 17216
2026.08.24-17:01:09.839[31m error[39m [caliper] [connectors/peer-gateway/PeerGateway] 	Failed to perform submit transaction [Transfer] using arguments [wlt_c_20260824-review-full-01_transfer-w2_w1_9,wlt_c_20260824-review-full-01_transfer-w2_w1_42,8508,bench_20260824-review-full-01_transfer-w2_w1_r1_8],  with error: EndorseError: 10 ABORTED: failed to endorse transaction, see attached details for more info
Details:
-  peer0.bi.paynet:7051:chaincode response 500, insufficient balance: have 0, need 8508
2026.08.24-17:01:09.844[31m error[39m [caliper] [connectors/peer-gateway/PeerGateway] 	Failed to perform submit transaction [Transfer] using arguments [wlt_c_20260824-review-full-01_transfer-w2_w0_9,wlt_c_20260824-review-full-01_transfer-w2_w0_42,50000,bench_20260824-review-full-01_transfer-w2_w0_r1_8],  with error: EndorseError: 10 ABORTED: failed to endorse transaction, see attached details for more info
Details:
-  peer0.bi.paynet:7051:chaincode response 500, insufficient balance: have 0, need 50000
2026.08.24-17:01:09.913[31m error[39m [caliper] [connectors/peer-gateway/PeerGateway] 	Failed to perform submit transaction [Transfer] using arguments [wlt_c_20260824-review-full-01_transfer-w2_w1_11,wlt_c_20260824-review-full-01_transfer-w2_w1_43,50000,bench_20260824-review-full-01_transfer-w2_w1_r1_9],  with error: EndorseError: 10 ABORTED: failed to endorse transaction, see attached details for more info
Details:
-  peer0.bi.paynet:7051:chaincode response 500, insufficient balance: have 0, need 50000
2026.08.24-17:01:09.916[31m error[39m [caliper] [connectors/peer-gateway/PeerGateway] 	Failed to perform submit transaction [Transfer] using arguments [wlt_c_20260824-review-full-01_transfer-w2_w0_11,wlt_c_20260824-review-full-01_transfer-w2_w0_43,50000,bench_20260824-review-full-01_transfer-w2_w0_r1_9],  with error: EndorseError: 10 ABORTED: failed to endorse transaction, see attached details for more info
Details:
-  peer0.bi.paynet:7051:chaincode response 500, insufficient balance: have 0, need 50000
2026.08.24-17:01:09.968[31m error[39m [caliper] [connectors/peer-gateway/PeerGateway] 	Failed to perform submit transaction [Transfer] using arguments [wlt_c_20260824-review-full-01_transfer-w2_w1_12,wlt_c_20260824-review-full-01_transfer-w2_w1_44,50000,bench_20260824-review-full-01_transfer-w2_w1_r1_10],  with error: EndorseError: 10 ABORTED: failed to endorse transaction, see attached details for more info
Details:
-  peer0.bi.paynet:7051:chaincode response 500, insufficient balance: have 0, need 50000
2026.08.24-17:01:10.035[31m error[39m [caliper] [connectors/peer-gateway/PeerGateway] 	Failed to perform submit transaction [Transfer] using arguments [wlt_c_20260824-review-full-01_transfer-w2_w1_13,wlt_c_20260824-review-full-01_transfer-w2_w1_46,50000,bench_20260824-review-full-01_transfer-w2_w1_r1_11],  with error: EndorseError: 10 ABORTED: failed to endorse transaction, see attached details for more info
Details:
-  peer0.bi.paynet:7051:chaincode response 500, insufficient balance: have 0, need 50000
2026.08.24-17:01:10.041[31m error[39m [caliper] [connectors/peer-gateway/PeerGateway] 	Failed to perform submit transaction [Transfer] using arguments [wlt_c_20260824-review-full-01_transfer-w2_w0_12,wlt_c_20260824-review-full-01_transfer-w2_w0_44,50000,bench_20260824-review-full-01_transfer-w2_w0_r1_10],  with error: EndorseError: 10 ABORTED: failed to endorse transaction, see attached details for more info
Details:
-  peer0.bi.paynet:7051:chaincode response 500, insufficient balance: have 0, need 50000
2026.08.24-17:01:10.107[31m error[39m [caliper] [connectors/peer-gateway/PeerGateway] 	Failed to perform submit transaction [Transfer] using arguments [wlt_c_20260824-review-full-01_transfer-w2_w1_14,wlt_c_20260824-review-full-01_transfer-w2_w1_47,50000,bench_20260824-review-full-01_transfer-w2_w1_r1_12],  with error: EndorseError: 10 ABORTED: failed to endorse transaction, see attached details for more info
Details:
-  peer0.bi.paynet:7051:chaincode response 500, insufficient balance: have 0, need 50000
2026.08.24-17:01:10.111[31m error[39m [caliper] [connectors/peer-gateway/PeerGateway] 	Failed to perform submit transaction [Transfer] using arguments [wlt_c_20260824-review-full-01_transfer-w2_w0_13,wlt_c_20260824-review-full-01_transfer-w2_w0_46,50000,bench_20260824-review-full-01_transfer-w2_w0_r1_11],  with error: EndorseError: 10 ABORTED: failed to endorse transaction, see attached details for more info
Details:
-  peer0.bi.paynet:7051:chaincode response 500, insufficient balance: have 0, need 50000
2026.08.24-17:01:10.172[31m error[39m [caliper] [connectors/peer-gateway/PeerGateway] 	Failed to perform submit transaction [Transfer] using arguments [wlt_c_20260824-review-full-01_transfer-w2_w1_16,wlt_c_20260824-review-full-01_transfer-w2_w1_48,50000,bench_20260824-review-full-01_transfer-w2_w1_r1_13],  with error: EndorseError: 10 ABORTED: failed to endorse transaction, see attached details for more info
Details:
-  peer0.bi.paynet:7051:chaincode response 500, insufficient balance: have 0, need 50000
2026.08.24-17:01:10.179[31m error[39m [caliper] [connectors/peer-gateway/PeerGateway] 	Failed to perform submit transaction [Transfer] using arguments [wlt_c_20260824-review-full-01_transfer-w2_w0_14,wlt_c_20260824-review-full-01_transfer-w2_w0_47,42215,bench_20260824-review-full-01_transfer-w2_w0_r1_12],  with error: EndorseError: 10 ABORTED: failed to endorse transaction, see attached details for more info
Details:
-  peer0.bi.paynet:7051:chaincode response 500, insufficient balance: have 0, need 42215
2026.08.24-17:01:10.241[31m error[39m [caliper] [connectors/peer-gateway/PeerGateway] 	Failed to perform submit transaction [Transfer] using arguments [wlt_c_20260824-review-full-01_transfer-w2_w1_17,wlt_c_20260824-review-full-01_transfer-w2_w1_49,50000,bench_20260824-review-full-01_transfer-w2_w1_r1_14],  with error: EndorseError: 10 ABORTED: failed to endorse transaction, see attached details for more info
Details:
-  peer0.bi.paynet:7051:chaincode response 500, insufficient balance: have 0, need 50000
2026.08.24-17:01:10.244[31m error[39m [caliper] [connectors/peer-gateway/PeerGateway] 	Failed to perform submit transaction [Transfer] using arguments [wlt_c_20260824-review-full-01_transfer-w2_w0_16,wlt_c_20260824-review-full-01_transfer-w2_w0_48,50000,bench_20260824-review-full-01_transfer-w2_w0_r1_13],  with error: EndorseError: 10 ABORTED: failed to endorse transaction, see attached details for more info
Details:
-  peer0.bi.paynet:7051:chaincode response 500, insufficient balance: have 0, need 50000
2026.08.24-17:01:10.303[31m error[39m [caliper] [connectors/peer-gateway/PeerGateway] 	Failed to perform submit transaction [Transfer] using arguments [wlt_c_20260824-review-full-01_transfer-w2_w1_18,wlt_c_20260824-review-full-01_transfer-w2_w1_51,50000,bench_20260824-review-full-01_transfer-w2_w1_r1_15],  with error: EndorseError: 10 ABORTED: failed to endorse transaction, see attached details for more info
Details:
-  peer0.bi.paynet:7051:chaincode response 500, insufficient balance: have 0, need 50000
2026.08.24-17:01:10.308[31m error[39m [caliper] [connectors/peer-gateway/PeerGateway] 	Failed to perform submit transaction [Transfer] using arguments [wlt_c_20260824-review-full-01_transfer-w2_w0_17,wlt_c_20260824-review-full-01_transfer-w2_w0_49,50000,bench_20260824-review-full-01_transfer-w2_w0_r1_14],  with error: EndorseError: 10 ABORTED: failed to endorse transaction, see attached details for more info
Details:
-  peer0.bi.paynet:7051:chaincode response 500, insufficient balance: have 0, need 50000
2026.08.24-17:01:10.373[31m error[39m [caliper] [connectors/peer-gateway/PeerGateway] 	Failed to perform submit transaction [Transfer] using arguments [wlt_c_20260824-review-full-01_transfer-w2_w1_19,wlt_c_20260824-review-full-01_transfer-w2_w1_52,36449,bench_20260824-review-full-01_transfer-w2_w1_r1_16],  with error: EndorseError: 10 ABORTED: failed to endorse transaction, see attached details for more info
Details:
-  peer0.bi.paynet:7051:chaincode response 500, insufficient balance: have 0, need 36449
2026.08.24-17:01:10.376[31m error[39m [caliper] [connectors/peer-gateway/PeerGateway] 	Failed to perform submit transaction [Transfer] using arguments [wlt_c_20260824-review-full-01_transfer-w2_w0_18,wlt_c_20260824-review-full-01_transfer-w2_w0_51,50000,bench_20260824-review-full-01_transfer-w2_w0_r1_15],  with error: EndorseError: 10 ABORTED: failed to endorse transaction, see attached details for more info
Details:
-  peer0.bi.paynet:7051:chaincode response 500, insufficient balance: have 0, need 50000
2026.08.24-17:01:10.437[31m error[39m [caliper] [connectors/peer-gateway/PeerGateway] 	Failed to perform submit transaction [Transfer] using arguments [wlt_c_20260824-review-full-01_transfer-w2_w1_21,wlt_c_20260824-review-full-01_transfer-w2_w1_53,35198,bench_20260824-review-full-01_transfer-w2_w1_r1_17],  with error: EndorseError: 10 ABORTED: failed to endorse transaction, see attached details for more info
Details:
-  peer0.bi.paynet:7051:chaincode response 500, insufficient balance: have 0, need 35198
2026.08.24-17:01:10.441[31m error[39m [caliper] [connectors/peer-gateway/PeerGateway] 	Failed to perform submit transaction [Transfer] using arguments [wlt_c_20260824-review-full-01_transfer-w2_w0_19,wlt_c_20260824-review-full-01_transfer-w2_w0_52,50000,bench_20260824-review-full-01_transfer-w2_w0_r1_16],  with error: EndorseError: 10 ABORTED: failed to endorse transaction, see attached details for more info
Details:
-  peer0.bi.paynet:7051:chaincode response 500, insufficient balance: have 0, need 50000
2026.08.24-17:01:10.503[31m error[39m [caliper] [connectors/peer-gateway/PeerGateway] 	Failed to perform submit transaction [Transfer] using arguments [wlt_c_20260824-review-full-01_transfer-w2_w1_22,wlt_c_20260824-review-full-01_transfer-w2_w1_54,50000,bench_20260824-review-full-01_transfer-w2_w1_r1_18],  with error: EndorseError: 10 ABORTED: failed to endorse transaction, see attached details for more info
Details:
-  peer0.bi.paynet:7051:chaincode response 500, insufficient balance: have 0, need 50000
2026.08.24-17:01:10.507[31m error[39m [caliper] [connectors/peer-gateway/PeerGateway] 	Failed to perform submit transaction [Transfer] using arguments [wlt_c_20260824-review-full-01_transfer-w2_w0_21,wlt_c_20260824-review-full-01_transfer-w2_w0_53,49449,bench_20260824-review-full-01_transfer-w2_w0_r1_17],  with error: EndorseError: 10 ABORTED: failed to endorse transaction, see attached details for more info
Details:
-  peer0.bi.paynet:7051:chaincode response 500, insufficient balance: have 0, need 49449
2026.08.24-17:01:10.572[31m error[39m [caliper] [connectors/peer-gateway/PeerGateway] 	Failed to perform submit transaction [Transfer] using arguments [wlt_c_20260824-review-full-01_transfer-w2_w1_23,wlt_m_20260824-review-full-01_transfer-w2_w1_0,50000,bench_20260824-review-full-01_transfer-w2_w1_r1_19],  with error: EndorseError: 10 ABORTED: failed to endorse transaction, see attached details for more info
Details:
-  peer0.bi.paynet:7051:chaincode response 500, insufficient balance: have 0, need 50000
2026.08.24-17:01:10.576[31m error[39m [caliper] [connectors/peer-gateway/PeerGateway] 	Failed to perform submit transaction [Transfer] using arguments [wlt_c_20260824-review-full-01_transfer-w2_w0_22,wlt_c_20260824-review-full-01_transfer-w2_w0_54,50000,bench_20260824-review-full-01_transfer-w2_w0_r1_18],  with error: EndorseError: 10 ABORTED: failed to endorse transaction, see attached details for more info
Details:
-  peer0.bi.paynet:7051:chaincode response 500, insufficient balance: have 0, need 50000
2026.08.24-17:01:10.636[31m error[39m [caliper] [connectors/peer-gateway/PeerGateway] 	Failed to perform submit transaction [Transfer] using arguments [wlt_c_20260824-review-full-01_transfer-w2_w1_24,wlt_m_20260824-review-full-01_transfer-w2_w1_1,50000,bench_20260824-review-full-01_transfer-w2_w1_r1_20],  with error: EndorseError: 10 ABORTED: failed to endorse transaction, see attached details for more info
Details:
-  peer0.bi.paynet:7051:chaincode response 500, insufficient balance: have 0, need 50000
2026.08.24-17:01:10.639[31m error[39m [caliper] [connectors/peer-gateway/PeerGateway] 	Failed to perform submit transaction [Transfer] using arguments [wlt_c_20260824-review-full-01_transfer-w2_w0_23,wlt_c_20260824-review-full-01_transfer-w2_w0_56,50000,bench_20260824-review-full-01_transfer-w2_w0_r1_19],  with error: EndorseError: 10 ABORTED: failed to endorse transaction, see attached details for more info
Details:
-  peer0.bi.paynet:7051:chaincode response 500, insufficient balance: have 0, need 50000
2026.08.24-17:01:10.704[31m error[39m [caliper] [connectors/peer-gateway/PeerGateway] 	Failed to perform submit transaction [Transfer] using arguments [wlt_c_20260824-review-full-01_transfer-w2_w1_26,wlt_m_20260824-review-full-01_transfer-w2_w1_2,35131,bench_20260824-review-full-01_transfer-w2_w1_r1_21],  with error: EndorseError: 10 ABORTED: failed to endorse transaction, see attached details for more info
Details:
-  peer0.bi.paynet:7051:chaincode response 500, insufficient balance: have 0, need 35131
2026.08.24-17:01:10.708[31m error[39m [caliper] [connectors/peer-gateway/PeerGateway] 	Failed to perform submit transaction [Transfer] using arguments [wlt_c_20260824-review-full-01_transfer-w2_w0_24,wlt_m_20260824-review-full-01_transfer-w2_w0_0,33344,bench_20260824-review-full-01_transfer-w2_w0_r1_20],  with error: EndorseError: 10 ABORTED: failed to endorse transaction, see attached details for more info
Details:
-  peer0.bi.paynet:7051:chaincode response 500, insufficient balance: have 0, need 33344
2026.08.24-17:01:10.770[31m error[39m [caliper] [connectors/peer-gateway/PeerGateway] 	Failed to perform submit transaction [Transfer] using arguments [wlt_c_20260824-review-full-01_transfer-w2_w1_27,wlt_m_20260824-review-full-01_transfer-w2_w1_3,50000,bench_20260824-review-full-01_transfer-w2_w1_r1_22],  with error: EndorseError: 10 ABORTED: failed to endorse transaction, see attached details for more info
Details:
-  peer0.bi.paynet:7051:chaincode response 500, insufficient balance: have 0, need 50000
2026.08.24-17:01:10.775[31m error[39m [caliper] [connectors/peer-gateway/PeerGateway] 	Failed to perform submit transaction [Transfer] using arguments [wlt_c_20260824-review-full-01_transfer-w2_w0_26,wlt_m_20260824-review-full-01_transfer-w2_w0_1,50000,bench_20260824-review-full-01_transfer-w2_w0_r1_21],  with error: EndorseError: 10 ABORTED: failed to endorse transaction, see attached details for more info
Details:
-  peer0.bi.paynet:7051:chaincode response 500, insufficient balance: have 0, need 50000
2026.08.24-17:01:10.835[31m error[39m [caliper] [connectors/peer-gateway/PeerGateway] 	Failed to perform submit transaction [Transfer] using arguments [wlt_c_20260824-review-full-01_transfer-w2_w1_28,wlt_m_20260824-review-full-01_transfer-w2_w1_4,50000,bench_20260824-review-full-01_transfer-w2_w1_r1_23],  with error: EndorseError: 10 ABORTED: failed to endorse transaction, see attached details for more info
Details:
-  peer0.bi.paynet:7051:chaincode response 500, insufficient balance: have 0, need 50000
2026.08.24-17:01:10.841[31m error[39m [caliper] [connectors/peer-gateway/PeerGateway] 	Failed to perform submit transaction [Transfer] using arguments [wlt_c_20260824-review-full-01_transfer-w2_w0_27,wlt_m_20260824-review-full-01_transfer-w2_w0_2,50000,bench_20260824-review-full-01_transfer-w2_w0_r1_22],  with error: EndorseError: 10 ABORTED: failed to endorse transaction, see attached details for more info
Details:
-  peer0.bi.paynet:7051:chaincode response 500, insufficient balance: have 0, need 50000
2026.08.24-17:01:10.903[31m error[39m [caliper] [connectors/peer-gateway/PeerGateway] 	Failed to perform submit transaction [Transfer] using arguments [wlt_c_20260824-review-full-01_transfer-w2_w1_29,wlt_m_20260824-review-full-01_transfer-w2_w1_5,50000,bench_20260824-review-full-01_transfer-w2_w1_r1_24],  with error: EndorseError: 10 ABORTED: failed to endorse transaction, see attached details for more info
Details:
-  peer0.bi.paynet:7051:chaincode response 500, insufficient balance: have 0, need 50000
2026.08.24-17:01:10.908[31m error[39m [caliper] [connectors/peer-gateway/PeerGateway] 	Failed to perform submit transaction [Transfer] using arguments [wlt_c_20260824-review-full-01_transfer-w2_w0_28,wlt_m_20260824-review-full-01_transfer-w2_w0_3,41011,bench_20260824-review-full-01_transfer-w2_w0_r1_23],  with error: EndorseError: 10 ABORTED: failed to endorse transaction, see attached details for more info
Details:
-  peer0.bi.paynet:7051:chaincode response 500, insufficient balance: have 0, need 41011
2026.08.24-17:01:10.972[31m error[39m [caliper] [connectors/peer-gateway/PeerGateway] 	Failed to perform submit transaction [Transfer] using arguments [wlt_c_20260824-review-full-01_transfer-w2_w1_31,wlt_m_20260824-review-full-01_transfer-w2_w1_6,9197,bench_20260824-review-full-01_transfer-w2_w1_r1_25],  with error: EndorseError: 10 ABORTED: failed to endorse transaction, see attached details for more info
Details:
-  peer0.bi.paynet:7051:chaincode response 500, insufficient balance: have 0, need 9197
2026.08.24-17:01:10.978[31m error[39m [caliper] [connectors/peer-gateway/PeerGateway] 	Failed to perform submit transaction [Transfer] using arguments [wlt_c_20260824-review-full-01_transfer-w2_w0_29,wlt_m_20260824-review-full-01_transfer-w2_w0_4,50000,bench_20260824-review-full-01_transfer-w2_w0_r1_24],  with error: EndorseError: 10 ABORTED: failed to endorse transaction, see attached details for more info
Details:
-  peer0.bi.paynet:7051:chaincode response 500, insufficient balance: have 0, need 50000
2026.08.24-17:01:11.052[31m error[39m [caliper] [connectors/peer-gateway/PeerGateway] 	Failed to perform submit transaction [Transfer] using arguments [wlt_c_20260824-review-full-01_transfer-w2_w0_31,wlt_m_20260824-review-full-01_transfer-w2_w0_5,50000,bench_20260824-review-full-01_transfer-w2_w0_r1_25],  with error: EndorseError: 10 ABORTED: failed to endorse transaction, see attached details for more info
Details:
-  peer0.bi.paynet:7051:chaincode response 500, insufficient balance: have 0, need 50000
2026.08.24-17:01:11.103[31m error[39m [caliper] [connectors/peer-gateway/PeerGateway] 	Failed to perform submit transaction [Transfer] using arguments [wlt_c_20260824-review-full-01_transfer-w2_w1_1,wlt_c_20260824-review-full-01_transfer-w2_w1_33,15932,bench_20260824-review-full-01_transfer-w2_w1_r1_27],  with error: EndorseError: 10 ABORTED: failed to endorse transaction, see attached details for more info
Details:
-  peer0.bi.paynet:7051:chaincode response 500, insufficient balance: have 0, need 15932
2026.08.24-17:01:11.170[31m error[39m [caliper] [connectors/peer-gateway/PeerGateway] 	Failed to perform submit transaction [Transfer] using arguments [wlt_c_20260824-review-full-01_transfer-w2_w1_2,wlt_c_20260824-review-full-01_transfer-w2_w1_34,50000,bench_20260824-review-full-01_transfer-w2_w1_r1_28],  with error: EndorseError: 10 ABORTED: failed to endorse transaction, see attached details for more info
Details:
-  peer0.bi.paynet:7051:chaincode response 500, insufficient balance: have 0, need 50000
2026.08.24-17:01:11.235[31m error[39m [caliper] [connectors/peer-gateway/PeerGateway] 	Failed to perform submit transaction [Transfer] using arguments [wlt_c_20260824-review-full-01_transfer-w2_w1_3,wlt_c_20260824-review-full-01_transfer-w2_w1_36,50000,bench_20260824-review-full-01_transfer-w2_w1_r1_29],  with error: EndorseError: 10 ABORTED: failed to endorse transaction, see attached details for more info
Details:
-  peer0.bi.paynet:7051:chaincode response 500, insufficient balance: have 0, need 50000
2026.08.24-17:01:11.306[31m error[39m [caliper] [connectors/peer-gateway/PeerGateway] 	Failed to perform submit transaction [Transfer] using arguments [wlt_c_20260824-review-full-01_transfer-w2_w1_4,wlt_c_20260824-review-full-01_transfer-w2_w1_37,50000,bench_20260824-review-full-01_transfer-w2_w1_r1_30],  with error: EndorseError: 10 ABORTED: failed to endorse transaction, see attached details for more info
Details:
-  peer0.bi.paynet:7051:chaincode response 500, insufficient balance: have 0, need 50000
2026.08.24-17:01:11.374[31m error[39m [caliper] [connectors/peer-gateway/PeerGateway] 	Failed to perform submit transaction [Transfer] using arguments [wlt_c_20260824-review-full-01_transfer-w2_w1_6,wlt_c_20260824-review-full-01_transfer-w2_w1_38,50000,bench_20260824-review-full-01_transfer-w2_w1_r1_31],  with error: EndorseError: 10 ABORTED: failed to endorse transaction, see attached details for more info
Details:
-  peer0.bi.paynet:7051:chaincode response 500, insufficient balance: have 0, need 50000
2026.08.24-17:01:11.476[31m error[39m [caliper] [connectors/peer-gateway/PeerGateway] 	Failed to perform submit transaction [Transfer] using arguments [wlt_c_20260824-review-full-01_transfer-w2_w0_6,wlt_c_20260824-review-full-01_transfer-w2_w0_38,36793,bench_20260824-review-full-01_transfer-w2_w0_r1_31],  with error: EndorseError: 10 ABORTED: failed to endorse transaction, see attached details for more info
Details:
-  peer0.bi.paynet:7051:chaincode response 500, insufficient balance: have 0, need 36793
2026.08.24-17:01:11.484[31m error[39m [caliper] [connectors/peer-gateway/PeerGateway] 	Failed to perform submit transaction [Transfer] using arguments [wlt_c_20260824-review-full-01_transfer-w2_w1_7,wlt_c_20260824-review-full-01_transfer-w2_w1_39,37827,bench_20260824-review-full-01_transfer-w2_w1_r1_32],  with error: EndorseError: 10 ABORTED: failed to endorse transaction, see attached details for more info
Details:
-  peer0.bi.paynet:7051:chaincode response 500, insufficient balance: have 0, need 37827
2026.08.24-17:01:11.518[31m error[39m [caliper] [connectors/peer-gateway/PeerGateway] 	Failed to perform submit transaction [Transfer] using arguments [wlt_c_20260824-review-full-01_transfer-w2_w1_8,wlt_c_20260824-review-full-01_transfer-w2_w1_41,29400,bench_20260824-review-full-01_transfer-w2_w1_r1_33],  with error: EndorseError: 10 ABORTED: failed to endorse transaction, see attached details for more info
Details:
-  peer0.bi.paynet:7051:chaincode response 500, insufficient balance: have 0, need 29400
2026.08.24-17:01:11.541[31m error[39m [caliper] [connectors/peer-gateway/PeerGateway] 	Failed to perform submit transaction [Transfer] using arguments [wlt_c_20260824-review-full-01_transfer-w2_w0_7,wlt_c_20260824-review-full-01_transfer-w2_w0_39,50000,bench_20260824-review-full-01_transfer-w2_w0_r1_32],  with error: EndorseError: 10 ABORTED: failed to endorse transaction, see attached details for more info
Details:
-  peer0.bi.paynet:7051:chaincode response 500, insufficient balance: have 0, need 50000
2026.08.24-17:01:11.634[31m error[39m [caliper] [connectors/peer-gateway/PeerGateway] 	Failed to perform submit transaction [Transfer] using arguments [wlt_c_20260824-review-full-01_transfer-w2_w0_4,wlt_c_20260824-review-full-01_transfer-w2_w0_37,21489,bench_20260824-review-full-01_transfer-w2_w0_r1_30],  with error: Error: Failed to submit trasaction with status code: 11
2026.08.24-17:01:11.636[31m error[39m [caliper] [connectors/peer-gateway/PeerGateway] 	Failed to perform submit transaction [Mint] using arguments [wlt_c_20260824-review-full-01_transfer-w2_w0_5,500000],  with error: Error: Failed to submit trasaction with status code: 12
2026.08.24-17:01:11.636[31m error[39m [caliper] [connectors/peer-gateway/PeerGateway] 	Failed to perform submit transaction [Transfer] using arguments [wlt_c_20260824-review-full-01_transfer-w2_w0_1,wlt_c_20260824-review-full-01_transfer-w2_w0_33,50000,bench_20260824-review-full-01_transfer-w2_w0_r1_27],  with error: Error: Failed to submit trasaction with status code: 11
2026.08.24-17:01:11.636[31m error[39m [caliper] [connectors/peer-gateway/PeerGateway] 	Failed to perform submit transaction [Transfer] using arguments [wlt_c_20260824-review-full-01_transfer-w2_w0_2,wlt_c_20260824-review-full-01_transfer-w2_w0_34,50000,bench_20260824-review-full-01_transfer-w2_w0_r1_28],  with error: Error: Failed to submit trasaction with status code: 11
2026.08.24-17:01:11.636[31m error[39m [caliper] [connectors/peer-gateway/PeerGateway] 	Failed to perform submit transaction [Transfer] using arguments [wlt_c_20260824-review-full-01_transfer-w2_w0_3,wlt_c_20260824-review-full-01_transfer-w2_w0_36,50000,bench_20260824-review-full-01_transfer-w2_w0_r1_29],  with error: Error: Failed to submit trasaction with status code: 11
2026.08.24-17:01:11.637[32m info [39m [caliper] [caliper-worker] 	Worker [0] encountered an error during prepare test phase for round 0: Error: setup Mint failed: [object Object]
    at assertSuccessfulResponse (/home/mfachrizalg/2026/Skripsi/bi-coin/bi-coin-fabric/benchmark/workloads/retail-base.js:71:19)
    at RetailTransferWorkload.submit (/home/mfachrizalg/2026/Skripsi/bi-coin/bi-coin-fabric/benchmark/workloads/retail-base.js:164:17)
    at process.processTicksAndRejections (node:internal/process/task_queues:103:5)
    at async Array.<anonymous> (/home/mfachrizalg/2026/Skripsi/bi-coin/bi-coin-fabric/benchmark/workloads/retail-base.js:251:17)
    at async /home/mfachrizalg/2026/Skripsi/bi-coin/bi-coin-fabric/benchmark/workloads/retail-base.js:147:17
    at async Promise.all (index 0)
    at async RetailTransferWorkload.runPool (/home/mfachrizalg/2026/Skripsi/bi-coin/bi-coin-fabric/benchmark/workloads/retail-base.js:150:9)
    at async RetailTransferWorkload.seedPopulation (/home/mfachrizalg/2026/Skripsi/bi-coin/bi-coin-fabric/benchmark/workloads/retail-base.js:257:9)
    at async RetailTransferWorkload.initializeWorkloadModule (/home/mfachrizalg/2026/Skripsi/bi-coin/bi-coin-fabric/benchmark/workloads/retail-transfer.js:21:9)
    at async CaliperWorker.prepareTest (/home/mfachrizalg/2026/Skripsi/bi-coin/bi-coin-fabric/node_modules/@hyperledger/caliper-core/lib/worker/caliper-worker.js:161:13)
2026.08.24-17:01:11.637[32m info [39m [caliper] [connectors/peer-gateway/PeerGateway] 	disconnecting gateway for user User1
2026.08.24-17:01:11.637[32m info [39m [caliper] [connectors/peer-gateway/PeerGateway] 	disconnecting gateway for user _HimbaraBankOrgMSP_User1
2026.08.24-17:01:11.637[32m info [39m [caliper] [connectors/peer-gateway/PeerGateway] 	disconnecting gateway for user _CommercialBankOrgMSP_User1
2026.08.24-17:01:11.637[32m info [39m [caliper] [connectors/peer-gateway/PeerGateway] 	disconnecting gRpc client at peer peer0.bi.paynet
2026.08.24-17:01:11.638[32m info [39m [caliper] [connectors/peer-gateway/PeerGateway] 	disconnecting gRpc client at peer peer0.himbara.paynet
2026.08.24-17:01:11.638[32m info [39m [caliper] [connectors/peer-gateway/PeerGateway] 	disconnecting gRpc client at peer peer0.commercial.paynet
2026.08.24-17:01:11.638[32m info [39m [caliper] [caliper-worker] 	Info: worker 0 prepare test phase for round 0 is completed
2026.08.24-17:01:11.638[31m error[39m [caliper] [worker-message-handler] 	Error while handling "prepare" message for Worker (1538440): Error: setup Mint failed: [object Object]
    at assertSuccessfulResponse (/home/mfachrizalg/2026/Skripsi/bi-coin/bi-coin-fabric/benchmark/workloads/retail-base.js:71:19)
    at RetailTransferWorkload.submit (/home/mfachrizalg/2026/Skripsi/bi-coin/bi-coin-fabric/benchmark/workloads/retail-base.js:164:17)
    at process.processTicksAndRejections (node:internal/process/task_queues:103:5)
    at async Array.<anonymous> (/home/mfachrizalg/2026/Skripsi/bi-coin/bi-coin-fabric/benchmark/workloads/retail-base.js:251:17)
    at async /home/mfachrizalg/2026/Skripsi/bi-coin/bi-coin-fabric/benchmark/workloads/retail-base.js:147:17
    at async Promise.all (index 0)
    at async RetailTransferWorkload.runPool (/home/mfachrizalg/2026/Skripsi/bi-coin/bi-coin-fabric/benchmark/workloads/retail-base.js:150:9)
    at async RetailTransferWorkload.seedPopulation (/home/mfachrizalg/2026/Skripsi/bi-coin/bi-coin-fabric/benchmark/workloads/retail-base.js:257:9)
    at async RetailTransferWorkload.initializeWorkloadModule (/home/mfachrizalg/2026/Skripsi/bi-coin/bi-coin-fabric/benchmark/workloads/retail-transfer.js:21:9)
    at async CaliperWorker.prepareTest (/home/mfachrizalg/2026/Skripsi/bi-coin/bi-coin-fabric/node_modules/@hyperledger/caliper-core/lib/worker/caliper-worker.js:161:13)
/home/mfachrizalg/2026/Skripsi/bi-coin/bi-coin-fabric/node_modules/@hyperledger/caliper-core/lib/manager/orchestrators/worker-orchestrator.js:306
                this.workers[workerId].phases[phase].reject(new Error(error));
                                                     ^

TypeError: this.workers[workerId].phases[phase].reject is not a function
    at WorkerOrchestrator.updateWorkerPhase (/home/mfachrizalg/2026/Skripsi/bi-coin/bi-coin-fabric/node_modules/@hyperledger/caliper-core/lib/manager/orchestrators/worker-orchestrator.js:306:54)
    at ProcessMessenger.<anonymous> (/home/mfachrizalg/2026/Skripsi/bi-coin/bi-coin-fabric/node_modules/@hyperledger/caliper-core/lib/manager/orchestrators/worker-orchestrator.js:109:18)
    at ProcessMessenger.emit (node:events:519:28)
    at ProcessMessenger.onMessage (/home/mfachrizalg/2026/Skripsi/bi-coin/bi-coin-fabric/node_modules/@hyperledger/caliper-core/lib/common/messengers/messenger-interface.js:40:14)
    at ChildProcess.<anonymous> (/home/mfachrizalg/2026/Skripsi/bi-coin/bi-coin-fabric/node_modules/@hyperledger/caliper-core/lib/common/messengers/process/process-messenger.js:59:26)
    at ChildProcess.emit (node:events:519:28)
    at emit (node:internal/child_process:949:14)
    at process.processTicksAndRejections (node:internal/process/task_queues:90:21)

Node.js v22.23.2
2026.08.24-17:01:11.642[31m error[39m [caliper] [connectors/peer-gateway/PeerGateway] 	Failed to perform submit transaction [Transfer] using arguments [wlt_c_20260824-review-full-01_transfer-w2_w1_9,wlt_c_20260824-review-full-01_transfer-w2_w1_42,50000,bench_20260824-review-full-01_transfer-w2_w1_r1_34],  with error: EndorseError: 10 ABORTED: failed to endorse transaction, see attached details for more info
Details:
-  peer0.bi.paynet:7051:chaincode response 500, insufficient balance: have 0, need 50000
2026.08.24-17:01:11.645[31m error[39m [caliper] [connectors/peer-gateway/PeerGateway] 	Failed to perform submit transaction [Transfer] using arguments [wlt_c_20260824-review-full-01_transfer-w2_w0_8,wlt_c_20260824-review-full-01_transfer-w2_w0_41,50000,bench_20260824-review-full-01_transfer-w2_w0_r1_33],  with error: EndorseError: 10 ABORTED: failed to endorse transaction, see attached details for more info
Details:
-  peer0.bi.paynet:7051:chaincode response 500, insufficient balance: have 0, need 50000
2026.08.24-17:01:11.645[31m error[39m [caliper] [connectors/peer-gateway/PeerGateway] 	Failed to perform submit transaction [Transfer] using arguments [wlt_c_20260824-review-full-01_transfer-w2_w1_11,wlt_c_20260824-review-full-01_transfer-w2_w1_43,25495,bench_20260824-review-full-01_transfer-w2_w1_r1_35],  with error: EndorseError: 10 ABORTED: failed to endorse transaction, see attached details for more info
Details:
-  peer0.bi.paynet:7051:chaincode response 500, insufficient balance: have 0, need 25495
2026.08.24-17:01:11.647[31m error[39m [caliper] [connectors/peer-gateway/PeerGateway] 	Failed to perform submit transaction [Transfer] using arguments [wlt_c_20260824-review-full-01_transfer-w2_w0_9,wlt_c_20260824-review-full-01_transfer-w2_w0_42,15026,bench_20260824-review-full-01_transfer-w2_w0_r1_34],  with error: EndorseError: 10 ABORTED: failed to endorse transaction, see attached details for more info
Details:
-  peer0.bi.paynet:7051:chaincode response 500, insufficient balance: have 0, need 15026
2026.08.24-17:01:11.700[31m error[39m [caliper] [connectors/peer-gateway/PeerGateway] 	Failed to perform submit transaction [Transfer] using arguments [wlt_c_20260824-review-full-01_transfer-w2_w0_11,wlt_c_20260824-review-full-01_transfer-w2_w0_43,50000,bench_20260824-review-full-01_transfer-w2_w0_r1_35],  with error: Error: Channel has been shut down
2026.08.24-17:01:11.707[31m error[39m [caliper] [connectors/peer-gateway/PeerGateway] 	Failed to perform submit transaction [Transfer] using arguments [wlt_c_20260824-review-full-01_transfer-w2_w1_12,wlt_c_20260824-review-full-01_transfer-w2_w1_44,50000,bench_20260824-review-full-01_transfer-w2_w1_r1_36],  with error: EndorseError: 10 ABORTED: failed to endorse transaction, see attached details for more info
Details:
-  peer0.bi.paynet:7051:chaincode response 500, insufficient balance: have 0, need 50000
2026.08.24-17:01:11.768[31m error[39m [caliper] [connectors/peer-gateway/PeerGateway] 	Failed to perform submit transaction [Transfer] using arguments [wlt_c_20260824-review-full-01_transfer-w2_w0_12,wlt_c_20260824-review-full-01_transfer-w2_w0_44,50000,bench_20260824-review-full-01_transfer-w2_w0_r1_36],  with error: Error: Channel has been shut down
2026.08.24-17:01:11.771[31m error[39m [caliper] [connectors/peer-gateway/PeerGateway] 	Failed to perform submit transaction [Transfer] using arguments [wlt_c_20260824-review-full-01_transfer-w2_w1_13,wlt_c_20260824-review-full-01_transfer-w2_w1_46,50000,bench_20260824-review-full-01_transfer-w2_w1_r1_37],  with error: EndorseError: 10 ABORTED: failed to endorse transaction, see attached details for more info
Details:
-  peer0.bi.paynet:7051:chaincode response 500, insufficient balance: have 0, need 50000
2026.08.24-17:01:11.832[31m error[39m [caliper] [connectors/peer-gateway/PeerGateway] 	Failed to perform submit transaction [Transfer] using arguments [wlt_c_20260824-review-full-01_transfer-w2_w0_13,wlt_c_20260824-review-full-01_transfer-w2_w0_46,50000,bench_20260824-review-full-01_transfer-w2_w0_r1_37],  with error: Error: Channel has been shut down
2026.08.24-17:01:11.837[31m error[39m [caliper] [connectors/peer-gateway/PeerGateway] 	Failed to perform submit transaction [Transfer] using arguments [wlt_c_20260824-review-full-01_transfer-w2_w1_14,wlt_c_20260824-review-full-01_transfer-w2_w1_47,50000,bench_20260824-review-full-01_transfer-w2_w1_r1_38],  with error: EndorseError: 10 ABORTED: failed to endorse transaction, see attached details for more info
Details:
-  peer0.bi.paynet:7051:chaincode response 500, insufficient balance: have 0, need 50000
2026.08.24-17:01:11.899[31m error[39m [caliper] [connectors/peer-gateway/PeerGateway] 	Failed to perform submit transaction [Transfer] using arguments [wlt_c_20260824-review-full-01_transfer-w2_w0_14,wlt_c_20260824-review-full-01_transfer-w2_w0_47,50000,bench_20260824-review-full-01_transfer-w2_w0_r1_38],  with error: Error: Channel has been shut down
2026.08.24-17:01:11.905[31m error[39m [caliper] [connectors/peer-gateway/PeerGateway] 	Failed to perform submit transaction [Transfer] using arguments [wlt_c_20260824-review-full-01_transfer-w2_w1_16,wlt_c_20260824-review-full-01_transfer-w2_w1_48,50000,bench_20260824-review-full-01_transfer-w2_w1_r1_39],  with error: EndorseError: 10 ABORTED: failed to endorse transaction, see attached details for more info
Details:
-  peer0.bi.paynet:7051:chaincode response 500, insufficient balance: have 0, need 50000
2026.08.24-17:01:11.968[31m error[39m [caliper] [connectors/peer-gateway/PeerGateway] 	Failed to perform submit transaction [Transfer] using arguments [wlt_c_20260824-review-full-01_transfer-w2_w0_16,wlt_c_20260824-review-full-01_transfer-w2_w0_48,50000,bench_20260824-review-full-01_transfer-w2_w0_r1_39],  with error: Error: Channel has been shut down
2026.08.24-17:01:12.033[31m error[39m [caliper] [connectors/peer-gateway/PeerGateway] 	Failed to perform submit transaction [Transfer] using arguments [wlt_c_20260824-review-full-01_transfer-w2_w0_17,wlt_c_20260824-review-full-01_transfer-w2_w0_49,50000,bench_20260824-review-full-01_transfer-w2_w0_r1_40],  with error: Error: Channel has been shut down
2026.08.24-17:01:12.105[31m error[39m [caliper] [connectors/peer-gateway/PeerGateway] 	Failed to perform submit transaction [Transfer] using arguments [wlt_c_20260824-review-full-01_transfer-w2_w0_18,wlt_c_20260824-review-full-01_transfer-w2_w0_51,50000,bench_20260824-review-full-01_transfer-w2_w0_r1_41],  with error: Error: Channel has been shut down
2026.08.24-17:01:12.167[31m error[39m [caliper] [connectors/peer-gateway/PeerGateway] 	Failed to perform submit transaction [Transfer] using arguments [wlt_c_20260824-review-full-01_transfer-w2_w0_19,wlt_c_20260824-review-full-01_transfer-w2_w0_52,50000,bench_20260824-review-full-01_transfer-w2_w0_r1_42],  with error: Error: Channel has been shut down
2026.08.24-17:01:12.233[31m error[39m [caliper] [connectors/peer-gateway/PeerGateway] 	Failed to perform submit transaction [Transfer] using arguments [wlt_c_20260824-review-full-01_transfer-w2_w0_21,wlt_c_20260824-review-full-01_transfer-w2_w0_53,33285,bench_20260824-review-full-01_transfer-w2_w0_r1_43],  with error: Error: Channel has been shut down
2026.08.24-17:01:12.301[31m error[39m [caliper] [connectors/peer-gateway/PeerGateway] 	Failed to perform submit transaction [Transfer] using arguments [wlt_c_20260824-review-full-01_transfer-w2_w0_22,wlt_c_20260824-review-full-01_transfer-w2_w0_54,50000,bench_20260824-review-full-01_transfer-w2_w0_r1_44],  with error: Error: Channel has been shut down
node:events:497
      throw er; // Unhandled 'error' event
      ^

Error [ERR_IPC_CHANNEL_CLOSED]: Channel closed
    at target.send (node:internal/child_process:753:16)
    at ProcessMessenger.send (/home/mfachrizalg/2026/Skripsi/bi-coin/bi-coin-fabric/node_modules/@hyperledger/caliper-core/lib/common/messengers/process/process-messenger.js:90:18)
    at InternalTxObserver._sendUpdate (/home/mfachrizalg/2026/Skripsi/bi-coin/bi-coin-fabric/node_modules/@hyperledger/caliper-core/lib/worker/tx-observers/internal-tx-observer.js:48:30)
    at Timeout._onTimeout (/home/mfachrizalg/2026/Skripsi/bi-coin/bi-coin-fabric/node_modules/@hyperledger/caliper-core/lib/worker/tx-observers/internal-tx-observer.js:58:68)
    at listOnTimeout (node:internal/timers:585:17)
    at process.processTimers (node:internal/timers:521:7)
Emitted 'error' event on process instance at:
    at node:internal/child_process:757:35
    at process.processTicksAndRejections (node:internal/process/task_queues:84:11) {
  code: 'ERR_IPC_CHANNEL_CLOSED'
}

Node.js v22.23.2
node:events:497
      throw er; // Unhandled 'error' event
      ^

Error [ERR_IPC_CHANNEL_CLOSED]: Channel closed
    at target.send (node:internal/child_process:753:16)
    at ProcessMessenger.send (/home/mfachrizalg/2026/Skripsi/bi-coin/bi-coin-fabric/node_modules/@hyperledger/caliper-core/lib/common/messengers/process/process-messenger.js:90:18)
    at InternalTxObserver._sendUpdate (/home/mfachrizalg/2026/Skripsi/bi-coin/bi-coin-fabric/node_modules/@hyperledger/caliper-core/lib/worker/tx-observers/internal-tx-observer.js:48:30)
    at Timeout._onTimeout (/home/mfachrizalg/2026/Skripsi/bi-coin/bi-coin-fabric/node_modules/@hyperledger/caliper-core/lib/worker/tx-observers/internal-tx-observer.js:58:68)
    at listOnTimeout (node:internal/timers:585:17)
    at process.processTimers (node:internal/timers:521:7)
Emitted 'error' event on process instance at:
    at node:internal/child_process:757:35
    at processTicksAndRejections (node:internal/process/task_queues:84:11)
    at runNextTicks (node:internal/process/task_queues:68:3)
    at process.processTimers (node:internal/timers:518:9) {
  code: 'ERR_IPC_CHANNEL_CLOSED'
}

Node.js v22.23.2
