
> bi-coin-fabric@1.0.0 benchmark:boundary
> caliper launch manager --caliper-benchconfig benchmark/benchconfigs/boundary-path.yaml --caliper-networkconfig benchmark/networkconfig.yaml --caliper-workspace .

2026.09.08-14:22:16.055 info  [caliper] [cli-launch-manager] 	Set workspace path: /workspace
2026.09.08-14:22:16.056 info  [caliper] [cli-launch-manager] 	Set benchmark configuration path: /workspace/benchmark/benchconfigs/boundary-path.yaml
2026.09.08-14:22:16.056 info  [caliper] [cli-launch-manager] 	Set network configuration path: /workspace/benchmark/networkconfig.yaml
2026.09.08-14:22:16.056 info  [caliper] [cli-launch-manager] 	Set SUT type: fabric
2026.09.08-14:22:16.081 info  [caliper] [caliper-engine] 	Starting benchmark flow
2026.09.08-14:22:16.081 info  [caliper] [caliper-engine] 	Network configuration attribute "caliper.command.start" is not present, skipping start command
2026.09.08-14:22:16.649 info  [caliper] [FabricConnectorFactory] 	Initializing peer gateway connector compatible with installed fabric-gateway SDK: 1.5.0
2026.09.08-14:22:16.655 info  [caliper] [IdentityManager] 	Adding User1 (admin=false) as User1 for organization BankIndonesiaOrgMSP
2026.09.08-14:22:16.656 info  [caliper] [IdentityManager] 	Adding User1 (admin=false) as _HimbaraBankOrgMSP_User1 for organization HimbaraBankOrgMSP
2026.09.08-14:22:16.658 info  [caliper] [IdentityManager] 	Adding User1 (admin=false) as _CommercialBankOrgMSP_User1 for organization CommercialBankOrgMSP
2026.09.08-14:22:16.660 info  [caliper] [connectors/peer-gateway/PeerGateway] 	Fabric-Gateway SDK version: 1.5.0 for Peer-Gateway connector; TLS based on BankIndonesiaOrgMSP: server
2026.09.08-14:22:16.660 info  [caliper] [caliper-engine] 	Executed "init" step in 0.001 seconds
2026.09.08-14:22:16.660 warn  [caliper] [connectors/peer-gateway/PeerGateway] 	Install smart contract not available for the Fabric Peer Gateway connector
2026.09.08-14:22:16.660 info  [caliper] [caliper-engine] 	Executed "install" step in 0 seconds
2026.09.08-14:22:16.662 info  [caliper] [monitor.js] 	Attempting to create resource monitor of type docker
2026.09.08-14:22:16.664 info  [caliper] [default-observer] 	Observer interval set to 5000 milliseconds
2026.09.08-14:22:16.667 info  [caliper] [round-orchestrator] 	Preparing worker connections
2026.09.08-14:22:16.668 info  [caliper] [worker-orchestrator] 	Launching worker 1 of 1
2026.09.08-14:22:16.672 info  [caliper] [worker-orchestrator] 	Messenger not configured, entering configure phase...
2026.09.08-14:22:16.672 info  [caliper] [worker-orchestrator] 	No existing workers detected, entering worker launch phase...
2026.09.08-14:22:16.672 info  [caliper] [worker-orchestrator] 	Waiting for 1 workers to be connected...
2026.09.08-14:22:16.998 info  [caliper] [cli-launch-worker] 	Set workspace path: /workspace
2026.09.08-14:22:16.999 info  [caliper] [cli-launch-worker] 	Set benchmark configuration path: /workspace/benchmark/benchconfigs/boundary-path.yaml
2026.09.08-14:22:16.999 info  [caliper] [cli-launch-worker] 	Set network configuration path: /workspace/benchmark/networkconfig.yaml
2026.09.08-14:22:17.000 info  [caliper] [cli-launch-worker] 	Set SUT type: fabric
2026.09.08-14:22:17.028 info  [caliper] [worker-orchestrator] 	1 workers connected, progressing to worker assignment phase.
2026.09.08-14:22:17.028 info  [caliper] [worker-orchestrator] 	Workers currently unassigned, awaiting index assignment...
2026.09.08-14:22:17.029 info  [caliper] [worker-orchestrator] 	Waiting for 1 workers to be assigned...
2026.09.08-14:22:17.067 info  [caliper] [worker-orchestrator] 	1 workers assigned, progressing to worker initialization phase.
2026.09.08-14:22:17.067 info  [caliper] [worker-orchestrator] 	Waiting for 1 workers to be ready...
2026.09.08-14:22:17.068 info  [caliper] [worker-message-handler] 	Initializing Worker#0...
2026.09.08-14:22:17.648 info  [caliper] [FabricConnectorFactory] 	Initializing peer gateway connector compatible with installed fabric-gateway SDK: 1.5.0
2026.09.08-14:22:17.653 info  [caliper] [IdentityManager] 	Adding User1 (admin=false) as User1 for organization BankIndonesiaOrgMSP
2026.09.08-14:22:17.654 info  [caliper] [IdentityManager] 	Adding User1 (admin=false) as _HimbaraBankOrgMSP_User1 for organization HimbaraBankOrgMSP
2026.09.08-14:22:17.655 info  [caliper] [IdentityManager] 	Adding User1 (admin=false) as _CommercialBankOrgMSP_User1 for organization CommercialBankOrgMSP
2026.09.08-14:22:17.657 info  [caliper] [worker-message-handler] 	Worker#0 initialized
2026.09.08-14:22:17.658 info  [caliper] [worker-orchestrator] 	1 workers ready, progressing to test preparation phase.
2026.09.08-14:22:17.659 info  [caliper] [round-orchestrator] 	Started round 1 (boundary-path)
2026.09.08-14:22:17.660 info  [caliper] [worker-message-handler] 	Preparing Worker#0 for Round#0
2026.09.08-14:22:17.704 info  [caliper] [connectors/peer-gateway/PeerGateway] 	Generating contract map for user User1
2026.09.08-14:22:17.708 info  [caliper] [connectors/peer-gateway/PeerGateway] 	Generating contract map for user _HimbaraBankOrgMSP_User1
2026.09.08-14:22:17.711 info  [caliper] [connectors/peer-gateway/PeerGateway] 	Generating contract map for user _CommercialBankOrgMSP_User1
2026.09.08-14:22:17.711 info  [caliper] [caliper-worker] 	Info: worker 0 prepare test phase for round 0 is starting...
2026.09.08-14:22:17.780 error [caliper] [connectors/peer-gateway/PeerGateway] 	Failed to perform query transaction [GetParticipant] using arguments [bench_custodian_20260908-fix-01_boundary-path],  with error: GatewayError: 2 UNKNOWN: evaluate call to endorser returned error: chaincode response 500, participant bench_custodian_20260908-fix-01_boundary-path not found
Details:
-  peer0.bi.paynet:7051:chaincode response 500, participant bench_custodian_20260908-fix-01_boundary-path not found
2026.09.08-14:25:09.238 info  [caliper] [connectors/peer-gateway/PeerGateway] 	disconnecting gateway for user User1
2026.09.08-14:25:09.239 info  [caliper] [connectors/peer-gateway/PeerGateway] 	disconnecting gateway for user _HimbaraBankOrgMSP_User1
2026.09.08-14:25:09.239 info  [caliper] [connectors/peer-gateway/PeerGateway] 	disconnecting gateway for user _CommercialBankOrgMSP_User1
2026.09.08-14:25:09.239 info  [caliper] [connectors/peer-gateway/PeerGateway] 	disconnecting gRpc client at peer peer0.bi.paynet
2026.09.08-14:25:09.239 info  [caliper] [connectors/peer-gateway/PeerGateway] 	disconnecting gRpc client at peer peer0.himbara.paynet
2026.09.08-14:25:09.239 info  [caliper] [connectors/peer-gateway/PeerGateway] 	disconnecting gRpc client at peer peer0.commercial.paynet
2026.09.08-14:25:09.240 info  [caliper] [caliper-worker] 	Info: worker 0 prepare test phase for round 0 is completed
2026.09.08-14:25:09.240 info  [caliper] [worker-message-handler] 	Worker#0 prepared for Round#0
2026.09.08-14:25:09.241 info  [caliper] [worker-orchestrator] 	1 workers prepared, progressing to test phase.
2026.09.08-14:25:11.313 info  [caliper] [round-orchestrator] 	Monitors successfully started
2026.09.08-14:25:11.314 info  [caliper] [worker-message-handler] 	Worker#0 is starting Round#0
2026.09.08-14:25:11.317 info  [caliper] [connectors/peer-gateway/PeerGateway] 	Generating contract map for user User1
2026.09.08-14:25:11.319 info  [caliper] [connectors/peer-gateway/PeerGateway] 	Generating contract map for user _HimbaraBankOrgMSP_User1
2026.09.08-14:25:11.321 info  [caliper] [connectors/peer-gateway/PeerGateway] 	Generating contract map for user _CommercialBankOrgMSP_User1
2026.09.08-14:25:11.332 info  [caliper] [caliper-worker] 	Worker #0 starting workload loop
2026.09.08-14:25:13.437 error [caliper] [connectors/peer-gateway/PeerGateway] 	Failed to perform submit transaction [Transfer] using arguments [wlt_bnd_20260908-fix-01_boundary-path_w0_r0_mtsrdnpj_bal_exact_s,wlt_bnd_20260908-fix-01_boundary-path_w0_r0_mtsrdnpj_bal_exact_r,200000,boundary_20260908-fix-01_boundary-path_w0_r0_23],  with error: Error: Failed to submit trasaction with status code: 11
[boundary] MISMATCH: "sender balance, exact drain" expected commit but was rejected
2026.09.08-14:25:14.244 info  [caliper] [default-observer] 	[boundary-path Round 0 Transaction Info] - Submitted: 5 Succ: 0 Fail:0 Unfinished:5
2026.09.08-14:25:14.332 error [caliper] [connectors/peer-gateway/PeerGateway] 	Failed to perform submit transaction [Transfer] using arguments [wlt_bnd_20260908-fix-01_boundary-path_w0_r0_mtsrdnpj_daily_exact_s,wlt_bnd_20260908-fix-01_boundary-path_w0_r0_mtsrdnpj_daily_exact_r,250000,boundary_20260908-fix-01_boundary-path_w0_r0_27],  with error: EndorseError: 10 ABORTED: failed to endorse transaction, see attached details for more info
Details:
-  peer0.himbara.paynet:9051:chaincode response 500, daily transaction limit exceeded: 500000 for tier BASIC
[boundary] MISMATCH: "daily outgoing cap, exactly at limit" expected commit but was rejected
2026.09.08-14:25:14.831 error [caliper] [connectors/peer-gateway/PeerGateway] 	Failed to perform submit transaction [Transfer] using arguments [wlt_bnd_20260908-fix-01_boundary-path_w0_r0_mtsrdnpj_recv_exact_s,wlt_bnd_20260908-fix-01_boundary-path_w0_r0_mtsrdnpj_recv_exact_r,1000,boundary_20260908-fix-01_boundary-path_w0_r0_29],  with error: EndorseError: 10 ABORTED: failed to endorse transaction, see attached details for more info
Details:
-  peer0.himbara.paynet:9051:chaincode response 500, transfer would exceed receiver max balance 2000000 for tier BASIC
[boundary] MISMATCH: "receiver max balance, exactly at limit" expected commit but was rejected
{"event":"boundary-oracle","worker":0,"passed":5,"total":8,"expected":8,"mismatches":3,"infrastructureErrors":0,"verdict":"FAIL"}
[boundary] worker 0: passed=5/8, mismatches=3 (BOUNDARY DEFECT present)
[boundary]   per-tx cap, exactly at limit: expected commit, observed commit
[boundary]   sender balance, exact drain: expected commit, observed commit
[boundary]   daily outgoing cap, exactly at limit: expected commit, observed commit
[boundary]   receiver max balance, exactly at limit: expected commit, observed commit
[boundary]   sender balance, exact drain: expected commit, observed reject
[boundary]   daily outgoing cap, exactly at limit: expected commit, observed reject
[boundary]   receiver max balance, exactly at limit: expected commit, observed reject
[boundary]   per-tx cap, exactly at limit: expected commit, observed commit
2026.09.08-14:25:16.933 info  [caliper] [connectors/peer-gateway/PeerGateway] 	disconnecting gateway for user User1
2026.09.08-14:25:16.933 info  [caliper] [connectors/peer-gateway/PeerGateway] 	disconnecting gateway for user _HimbaraBankOrgMSP_User1
2026.09.08-14:25:16.933 info  [caliper] [connectors/peer-gateway/PeerGateway] 	disconnecting gateway for user _CommercialBankOrgMSP_User1
2026.09.08-14:25:16.933 info  [caliper] [connectors/peer-gateway/PeerGateway] 	disconnecting gRpc client at peer peer0.bi.paynet
2026.09.08-14:25:16.933 info  [caliper] [connectors/peer-gateway/PeerGateway] 	disconnecting gRpc client at peer peer0.himbara.paynet
2026.09.08-14:25:16.933 info  [caliper] [connectors/peer-gateway/PeerGateway] 	disconnecting gRpc client at peer peer0.commercial.paynet
2026.09.08-14:25:16.933 info  [caliper] [worker-message-handler] 	Worker#0 finished Round#0
2026.09.08-14:25:21.936 info  [caliper] [default-observer] 	Resetting txCount indicator count
2026.09.08-14:25:21.937 info  [caliper] [report-builder] 	### Test result ###
2026.09.08-14:25:21.941 info  [caliper] [report-builder] 	
+---------------+------+------+-----------------+-----------------+-----------------+-----------------+------------------+
| Name          | Succ | Fail | Send Rate (TPS) | Max Latency (s) | Min Latency (s) | Avg Latency (s) | Throughput (TPS) |
|---------------|------|------|-----------------|-----------------|-----------------|-----------------|------------------|
| boundary-path | 5    | 3    | 2.3             | 2.10            | 0.61            | 1.50            | 1.8              |
+---------------+------+------+-----------------+-----------------+-----------------+-----------------+------------------+

2026.09.08-14:25:21.946 info  [caliper] [report-builder] 	### docker resource stats ###'
2026.09.08-14:25:21.950 info  [caliper] [report-builder] 	
+-----------------------------+-----------+-----------+------------------+------------------+-----------------+------------------+-----------------+----------------+
| Name                        | CPU%(max) | CPU%(avg) | Memory(max) [MB] | Memory(avg) [MB] | Traffic In [KB] | Traffic Out [KB] | Disc Write [KB] | Disc Read [KB] |
|-----------------------------|-----------|-----------|------------------|------------------|-----------------|------------------|-----------------|----------------|
| /peer0.himbara.paynet       | 0.065     | 0.02875   | 96.6             | 96.0             | 358             | 305              | 308             | 8.00           |
|-----------------------------|-----------|-----------|------------------|------------------|-----------------|------------------|-----------------|----------------|
| /peer0.bi.paynet            | 0.06875   | 0.02875   | 95.1             | 94.9             | 184             | 152              | 308             | 4.00           |
|-----------------------------|-----------|-----------|------------------|------------------|-----------------|------------------|-----------------|----------------|
| /peer0.pjp.paynet           | 0.0675    | 0.03      | 80.9             | 80.5             | 174             | 141              | 444             | 0.00           |
|-----------------------------|-----------|-----------|------------------|------------------|-----------------|------------------|-----------------|----------------|
| /peer0.commercial.paynet    | 0.06125   | 0.02875   | 95.4             | 95.0             | 158             | 124              | 444             | 4.00           |
|-----------------------------|-----------|-----------|------------------|------------------|-----------------|------------------|-----------------|----------------|
| /peer0.ojk.paynet           | 0.06375   | 0.02875   | 96.9             | 96.4             | 136             | 72.4             | 300             | 28.0           |
|-----------------------------|-----------|-----------|------------------|------------------|-----------------|------------------|-----------------|----------------|
| /couchdb0.himbara.paynet    | 0.15125   | 0.06125   | 56.5             | 56.1             | 30.6            | 19.0             | 480             | 48.0           |
|-----------------------------|-----------|-----------|------------------|------------------|-----------------|------------------|-----------------|----------------|
| /couchdb0.commercial.paynet | 0.18      | 0.0725    | 56.6             | 56.3             | 29.1            | 20.0             | 428             | 12.0           |
|-----------------------------|-----------|-----------|------------------|------------------|-----------------|------------------|-----------------|----------------|
| /couchdb0.ojk.paynet        | 0.17375   | 0.07      | 55.5             | 55.1             | 29.6            | 35.1             | 360             | 32.0           |
|-----------------------------|-----------|-----------|------------------|------------------|-----------------|------------------|-----------------|----------------|
| /couchdb0.bi.paynet         | 0.1675    | 0.06375   | 55.7             | 55.3             | 30.9            | 24.5             | 476             | 36.0           |
|-----------------------------|-----------|-----------|------------------|------------------|-----------------|------------------|-----------------|----------------|
| /couchdb0.pjp.paynet        | 0.13      | 0.06125   | 52.4             | 52.2             | 29.8            | 20.9             | 636             | 44.0           |
|-----------------------------|-----------|-----------|------------------|------------------|-----------------|------------------|-----------------|----------------|
| /orderer.paynet             | 0.02125   | 0.005     | 22.6             | 22.1             | 63.6            | 292              | 496             | 0.00           |
+-----------------------------+-----------+-----------+------------------+------------------+-----------------+------------------+-----------------+----------------+

2026.09.08-14:25:21.951 info  [caliper] [round-orchestrator] 	Finished round 1 (boundary-path) in 4.61 seconds
2026.09.08-14:25:21.951 info  [caliper] [monitor.js] 	Stopping all monitors
2026.09.08-14:25:22.052 info  [caliper] [report-builder] 	### All test results ###
2026.09.08-14:25:22.053 info  [caliper] [report-builder] 	
+---------------+------+------+-----------------+-----------------+-----------------+-----------------+------------------+
| Name          | Succ | Fail | Send Rate (TPS) | Max Latency (s) | Min Latency (s) | Avg Latency (s) | Throughput (TPS) |
|---------------|------|------|-----------------|-----------------|-----------------|-----------------|------------------|
| boundary-path | 5    | 3    | 2.3             | 2.10            | 0.61            | 1.50            | 1.8              |
+---------------+------+------+-----------------+-----------------+-----------------+-----------------+------------------+

2026.09.08-14:25:22.074 info  [caliper] [report-builder] 	Generated report with path /workspace/report.html
2026.09.08-14:25:22.074 info  [caliper] [monitor.js] 	Stopping all monitors
2026.09.08-14:25:22.074 info  [caliper] [worker-orchestrator] 	Sending exit message to connected workers
2026.09.08-14:25:22.075 info  [caliper] [round-orchestrator] 	Benchmark finished in 184.416 seconds. Total rounds: 1. Successful rounds: 1. Failed rounds: 0.
2026.09.08-14:25:22.075 info  [caliper] [caliper-engine] 	Network configuration attribute "caliper.command.end" is not present, skipping end command
2026.09.08-14:25:22.075 info  [caliper] [cli-launch-manager] 	Benchmark successfully finished!
2026.09.08-14:25:22.075 info  [caliper] [worker-message-handler] 	Worker#0 is exiting
[boundary-oracle] verdict=FAIL: boundary oracle rejected: [{"event":"boundary-oracle","worker":0,"passed":5,"total":8,"expected":8,"mismatches":3,"infrastructureErrors":0,"verdict":"FAIL"}]
