
> bi-coin-fabric@1.0.0 benchmark:transfer:w1
> caliper launch manager --caliper-benchconfig benchmark/benchconfigs/retail-transfer-workers-1.yaml --caliper-networkconfig benchmark/networkconfig.yaml --caliper-workspace .

2026.08.11-12:45:59.148[32m info [39m [caliper] [cli-launch-manager] 	Set workspace path: /home/mfachrizalg/2026/Skripsi/bi-coin/bi-coin-fabric
2026.08.11-12:45:59.148[32m info [39m [caliper] [cli-launch-manager] 	Set benchmark configuration path: /home/mfachrizalg/2026/Skripsi/bi-coin/bi-coin-fabric/benchmark/benchconfigs/retail-transfer-workers-1.yaml
2026.08.11-12:45:59.149[32m info [39m [caliper] [cli-launch-manager] 	Set network configuration path: /home/mfachrizalg/2026/Skripsi/bi-coin/bi-coin-fabric/benchmark/networkconfig.yaml
2026.08.11-12:45:59.149[32m info [39m [caliper] [cli-launch-manager] 	Set SUT type: fabric
2026.08.11-12:45:59.166[32m info [39m [caliper] [caliper-engine] 	Starting benchmark flow
2026.08.11-12:45:59.167[32m info [39m [caliper] [caliper-engine] 	Network configuration attribute "caliper.command.start" is not present, skipping start command
2026.08.11-12:45:59.689[32m info [39m [caliper] [FabricConnectorFactory] 	Initializing peer gateway connector compatible with installed fabric-gateway SDK: 1.5.0
2026.08.11-12:45:59.697[32m info [39m [caliper] [IdentityManager] 	Adding User1 (admin=false) as User1 for organization BankIndonesiaOrgMSP
2026.08.11-12:45:59.698[32m info [39m [caliper] [IdentityManager] 	Adding User1 (admin=false) as _HimbaraBankOrgMSP_User1 for organization HimbaraBankOrgMSP
2026.08.11-12:45:59.700[32m info [39m [caliper] [IdentityManager] 	Adding User1 (admin=false) as _CommercialBankOrgMSP_User1 for organization CommercialBankOrgMSP
2026.08.11-12:45:59.701[32m info [39m [caliper] [connectors/peer-gateway/PeerGateway] 	Fabric-Gateway SDK version: 1.5.0 for Peer-Gateway connector; TLS based on BankIndonesiaOrgMSP: server
2026.08.11-12:45:59.702[32m info [39m [caliper] [caliper-engine] 	Executed "init" step in 0.001 seconds
2026.08.11-12:45:59.702[33m warn [39m [caliper] [connectors/peer-gateway/PeerGateway] 	Install smart contract not available for the Fabric Peer Gateway connector
2026.08.11-12:45:59.702[32m info [39m [caliper] [caliper-engine] 	Executed "install" step in 0 seconds
2026.08.11-12:45:59.704[32m info [39m [caliper] [monitor.js] 	Attempting to create resource monitor of type docker
2026.08.11-12:45:59.706[32m info [39m [caliper] [default-observer] 	Observer interval set to 5000 milliseconds
2026.08.11-12:45:59.709[32m info [39m [caliper] [round-orchestrator] 	Preparing worker connections
2026.08.11-12:45:59.710[32m info [39m [caliper] [worker-orchestrator] 	Launching worker 1 of 1
2026.08.11-12:45:59.715[32m info [39m [caliper] [worker-orchestrator] 	Messenger not configured, entering configure phase...
2026.08.11-12:45:59.715[32m info [39m [caliper] [worker-orchestrator] 	No existing workers detected, entering worker launch phase...
2026.08.11-12:45:59.715[32m info [39m [caliper] [worker-orchestrator] 	Waiting for 1 workers to be connected...
2026.08.11-12:46:00.021[32m info [39m [caliper] [cli-launch-worker] 	Set workspace path: /home/mfachrizalg/2026/Skripsi/bi-coin/bi-coin-fabric
2026.08.11-12:46:00.022[32m info [39m [caliper] [cli-launch-worker] 	Set benchmark configuration path: /home/mfachrizalg/2026/Skripsi/bi-coin/bi-coin-fabric/benchmark/benchconfigs/retail-transfer-workers-1.yaml
2026.08.11-12:46:00.022[32m info [39m [caliper] [cli-launch-worker] 	Set network configuration path: /home/mfachrizalg/2026/Skripsi/bi-coin/bi-coin-fabric/benchmark/networkconfig.yaml
2026.08.11-12:46:00.022[32m info [39m [caliper] [cli-launch-worker] 	Set SUT type: fabric
2026.08.11-12:46:00.045[32m info [39m [caliper] [worker-orchestrator] 	1 workers connected, progressing to worker assignment phase.
2026.08.11-12:46:00.046[32m info [39m [caliper] [worker-orchestrator] 	Workers currently unassigned, awaiting index assignment...
2026.08.11-12:46:00.046[32m info [39m [caliper] [worker-orchestrator] 	Waiting for 1 workers to be assigned...
2026.08.11-12:46:00.078[32m info [39m [caliper] [worker-orchestrator] 	1 workers assigned, progressing to worker initialization phase.
2026.08.11-12:46:00.078[32m info [39m [caliper] [worker-orchestrator] 	Waiting for 1 workers to be ready...
2026.08.11-12:46:00.079[32m info [39m [caliper] [worker-message-handler] 	Initializing Worker#0...
2026.08.11-12:46:00.535[32m info [39m [caliper] [FabricConnectorFactory] 	Initializing peer gateway connector compatible with installed fabric-gateway SDK: 1.5.0
2026.08.11-12:46:00.541[32m info [39m [caliper] [IdentityManager] 	Adding User1 (admin=false) as User1 for organization BankIndonesiaOrgMSP
2026.08.11-12:46:00.542[32m info [39m [caliper] [IdentityManager] 	Adding User1 (admin=false) as _HimbaraBankOrgMSP_User1 for organization HimbaraBankOrgMSP
2026.08.11-12:46:00.543[32m info [39m [caliper] [IdentityManager] 	Adding User1 (admin=false) as _CommercialBankOrgMSP_User1 for organization CommercialBankOrgMSP
2026.08.11-12:46:00.547[32m info [39m [caliper] [worker-message-handler] 	Worker#0 initialized
2026.08.11-12:46:00.547[32m info [39m [caliper] [worker-orchestrator] 	1 workers ready, progressing to test preparation phase.
2026.08.11-12:46:00.547[32m info [39m [caliper] [round-orchestrator] 	Started round 1 (retail-warmup-w1)
2026.08.11-12:46:00.548[32m info [39m [caliper] [worker-message-handler] 	Preparing Worker#0 for Round#0
2026.08.11-12:46:00.563[32m info [39m [caliper] [connectors/peer-gateway/PeerGateway] 	Generating contract map for user User1
2026.08.11-12:46:00.567[32m info [39m [caliper] [connectors/peer-gateway/PeerGateway] 	Generating contract map for user _HimbaraBankOrgMSP_User1
2026.08.11-12:46:00.569[32m info [39m [caliper] [connectors/peer-gateway/PeerGateway] 	Generating contract map for user _CommercialBankOrgMSP_User1
2026.08.11-12:46:00.569[32m info [39m [caliper] [caliper-worker] 	Info: worker 0 prepare test phase for round 0 is starting...
2026.08.11-12:46:08.799[31m error[39m [caliper] [connectors/peer-gateway/PeerGateway] 	Failed to perform submit transaction [Mint] using arguments [wlt_c_transfer-w1_w0_r0_1,5000000],  with error: Error: Failed to submit trasaction with status code: 12
2026.08.11-12:46:08.800[32m info [39m [caliper] [caliper-worker] 	Worker [0] encountered an error during prepare test phase for round 0: Error: setup Mint failed: [object Object]
    at assertSuccessfulResponse (/home/mfachrizalg/2026/Skripsi/bi-coin/bi-coin-fabric/benchmark/workloads/retail-base.js:71:19)
    at RetailTransferWorkload.submit (/home/mfachrizalg/2026/Skripsi/bi-coin/bi-coin-fabric/benchmark/workloads/retail-base.js:151:9)
    at process.processTicksAndRejections (node:internal/process/task_queues:104:5)
    at async Array.<anonymous> (/home/mfachrizalg/2026/Skripsi/bi-coin/bi-coin-fabric/benchmark/workloads/retail-base.js:228:21)
    at async /home/mfachrizalg/2026/Skripsi/bi-coin/bi-coin-fabric/benchmark/workloads/retail-base.js:137:17
    at async Promise.all (index 1)
    at async RetailTransferWorkload.runPool (/home/mfachrizalg/2026/Skripsi/bi-coin/bi-coin-fabric/benchmark/workloads/retail-base.js:140:9)
    at async RetailTransferWorkload.seedPopulation (/home/mfachrizalg/2026/Skripsi/bi-coin/bi-coin-fabric/benchmark/workloads/retail-base.js:232:9)
    at async RetailTransferWorkload.initializeWorkloadModule (/home/mfachrizalg/2026/Skripsi/bi-coin/bi-coin-fabric/benchmark/workloads/retail-transfer.js:21:9)
    at async CaliperWorker.prepareTest (/home/mfachrizalg/2026/Skripsi/bi-coin/bi-coin-fabric/node_modules/@hyperledger/caliper-core/lib/worker/caliper-worker.js:161:13)
2026.08.11-12:46:08.800[32m info [39m [caliper] [connectors/peer-gateway/PeerGateway] 	disconnecting gateway for user User1
2026.08.11-12:46:08.800[32m info [39m [caliper] [connectors/peer-gateway/PeerGateway] 	disconnecting gateway for user _HimbaraBankOrgMSP_User1
2026.08.11-12:46:08.800[32m info [39m [caliper] [connectors/peer-gateway/PeerGateway] 	disconnecting gateway for user _CommercialBankOrgMSP_User1
2026.08.11-12:46:08.800[32m info [39m [caliper] [connectors/peer-gateway/PeerGateway] 	disconnecting gRpc client at peer peer0.bi.paynet
2026.08.11-12:46:08.801[32m info [39m [caliper] [connectors/peer-gateway/PeerGateway] 	disconnecting gRpc client at peer peer0.himbara.paynet
2026.08.11-12:46:08.801[32m info [39m [caliper] [connectors/peer-gateway/PeerGateway] 	disconnecting gRpc client at peer peer0.commercial.paynet
2026.08.11-12:46:08.801[32m info [39m [caliper] [caliper-worker] 	Info: worker 0 prepare test phase for round 0 is completed
2026.08.11-12:46:08.802[31m error[39m [caliper] [worker-message-handler] 	Error while handling "prepare" message for Worker (665666): Error: setup Mint failed: [object Object]
    at assertSuccessfulResponse (/home/mfachrizalg/2026/Skripsi/bi-coin/bi-coin-fabric/benchmark/workloads/retail-base.js:71:19)
    at RetailTransferWorkload.submit (/home/mfachrizalg/2026/Skripsi/bi-coin/bi-coin-fabric/benchmark/workloads/retail-base.js:151:9)
    at process.processTicksAndRejections (node:internal/process/task_queues:104:5)
    at async Array.<anonymous> (/home/mfachrizalg/2026/Skripsi/bi-coin/bi-coin-fabric/benchmark/workloads/retail-base.js:228:21)
    at async /home/mfachrizalg/2026/Skripsi/bi-coin/bi-coin-fabric/benchmark/workloads/retail-base.js:137:17
    at async Promise.all (index 1)
    at async RetailTransferWorkload.runPool (/home/mfachrizalg/2026/Skripsi/bi-coin/bi-coin-fabric/benchmark/workloads/retail-base.js:140:9)
    at async RetailTransferWorkload.seedPopulation (/home/mfachrizalg/2026/Skripsi/bi-coin/bi-coin-fabric/benchmark/workloads/retail-base.js:232:9)
    at async RetailTransferWorkload.initializeWorkloadModule (/home/mfachrizalg/2026/Skripsi/bi-coin/bi-coin-fabric/benchmark/workloads/retail-transfer.js:21:9)
    at async CaliperWorker.prepareTest (/home/mfachrizalg/2026/Skripsi/bi-coin/bi-coin-fabric/node_modules/@hyperledger/caliper-core/lib/worker/caliper-worker.js:161:13)
2026.08.11-12:46:08.803[31m error[39m [caliper] [round-orchestrator] 	Failed round 1 (retail-warmup-w1): Error: Error: setup Mint failed: [object Object]
    at WorkerOrchestrator.updateWorkerPhase (/home/mfachrizalg/2026/Skripsi/bi-coin/bi-coin-fabric/node_modules/@hyperledger/caliper-core/lib/manager/orchestrators/worker-orchestrator.js:306:61)
    at ProcessMessenger.<anonymous> (/home/mfachrizalg/2026/Skripsi/bi-coin/bi-coin-fabric/node_modules/@hyperledger/caliper-core/lib/manager/orchestrators/worker-orchestrator.js:109:18)
    at ProcessMessenger.emit (node:events:508:28)
    at ProcessMessenger.onMessage (/home/mfachrizalg/2026/Skripsi/bi-coin/bi-coin-fabric/node_modules/@hyperledger/caliper-core/lib/common/messengers/messenger-interface.js:40:14)
    at ChildProcess.<anonymous> (/home/mfachrizalg/2026/Skripsi/bi-coin/bi-coin-fabric/node_modules/@hyperledger/caliper-core/lib/common/messengers/process/process-messenger.js:59:26)
    at ChildProcess.emit (node:events:508:28)
    at emit (node:internal/child_process:948:14)
    at process.processTicksAndRejections (node:internal/process/task_queues:91:21)
2026.08.11-12:46:08.803[32m info [39m [caliper] [round-orchestrator] 	Started round 2 (retail-sustained-w1)
2026.08.11-12:46:08.807[31m error[39m [caliper] [connectors/peer-gateway/PeerGateway] 	Failed to perform submit transaction [CreateRetailCustomer] using arguments [c_transfer-w1_w0_r0_10,sha256:identity:c_transfer-w1_w0_r0_10,wlt_c_transfer-w1_w0_r0_10,kyc_c_transfer-w1_w0_r0_10],  with error: Error: Channel has been shut down
2026.08.11-12:46:08.808[31m error[39m [caliper] [connectors/peer-gateway/PeerGateway] 	Failed to perform submit transaction [Mint] using arguments [wlt_c_transfer-w1_w0_r0_0,500000],  with error: Error: Failed to submit trasaction with status code: 12
2026.08.11-12:46:08.809[31m error[39m [caliper] [connectors/peer-gateway/PeerGateway] 	Failed to perform submit transaction [Mint] using arguments [wlt_c_transfer-w1_w0_r0_7,5000000],  with error: Error: Failed to submit trasaction with status code: 12
2026.08.11-12:46:08.809[31m error[39m [caliper] [connectors/peer-gateway/PeerGateway] 	Failed to perform submit transaction [Mint] using arguments [wlt_c_transfer-w1_w0_r0_6,5000000],  with error: Error: Failed to submit trasaction with status code: 12
2026.08.11-12:46:08.810[32m info [39m [caliper] [worker-message-handler] 	Preparing Worker#0 for Round#1
2026.08.11-12:46:08.812[31m error[39m [caliper] [connectors/peer-gateway/PeerGateway] 	Failed to perform submit transaction [Mint] using arguments [wlt_c_transfer-w1_w0_r0_8,5000000],  with error: Error: Failed to submit trasaction with status code: 12
2026.08.11-12:46:08.812[31m error[39m [caliper] [connectors/peer-gateway/PeerGateway] 	Failed to perform submit transaction [Mint] using arguments [wlt_c_transfer-w1_w0_r0_2,5000000],  with error: Error: Failed to submit trasaction with status code: 12
2026.08.11-12:46:08.812[31m error[39m [caliper] [connectors/peer-gateway/PeerGateway] 	Failed to perform submit transaction [Mint] using arguments [wlt_c_transfer-w1_w0_r0_4,5000000],  with error: Error: Failed to submit trasaction with status code: 12
2026.08.11-12:46:08.812[31m error[39m [caliper] [connectors/peer-gateway/PeerGateway] 	Failed to perform submit transaction [Mint] using arguments [wlt_c_transfer-w1_w0_r0_9,5000000],  with error: Error: Failed to submit trasaction with status code: 12
2026.08.11-12:46:08.813[31m error[39m [caliper] [connectors/peer-gateway/PeerGateway] 	Failed to perform submit transaction [Mint] using arguments [wlt_c_transfer-w1_w0_r0_3,5000000],  with error: Error: Failed to submit trasaction with status code: 12
2026.08.11-12:46:08.818[32m info [39m [caliper] [connectors/peer-gateway/PeerGateway] 	Generating contract map for user User1
2026.08.11-12:46:08.821[32m info [39m [caliper] [connectors/peer-gateway/PeerGateway] 	Generating contract map for user _HimbaraBankOrgMSP_User1
2026.08.11-12:46:08.823[32m info [39m [caliper] [connectors/peer-gateway/PeerGateway] 	Generating contract map for user _CommercialBankOrgMSP_User1
2026.08.11-12:46:08.823[32m info [39m [caliper] [caliper-worker] 	Info: worker 0 prepare test phase for round 1 is starting...
2026.08.11-12:46:17.169[31m error[39m [caliper] [connectors/peer-gateway/PeerGateway] 	Failed to perform submit transaction [Mint] using arguments [wlt_c_transfer-w1_w0_r1_9,5000000],  with error: Error: Failed to submit trasaction with status code: 12
2026.08.11-12:46:17.170[32m info [39m [caliper] [caliper-worker] 	Worker [0] encountered an error during prepare test phase for round 1: Error: setup Mint failed: [object Object]
    at assertSuccessfulResponse (/home/mfachrizalg/2026/Skripsi/bi-coin/bi-coin-fabric/benchmark/workloads/retail-base.js:71:19)
    at RetailTransferWorkload.submit (/home/mfachrizalg/2026/Skripsi/bi-coin/bi-coin-fabric/benchmark/workloads/retail-base.js:151:9)
    at process.processTicksAndRejections (node:internal/process/task_queues:104:5)
    at async Array.<anonymous> (/home/mfachrizalg/2026/Skripsi/bi-coin/bi-coin-fabric/benchmark/workloads/retail-base.js:228:21)
    at async /home/mfachrizalg/2026/Skripsi/bi-coin/bi-coin-fabric/benchmark/workloads/retail-base.js:137:17
    at async Promise.all (index 9)
    at async RetailTransferWorkload.runPool (/home/mfachrizalg/2026/Skripsi/bi-coin/bi-coin-fabric/benchmark/workloads/retail-base.js:140:9)
    at async RetailTransferWorkload.seedPopulation (/home/mfachrizalg/2026/Skripsi/bi-coin/bi-coin-fabric/benchmark/workloads/retail-base.js:232:9)
    at async RetailTransferWorkload.initializeWorkloadModule (/home/mfachrizalg/2026/Skripsi/bi-coin/bi-coin-fabric/benchmark/workloads/retail-transfer.js:21:9)
    at async CaliperWorker.prepareTest (/home/mfachrizalg/2026/Skripsi/bi-coin/bi-coin-fabric/node_modules/@hyperledger/caliper-core/lib/worker/caliper-worker.js:161:13)
2026.08.11-12:46:17.170[32m info [39m [caliper] [connectors/peer-gateway/PeerGateway] 	disconnecting gateway for user User1
2026.08.11-12:46:17.170[32m info [39m [caliper] [connectors/peer-gateway/PeerGateway] 	disconnecting gateway for user _HimbaraBankOrgMSP_User1
2026.08.11-12:46:17.170[32m info [39m [caliper] [connectors/peer-gateway/PeerGateway] 	disconnecting gateway for user _CommercialBankOrgMSP_User1
2026.08.11-12:46:17.170[32m info [39m [caliper] [connectors/peer-gateway/PeerGateway] 	disconnecting gRpc client at peer peer0.bi.paynet
2026.08.11-12:46:17.170[32m info [39m [caliper] [connectors/peer-gateway/PeerGateway] 	disconnecting gRpc client at peer peer0.himbara.paynet
2026.08.11-12:46:17.170[32m info [39m [caliper] [connectors/peer-gateway/PeerGateway] 	disconnecting gRpc client at peer peer0.commercial.paynet
2026.08.11-12:46:17.170[32m info [39m [caliper] [caliper-worker] 	Info: worker 0 prepare test phase for round 1 is completed
2026.08.11-12:46:17.170[31m error[39m [caliper] [worker-message-handler] 	Error while handling "prepare" message for Worker (665666): Error: setup Mint failed: [object Object]
    at assertSuccessfulResponse (/home/mfachrizalg/2026/Skripsi/bi-coin/bi-coin-fabric/benchmark/workloads/retail-base.js:71:19)
    at RetailTransferWorkload.submit (/home/mfachrizalg/2026/Skripsi/bi-coin/bi-coin-fabric/benchmark/workloads/retail-base.js:151:9)
    at process.processTicksAndRejections (node:internal/process/task_queues:104:5)
    at async Array.<anonymous> (/home/mfachrizalg/2026/Skripsi/bi-coin/bi-coin-fabric/benchmark/workloads/retail-base.js:228:21)
    at async /home/mfachrizalg/2026/Skripsi/bi-coin/bi-coin-fabric/benchmark/workloads/retail-base.js:137:17
    at async Promise.all (index 9)
    at async RetailTransferWorkload.runPool (/home/mfachrizalg/2026/Skripsi/bi-coin/bi-coin-fabric/benchmark/workloads/retail-base.js:140:9)
    at async RetailTransferWorkload.seedPopulation (/home/mfachrizalg/2026/Skripsi/bi-coin/bi-coin-fabric/benchmark/workloads/retail-base.js:232:9)
    at async RetailTransferWorkload.initializeWorkloadModule (/home/mfachrizalg/2026/Skripsi/bi-coin/bi-coin-fabric/benchmark/workloads/retail-transfer.js:21:9)
    at async CaliperWorker.prepareTest (/home/mfachrizalg/2026/Skripsi/bi-coin/bi-coin-fabric/node_modules/@hyperledger/caliper-core/lib/worker/caliper-worker.js:161:13)
2026.08.11-12:46:17.171[31m error[39m [caliper] [connectors/peer-gateway/PeerGateway] 	Failed to perform submit transaction [Mint] using arguments [wlt_c_transfer-w1_w0_r1_0,500000],  with error: Error: Failed to submit trasaction with status code: 12
2026.08.11-12:46:17.171[31m error[39m [caliper] [round-orchestrator] 	Failed round 2 (retail-sustained-w1): Error: Error: setup Mint failed: [object Object]
    at WorkerOrchestrator.updateWorkerPhase (/home/mfachrizalg/2026/Skripsi/bi-coin/bi-coin-fabric/node_modules/@hyperledger/caliper-core/lib/manager/orchestrators/worker-orchestrator.js:306:61)
    at ProcessMessenger.<anonymous> (/home/mfachrizalg/2026/Skripsi/bi-coin/bi-coin-fabric/node_modules/@hyperledger/caliper-core/lib/manager/orchestrators/worker-orchestrator.js:109:18)
    at ProcessMessenger.emit (node:events:508:28)
    at ProcessMessenger.onMessage (/home/mfachrizalg/2026/Skripsi/bi-coin/bi-coin-fabric/node_modules/@hyperledger/caliper-core/lib/common/messengers/messenger-interface.js:40:14)
    at ChildProcess.<anonymous> (/home/mfachrizalg/2026/Skripsi/bi-coin/bi-coin-fabric/node_modules/@hyperledger/caliper-core/lib/common/messengers/process/process-messenger.js:59:26)
    at ChildProcess.emit (node:events:508:28)
    at emit (node:internal/child_process:948:14)
    at process.processTicksAndRejections (node:internal/process/task_queues:91:21)
2026.08.11-12:46:17.171[32m info [39m [caliper] [round-orchestrator] 	Started round 3 (retail-peak-w1)
2026.08.11-12:46:17.171[31m error[39m [caliper] [connectors/peer-gateway/PeerGateway] 	Failed to perform submit transaction [Mint] using arguments [wlt_c_transfer-w1_w0_r1_8,5000000],  with error: Error: Failed to submit trasaction with status code: 12
2026.08.11-12:46:17.172[31m error[39m [caliper] [connectors/peer-gateway/PeerGateway] 	Failed to perform submit transaction [Mint] using arguments [wlt_c_transfer-w1_w0_r1_5,500000],  with error: Error: Failed to submit trasaction with status code: 12
2026.08.11-12:46:17.172[31m error[39m [caliper] [connectors/peer-gateway/PeerGateway] 	Failed to perform submit transaction [Mint] using arguments [wlt_c_transfer-w1_w0_r1_6,5000000],  with error: Error: Failed to submit trasaction with status code: 12
2026.08.11-12:46:17.173[31m error[39m [caliper] [connectors/peer-gateway/PeerGateway] 	Failed to perform submit transaction [Mint] using arguments [wlt_c_transfer-w1_w0_r1_1,5000000],  with error: Error: Failed to submit trasaction with status code: 12
2026.08.11-12:46:17.173[31m error[39m [caliper] [connectors/peer-gateway/PeerGateway] 	Failed to perform submit transaction [Mint] using arguments [wlt_c_transfer-w1_w0_r1_3,5000000],  with error: Error: Failed to submit trasaction with status code: 12
2026.08.11-12:46:17.176[31m error[39m [caliper] [connectors/peer-gateway/PeerGateway] 	Failed to perform submit transaction [Mint] using arguments [wlt_c_transfer-w1_w0_r1_4,5000000],  with error: Error: Failed to submit trasaction with status code: 12
2026.08.11-12:46:17.177[31m error[39m [caliper] [connectors/peer-gateway/PeerGateway] 	Failed to perform submit transaction [Mint] using arguments [wlt_c_transfer-w1_w0_r1_7,5000000],  with error: Error: Failed to submit trasaction with status code: 12
2026.08.11-12:46:17.181[32m info [39m [caliper] [worker-message-handler] 	Preparing Worker#0 for Round#2
2026.08.11-12:46:17.201[32m info [39m [caliper] [connectors/peer-gateway/PeerGateway] 	Generating contract map for user User1
2026.08.11-12:46:17.208[32m info [39m [caliper] [connectors/peer-gateway/PeerGateway] 	Generating contract map for user _HimbaraBankOrgMSP_User1
2026.08.11-12:46:17.209[32m info [39m [caliper] [connectors/peer-gateway/PeerGateway] 	Generating contract map for user _CommercialBankOrgMSP_User1
2026.08.11-12:46:17.209[32m info [39m [caliper] [caliper-worker] 	Info: worker 0 prepare test phase for round 2 is starting...
2026.08.11-12:46:17.285[31m error[39m [caliper] [connectors/peer-gateway/PeerGateway] 	Failed to perform submit transaction [CreateRetailCustomer] using arguments [c_transfer-w1_w0_r1_10,sha256:identity:c_transfer-w1_w0_r1_10,wlt_c_transfer-w1_w0_r1_10,kyc_c_transfer-w1_w0_r1_10],  with error: Error: Channel has been shut down
2026.08.11-12:46:25.531[31m error[39m [caliper] [connectors/peer-gateway/PeerGateway] 	Failed to perform submit transaction [Mint] using arguments [wlt_c_transfer-w1_w0_r2_6,5000000],  with error: Error: Failed to submit trasaction with status code: 12
2026.08.11-12:46:25.531[32m info [39m [caliper] [caliper-worker] 	Worker [0] encountered an error during prepare test phase for round 2: Error: setup Mint failed: [object Object]
    at assertSuccessfulResponse (/home/mfachrizalg/2026/Skripsi/bi-coin/bi-coin-fabric/benchmark/workloads/retail-base.js:71:19)
    at RetailTransferWorkload.submit (/home/mfachrizalg/2026/Skripsi/bi-coin/bi-coin-fabric/benchmark/workloads/retail-base.js:151:9)
    at process.processTicksAndRejections (node:internal/process/task_queues:104:5)
    at async Array.<anonymous> (/home/mfachrizalg/2026/Skripsi/bi-coin/bi-coin-fabric/benchmark/workloads/retail-base.js:228:21)
    at async /home/mfachrizalg/2026/Skripsi/bi-coin/bi-coin-fabric/benchmark/workloads/retail-base.js:137:17
    at async Promise.all (index 6)
    at async RetailTransferWorkload.runPool (/home/mfachrizalg/2026/Skripsi/bi-coin/bi-coin-fabric/benchmark/workloads/retail-base.js:140:9)
    at async RetailTransferWorkload.seedPopulation (/home/mfachrizalg/2026/Skripsi/bi-coin/bi-coin-fabric/benchmark/workloads/retail-base.js:232:9)
    at async RetailTransferWorkload.initializeWorkloadModule (/home/mfachrizalg/2026/Skripsi/bi-coin/bi-coin-fabric/benchmark/workloads/retail-transfer.js:21:9)
    at async CaliperWorker.prepareTest (/home/mfachrizalg/2026/Skripsi/bi-coin/bi-coin-fabric/node_modules/@hyperledger/caliper-core/lib/worker/caliper-worker.js:161:13)
2026.08.11-12:46:25.531[32m info [39m [caliper] [connectors/peer-gateway/PeerGateway] 	disconnecting gateway for user User1
2026.08.11-12:46:25.531[32m info [39m [caliper] [connectors/peer-gateway/PeerGateway] 	disconnecting gateway for user _HimbaraBankOrgMSP_User1
2026.08.11-12:46:25.531[32m info [39m [caliper] [connectors/peer-gateway/PeerGateway] 	disconnecting gateway for user _CommercialBankOrgMSP_User1
2026.08.11-12:46:25.531[32m info [39m [caliper] [connectors/peer-gateway/PeerGateway] 	disconnecting gRpc client at peer peer0.bi.paynet
2026.08.11-12:46:25.531[32m info [39m [caliper] [connectors/peer-gateway/PeerGateway] 	disconnecting gRpc client at peer peer0.himbara.paynet
2026.08.11-12:46:25.532[32m info [39m [caliper] [connectors/peer-gateway/PeerGateway] 	disconnecting gRpc client at peer peer0.commercial.paynet
2026.08.11-12:46:25.532[32m info [39m [caliper] [caliper-worker] 	Info: worker 0 prepare test phase for round 2 is completed
2026.08.11-12:46:25.532[31m error[39m [caliper] [worker-message-handler] 	Error while handling "prepare" message for Worker (665666): Error: setup Mint failed: [object Object]
    at assertSuccessfulResponse (/home/mfachrizalg/2026/Skripsi/bi-coin/bi-coin-fabric/benchmark/workloads/retail-base.js:71:19)
    at RetailTransferWorkload.submit (/home/mfachrizalg/2026/Skripsi/bi-coin/bi-coin-fabric/benchmark/workloads/retail-base.js:151:9)
    at process.processTicksAndRejections (node:internal/process/task_queues:104:5)
    at async Array.<anonymous> (/home/mfachrizalg/2026/Skripsi/bi-coin/bi-coin-fabric/benchmark/workloads/retail-base.js:228:21)
    at async /home/mfachrizalg/2026/Skripsi/bi-coin/bi-coin-fabric/benchmark/workloads/retail-base.js:137:17
    at async Promise.all (index 6)
    at async RetailTransferWorkload.runPool (/home/mfachrizalg/2026/Skripsi/bi-coin/bi-coin-fabric/benchmark/workloads/retail-base.js:140:9)
    at async RetailTransferWorkload.seedPopulation (/home/mfachrizalg/2026/Skripsi/bi-coin/bi-coin-fabric/benchmark/workloads/retail-base.js:232:9)
    at async RetailTransferWorkload.initializeWorkloadModule (/home/mfachrizalg/2026/Skripsi/bi-coin/bi-coin-fabric/benchmark/workloads/retail-transfer.js:21:9)
    at async CaliperWorker.prepareTest (/home/mfachrizalg/2026/Skripsi/bi-coin/bi-coin-fabric/node_modules/@hyperledger/caliper-core/lib/worker/caliper-worker.js:161:13)
2026.08.11-12:46:25.532[31m error[39m [caliper] [connectors/peer-gateway/PeerGateway] 	Failed to perform submit transaction [Mint] using arguments [wlt_c_transfer-w1_w0_r2_4,5000000],  with error: Error: Failed to submit trasaction with status code: 12
2026.08.11-12:46:25.533[31m error[39m [caliper] [round-orchestrator] 	Failed round 3 (retail-peak-w1): Error: Error: setup Mint failed: [object Object]
    at WorkerOrchestrator.updateWorkerPhase (/home/mfachrizalg/2026/Skripsi/bi-coin/bi-coin-fabric/node_modules/@hyperledger/caliper-core/lib/manager/orchestrators/worker-orchestrator.js:306:61)
    at ProcessMessenger.<anonymous> (/home/mfachrizalg/2026/Skripsi/bi-coin/bi-coin-fabric/node_modules/@hyperledger/caliper-core/lib/manager/orchestrators/worker-orchestrator.js:109:18)
    at ProcessMessenger.emit (node:events:508:28)
    at ProcessMessenger.onMessage (/home/mfachrizalg/2026/Skripsi/bi-coin/bi-coin-fabric/node_modules/@hyperledger/caliper-core/lib/common/messengers/messenger-interface.js:40:14)
    at ChildProcess.<anonymous> (/home/mfachrizalg/2026/Skripsi/bi-coin/bi-coin-fabric/node_modules/@hyperledger/caliper-core/lib/common/messengers/process/process-messenger.js:59:26)
    at ChildProcess.emit (node:events:508:28)
    at emit (node:internal/child_process:948:14)
    at process.processTicksAndRejections (node:internal/process/task_queues:91:21)
2026.08.11-12:46:25.533[32m info [39m [caliper] [report-builder] 	### All test results ###
2026.08.11-12:46:25.533[31m error[39m [caliper] [report-builder] 	No data within test result; implies error within configuration files
2026.08.11-12:46:25.533[31m error[39m [caliper] [round-orchestrator] 	Error while finalizing the report: Error: unrecognized report table
    at ReportBuilder.setSummaryTable (/home/mfachrizalg/2026/Skripsi/bi-coin/bi-coin-fabric/node_modules/@hyperledger/caliper-core/lib/manager/report/report-builder.js:142:19)
    at Report.printResultsByRound (/home/mfachrizalg/2026/Skripsi/bi-coin/bi-coin-fabric/node_modules/@hyperledger/caliper-core/lib/manager/report/report.js:182:28)
    at RoundOrchestrator.run (/home/mfachrizalg/2026/Skripsi/bi-coin/bi-coin-fabric/node_modules/@hyperledger/caliper-core/lib/manager/orchestrators/round-orchestrator.js:229:25)
    at process.processTicksAndRejections (node:internal/process/task_queues:104:5)
    at async CaliperEngine.run (/home/mfachrizalg/2026/Skripsi/bi-coin/bi-coin-fabric/node_modules/@hyperledger/caliper-core/lib/manager/caliper-engine.js:153:17)
    at async LaunchManager.handler (/home/mfachrizalg/2026/Skripsi/bi-coin/bi-coin-fabric/node_modules/@hyperledger/caliper-cli/lib/launch/lib/launchManager.js:81:30)
2026.08.11-12:46:25.533[32m info [39m [caliper] [monitor.js] 	Stopping all monitors
2026.08.11-12:46:25.534[32m info [39m [caliper] [worker-orchestrator] 	Sending exit message to connected workers
2026.08.11-12:46:25.534[32m info [39m [caliper] [round-orchestrator] 	Benchmark finished in 24.987 seconds. Total rounds: 3. Successful rounds: 0. Failed rounds: 3.
2026.08.11-12:46:25.534[32m info [39m [caliper] [caliper-engine] 	Network configuration attribute "caliper.command.end" is not present, skipping end command
2026.08.11-12:46:25.534[32m info [39m [caliper] [cli-launch-manager] 	Benchmark successfully finished!
2026.08.11-12:46:25.536[31m error[39m [caliper] [connectors/peer-gateway/PeerGateway] 	Failed to perform submit transaction [CreateRetailCustomer] using arguments [c_transfer-w1_w0_r2_10,sha256:identity:c_transfer-w1_w0_r2_10,wlt_c_transfer-w1_w0_r2_10,kyc_c_transfer-w1_w0_r2_10],  with error: Error: Channel has been shut down
2026.08.11-12:46:25.536[31m error[39m [caliper] [connectors/peer-gateway/PeerGateway] 	Failed to perform submit transaction [Mint] using arguments [wlt_c_transfer-w1_w0_r2_3,5000000],  with error: Error: Failed to submit trasaction with status code: 12
2026.08.11-12:46:25.537[31m error[39m [caliper] [connectors/peer-gateway/PeerGateway] 	Failed to perform submit transaction [Mint] using arguments [wlt_c_transfer-w1_w0_r2_8,5000000],  with error: Error: Failed to submit trasaction with status code: 12
2026.08.11-12:46:25.537[31m error[39m [caliper] [connectors/peer-gateway/PeerGateway] 	Failed to perform submit transaction [Mint] using arguments [wlt_c_transfer-w1_w0_r2_7,5000000],  with error: Error: Failed to submit trasaction with status code: 12
2026.08.11-12:46:25.538[31m error[39m [caliper] [connectors/peer-gateway/PeerGateway] 	Failed to perform submit transaction [Mint] using arguments [wlt_c_transfer-w1_w0_r2_5,500000],  with error: Error: Failed to submit trasaction with status code: 12
2026.08.11-12:46:25.538[31m error[39m [caliper] [connectors/peer-gateway/PeerGateway] 	Failed to perform submit transaction [Mint] using arguments [wlt_c_transfer-w1_w0_r2_1,5000000],  with error: Error: Failed to submit trasaction with status code: 12
2026.08.11-12:46:25.538[31m error[39m [caliper] [connectors/peer-gateway/PeerGateway] 	Failed to perform submit transaction [Mint] using arguments [wlt_c_transfer-w1_w0_r2_9,5000000],  with error: Error: Failed to submit trasaction with status code: 12
2026.08.11-12:46:25.538[31m error[39m [caliper] [connectors/peer-gateway/PeerGateway] 	Failed to perform submit transaction [Mint] using arguments [wlt_c_transfer-w1_w0_r2_2,5000000],  with error: Error: Failed to submit trasaction with status code: 12
2026.08.11-12:46:25.539[32m info [39m [caliper] [worker-message-handler] 	Worker#0 is exiting
