> caliper launch manager --caliper-benchconfig benchmark/benchconfigs/negative-path.yaml --caliper-networkconfig benchmark/networkconfig.yaml --caliper-workspace .
2026.08.11-14:11:53.668[32m info [39m [caliper] [cli-launch-manager] 	Set workspace path: /home/mfachrizalg/2026/Skripsi/bi-coin/bi-coin-fabric
2026.08.11-14:11:53.669[32m info [39m [caliper] [cli-launch-manager] 	Set benchmark configuration path: /home/mfachrizalg/2026/Skripsi/bi-coin/bi-coin-fabric/benchmark/benchconfigs/negative-path.yaml
2026.08.11-14:11:53.669[32m info [39m [caliper] [cli-launch-manager] 	Set network configuration path: /home/mfachrizalg/2026/Skripsi/bi-coin/bi-coin-fabric/benchmark/networkconfig.yaml
2026.08.11-14:11:53.669[32m info [39m [caliper] [cli-launch-manager] 	Set SUT type: fabric
2026.08.11-14:11:53.691[32m info [39m [caliper] [caliper-engine] 	Starting benchmark flow
2026.08.11-14:11:53.691[32m info [39m [caliper] [caliper-engine] 	Network configuration attribute "caliper.command.start" is not present, skipping start command
2026.08.11-14:11:54.273[32m info [39m [caliper] [FabricConnectorFactory] 	Initializing peer gateway connector compatible with installed fabric-gateway SDK: 1.5.0
2026.08.11-14:11:54.288[32m info [39m [caliper] [IdentityManager] 	Adding User1 (admin=false) as User1 for organization BankIndonesiaOrgMSP
2026.08.11-14:11:54.290[32m info [39m [caliper] [IdentityManager] 	Adding User1 (admin=false) as _HimbaraBankOrgMSP_User1 for organization HimbaraBankOrgMSP
2026.08.11-14:11:54.291[32m info [39m [caliper] [IdentityManager] 	Adding User1 (admin=false) as _CommercialBankOrgMSP_User1 for organization CommercialBankOrgMSP
2026.08.11-14:11:54.292[32m info [39m [caliper] [connectors/peer-gateway/PeerGateway] 	Fabric-Gateway SDK version: 1.5.0 for Peer-Gateway connector; TLS based on BankIndonesiaOrgMSP: server
2026.08.11-14:11:54.292[32m info [39m [caliper] [caliper-engine] 	Executed "init" step in 0 seconds
2026.08.11-14:11:54.293[33m warn [39m [caliper] [connectors/peer-gateway/PeerGateway] 	Install smart contract not available for the Fabric Peer Gateway connector
2026.08.11-14:11:54.293[32m info [39m [caliper] [caliper-engine] 	Executed "install" step in 0 seconds
2026.08.11-14:11:54.294[32m info [39m [caliper] [monitor.js] 	Attempting to create resource monitor of type docker
2026.08.11-14:11:54.295[32m info [39m [caliper] [default-observer] 	Observer interval set to 5000 milliseconds
2026.08.11-14:11:54.298[32m info [39m [caliper] [round-orchestrator] 	Preparing worker connections
2026.08.11-14:11:54.299[32m info [39m [caliper] [worker-orchestrator] 	Launching worker 1 of 1
2026.08.11-14:11:54.303[32m info [39m [caliper] [worker-orchestrator] 	Messenger not configured, entering configure phase...
2026.08.11-14:11:54.303[32m info [39m [caliper] [worker-orchestrator] 	No existing workers detected, entering worker launch phase...
2026.08.11-14:11:54.303[32m info [39m [caliper] [worker-orchestrator] 	Waiting for 1 workers to be connected...
2026.08.11-14:11:54.567[32m info [39m [caliper] [cli-launch-worker] 	Set workspace path: /home/mfachrizalg/2026/Skripsi/bi-coin/bi-coin-fabric
2026.08.11-14:11:54.568[32m info [39m [caliper] [cli-launch-worker] 	Set benchmark configuration path: /home/mfachrizalg/2026/Skripsi/bi-coin/bi-coin-fabric/benchmark/benchconfigs/negative-path.yaml
2026.08.11-14:11:54.568[32m info [39m [caliper] [cli-launch-worker] 	Set network configuration path: /home/mfachrizalg/2026/Skripsi/bi-coin/bi-coin-fabric/benchmark/networkconfig.yaml
2026.08.11-14:11:54.568[32m info [39m [caliper] [cli-launch-worker] 	Set SUT type: fabric
2026.08.11-14:11:54.591[32m info [39m [caliper] [worker-orchestrator] 	1 workers connected, progressing to worker assignment phase.
2026.08.11-14:11:54.591[32m info [39m [caliper] [worker-orchestrator] 	Workers currently unassigned, awaiting index assignment...
2026.08.11-14:11:54.592[32m info [39m [caliper] [worker-orchestrator] 	Waiting for 1 workers to be assigned...
2026.08.11-14:11:54.620[32m info [39m [caliper] [worker-orchestrator] 	1 workers assigned, progressing to worker initialization phase.
2026.08.11-14:11:54.620[32m info [39m [caliper] [worker-orchestrator] 	Waiting for 1 workers to be ready...
2026.08.11-14:11:54.621[32m info [39m [caliper] [worker-message-handler] 	Initializing Worker#0...
2026.08.11-14:11:55.116[32m info [39m [caliper] [FabricConnectorFactory] 	Initializing peer gateway connector compatible with installed fabric-gateway SDK: 1.5.0
2026.08.11-14:11:55.121[32m info [39m [caliper] [IdentityManager] 	Adding User1 (admin=false) as User1 for organization BankIndonesiaOrgMSP
2026.08.11-14:11:55.122[32m info [39m [caliper] [IdentityManager] 	Adding User1 (admin=false) as _HimbaraBankOrgMSP_User1 for organization HimbaraBankOrgMSP
2026.08.11-14:11:55.123[32m info [39m [caliper] [IdentityManager] 	Adding User1 (admin=false) as _CommercialBankOrgMSP_User1 for organization CommercialBankOrgMSP
2026.08.11-14:11:55.124[32m info [39m [caliper] [worker-message-handler] 	Worker#0 initialized
2026.08.11-14:11:55.125[32m info [39m [caliper] [worker-orchestrator] 	1 workers ready, progressing to test preparation phase.
2026.08.11-14:11:55.125[32m info [39m [caliper] [round-orchestrator] 	Started round 1 (negative-path)
2026.08.11-14:11:55.126[32m info [39m [caliper] [worker-message-handler] 	Preparing Worker#0 for Round#0
2026.08.11-14:11:55.149[32m info [39m [caliper] [connectors/peer-gateway/PeerGateway] 	Generating contract map for user User1
2026.08.11-14:11:55.153[32m info [39m [caliper] [connectors/peer-gateway/PeerGateway] 	Generating contract map for user _HimbaraBankOrgMSP_User1
2026.08.11-14:11:55.155[32m info [39m [caliper] [connectors/peer-gateway/PeerGateway] 	Generating contract map for user _CommercialBankOrgMSP_User1
2026.08.11-14:11:55.155[32m info [39m [caliper] [caliper-worker] 	Info: worker 0 prepare test phase for round 0 is starting...
2026.08.11-14:13:14.266[32m info [39m [caliper] [connectors/peer-gateway/PeerGateway] 	disconnecting gateway for user User1
2026.08.11-14:13:14.267[32m info [39m [caliper] [connectors/peer-gateway/PeerGateway] 	disconnecting gateway for user _HimbaraBankOrgMSP_User1
2026.08.11-14:13:14.267[32m info [39m [caliper] [connectors/peer-gateway/PeerGateway] 	disconnecting gateway for user _CommercialBankOrgMSP_User1
2026.08.11-14:13:14.267[32m info [39m [caliper] [connectors/peer-gateway/PeerGateway] 	disconnecting gRpc client at peer peer0.bi.paynet
2026.08.11-14:13:14.268[32m info [39m [caliper] [connectors/peer-gateway/PeerGateway] 	disconnecting gRpc client at peer peer0.himbara.paynet
2026.08.11-14:13:14.268[32m info [39m [caliper] [connectors/peer-gateway/PeerGateway] 	disconnecting gRpc client at peer peer0.commercial.paynet
2026.08.11-14:13:14.268[32m info [39m [caliper] [caliper-worker] 	Info: worker 0 prepare test phase for round 0 is completed
2026.08.11-14:13:14.268[32m info [39m [caliper] [worker-message-handler] 	Worker#0 prepared for Round#0
2026.08.11-14:13:14.269[32m info [39m [caliper] [worker-orchestrator] 	1 workers prepared, progressing to test phase.
2026.08.11-14:13:16.336[32m info [39m [caliper] [round-orchestrator] 	Monitors successfully started
2026.08.11-14:13:16.337[32m info [39m [caliper] [worker-message-handler] 	Worker#0 is starting Round#0
2026.08.11-14:13:16.339[32m info [39m [caliper] [connectors/peer-gateway/PeerGateway] 	Generating contract map for user User1
2026.08.11-14:13:16.341[32m info [39m [caliper] [connectors/peer-gateway/PeerGateway] 	Generating contract map for user _HimbaraBankOrgMSP_User1
2026.08.11-14:13:16.343[32m info [39m [caliper] [connectors/peer-gateway/PeerGateway] 	Generating contract map for user _CommercialBankOrgMSP_User1
2026.08.11-14:13:16.344[32m info [39m [caliper] [caliper-worker] 	Worker #0 starting workload loop
[negative-path] CASE worker=0 label=per-tx-cap
2026.08.11-14:13:16.362[31m error[39m [caliper] [connectors/peer-gateway/PeerGateway] 	Failed to perform submit transaction [Transfer] using arguments [wlt_neg_20260811-live-v3-negfix4_negative-path_w0_r0_basic_sender,wlt_neg_20260811-live-v3-negfix4_negative-path_w0_r0_std_receiver,300000,neg_20260811-live-v3-negfix4_negative-path_w0_r0_per-tx-cap],  with error: EndorseError: 10 ABORTED: failed to endorse transaction, see attached details for more info
Details:
-  peer0.bi.paynet:7051:chaincode response 500, per-transaction limit exceeded: 250000 for tier BASIC
[negative-path] CASE worker=0 label=insufficient-balance
2026.08.11-14:13:16.547[31m error[39m [caliper] [caliper-worker] 	Unexpected error in worker #0 caused worker to finish round #0: Error: [negative-path] ORACLE ERROR: connector threw before returning a status for "per-tx-cap": Error: [negative-path] ORACLE ERROR: expected /per-transaction limit exceeded/i for "per-tx-cap", got [object Object]
    at NegativePathWorkload.expectReject (/home/mfachrizalg/2026/Skripsi/bi-coin/bi-coin-fabric/benchmark/workloads/negative-path.js:153:19)
    at process.processTicksAndRejections (node:internal/process/task_queues:103:5)
2026.08.11-14:13:16.553[31m error[39m [caliper] [connectors/peer-gateway/PeerGateway] 	Failed to perform submit transaction [Transfer] using arguments [wlt_neg_20260811-live-v3-negfix4_negative-path_w0_r0_poor_sender,wlt_neg_20260811-live-v3-negfix4_negative-path_w0_r0_std_receiver,500000,neg_20260811-live-v3-negfix4_negative-path_w0_r0_insufficient-balance],  with error: EndorseError: 10 ABORTED: failed to endorse transaction, see attached details for more info
Details:
-  peer0.bi.paynet:7051:chaincode response 500, insufficient balance: have 1000, need 500000
{"event":"negative-path-oracle","worker":0,"rejected":0,"expected":7,"gaps":0,"reasonGaps":2,"infrastructureErrors":0,"verdict":"FAIL"}
[negative-path] worker 0: rejected_status=0/7, gaps=0
2026.08.11-14:13:17.552[32m info [39m [caliper] [connectors/peer-gateway/PeerGateway] 	disconnecting gateway for user User1
2026.08.11-14:13:17.552[32m info [39m [caliper] [connectors/peer-gateway/PeerGateway] 	disconnecting gateway for user _HimbaraBankOrgMSP_User1
2026.08.11-14:13:17.552[32m info [39m [caliper] [connectors/peer-gateway/PeerGateway] 	disconnecting gateway for user _CommercialBankOrgMSP_User1
2026.08.11-14:13:17.552[32m info [39m [caliper] [connectors/peer-gateway/PeerGateway] 	disconnecting gRpc client at peer peer0.bi.paynet
2026.08.11-14:13:17.553[32m info [39m [caliper] [connectors/peer-gateway/PeerGateway] 	disconnecting gRpc client at peer peer0.himbara.paynet
2026.08.11-14:13:17.553[32m info [39m [caliper] [connectors/peer-gateway/PeerGateway] 	disconnecting gRpc client at peer peer0.commercial.paynet
2026.08.11-14:13:17.553[31m error[39m [caliper] [worker-message-handler] 	Error while handling "test" message for Worker (1007438): Error: [negative-path] ORACLE ERROR: connector threw before returning a status for "per-tx-cap": Error: [negative-path] ORACLE ERROR: expected /per-transaction limit exceeded/i for "per-tx-cap", got [object Object]
    at NegativePathWorkload.expectReject (/home/mfachrizalg/2026/Skripsi/bi-coin/bi-coin-fabric/benchmark/workloads/negative-path.js:153:19)
    at process.processTicksAndRejections (node:internal/process/task_queues:103:5)
2026.08.11-14:13:22.555[32m info [39m [caliper] [default-observer] 	Resetting txCount indicator count
2026.08.11-14:13:22.555[31m error[39m [caliper] [round-orchestrator] 	Failed round 1 (negative-path): Error: Error: [negative-path] ORACLE ERROR: connector threw before returning a status for "per-tx-cap": Error: [negative-path] ORACLE ERROR: expected /per-transaction limit exceeded/i for "per-tx-cap", got [object Object]
    at WorkerOrchestrator.updateWorkerPhase (/home/mfachrizalg/2026/Skripsi/bi-coin/bi-coin-fabric/node_modules/@hyperledger/caliper-core/lib/manager/orchestrators/worker-orchestrator.js:315:61)
    at ProcessMessenger.<anonymous> (/home/mfachrizalg/2026/Skripsi/bi-coin/bi-coin-fabric/node_modules/@hyperledger/caliper-core/lib/manager/orchestrators/worker-orchestrator.js:120:18)
    at ProcessMessenger.emit (node:events:519:28)
    at ProcessMessenger.onMessage (/home/mfachrizalg/2026/Skripsi/bi-coin/bi-coin-fabric/node_modules/@hyperledger/caliper-core/lib/common/messengers/messenger-interface.js:40:14)
    at ChildProcess.<anonymous> (/home/mfachrizalg/2026/Skripsi/bi-coin/bi-coin-fabric/node_modules/@hyperledger/caliper-core/lib/common/messengers/process/process-messenger.js:59:26)
    at ChildProcess.emit (node:events:519:28)
    at emit (node:internal/child_process:949:14)
    at process.processTicksAndRejections (node:internal/process/task_queues:90:21)
2026.08.11-14:13:22.555[32m info [39m [caliper] [report-builder] 	### All test results ###
2026.08.11-14:13:22.556[31m error[39m [caliper] [report-builder] 	No data within test result; implies error within configuration files
2026.08.11-14:13:22.556[31m error[39m [caliper] [round-orchestrator] 	Error while finalizing the report: Error: unrecognized report table
    at ReportBuilder.setSummaryTable (/home/mfachrizalg/2026/Skripsi/bi-coin/bi-coin-fabric/node_modules/@hyperledger/caliper-core/lib/manager/report/report-builder.js:142:19)
    at Report.printResultsByRound (/home/mfachrizalg/2026/Skripsi/bi-coin/bi-coin-fabric/node_modules/@hyperledger/caliper-core/lib/manager/report/report.js:182:28)
    at RoundOrchestrator.run (/home/mfachrizalg/2026/Skripsi/bi-coin/bi-coin-fabric/node_modules/@hyperledger/caliper-core/lib/manager/orchestrators/round-orchestrator.js:229:25)
    at async CaliperEngine.run (/home/mfachrizalg/2026/Skripsi/bi-coin/bi-coin-fabric/node_modules/@hyperledger/caliper-core/lib/manager/caliper-engine.js:153:17)
    at async LaunchManager.handler (/home/mfachrizalg/2026/Skripsi/bi-coin/bi-coin-fabric/node_modules/@hyperledger/caliper-cli/lib/launch/lib/launchManager.js:81:30)
2026.08.11-14:13:22.556[32m info [39m [caliper] [monitor.js] 	Stopping all monitors
2026.08.11-14:13:22.657[32m info [39m [caliper] [worker-orchestrator] 	Sending exit message to connected workers
2026.08.11-14:13:22.657[32m info [39m [caliper] [round-orchestrator] 	Benchmark finished in 87.532 seconds. Total rounds: 1. Successful rounds: 0. Failed rounds: 1.
2026.08.11-14:13:22.657[32m info [39m [caliper] [caliper-engine] 	Network configuration attribute "caliper.command.end" is not present, skipping end command
2026.08.11-14:13:22.657[32m info [39m [caliper] [cli-launch-manager] 	Benchmark successfully finished!
2026.08.11-14:13:22.657[32m info [39m [caliper] [worker-message-handler] 	Worker#0 is exiting
