
> bi-coin-fabric@1.0.0 benchmark:transfer:w1
> caliper launch manager --caliper-benchconfig benchmark/benchconfigs/retail-transfer-workers-1.yaml --caliper-networkconfig benchmark/networkconfig.yaml --caliper-workspace .

2026.07.25-18:56:28.079[32m info [39m [caliper] [cli-launch-manager] 	Set workspace path: /home/mfachrizalg/2026/Skripsi/bi-coin/bi-coin-fabric
2026.07.25-18:56:28.079[32m info [39m [caliper] [cli-launch-manager] 	Set benchmark configuration path: /home/mfachrizalg/2026/Skripsi/bi-coin/bi-coin-fabric/benchmark/benchconfigs/retail-transfer-workers-1.yaml
2026.07.25-18:56:28.080[32m info [39m [caliper] [cli-launch-manager] 	Set network configuration path: /home/mfachrizalg/2026/Skripsi/bi-coin/bi-coin-fabric/benchmark/networkconfig.yaml
2026.07.25-18:56:28.080[32m info [39m [caliper] [cli-launch-manager] 	Set SUT type: fabric
2026.07.25-18:56:28.097[32m info [39m [caliper] [caliper-engine] 	Starting benchmark flow
2026.07.25-18:56:28.097[32m info [39m [caliper] [caliper-engine] 	Network configuration attribute "caliper.command.start" is not present, skipping start command
2026.07.25-18:56:28.553[32m info [39m [caliper] [FabricConnectorFactory] 	Initializing peer gateway connector compatible with installed fabric-gateway SDK: 1.5.0
2026.07.25-18:56:28.559[32m info [39m [caliper] [IdentityManager] 	Adding User1 (admin=false) as User1 for organization BankIndonesiaOrgMSP
2026.07.25-18:56:28.560[32m info [39m [caliper] [IdentityManager] 	Adding User1 (admin=false) as _HimbaraBankOrgMSP_User1 for organization HimbaraBankOrgMSP
2026.07.25-18:56:28.560[32m info [39m [caliper] [IdentityManager] 	Adding User1 (admin=false) as _CommercialBankOrgMSP_User1 for organization CommercialBankOrgMSP
2026.07.25-18:56:28.562[32m info [39m [caliper] [connectors/peer-gateway/PeerGateway] 	Fabric-Gateway SDK version: 1.5.0 for Peer-Gateway connector; TLS based on BankIndonesiaOrgMSP: server
2026.07.25-18:56:28.562[32m info [39m [caliper] [caliper-engine] 	Executed "init" step in 0.001 seconds
2026.07.25-18:56:28.562[33m warn [39m [caliper] [connectors/peer-gateway/PeerGateway] 	Install smart contract not available for the Fabric Peer Gateway connector
2026.07.25-18:56:28.562[32m info [39m [caliper] [caliper-engine] 	Executed "install" step in 0 seconds
2026.07.25-18:56:28.563[32m info [39m [caliper] [monitor.js] 	Attempting to create resource monitor of type docker
2026.07.25-18:56:28.577[32m info [39m [caliper] [default-observer] 	Observer interval set to 5000 milliseconds
2026.07.25-18:56:28.579[32m info [39m [caliper] [round-orchestrator] 	Preparing worker connections
2026.07.25-18:56:28.580[32m info [39m [caliper] [worker-orchestrator] 	Launching worker 1 of 1
2026.07.25-18:56:28.585[32m info [39m [caliper] [worker-orchestrator] 	Messenger not configured, entering configure phase...
2026.07.25-18:56:28.586[32m info [39m [caliper] [worker-orchestrator] 	No existing workers detected, entering worker launch phase...
2026.07.25-18:56:28.586[32m info [39m [caliper] [worker-orchestrator] 	Waiting for 1 workers to be connected...
2026.07.25-18:56:28.868[32m info [39m [caliper] [cli-launch-worker] 	Set workspace path: /home/mfachrizalg/2026/Skripsi/bi-coin/bi-coin-fabric
2026.07.25-18:56:28.869[32m info [39m [caliper] [cli-launch-worker] 	Set benchmark configuration path: /home/mfachrizalg/2026/Skripsi/bi-coin/bi-coin-fabric/benchmark/benchconfigs/retail-transfer-workers-1.yaml
2026.07.25-18:56:28.869[32m info [39m [caliper] [cli-launch-worker] 	Set network configuration path: /home/mfachrizalg/2026/Skripsi/bi-coin/bi-coin-fabric/benchmark/networkconfig.yaml
2026.07.25-18:56:28.869[32m info [39m [caliper] [cli-launch-worker] 	Set SUT type: fabric
2026.07.25-18:56:28.893[32m info [39m [caliper] [worker-orchestrator] 	1 workers connected, progressing to worker assignment phase.
2026.07.25-18:56:28.894[32m info [39m [caliper] [worker-orchestrator] 	Workers currently unassigned, awaiting index assignment...
2026.07.25-18:56:28.894[32m info [39m [caliper] [worker-orchestrator] 	Waiting for 1 workers to be assigned...
2026.07.25-18:56:28.921[32m info [39m [caliper] [worker-orchestrator] 	1 workers assigned, progressing to worker initialization phase.
2026.07.25-18:56:28.922[32m info [39m [caliper] [worker-orchestrator] 	Waiting for 1 workers to be ready...
2026.07.25-18:56:28.922[32m info [39m [caliper] [worker-message-handler] 	Initializing Worker#0...
2026.07.25-18:56:29.372[32m info [39m [caliper] [FabricConnectorFactory] 	Initializing peer gateway connector compatible with installed fabric-gateway SDK: 1.5.0
2026.07.25-18:56:29.377[32m info [39m [caliper] [IdentityManager] 	Adding User1 (admin=false) as User1 for organization BankIndonesiaOrgMSP
2026.07.25-18:56:29.378[32m info [39m [caliper] [IdentityManager] 	Adding User1 (admin=false) as _HimbaraBankOrgMSP_User1 for organization HimbaraBankOrgMSP
2026.07.25-18:56:29.379[32m info [39m [caliper] [IdentityManager] 	Adding User1 (admin=false) as _CommercialBankOrgMSP_User1 for organization CommercialBankOrgMSP
2026.07.25-18:56:29.381[32m info [39m [caliper] [worker-message-handler] 	Worker#0 initialized
2026.07.25-18:56:29.381[32m info [39m [caliper] [worker-orchestrator] 	1 workers ready, progressing to test preparation phase.
2026.07.25-18:56:29.381[32m info [39m [caliper] [round-orchestrator] 	Started round 1 (retail-warmup-w1)
2026.07.25-18:56:29.382[32m info [39m [caliper] [worker-message-handler] 	Preparing Worker#0 for Round#0
2026.07.25-18:56:29.395[32m info [39m [caliper] [connectors/peer-gateway/PeerGateway] 	Generating contract map for user User1
2026.07.25-18:56:29.399[32m info [39m [caliper] [connectors/peer-gateway/PeerGateway] 	Generating contract map for user _HimbaraBankOrgMSP_User1
2026.07.25-18:56:29.401[32m info [39m [caliper] [connectors/peer-gateway/PeerGateway] 	Generating contract map for user _CommercialBankOrgMSP_User1
2026.07.25-18:56:29.401[32m info [39m [caliper] [caliper-worker] 	Info: worker 0 prepare test phase for round 0 is starting...
2026.07.25-18:58:28.177[32m info [39m [caliper] [connectors/peer-gateway/PeerGateway] 	disconnecting gateway for user User1
2026.07.25-18:58:28.177[32m info [39m [caliper] [connectors/peer-gateway/PeerGateway] 	disconnecting gateway for user _HimbaraBankOrgMSP_User1
2026.07.25-18:58:28.177[32m info [39m [caliper] [connectors/peer-gateway/PeerGateway] 	disconnecting gateway for user _CommercialBankOrgMSP_User1
2026.07.25-18:58:28.177[32m info [39m [caliper] [connectors/peer-gateway/PeerGateway] 	disconnecting gRpc client at peer peer0.bi.paynet
2026.07.25-18:58:28.178[32m info [39m [caliper] [connectors/peer-gateway/PeerGateway] 	disconnecting gRpc client at peer peer0.himbara.paynet
2026.07.25-18:58:28.178[32m info [39m [caliper] [connectors/peer-gateway/PeerGateway] 	disconnecting gRpc client at peer peer0.commercial.paynet
2026.07.25-18:58:28.178[32m info [39m [caliper] [caliper-worker] 	Info: worker 0 prepare test phase for round 0 is completed
2026.07.25-18:58:28.178[32m info [39m [caliper] [worker-message-handler] 	Worker#0 prepared for Round#0
2026.07.25-18:58:28.179[32m info [39m [caliper] [worker-orchestrator] 	1 workers prepared, progressing to test phase.
2026.07.25-18:58:30.269[32m info [39m [caliper] [round-orchestrator] 	Monitors successfully started
2026.07.25-18:58:30.270[32m info [39m [caliper] [worker-message-handler] 	Worker#0 is starting Round#0
2026.07.25-18:58:30.273[32m info [39m [caliper] [connectors/peer-gateway/PeerGateway] 	Generating contract map for user User1
2026.07.25-18:58:30.274[32m info [39m [caliper] [connectors/peer-gateway/PeerGateway] 	Generating contract map for user _HimbaraBankOrgMSP_User1
2026.07.25-18:58:30.276[32m info [39m [caliper] [connectors/peer-gateway/PeerGateway] 	Generating contract map for user _CommercialBankOrgMSP_User1
2026.07.25-18:58:30.277[32m info [39m [caliper] [caliper-worker] 	Worker #0 starting workload loop
(node:1154468) TimeoutNegativeWarning: -2 is a negative number.
Timeout duration was set to 1.
(Use `node --trace-warnings ...` to show where the warning was created)
2026.07.25-18:58:33.186[32m info [39m [caliper] [default-observer] 	[retail-warmup-w1 Round 0 Transaction Info] - Submitted: 20 Succ: 10 Fail:0 Unfinished:10
2026.07.25-18:58:36.486[32m info [39m [caliper] [connectors/peer-gateway/PeerGateway] 	disconnecting gateway for user User1
2026.07.25-18:58:36.486[32m info [39m [caliper] [connectors/peer-gateway/PeerGateway] 	disconnecting gateway for user _HimbaraBankOrgMSP_User1
2026.07.25-18:58:36.486[32m info [39m [caliper] [connectors/peer-gateway/PeerGateway] 	disconnecting gateway for user _CommercialBankOrgMSP_User1
2026.07.25-18:58:36.486[32m info [39m [caliper] [connectors/peer-gateway/PeerGateway] 	disconnecting gRpc client at peer peer0.bi.paynet
2026.07.25-18:58:36.487[32m info [39m [caliper] [connectors/peer-gateway/PeerGateway] 	disconnecting gRpc client at peer peer0.himbara.paynet
2026.07.25-18:58:36.487[32m info [39m [caliper] [connectors/peer-gateway/PeerGateway] 	disconnecting gRpc client at peer peer0.commercial.paynet
2026.07.25-18:58:36.487[32m info [39m [caliper] [worker-message-handler] 	Worker#0 finished Round#0
2026.07.25-18:58:41.488[32m info [39m [caliper] [default-observer] 	Resetting txCount indicator count
2026.07.25-18:58:41.489[32m info [39m [caliper] [report-builder] 	### Test result ###
2026.07.25-18:58:41.493[32m info [39m [caliper] [report-builder] 	
+------------------+------+------+-----------------+-----------------+-----------------+-----------------+------------------+
| Name             | Succ | Fail | Send Rate (TPS) | Max Latency (s) | Min Latency (s) | Avg Latency (s) | Throughput (TPS) |
|------------------|------|------|-----------------|-----------------|-----------------|-----------------|------------------|
| retail-warmup-w1 | 40   | 0    | 10.3            | 2.19            | 0.01            | 0.81            | 7.7              |
+------------------+------+------+-----------------+-----------------+-----------------+-----------------+------------------+

2026.07.25-18:58:41.498[32m info [39m [caliper] [report-builder] 	### docker resource stats ###'
2026.07.25-18:58:41.500[32m info [39m [caliper] [report-builder] 	
+-----------------------------+-----------+-----------+------------------+------------------+-----------------+------------------+-----------------+----------------+
| Name                        | CPU%(max) | CPU%(avg) | Memory(max) [MB] | Memory(avg) [MB] | Traffic In [MB] | Traffic Out [MB] | Disc Write [MB] | Disc Read [KB] |
|-----------------------------|-----------|-----------|------------------|------------------|-----------------|------------------|-----------------|----------------|
| /peer0.pjp.paynet           | 0.13      | 0.04125   | 105              | 104              | 0.582           | 0.405            | 0.727           | 0.00           |
|-----------------------------|-----------|-----------|------------------|------------------|-----------------|------------------|-----------------|----------------|
| /peer0.bi.paynet            | 0.1975    | 0.05375   | 108              | 108              | 1.24            | 1.12             | 0.980           | 0.00           |
|-----------------------------|-----------|-----------|------------------|------------------|-----------------|------------------|-----------------|----------------|
| /peer0.commercial.paynet    | 0.12375   | 0.03875   | 115              | 115              | 0.536           | 0.340            | 0.785           | 0.00           |
|-----------------------------|-----------|-----------|------------------|------------------|-----------------|------------------|-----------------|----------------|
| /peer0.himbara.paynet       | 0.13375   | 0.03875   | 103              | 102              | 0.585           | 0.390            | 0.867           | 0.00           |
|-----------------------------|-----------|-----------|------------------|------------------|-----------------|------------------|-----------------|----------------|
| /peer0.ojk.paynet           | 0.11      | 0.03625   | 107              | 106              | 0.562           | 0.365            | 1.11            | 0.00           |
|-----------------------------|-----------|-----------|------------------|------------------|-----------------|------------------|-----------------|----------------|
| /couchdb0.commercial.paynet | 0.235     | 0.07      | 48.4             | 48.0             | 0.0982          | 0.0940           | 2.25            | 52.0           |
|-----------------------------|-----------|-----------|------------------|------------------|-----------------|------------------|-----------------|----------------|
| /orderer.paynet             | 0.02875   | 0.005     | 38.9             | 38.5             | 0.272           | 1.24             | 1.11            | 0.00           |
|-----------------------------|-----------|-----------|------------------|------------------|-----------------|------------------|-----------------|----------------|
| /couchdb0.bi.paynet         | 0.20375   | 0.0675    | 42.6             | 42.2             | 0.0842          | 0.0464           | 1.72            | 36.0           |
|-----------------------------|-----------|-----------|------------------|------------------|-----------------|------------------|-----------------|----------------|
| /couchdb0.himbara.paynet    | 0.3125    | 0.0825    | 59.7             | 58.4             | 0.103           | 0.108            | 1.32            | 16.0           |
|-----------------------------|-----------|-----------|------------------|------------------|-----------------|------------------|-----------------|----------------|
| /couchdb0.ojk.paynet        | 0.29875   | 0.08625   | 54.5             | 53.7             | 0.101           | 0.102            | 1.50            | 0.00           |
|-----------------------------|-----------|-----------|------------------|------------------|-----------------|------------------|-----------------|----------------|
| /couchdb0.pjp.paynet        | 0.335     | 0.08875   | 55.9             | 55.2             | 0.0997          | 0.0923           | 0.898           | 0.00           |
+-----------------------------+-----------+-----------+------------------+------------------+-----------------+------------------+-----------------+----------------+

2026.07.25-18:58:41.501[32m info [39m [caliper] [round-orchestrator] 	Finished round 1 (retail-warmup-w1) in 5.208 seconds
2026.07.25-18:58:41.501[32m info [39m [caliper] [monitor.js] 	Stopping all monitors
2026.07.25-18:58:41.602[32m info [39m [caliper] [round-orchestrator] 	Waiting 5 seconds for the next round...
2026.07.25-18:58:46.603[32m info [39m [caliper] [round-orchestrator] 	Started round 2 (retail-sustained-w1)
2026.07.25-18:58:46.603[32m info [39m [caliper] [worker-message-handler] 	Preparing Worker#0 for Round#1
2026.07.25-18:58:46.605[32m info [39m [caliper] [connectors/peer-gateway/PeerGateway] 	Generating contract map for user User1
2026.07.25-18:58:46.607[32m info [39m [caliper] [connectors/peer-gateway/PeerGateway] 	Generating contract map for user _HimbaraBankOrgMSP_User1
2026.07.25-18:58:46.609[32m info [39m [caliper] [connectors/peer-gateway/PeerGateway] 	Generating contract map for user _CommercialBankOrgMSP_User1
2026.07.25-18:58:46.609[32m info [39m [caliper] [caliper-worker] 	Info: worker 0 prepare test phase for round 1 is starting...
2026.07.25-19:00:45.620[32m info [39m [caliper] [connectors/peer-gateway/PeerGateway] 	disconnecting gateway for user User1
2026.07.25-19:00:45.620[32m info [39m [caliper] [connectors/peer-gateway/PeerGateway] 	disconnecting gateway for user _HimbaraBankOrgMSP_User1
2026.07.25-19:00:45.620[32m info [39m [caliper] [connectors/peer-gateway/PeerGateway] 	disconnecting gateway for user _CommercialBankOrgMSP_User1
2026.07.25-19:00:45.621[32m info [39m [caliper] [connectors/peer-gateway/PeerGateway] 	disconnecting gRpc client at peer peer0.bi.paynet
2026.07.25-19:00:45.621[32m info [39m [caliper] [connectors/peer-gateway/PeerGateway] 	disconnecting gRpc client at peer peer0.himbara.paynet
2026.07.25-19:00:45.621[32m info [39m [caliper] [connectors/peer-gateway/PeerGateway] 	disconnecting gRpc client at peer peer0.commercial.paynet
2026.07.25-19:00:45.621[32m info [39m [caliper] [caliper-worker] 	Info: worker 0 prepare test phase for round 1 is completed
2026.07.25-19:00:45.621[32m info [39m [caliper] [worker-message-handler] 	Worker#0 prepared for Round#1
2026.07.25-19:00:45.622[32m info [39m [caliper] [worker-orchestrator] 	1 workers prepared, progressing to test phase.
2026.07.25-19:00:47.685[32m info [39m [caliper] [round-orchestrator] 	Monitors successfully started
2026.07.25-19:00:47.686[32m info [39m [caliper] [worker-message-handler] 	Worker#0 is starting Round#1
2026.07.25-19:00:47.689[32m info [39m [caliper] [connectors/peer-gateway/PeerGateway] 	Generating contract map for user User1
2026.07.25-19:00:47.691[32m info [39m [caliper] [connectors/peer-gateway/PeerGateway] 	Generating contract map for user _HimbaraBankOrgMSP_User1
2026.07.25-19:00:47.693[32m info [39m [caliper] [connectors/peer-gateway/PeerGateway] 	Generating contract map for user _CommercialBankOrgMSP_User1
2026.07.25-19:00:47.694[32m info [39m [caliper] [caliper-worker] 	Worker #0 starting workload loop
2026.07.25-19:00:50.627[32m info [39m [caliper] [default-observer] 	[retail-sustained-w1 Round 1 Transaction Info] - Submitted: 40 Succ: 32 Fail:0 Unfinished:8
2026.07.25-19:00:51.906[32m info [39m [caliper] [connectors/peer-gateway/PeerGateway] 	disconnecting gateway for user User1
2026.07.25-19:00:51.906[32m info [39m [caliper] [connectors/peer-gateway/PeerGateway] 	disconnecting gateway for user _HimbaraBankOrgMSP_User1
2026.07.25-19:00:51.906[32m info [39m [caliper] [connectors/peer-gateway/PeerGateway] 	disconnecting gateway for user _CommercialBankOrgMSP_User1
2026.07.25-19:00:51.906[32m info [39m [caliper] [connectors/peer-gateway/PeerGateway] 	disconnecting gRpc client at peer peer0.bi.paynet
2026.07.25-19:00:51.906[32m info [39m [caliper] [connectors/peer-gateway/PeerGateway] 	disconnecting gRpc client at peer peer0.himbara.paynet
2026.07.25-19:00:51.906[32m info [39m [caliper] [connectors/peer-gateway/PeerGateway] 	disconnecting gRpc client at peer peer0.commercial.paynet
2026.07.25-19:00:51.906[32m info [39m [caliper] [worker-message-handler] 	Worker#0 finished Round#1
2026.07.25-19:00:56.907[32m info [39m [caliper] [default-observer] 	Resetting txCount indicator count
2026.07.25-19:00:56.908[32m info [39m [caliper] [report-builder] 	### Test result ###
2026.07.25-19:00:56.908[32m info [39m [caliper] [report-builder] 	
+---------------------+------+------+-----------------+-----------------+-----------------+-----------------+------------------+
| Name                | Succ | Fail | Send Rate (TPS) | Max Latency (s) | Min Latency (s) | Avg Latency (s) | Throughput (TPS) |
|---------------------|------|------|-----------------|-----------------|-----------------|-----------------|------------------|
| retail-sustained-w1 | 40   | 0    | 30.8            | 2.15            | 0.01            | 0.64            | 12.7             |
+---------------------+------+------+-----------------+-----------------+-----------------+-----------------+------------------+

2026.07.25-19:00:56.912[32m info [39m [caliper] [report-builder] 	### docker resource stats ###'
2026.07.25-19:00:56.914[32m info [39m [caliper] [report-builder] 	
+-----------------------------+-----------+-----------+------------------+------------------+-----------------+------------------+-----------------+----------------+
| Name                        | CPU%(max) | CPU%(avg) | Memory(max) [MB] | Memory(avg) [MB] | Traffic In [MB] | Traffic Out [MB] | Disc Write [MB] | Disc Read [KB] |
|-----------------------------|-----------|-----------|------------------|------------------|-----------------|------------------|-----------------|----------------|
| /peer0.pjp.paynet           | 0.045     | 0.0275    | 111              | 110              | 0.528           | 0.340            | 1.02            | 0.00           |
|-----------------------------|-----------|-----------|------------------|------------------|-----------------|------------------|-----------------|----------------|
| /peer0.bi.paynet            | 0.05125   | 0.02875   | 113              | 112              | 1.18            | 1.05             | 1.02            | 0.00           |
|-----------------------------|-----------|-----------|------------------|------------------|-----------------|------------------|-----------------|----------------|
| /peer0.commercial.paynet    | 0.04625   | 0.0275    | 117              | 116              | 0.492           | 0.282            | 1.07            | 0.00           |
|-----------------------------|-----------|-----------|------------------|------------------|-----------------|------------------|-----------------|----------------|
| /peer0.himbara.paynet       | 0.0475    | 0.0275    | 110              | 110              | 0.561           | 0.381            | 0.891           | 0.00           |
|-----------------------------|-----------|-----------|------------------|------------------|-----------------|------------------|-----------------|----------------|
| /peer0.ojk.paynet           | 0.04375   | 0.02625   | 112              | 111              | 0.552           | 0.364            | 1.07            | 0.00           |
|-----------------------------|-----------|-----------|------------------|------------------|-----------------|------------------|-----------------|----------------|
| /couchdb0.commercial.paynet | 0.04875   | 0.025     | 43.6             | 42.7             | 0.0970          | 0.102            | 1.48            | 0.00           |
|-----------------------------|-----------|-----------|------------------|------------------|-----------------|------------------|-----------------|----------------|
| /orderer.paynet             | 0.00125   | 0         | 50.6             | 50.2             | 0.266           | 1.24             | 1.11            | 0.00           |
|-----------------------------|-----------|-----------|------------------|------------------|-----------------|------------------|-----------------|----------------|
| /couchdb0.bi.paynet         | 0.0525    | 0.025     | 39.6             | 39.4             | 0.0833          | 0.0460           | 1.65            | 0.00           |
|-----------------------------|-----------|-----------|------------------|------------------|-----------------|------------------|-----------------|----------------|
| /couchdb0.himbara.paynet    | 0.04625   | 0.02375   | 57.6             | 56.3             | 0.0976          | 0.0940           | 1.25            | 60.0           |
|-----------------------------|-----------|-----------|------------------|------------------|-----------------|------------------|-----------------|----------------|
| /couchdb0.ojk.paynet        | 0.0525    | 0.02375   | 53.8             | 53.0             | 0.101           | 0.103            | 1.50            | 0.00           |
|-----------------------------|-----------|-----------|------------------|------------------|-----------------|------------------|-----------------|----------------|
| /couchdb0.pjp.paynet        | 0.27375   | 0.07      | 52.7             | 52.4             | 0.0960          | 0.0888           | 1.54            | 0.00           |
+-----------------------------+-----------+-----------+------------------+------------------+-----------------+------------------+-----------------+----------------+

2026.07.25-19:00:56.914[32m info [39m [caliper] [round-orchestrator] 	Finished round 2 (retail-sustained-w1) in 3.212 seconds
2026.07.25-19:00:56.914[32m info [39m [caliper] [monitor.js] 	Stopping all monitors
2026.07.25-19:00:57.015[32m info [39m [caliper] [round-orchestrator] 	Waiting 5 seconds for the next round...
2026.07.25-19:01:02.016[32m info [39m [caliper] [round-orchestrator] 	Started round 3 (retail-peak-w1)
2026.07.25-19:01:02.016[32m info [39m [caliper] [worker-message-handler] 	Preparing Worker#0 for Round#2
2026.07.25-19:01:02.018[32m info [39m [caliper] [connectors/peer-gateway/PeerGateway] 	Generating contract map for user User1
2026.07.25-19:01:02.019[32m info [39m [caliper] [connectors/peer-gateway/PeerGateway] 	Generating contract map for user _HimbaraBankOrgMSP_User1
2026.07.25-19:01:02.020[32m info [39m [caliper] [connectors/peer-gateway/PeerGateway] 	Generating contract map for user _CommercialBankOrgMSP_User1
2026.07.25-19:01:02.020[32m info [39m [caliper] [caliper-worker] 	Info: worker 0 prepare test phase for round 2 is starting...
2026.07.25-19:03:01.341[32m info [39m [caliper] [connectors/peer-gateway/PeerGateway] 	disconnecting gateway for user User1
2026.07.25-19:03:01.341[32m info [39m [caliper] [connectors/peer-gateway/PeerGateway] 	disconnecting gateway for user _HimbaraBankOrgMSP_User1
2026.07.25-19:03:01.341[32m info [39m [caliper] [connectors/peer-gateway/PeerGateway] 	disconnecting gateway for user _CommercialBankOrgMSP_User1
2026.07.25-19:03:01.341[32m info [39m [caliper] [connectors/peer-gateway/PeerGateway] 	disconnecting gRpc client at peer peer0.bi.paynet
2026.07.25-19:03:01.342[32m info [39m [caliper] [connectors/peer-gateway/PeerGateway] 	disconnecting gRpc client at peer peer0.himbara.paynet
2026.07.25-19:03:01.342[32m info [39m [caliper] [connectors/peer-gateway/PeerGateway] 	disconnecting gRpc client at peer peer0.commercial.paynet
2026.07.25-19:03:01.342[32m info [39m [caliper] [caliper-worker] 	Info: worker 0 prepare test phase for round 2 is completed
2026.07.25-19:03:01.342[32m info [39m [caliper] [worker-message-handler] 	Worker#0 prepared for Round#2
2026.07.25-19:03:01.342[32m info [39m [caliper] [worker-orchestrator] 	1 workers prepared, progressing to test phase.
2026.07.25-19:03:03.380[32m info [39m [caliper] [round-orchestrator] 	Monitors successfully started
2026.07.25-19:03:03.381[32m info [39m [caliper] [worker-message-handler] 	Worker#0 is starting Round#2
2026.07.25-19:03:03.382[32m info [39m [caliper] [connectors/peer-gateway/PeerGateway] 	Generating contract map for user User1
2026.07.25-19:03:03.384[32m info [39m [caliper] [connectors/peer-gateway/PeerGateway] 	Generating contract map for user _HimbaraBankOrgMSP_User1
2026.07.25-19:03:03.385[32m info [39m [caliper] [connectors/peer-gateway/PeerGateway] 	Generating contract map for user _CommercialBankOrgMSP_User1
2026.07.25-19:03:03.385[32m info [39m [caliper] [caliper-worker] 	Worker #0 starting workload loop
2026.07.25-19:03:06.343[32m info [39m [caliper] [default-observer] 	[retail-peak-w1 Round 2 Transaction Info] - Submitted: 40 Succ: 40 Fail:0 Unfinished:0
2026.07.25-19:03:07.185[32m info [39m [caliper] [connectors/peer-gateway/PeerGateway] 	disconnecting gateway for user User1
2026.07.25-19:03:07.185[32m info [39m [caliper] [connectors/peer-gateway/PeerGateway] 	disconnecting gateway for user _HimbaraBankOrgMSP_User1
2026.07.25-19:03:07.185[32m info [39m [caliper] [connectors/peer-gateway/PeerGateway] 	disconnecting gateway for user _CommercialBankOrgMSP_User1
2026.07.25-19:03:07.185[32m info [39m [caliper] [connectors/peer-gateway/PeerGateway] 	disconnecting gRpc client at peer peer0.bi.paynet
2026.07.25-19:03:07.185[32m info [39m [caliper] [connectors/peer-gateway/PeerGateway] 	disconnecting gRpc client at peer peer0.himbara.paynet
2026.07.25-19:03:07.185[32m info [39m [caliper] [connectors/peer-gateway/PeerGateway] 	disconnecting gRpc client at peer peer0.commercial.paynet
2026.07.25-19:03:07.185[32m info [39m [caliper] [worker-message-handler] 	Worker#0 finished Round#2
2026.07.25-19:03:12.190[32m info [39m [caliper] [default-observer] 	Resetting txCount indicator count
2026.07.25-19:03:12.190[32m info [39m [caliper] [report-builder] 	### Test result ###
2026.07.25-19:03:12.190[32m info [39m [caliper] [report-builder] 	
+----------------+------+------+-----------------+-----------------+-----------------+-----------------+------------------+
| Name           | Succ | Fail | Send Rate (TPS) | Max Latency (s) | Min Latency (s) | Avg Latency (s) | Throughput (TPS) |
|----------------|------|------|-----------------|-----------------|-----------------|-----------------|------------------|
| retail-peak-w1 | 40   | 0    | 58.7            | 2.22            | 0.08            | 0.64            | 14.7             |
+----------------+------+------+-----------------+-----------------+-----------------+-----------------+------------------+

2026.07.25-19:03:12.194[32m info [39m [caliper] [report-builder] 	### docker resource stats ###'
2026.07.25-19:03:12.196[32m info [39m [caliper] [report-builder] 	
+-----------------------------+-----------+-----------+------------------+------------------+-----------------+------------------+-----------------+----------------+
| Name                        | CPU%(max) | CPU%(avg) | Memory(max) [MB] | Memory(avg) [MB] | Traffic In [MB] | Traffic Out [MB] | Disc Write [MB] | Disc Read [KB] |
|-----------------------------|-----------|-----------|------------------|------------------|-----------------|------------------|-----------------|----------------|
| /peer0.pjp.paynet           | 0.02625   | 0.01875   | 116              | 115              | 0.520           | 0.336            | 1.03            | 0.00           |
|-----------------------------|-----------|-----------|------------------|------------------|-----------------|------------------|-----------------|----------------|
| /peer0.bi.paynet            | 0.03125   | 0.0225    | 113              | 112              | 1.16            | 1.03             | 0.832           | 0.00           |
|-----------------------------|-----------|-----------|------------------|------------------|-----------------|------------------|-----------------|----------------|
| /peer0.commercial.paynet    | 0.03375   | 0.0225    | 115              | 115              | 0.483           | 0.273            | 0.797           | 0.00           |
|-----------------------------|-----------|-----------|------------------|------------------|-----------------|------------------|-----------------|----------------|
| /peer0.himbara.paynet       | 0.02875   | 0.0225    | 114              | 114              | 0.531           | 0.349            | 0.980           | 0.00           |
|-----------------------------|-----------|-----------|------------------|------------------|-----------------|------------------|-----------------|----------------|
| /peer0.ojk.paynet           | 0.03375   | 0.02125   | 118              | 117              | 0.531           | 0.350            | 0.930           | 0.00           |
|-----------------------------|-----------|-----------|------------------|------------------|-----------------|------------------|-----------------|----------------|
| /couchdb0.commercial.paynet | 0.03      | 0.02375   | 42.0             | 41.8             | 0.0968          | 0.102            | 1.39            | 8.00           |
|-----------------------------|-----------|-----------|------------------|------------------|-----------------|------------------|-----------------|----------------|
| /orderer.paynet             | 0         | 0         | 52.1             | 51.9             | 0.265           | 1.24             | 1.02            | 0.00           |
|-----------------------------|-----------|-----------|------------------|------------------|-----------------|------------------|-----------------|----------------|
| /couchdb0.bi.paynet         | 0.03125   | 0.01875   | 39.6             | 39.4             | 0.0831          | 0.0458           | 1.12            | 0.00           |
|-----------------------------|-----------|-----------|------------------|------------------|-----------------|------------------|-----------------|----------------|
| /couchdb0.himbara.paynet    | 0.215     | 0.06375   | 58.4             | 58.2             | 0.101           | 0.0985           | 1.19            | 52.0           |
|-----------------------------|-----------|-----------|------------------|------------------|-----------------|------------------|-----------------|----------------|
| /couchdb0.ojk.paynet        | 0.23625   | 0.07375   | 52.6             | 52.1             | 0.0996          | 0.0987           | 1.29            | 0.00           |
|-----------------------------|-----------|-----------|------------------|------------------|-----------------|------------------|-----------------|----------------|
| /couchdb0.pjp.paynet        | 0.2225    | 0.07      | 53.3             | 52.0             | 0.0960          | 0.0890           | 1.02            | 0.00           |
+-----------------------------+-----------+-----------+------------------+------------------+-----------------+------------------+-----------------+----------------+

2026.07.25-19:03:12.196[32m info [39m [caliper] [round-orchestrator] 	Finished round 3 (retail-peak-w1) in 2.796 seconds
2026.07.25-19:03:12.196[32m info [39m [caliper] [monitor.js] 	Stopping all monitors
2026.07.25-19:03:12.297[32m info [39m [caliper] [report-builder] 	### All test results ###
2026.07.25-19:03:12.297[32m info [39m [caliper] [report-builder] 	
+---------------------+------+------+-----------------+-----------------+-----------------+-----------------+------------------+
| Name                | Succ | Fail | Send Rate (TPS) | Max Latency (s) | Min Latency (s) | Avg Latency (s) | Throughput (TPS) |
|---------------------|------|------|-----------------|-----------------|-----------------|-----------------|------------------|
| retail-warmup-w1    | 40   | 0    | 10.3            | 2.19            | 0.01            | 0.81            | 7.7              |
|---------------------|------|------|-----------------|-----------------|-----------------|-----------------|------------------|
| retail-sustained-w1 | 40   | 0    | 30.8            | 2.15            | 0.01            | 0.64            | 12.7             |
|---------------------|------|------|-----------------|-----------------|-----------------|-----------------|------------------|
| retail-peak-w1      | 40   | 0    | 58.7            | 2.22            | 0.08            | 0.64            | 14.7             |
+---------------------+------+------+-----------------+-----------------+-----------------+-----------------+------------------+

2026.07.25-19:03:12.313[32m info [39m [caliper] [report-builder] 	Generated report with path /home/mfachrizalg/2026/Skripsi/bi-coin/bi-coin-fabric/report.html
2026.07.25-19:03:12.313[32m info [39m [caliper] [monitor.js] 	Stopping all monitors
2026.07.25-19:03:12.314[32m info [39m [caliper] [worker-orchestrator] 	Sending exit message to connected workers
2026.07.25-19:03:12.314[32m info [39m [caliper] [round-orchestrator] 	Benchmark finished in 402.933 seconds. Total rounds: 3. Successful rounds: 3. Failed rounds: 0.
2026.07.25-19:03:12.314[32m info [39m [caliper] [caliper-engine] 	Network configuration attribute "caliper.command.end" is not present, skipping end command
2026.07.25-19:03:12.314[32m info [39m [caliper] [cli-launch-manager] 	Benchmark successfully finished!
2026.07.25-19:03:12.314[32m info [39m [caliper] [worker-message-handler] 	Worker#0 is exiting
