
> bi-coin-fabric@1.0.0 benchmark:transfer:w2
> caliper launch manager --caliper-benchconfig benchmark/benchconfigs/retail-transfer-workers-2.yaml --caliper-networkconfig benchmark/networkconfig.yaml --caliper-workspace .

2026.07.25-19:03:12.738[32m info [39m [caliper] [cli-launch-manager] 	Set workspace path: /home/mfachrizalg/2026/Skripsi/bi-coin/bi-coin-fabric
2026.07.25-19:03:12.738[32m info [39m [caliper] [cli-launch-manager] 	Set benchmark configuration path: /home/mfachrizalg/2026/Skripsi/bi-coin/bi-coin-fabric/benchmark/benchconfigs/retail-transfer-workers-2.yaml
2026.07.25-19:03:12.739[32m info [39m [caliper] [cli-launch-manager] 	Set network configuration path: /home/mfachrizalg/2026/Skripsi/bi-coin/bi-coin-fabric/benchmark/networkconfig.yaml
2026.07.25-19:03:12.739[32m info [39m [caliper] [cli-launch-manager] 	Set SUT type: fabric
2026.07.25-19:03:12.754[32m info [39m [caliper] [caliper-engine] 	Starting benchmark flow
2026.07.25-19:03:12.755[32m info [39m [caliper] [caliper-engine] 	Network configuration attribute "caliper.command.start" is not present, skipping start command
2026.07.25-19:03:13.218[32m info [39m [caliper] [FabricConnectorFactory] 	Initializing peer gateway connector compatible with installed fabric-gateway SDK: 1.5.0
2026.07.25-19:03:13.225[32m info [39m [caliper] [IdentityManager] 	Adding User1 (admin=false) as User1 for organization BankIndonesiaOrgMSP
2026.07.25-19:03:13.226[32m info [39m [caliper] [IdentityManager] 	Adding User1 (admin=false) as _HimbaraBankOrgMSP_User1 for organization HimbaraBankOrgMSP
2026.07.25-19:03:13.227[32m info [39m [caliper] [IdentityManager] 	Adding User1 (admin=false) as _CommercialBankOrgMSP_User1 for organization CommercialBankOrgMSP
2026.07.25-19:03:13.229[32m info [39m [caliper] [connectors/peer-gateway/PeerGateway] 	Fabric-Gateway SDK version: 1.5.0 for Peer-Gateway connector; TLS based on BankIndonesiaOrgMSP: server
2026.07.25-19:03:13.229[32m info [39m [caliper] [caliper-engine] 	Executed "init" step in 0.001 seconds
2026.07.25-19:03:13.229[33m warn [39m [caliper] [connectors/peer-gateway/PeerGateway] 	Install smart contract not available for the Fabric Peer Gateway connector
2026.07.25-19:03:13.229[32m info [39m [caliper] [caliper-engine] 	Executed "install" step in 0 seconds
2026.07.25-19:03:13.231[32m info [39m [caliper] [monitor.js] 	Attempting to create resource monitor of type docker
2026.07.25-19:03:13.232[32m info [39m [caliper] [default-observer] 	Observer interval set to 5000 milliseconds
2026.07.25-19:03:13.235[32m info [39m [caliper] [round-orchestrator] 	Preparing worker connections
2026.07.25-19:03:13.235[32m info [39m [caliper] [worker-orchestrator] 	Launching worker 1 of 2
2026.07.25-19:03:13.240[32m info [39m [caliper] [worker-orchestrator] 	Launching worker 2 of 2
2026.07.25-19:03:13.242[32m info [39m [caliper] [worker-orchestrator] 	Messenger not configured, entering configure phase...
2026.07.25-19:03:13.242[32m info [39m [caliper] [worker-orchestrator] 	No existing workers detected, entering worker launch phase...
2026.07.25-19:03:13.243[32m info [39m [caliper] [worker-orchestrator] 	Waiting for 2 workers to be connected...
2026.07.25-19:03:13.539[32m info [39m [caliper] [cli-launch-worker] 	Set workspace path: /home/mfachrizalg/2026/Skripsi/bi-coin/bi-coin-fabric
2026.07.25-19:03:13.540[32m info [39m [caliper] [cli-launch-worker] 	Set benchmark configuration path: /home/mfachrizalg/2026/Skripsi/bi-coin/bi-coin-fabric/benchmark/benchconfigs/retail-transfer-workers-2.yaml
2026.07.25-19:03:13.540[32m info [39m [caliper] [cli-launch-worker] 	Set network configuration path: /home/mfachrizalg/2026/Skripsi/bi-coin/bi-coin-fabric/benchmark/networkconfig.yaml
2026.07.25-19:03:13.540[32m info [39m [caliper] [cli-launch-worker] 	Set SUT type: fabric
2026.07.25-19:03:13.548[32m info [39m [caliper] [cli-launch-worker] 	Set workspace path: /home/mfachrizalg/2026/Skripsi/bi-coin/bi-coin-fabric
2026.07.25-19:03:13.549[32m info [39m [caliper] [cli-launch-worker] 	Set benchmark configuration path: /home/mfachrizalg/2026/Skripsi/bi-coin/bi-coin-fabric/benchmark/benchconfigs/retail-transfer-workers-2.yaml
2026.07.25-19:03:13.549[32m info [39m [caliper] [cli-launch-worker] 	Set network configuration path: /home/mfachrizalg/2026/Skripsi/bi-coin/bi-coin-fabric/benchmark/networkconfig.yaml
2026.07.25-19:03:13.549[32m info [39m [caliper] [cli-launch-worker] 	Set SUT type: fabric
2026.07.25-19:03:13.578[32m info [39m [caliper] [worker-orchestrator] 	2 workers connected, progressing to worker assignment phase.
2026.07.25-19:03:13.578[32m info [39m [caliper] [worker-orchestrator] 	Workers currently unassigned, awaiting index assignment...
2026.07.25-19:03:13.579[32m info [39m [caliper] [worker-orchestrator] 	Waiting for 2 workers to be assigned...
2026.07.25-19:03:13.612[32m info [39m [caliper] [worker-orchestrator] 	2 workers assigned, progressing to worker initialization phase.
2026.07.25-19:03:13.612[32m info [39m [caliper] [worker-orchestrator] 	Waiting for 2 workers to be ready...
2026.07.25-19:03:13.613[32m info [39m [caliper] [worker-message-handler] 	Initializing Worker#0...
2026.07.25-19:03:13.613[32m info [39m [caliper] [worker-message-handler] 	Initializing Worker#1...
2026.07.25-19:03:14.102[32m info [39m [caliper] [FabricConnectorFactory] 	Initializing peer gateway connector compatible with installed fabric-gateway SDK: 1.5.0
2026.07.25-19:03:14.106[32m info [39m [caliper] [FabricConnectorFactory] 	Initializing peer gateway connector compatible with installed fabric-gateway SDK: 1.5.0
2026.07.25-19:03:14.107[32m info [39m [caliper] [IdentityManager] 	Adding User1 (admin=false) as User1 for organization BankIndonesiaOrgMSP
2026.07.25-19:03:14.108[32m info [39m [caliper] [IdentityManager] 	Adding User1 (admin=false) as _HimbaraBankOrgMSP_User1 for organization HimbaraBankOrgMSP
2026.07.25-19:03:14.108[32m info [39m [caliper] [IdentityManager] 	Adding User1 (admin=false) as _CommercialBankOrgMSP_User1 for organization CommercialBankOrgMSP
2026.07.25-19:03:14.110[32m info [39m [caliper] [worker-message-handler] 	Worker#1 initialized
2026.07.25-19:03:14.112[32m info [39m [caliper] [IdentityManager] 	Adding User1 (admin=false) as User1 for organization BankIndonesiaOrgMSP
2026.07.25-19:03:14.112[32m info [39m [caliper] [IdentityManager] 	Adding User1 (admin=false) as _HimbaraBankOrgMSP_User1 for organization HimbaraBankOrgMSP
2026.07.25-19:03:14.113[32m info [39m [caliper] [IdentityManager] 	Adding User1 (admin=false) as _CommercialBankOrgMSP_User1 for organization CommercialBankOrgMSP
2026.07.25-19:03:14.115[32m info [39m [caliper] [worker-message-handler] 	Worker#0 initialized
2026.07.25-19:03:14.116[32m info [39m [caliper] [worker-orchestrator] 	2 workers ready, progressing to test preparation phase.
2026.07.25-19:03:14.116[32m info [39m [caliper] [round-orchestrator] 	Started round 1 (retail-warmup-w2)
2026.07.25-19:03:14.116[32m info [39m [caliper] [worker-message-handler] 	Preparing Worker#0 for Round#0
2026.07.25-19:03:14.117[32m info [39m [caliper] [worker-message-handler] 	Preparing Worker#1 for Round#0
2026.07.25-19:03:14.130[32m info [39m [caliper] [connectors/peer-gateway/PeerGateway] 	Generating contract map for user User1
2026.07.25-19:03:14.131[32m info [39m [caliper] [connectors/peer-gateway/PeerGateway] 	Generating contract map for user User1
2026.07.25-19:03:14.134[32m info [39m [caliper] [connectors/peer-gateway/PeerGateway] 	Generating contract map for user _HimbaraBankOrgMSP_User1
2026.07.25-19:03:14.136[32m info [39m [caliper] [connectors/peer-gateway/PeerGateway] 	Generating contract map for user _HimbaraBankOrgMSP_User1
2026.07.25-19:03:14.137[32m info [39m [caliper] [connectors/peer-gateway/PeerGateway] 	Generating contract map for user _CommercialBankOrgMSP_User1
2026.07.25-19:03:14.137[32m info [39m [caliper] [caliper-worker] 	Info: worker 1 prepare test phase for round 0 is starting...
2026.07.25-19:03:14.138[32m info [39m [caliper] [connectors/peer-gateway/PeerGateway] 	Generating contract map for user _CommercialBankOrgMSP_User1
2026.07.25-19:03:14.138[32m info [39m [caliper] [caliper-worker] 	Info: worker 0 prepare test phase for round 0 is starting...
2026.07.25-19:03:39.208[32m info [39m [caliper] [connectors/peer-gateway/PeerGateway] 	disconnecting gateway for user User1
2026.07.25-19:03:39.209[32m info [39m [caliper] [connectors/peer-gateway/PeerGateway] 	disconnecting gateway for user _HimbaraBankOrgMSP_User1
2026.07.25-19:03:39.209[32m info [39m [caliper] [connectors/peer-gateway/PeerGateway] 	disconnecting gateway for user _CommercialBankOrgMSP_User1
2026.07.25-19:03:39.209[32m info [39m [caliper] [connectors/peer-gateway/PeerGateway] 	disconnecting gRpc client at peer peer0.bi.paynet
2026.07.25-19:03:39.210[32m info [39m [caliper] [connectors/peer-gateway/PeerGateway] 	disconnecting gRpc client at peer peer0.himbara.paynet
2026.07.25-19:03:39.210[32m info [39m [caliper] [connectors/peer-gateway/PeerGateway] 	disconnecting gRpc client at peer peer0.commercial.paynet
2026.07.25-19:03:39.210[32m info [39m [caliper] [caliper-worker] 	Info: worker 0 prepare test phase for round 0 is completed
2026.07.25-19:03:39.210[32m info [39m [caliper] [worker-message-handler] 	Worker#0 prepared for Round#0
2026.07.25-19:03:41.320[32m info [39m [caliper] [connectors/peer-gateway/PeerGateway] 	disconnecting gateway for user User1
2026.07.25-19:03:41.320[32m info [39m [caliper] [connectors/peer-gateway/PeerGateway] 	disconnecting gateway for user _HimbaraBankOrgMSP_User1
2026.07.25-19:03:41.320[32m info [39m [caliper] [connectors/peer-gateway/PeerGateway] 	disconnecting gateway for user _CommercialBankOrgMSP_User1
2026.07.25-19:03:41.320[32m info [39m [caliper] [connectors/peer-gateway/PeerGateway] 	disconnecting gRpc client at peer peer0.bi.paynet
2026.07.25-19:03:41.321[32m info [39m [caliper] [connectors/peer-gateway/PeerGateway] 	disconnecting gRpc client at peer peer0.himbara.paynet
2026.07.25-19:03:41.321[32m info [39m [caliper] [connectors/peer-gateway/PeerGateway] 	disconnecting gRpc client at peer peer0.commercial.paynet
2026.07.25-19:03:41.321[32m info [39m [caliper] [caliper-worker] 	Info: worker 1 prepare test phase for round 0 is completed
2026.07.25-19:03:41.321[32m info [39m [caliper] [worker-message-handler] 	Worker#1 prepared for Round#0
2026.07.25-19:03:41.322[32m info [39m [caliper] [worker-orchestrator] 	2 workers prepared, progressing to test phase.
2026.07.25-19:03:43.384[32m info [39m [caliper] [round-orchestrator] 	Monitors successfully started
2026.07.25-19:03:43.385[32m info [39m [caliper] [worker-message-handler] 	Worker#0 is starting Round#0
2026.07.25-19:03:43.385[32m info [39m [caliper] [worker-message-handler] 	Worker#1 is starting Round#0
2026.07.25-19:03:43.387[32m info [39m [caliper] [connectors/peer-gateway/PeerGateway] 	Generating contract map for user User1
2026.07.25-19:03:43.387[32m info [39m [caliper] [connectors/peer-gateway/PeerGateway] 	Generating contract map for user User1
2026.07.25-19:03:43.389[32m info [39m [caliper] [connectors/peer-gateway/PeerGateway] 	Generating contract map for user _HimbaraBankOrgMSP_User1
2026.07.25-19:03:43.389[32m info [39m [caliper] [connectors/peer-gateway/PeerGateway] 	Generating contract map for user _HimbaraBankOrgMSP_User1
2026.07.25-19:03:43.390[32m info [39m [caliper] [connectors/peer-gateway/PeerGateway] 	Generating contract map for user _CommercialBankOrgMSP_User1
2026.07.25-19:03:43.391[32m info [39m [caliper] [connectors/peer-gateway/PeerGateway] 	Generating contract map for user _CommercialBankOrgMSP_User1
2026.07.25-19:03:43.392[32m info [39m [caliper] [caliper-worker] 	Worker #0 starting workload loop
2026.07.25-19:03:43.392[32m info [39m [caliper] [caliper-worker] 	Worker #1 starting workload loop
(node:1158651) TimeoutNegativeWarning: -1 is a negative number.
Timeout duration was set to 1.
(Use `node --trace-warnings ...` to show where the warning was created)
(node:1158652) TimeoutNegativeWarning: -1 is a negative number.
Timeout duration was set to 1.
(Use `node --trace-warnings ...` to show where the warning was created)
2026.07.25-19:03:46.326[32m info [39m [caliper] [default-observer] 	[retail-warmup-w2 Round 0 Transaction Info] - Submitted: 20 Succ: 20 Fail:0 Unfinished:0
2026.07.25-19:03:49.602[32m info [39m [caliper] [connectors/peer-gateway/PeerGateway] 	disconnecting gateway for user User1
2026.07.25-19:03:49.602[32m info [39m [caliper] [connectors/peer-gateway/PeerGateway] 	disconnecting gateway for user _HimbaraBankOrgMSP_User1
2026.07.25-19:03:49.602[32m info [39m [caliper] [connectors/peer-gateway/PeerGateway] 	disconnecting gateway for user _CommercialBankOrgMSP_User1
2026.07.25-19:03:49.603[32m info [39m [caliper] [connectors/peer-gateway/PeerGateway] 	disconnecting gRpc client at peer peer0.bi.paynet
2026.07.25-19:03:49.603[32m info [39m [caliper] [connectors/peer-gateway/PeerGateway] 	disconnecting gRpc client at peer peer0.himbara.paynet
2026.07.25-19:03:49.603[32m info [39m [caliper] [connectors/peer-gateway/PeerGateway] 	disconnecting gRpc client at peer peer0.commercial.paynet
2026.07.25-19:03:49.603[32m info [39m [caliper] [worker-message-handler] 	Worker#0 finished Round#0
2026.07.25-19:03:49.604[32m info [39m [caliper] [connectors/peer-gateway/PeerGateway] 	disconnecting gateway for user User1
2026.07.25-19:03:49.604[32m info [39m [caliper] [connectors/peer-gateway/PeerGateway] 	disconnecting gateway for user _HimbaraBankOrgMSP_User1
2026.07.25-19:03:49.604[32m info [39m [caliper] [connectors/peer-gateway/PeerGateway] 	disconnecting gateway for user _CommercialBankOrgMSP_User1
2026.07.25-19:03:49.604[32m info [39m [caliper] [connectors/peer-gateway/PeerGateway] 	disconnecting gRpc client at peer peer0.bi.paynet
2026.07.25-19:03:49.604[32m info [39m [caliper] [connectors/peer-gateway/PeerGateway] 	disconnecting gRpc client at peer peer0.himbara.paynet
2026.07.25-19:03:49.604[32m info [39m [caliper] [connectors/peer-gateway/PeerGateway] 	disconnecting gRpc client at peer peer0.commercial.paynet
2026.07.25-19:03:49.604[32m info [39m [caliper] [worker-message-handler] 	Worker#1 finished Round#0
2026.07.25-19:03:54.606[32m info [39m [caliper] [default-observer] 	Resetting txCount indicator count
2026.07.25-19:03:54.606[32m info [39m [caliper] [report-builder] 	### Test result ###
2026.07.25-19:03:54.610[32m info [39m [caliper] [report-builder] 	
+------------------+------+------+-----------------+-----------------+-----------------+-----------------+------------------+
| Name             | Succ | Fail | Send Rate (TPS) | Max Latency (s) | Min Latency (s) | Avg Latency (s) | Throughput (TPS) |
|------------------|------|------|-----------------|-----------------|-----------------|-----------------|------------------|
| retail-warmup-w2 | 40   | 0    | 10.5            | 2.12            | 0.01            | 0.77            | 7.8              |
+------------------+------+------+-----------------+-----------------+-----------------+-----------------+------------------+

2026.07.25-19:03:54.615[32m info [39m [caliper] [report-builder] 	### docker resource stats ###'
2026.07.25-19:03:54.617[32m info [39m [caliper] [report-builder] 	
+-----------------------------+-----------+-----------+------------------+------------------+-----------------+------------------+-----------------+----------------+
| Name                        | CPU%(max) | CPU%(avg) | Memory(max) [MB] | Memory(avg) [MB] | Traffic In [MB] | Traffic Out [MB] | Disc Write [MB] | Disc Read [KB] |
|-----------------------------|-----------|-----------|------------------|------------------|-----------------|------------------|-----------------|----------------|
| /peer0.pjp.paynet           | 0.1       | 0.04      | 122              | 122              | 0.577           | 0.395            | 0.973           | 0.00           |
|-----------------------------|-----------|-----------|------------------|------------------|-----------------|------------------|-----------------|----------------|
| /peer0.bi.paynet            | 0.21875   | 0.065     | 116              | 116              | 1.20            | 1.08             | 1.12            | 0.00           |
|-----------------------------|-----------|-----------|------------------|------------------|-----------------|------------------|-----------------|----------------|
| /peer0.commercial.paynet    | 0.12375   | 0.045     | 120              | 119              | 0.537           | 0.351            | 0.691           | 0.00           |
|-----------------------------|-----------|-----------|------------------|------------------|-----------------|------------------|-----------------|----------------|
| /peer0.himbara.paynet       | 0.1125    | 0.0425    | 119              | 118              | 0.552           | 0.366            | 1.04            | 0.00           |
|-----------------------------|-----------|-----------|------------------|------------------|-----------------|------------------|-----------------|----------------|
| /peer0.ojk.paynet           | 0.1375    | 0.04875   | 121              | 120              | 0.518           | 0.324            | 0.938           | 0.00           |
|-----------------------------|-----------|-----------|------------------|------------------|-----------------|------------------|-----------------|----------------|
| /couchdb0.commercial.paynet | 0.315     | 0.07      | 43.8             | 42.7             | 0.0986          | 0.0938           | 1.23            | 0.00           |
|-----------------------------|-----------|-----------|------------------|------------------|-----------------|------------------|-----------------|----------------|
| /orderer.paynet             | 0.03      | 0.00625   | 71.5             | 69.9             | 0.269           | 1.24             | 1.11            | 0.00           |
|-----------------------------|-----------|-----------|------------------|------------------|-----------------|------------------|-----------------|----------------|
| /couchdb0.bi.paynet         | 0.2575    | 0.06      | 41.8             | 40.6             | 0.0850          | 0.0464           | 1.38            | 4.00           |
|-----------------------------|-----------|-----------|------------------|------------------|-----------------|------------------|-----------------|----------------|
| /couchdb0.himbara.paynet    | 0.2975    | 0.06625   | 60.2             | 59.2             | 0.101           | 0.0954           | 1.43            | 0.00           |
|-----------------------------|-----------|-----------|------------------|------------------|-----------------|------------------|-----------------|----------------|
| /couchdb0.ojk.paynet        | 0.355     | 0.07875   | 53.1             | 52.7             | 0.0988          | 0.0970           | 1.77            | 0.00           |
|-----------------------------|-----------|-----------|------------------|------------------|-----------------|------------------|-----------------|----------------|
| /couchdb0.pjp.paynet        | 0.3775    | 0.0775    | 53.5             | 52.7             | 0.105           | 0.103            | 1.67            | 0.00           |
+-----------------------------+-----------+-----------+------------------+------------------+-----------------+------------------+-----------------+----------------+

2026.07.25-19:03:54.617[32m info [39m [caliper] [round-orchestrator] 	Finished round 1 (retail-warmup-w2) in 5.213 seconds
2026.07.25-19:03:54.617[32m info [39m [caliper] [monitor.js] 	Stopping all monitors
2026.07.25-19:03:54.718[32m info [39m [caliper] [round-orchestrator] 	Waiting 5 seconds for the next round...
2026.07.25-19:03:59.719[32m info [39m [caliper] [round-orchestrator] 	Started round 2 (retail-sustained-w2)
2026.07.25-19:03:59.719[32m info [39m [caliper] [worker-message-handler] 	Preparing Worker#0 for Round#1
2026.07.25-19:03:59.719[32m info [39m [caliper] [worker-message-handler] 	Preparing Worker#1 for Round#1
2026.07.25-19:03:59.721[32m info [39m [caliper] [connectors/peer-gateway/PeerGateway] 	Generating contract map for user User1
2026.07.25-19:03:59.721[32m info [39m [caliper] [connectors/peer-gateway/PeerGateway] 	Generating contract map for user User1
2026.07.25-19:03:59.723[32m info [39m [caliper] [connectors/peer-gateway/PeerGateway] 	Generating contract map for user _HimbaraBankOrgMSP_User1
2026.07.25-19:03:59.724[32m info [39m [caliper] [connectors/peer-gateway/PeerGateway] 	Generating contract map for user _HimbaraBankOrgMSP_User1
2026.07.25-19:03:59.725[32m info [39m [caliper] [connectors/peer-gateway/PeerGateway] 	Generating contract map for user _CommercialBankOrgMSP_User1
2026.07.25-19:03:59.726[32m info [39m [caliper] [connectors/peer-gateway/PeerGateway] 	Generating contract map for user _CommercialBankOrgMSP_User1
2026.07.25-19:03:59.726[32m info [39m [caliper] [caliper-worker] 	Info: worker 1 prepare test phase for round 1 is starting...
2026.07.25-19:03:59.726[32m info [39m [caliper] [caliper-worker] 	Info: worker 0 prepare test phase for round 1 is starting...
2026.07.25-19:04:23.277[32m info [39m [caliper] [connectors/peer-gateway/PeerGateway] 	disconnecting gateway for user User1
2026.07.25-19:04:23.278[32m info [39m [caliper] [connectors/peer-gateway/PeerGateway] 	disconnecting gateway for user _HimbaraBankOrgMSP_User1
2026.07.25-19:04:23.278[32m info [39m [caliper] [connectors/peer-gateway/PeerGateway] 	disconnecting gateway for user _CommercialBankOrgMSP_User1
2026.07.25-19:04:23.278[32m info [39m [caliper] [connectors/peer-gateway/PeerGateway] 	disconnecting gRpc client at peer peer0.bi.paynet
2026.07.25-19:04:23.278[32m info [39m [caliper] [connectors/peer-gateway/PeerGateway] 	disconnecting gRpc client at peer peer0.himbara.paynet
2026.07.25-19:04:23.278[32m info [39m [caliper] [connectors/peer-gateway/PeerGateway] 	disconnecting gRpc client at peer peer0.commercial.paynet
2026.07.25-19:04:23.278[32m info [39m [caliper] [caliper-worker] 	Info: worker 1 prepare test phase for round 1 is completed
2026.07.25-19:04:23.278[32m info [39m [caliper] [worker-message-handler] 	Worker#1 prepared for Round#1
2026.07.25-19:04:25.366[32m info [39m [caliper] [connectors/peer-gateway/PeerGateway] 	disconnecting gateway for user User1
2026.07.25-19:04:25.366[32m info [39m [caliper] [connectors/peer-gateway/PeerGateway] 	disconnecting gateway for user _HimbaraBankOrgMSP_User1
2026.07.25-19:04:25.366[32m info [39m [caliper] [connectors/peer-gateway/PeerGateway] 	disconnecting gateway for user _CommercialBankOrgMSP_User1
2026.07.25-19:04:25.366[32m info [39m [caliper] [connectors/peer-gateway/PeerGateway] 	disconnecting gRpc client at peer peer0.bi.paynet
2026.07.25-19:04:25.366[32m info [39m [caliper] [connectors/peer-gateway/PeerGateway] 	disconnecting gRpc client at peer peer0.himbara.paynet
2026.07.25-19:04:25.366[32m info [39m [caliper] [connectors/peer-gateway/PeerGateway] 	disconnecting gRpc client at peer peer0.commercial.paynet
2026.07.25-19:04:25.367[32m info [39m [caliper] [caliper-worker] 	Info: worker 0 prepare test phase for round 1 is completed
2026.07.25-19:04:25.367[32m info [39m [caliper] [worker-message-handler] 	Worker#0 prepared for Round#1
2026.07.25-19:04:25.367[32m info [39m [caliper] [worker-orchestrator] 	2 workers prepared, progressing to test phase.
2026.07.25-19:04:27.411[32m info [39m [caliper] [round-orchestrator] 	Monitors successfully started
2026.07.25-19:04:27.412[32m info [39m [caliper] [worker-message-handler] 	Worker#0 is starting Round#1
2026.07.25-19:04:27.412[32m info [39m [caliper] [worker-message-handler] 	Worker#1 is starting Round#1
2026.07.25-19:04:27.414[32m info [39m [caliper] [connectors/peer-gateway/PeerGateway] 	Generating contract map for user User1
2026.07.25-19:04:27.414[32m info [39m [caliper] [connectors/peer-gateway/PeerGateway] 	Generating contract map for user User1
2026.07.25-19:04:27.415[32m info [39m [caliper] [connectors/peer-gateway/PeerGateway] 	Generating contract map for user _HimbaraBankOrgMSP_User1
2026.07.25-19:04:27.415[32m info [39m [caliper] [connectors/peer-gateway/PeerGateway] 	Generating contract map for user _HimbaraBankOrgMSP_User1
2026.07.25-19:04:27.416[32m info [39m [caliper] [connectors/peer-gateway/PeerGateway] 	Generating contract map for user _CommercialBankOrgMSP_User1
2026.07.25-19:04:27.416[32m info [39m [caliper] [connectors/peer-gateway/PeerGateway] 	Generating contract map for user _CommercialBankOrgMSP_User1
2026.07.25-19:04:27.417[32m info [39m [caliper] [caliper-worker] 	Worker #1 starting workload loop
2026.07.25-19:04:27.417[32m info [39m [caliper] [caliper-worker] 	Worker #0 starting workload loop
2026.07.25-19:04:30.372[32m info [39m [caliper] [default-observer] 	[retail-sustained-w2 Round 1 Transaction Info] - Submitted: 40 Succ: 32 Fail:0 Unfinished:8
2026.07.25-19:04:31.697[32m info [39m [caliper] [connectors/peer-gateway/PeerGateway] 	disconnecting gateway for user User1
2026.07.25-19:04:31.697[32m info [39m [caliper] [connectors/peer-gateway/PeerGateway] 	disconnecting gateway for user User1
2026.07.25-19:04:31.697[32m info [39m [caliper] [connectors/peer-gateway/PeerGateway] 	disconnecting gateway for user _HimbaraBankOrgMSP_User1
2026.07.25-19:04:31.697[32m info [39m [caliper] [connectors/peer-gateway/PeerGateway] 	disconnecting gateway for user _HimbaraBankOrgMSP_User1
2026.07.25-19:04:31.697[32m info [39m [caliper] [connectors/peer-gateway/PeerGateway] 	disconnecting gateway for user _CommercialBankOrgMSP_User1
2026.07.25-19:04:31.697[32m info [39m [caliper] [connectors/peer-gateway/PeerGateway] 	disconnecting gateway for user _CommercialBankOrgMSP_User1
2026.07.25-19:04:31.697[32m info [39m [caliper] [connectors/peer-gateway/PeerGateway] 	disconnecting gRpc client at peer peer0.bi.paynet
2026.07.25-19:04:31.697[32m info [39m [caliper] [connectors/peer-gateway/PeerGateway] 	disconnecting gRpc client at peer peer0.bi.paynet
2026.07.25-19:04:31.697[32m info [39m [caliper] [connectors/peer-gateway/PeerGateway] 	disconnecting gRpc client at peer peer0.himbara.paynet
2026.07.25-19:04:31.697[32m info [39m [caliper] [connectors/peer-gateway/PeerGateway] 	disconnecting gRpc client at peer peer0.himbara.paynet
2026.07.25-19:04:31.697[32m info [39m [caliper] [connectors/peer-gateway/PeerGateway] 	disconnecting gRpc client at peer peer0.commercial.paynet
2026.07.25-19:04:31.697[32m info [39m [caliper] [connectors/peer-gateway/PeerGateway] 	disconnecting gRpc client at peer peer0.commercial.paynet
2026.07.25-19:04:31.698[32m info [39m [caliper] [worker-message-handler] 	Worker#1 finished Round#1
2026.07.25-19:04:31.698[32m info [39m [caliper] [worker-message-handler] 	Worker#0 finished Round#1
2026.07.25-19:04:36.700[32m info [39m [caliper] [default-observer] 	Resetting txCount indicator count
2026.07.25-19:04:36.700[32m info [39m [caliper] [report-builder] 	### Test result ###
2026.07.25-19:04:36.701[32m info [39m [caliper] [report-builder] 	
+---------------------+------+------+-----------------+-----------------+-----------------+-----------------+------------------+
| Name                | Succ | Fail | Send Rate (TPS) | Max Latency (s) | Min Latency (s) | Avg Latency (s) | Throughput (TPS) |
|---------------------|------|------|-----------------|-----------------|-----------------|-----------------|------------------|
| retail-sustained-w2 | 40   | 0    | 31.6            | 2.21            | 0.00            | 0.63            | 12.5             |
+---------------------+------+------+-----------------+-----------------+-----------------+-----------------+------------------+

2026.07.25-19:04:36.706[32m info [39m [caliper] [report-builder] 	### docker resource stats ###'
2026.07.25-19:04:36.708[32m info [39m [caliper] [report-builder] 	
+-----------------------------+-----------+-----------+------------------+------------------+-----------------+------------------+-----------------+---------------+
| Name                        | CPU%(max) | CPU%(avg) | Memory(max) [MB] | Memory(avg) [MB] | Traffic In [MB] | Traffic Out [MB] | Disc Write [MB] | Disc Read [B] |
|-----------------------------|-----------|-----------|------------------|------------------|-----------------|------------------|-----------------|---------------|
| /peer0.pjp.paynet           | 0.03125   | 0.02625   | 118              | 117              | 0.539           | 0.346            | 0.918           | 0.00          |
|-----------------------------|-----------|-----------|------------------|------------------|-----------------|------------------|-----------------|---------------|
| /peer0.bi.paynet            | 0.10625   | 0.04125   | 118              | 118              | 1.16            | 1.04             | 1.14            | 0.00          |
|-----------------------------|-----------|-----------|------------------|------------------|-----------------|------------------|-----------------|---------------|
| /peer0.commercial.paynet    | 0.035     | 0.02875   | 122              | 122              | 0.529           | 0.351            | 0.953           | 0.00          |
|-----------------------------|-----------|-----------|------------------|------------------|-----------------|------------------|-----------------|---------------|
| /peer0.himbara.paynet       | 0.035     | 0.02875   | 122              | 119              | 0.544           | 0.362            | 0.852           | 0.00          |
|-----------------------------|-----------|-----------|------------------|------------------|-----------------|------------------|-----------------|---------------|
| /peer0.ojk.paynet           | 0.03125   | 0.02625   | 121              | 121              | 0.507           | 0.308            | 1.16            | 0.00          |
|-----------------------------|-----------|-----------|------------------|------------------|-----------------|------------------|-----------------|---------------|
| /couchdb0.commercial.paynet | 0.07375   | 0.0325    | 44.3             | 43.9             | 0.0985          | 0.0904           | 2.21            | 0.00          |
|-----------------------------|-----------|-----------|------------------|------------------|-----------------|------------------|-----------------|---------------|
| /orderer.paynet             | 0.00125   | 0         | 50.7             | 50.7             | 0.269           | 1.24             | 1.22            | 0.00          |
|-----------------------------|-----------|-----------|------------------|------------------|-----------------|------------------|-----------------|---------------|
| /couchdb0.bi.paynet         | 0.13375   | 0.05875   | 41.8             | 40.9             | 0.0848          | 0.0463           | 1.64            | 0.00          |
|-----------------------------|-----------|-----------|------------------|------------------|-----------------|------------------|-----------------|---------------|
| /couchdb0.himbara.paynet    | 0.07875   | 0.03375   | 60.5             | 59.8             | 0.102           | 0.0982           | 2.75            | 0.00          |
|-----------------------------|-----------|-----------|------------------|------------------|-----------------|------------------|-----------------|---------------|
| /couchdb0.ojk.paynet        | 0.07875   | 0.03125   | 53.2             | 52.6             | 0.0962          | 0.0959           | 1.94            | 0.00          |
|-----------------------------|-----------|-----------|------------------|------------------|-----------------|------------------|-----------------|---------------|
| /couchdb0.pjp.paynet        | 0.085     | 0.03375   | 52.9             | 52.6             | 0.0987          | 0.100            | 2.13            | 0.00          |
+-----------------------------+-----------+-----------+------------------+------------------+-----------------+------------------+-----------------+---------------+

2026.07.25-19:04:36.708[32m info [39m [caliper] [round-orchestrator] 	Finished round 2 (retail-sustained-w2) in 3.279 seconds
2026.07.25-19:04:36.708[32m info [39m [caliper] [monitor.js] 	Stopping all monitors
2026.07.25-19:04:36.809[32m info [39m [caliper] [round-orchestrator] 	Waiting 5 seconds for the next round...
2026.07.25-19:04:41.810[32m info [39m [caliper] [round-orchestrator] 	Started round 3 (retail-peak-w2)
2026.07.25-19:04:41.810[32m info [39m [caliper] [worker-message-handler] 	Preparing Worker#1 for Round#2
2026.07.25-19:04:41.810[32m info [39m [caliper] [worker-message-handler] 	Preparing Worker#0 for Round#2
2026.07.25-19:04:41.812[32m info [39m [caliper] [connectors/peer-gateway/PeerGateway] 	Generating contract map for user User1
2026.07.25-19:04:41.813[32m info [39m [caliper] [connectors/peer-gateway/PeerGateway] 	Generating contract map for user User1
2026.07.25-19:04:41.814[32m info [39m [caliper] [connectors/peer-gateway/PeerGateway] 	Generating contract map for user _HimbaraBankOrgMSP_User1
2026.07.25-19:04:41.814[32m info [39m [caliper] [connectors/peer-gateway/PeerGateway] 	Generating contract map for user _HimbaraBankOrgMSP_User1
2026.07.25-19:04:41.815[32m info [39m [caliper] [connectors/peer-gateway/PeerGateway] 	Generating contract map for user _CommercialBankOrgMSP_User1
2026.07.25-19:04:41.815[32m info [39m [caliper] [caliper-worker] 	Info: worker 1 prepare test phase for round 2 is starting...
2026.07.25-19:04:41.816[32m info [39m [caliper] [connectors/peer-gateway/PeerGateway] 	Generating contract map for user _CommercialBankOrgMSP_User1
2026.07.25-19:04:41.817[32m info [39m [caliper] [caliper-worker] 	Info: worker 0 prepare test phase for round 2 is starting...
2026.07.25-19:05:10.492[32m info [39m [caliper] [connectors/peer-gateway/PeerGateway] 	disconnecting gateway for user User1
2026.07.25-19:05:10.493[32m info [39m [caliper] [connectors/peer-gateway/PeerGateway] 	disconnecting gateway for user _HimbaraBankOrgMSP_User1
2026.07.25-19:05:10.493[32m info [39m [caliper] [connectors/peer-gateway/PeerGateway] 	disconnecting gateway for user _CommercialBankOrgMSP_User1
2026.07.25-19:05:10.493[32m info [39m [caliper] [connectors/peer-gateway/PeerGateway] 	disconnecting gRpc client at peer peer0.bi.paynet
2026.07.25-19:05:10.493[32m info [39m [caliper] [connectors/peer-gateway/PeerGateway] 	disconnecting gRpc client at peer peer0.himbara.paynet
2026.07.25-19:05:10.493[32m info [39m [caliper] [connectors/peer-gateway/PeerGateway] 	disconnecting gateway for user User1
2026.07.25-19:05:10.493[32m info [39m [caliper] [connectors/peer-gateway/PeerGateway] 	disconnecting gRpc client at peer peer0.commercial.paynet
2026.07.25-19:05:10.493[32m info [39m [caliper] [connectors/peer-gateway/PeerGateway] 	disconnecting gateway for user _HimbaraBankOrgMSP_User1
2026.07.25-19:05:10.493[32m info [39m [caliper] [caliper-worker] 	Info: worker 0 prepare test phase for round 2 is completed
2026.07.25-19:05:10.493[32m info [39m [caliper] [connectors/peer-gateway/PeerGateway] 	disconnecting gateway for user _CommercialBankOrgMSP_User1
2026.07.25-19:05:10.493[32m info [39m [caliper] [worker-message-handler] 	Worker#0 prepared for Round#2
2026.07.25-19:05:10.493[32m info [39m [caliper] [connectors/peer-gateway/PeerGateway] 	disconnecting gRpc client at peer peer0.bi.paynet
2026.07.25-19:05:10.493[32m info [39m [caliper] [connectors/peer-gateway/PeerGateway] 	disconnecting gRpc client at peer peer0.himbara.paynet
2026.07.25-19:05:10.493[32m info [39m [caliper] [connectors/peer-gateway/PeerGateway] 	disconnecting gRpc client at peer peer0.commercial.paynet
2026.07.25-19:05:10.493[32m info [39m [caliper] [caliper-worker] 	Info: worker 1 prepare test phase for round 2 is completed
2026.07.25-19:05:10.493[32m info [39m [caliper] [worker-message-handler] 	Worker#1 prepared for Round#2
2026.07.25-19:05:10.498[32m info [39m [caliper] [worker-orchestrator] 	2 workers prepared, progressing to test phase.
2026.07.25-19:05:12.571[32m info [39m [caliper] [round-orchestrator] 	Monitors successfully started
2026.07.25-19:05:12.572[32m info [39m [caliper] [worker-message-handler] 	Worker#0 is starting Round#2
2026.07.25-19:05:12.572[32m info [39m [caliper] [worker-message-handler] 	Worker#1 is starting Round#2
2026.07.25-19:05:12.574[32m info [39m [caliper] [connectors/peer-gateway/PeerGateway] 	Generating contract map for user User1
2026.07.25-19:05:12.574[32m info [39m [caliper] [connectors/peer-gateway/PeerGateway] 	Generating contract map for user User1
2026.07.25-19:05:12.575[32m info [39m [caliper] [connectors/peer-gateway/PeerGateway] 	Generating contract map for user _HimbaraBankOrgMSP_User1
2026.07.25-19:05:12.575[32m info [39m [caliper] [connectors/peer-gateway/PeerGateway] 	Generating contract map for user _HimbaraBankOrgMSP_User1
2026.07.25-19:05:12.576[32m info [39m [caliper] [connectors/peer-gateway/PeerGateway] 	Generating contract map for user _CommercialBankOrgMSP_User1
2026.07.25-19:05:12.576[32m info [39m [caliper] [connectors/peer-gateway/PeerGateway] 	Generating contract map for user _CommercialBankOrgMSP_User1
2026.07.25-19:05:12.577[32m info [39m [caliper] [caliper-worker] 	Worker #1 starting workload loop
2026.07.25-19:05:12.577[32m info [39m [caliper] [caliper-worker] 	Worker #0 starting workload loop
2026.07.25-19:05:15.499[32m info [39m [caliper] [default-observer] 	[retail-peak-w2 Round 2 Transaction Info] - Submitted: 40 Succ: 40 Fail:0 Unfinished:0
2026.07.25-19:05:16.327[32m info [39m [caliper] [connectors/peer-gateway/PeerGateway] 	disconnecting gateway for user User1
2026.07.25-19:05:16.327[32m info [39m [caliper] [connectors/peer-gateway/PeerGateway] 	disconnecting gateway for user _HimbaraBankOrgMSP_User1
2026.07.25-19:05:16.327[32m info [39m [caliper] [connectors/peer-gateway/PeerGateway] 	disconnecting gateway for user _CommercialBankOrgMSP_User1
2026.07.25-19:05:16.327[32m info [39m [caliper] [connectors/peer-gateway/PeerGateway] 	disconnecting gRpc client at peer peer0.bi.paynet
2026.07.25-19:05:16.327[32m info [39m [caliper] [connectors/peer-gateway/PeerGateway] 	disconnecting gRpc client at peer peer0.himbara.paynet
2026.07.25-19:05:16.327[32m info [39m [caliper] [connectors/peer-gateway/PeerGateway] 	disconnecting gRpc client at peer peer0.commercial.paynet
2026.07.25-19:05:16.327[32m info [39m [caliper] [worker-message-handler] 	Worker#0 finished Round#2
2026.07.25-19:05:16.328[32m info [39m [caliper] [connectors/peer-gateway/PeerGateway] 	disconnecting gateway for user User1
2026.07.25-19:05:16.328[32m info [39m [caliper] [connectors/peer-gateway/PeerGateway] 	disconnecting gateway for user _HimbaraBankOrgMSP_User1
2026.07.25-19:05:16.328[32m info [39m [caliper] [connectors/peer-gateway/PeerGateway] 	disconnecting gateway for user _CommercialBankOrgMSP_User1
2026.07.25-19:05:16.328[32m info [39m [caliper] [connectors/peer-gateway/PeerGateway] 	disconnecting gRpc client at peer peer0.bi.paynet
2026.07.25-19:05:16.328[32m info [39m [caliper] [connectors/peer-gateway/PeerGateway] 	disconnecting gRpc client at peer peer0.himbara.paynet
2026.07.25-19:05:16.328[32m info [39m [caliper] [connectors/peer-gateway/PeerGateway] 	disconnecting gRpc client at peer peer0.commercial.paynet
2026.07.25-19:05:16.328[32m info [39m [caliper] [worker-message-handler] 	Worker#1 finished Round#2
2026.07.25-19:05:21.333[32m info [39m [caliper] [default-observer] 	Resetting txCount indicator count
2026.07.25-19:05:21.333[32m info [39m [caliper] [report-builder] 	### Test result ###
2026.07.25-19:05:21.334[32m info [39m [caliper] [report-builder] 	
+----------------+------+------+-----------------+-----------------+-----------------+-----------------+------------------+
| Name           | Succ | Fail | Send Rate (TPS) | Max Latency (s) | Min Latency (s) | Avg Latency (s) | Throughput (TPS) |
|----------------|------|------|-----------------|-----------------|-----------------|-----------------|------------------|
| retail-peak-w2 | 40   | 0    | 62.9            | 2.27            | 0.03            | 0.66            | 14.8             |
+----------------+------+------+-----------------+-----------------+-----------------+-----------------+------------------+

2026.07.25-19:05:21.337[32m info [39m [caliper] [report-builder] 	### docker resource stats ###'
2026.07.25-19:05:21.338[32m info [39m [caliper] [report-builder] 	
+-----------------------------+-----------+-----------+------------------+------------------+-----------------+------------------+-----------------+----------------+
| Name                        | CPU%(max) | CPU%(avg) | Memory(max) [MB] | Memory(avg) [MB] | Traffic In [MB] | Traffic Out [MB] | Disc Write [MB] | Disc Read [MB] |
|-----------------------------|-----------|-----------|------------------|------------------|-----------------|------------------|-----------------|----------------|
| /peer0.pjp.paynet           | 0.04375   | 0.02875   | 120              | 120              | 0.526           | 0.339            | 0.953           | 0.00           |
|-----------------------------|-----------|-----------|------------------|------------------|-----------------|------------------|-----------------|----------------|
| /peer0.bi.paynet            | 0.075     | 0.03125   | 120              | 119              | 1.12            | 0.988            | 1.02            | 0.00           |
|-----------------------------|-----------|-----------|------------------|------------------|-----------------|------------------|-----------------|----------------|
| /peer0.commercial.paynet    | 0.075     | 0.03125   | 122              | 121              | 0.540           | 0.360            | 1.05            | 0.00           |
|-----------------------------|-----------|-----------|------------------|------------------|-----------------|------------------|-----------------|----------------|
| /peer0.himbara.paynet       | 0.07375   | 0.03      | 122              | 122              | 0.491           | 0.293            | 0.984           | 0.00           |
|-----------------------------|-----------|-----------|------------------|------------------|-----------------|------------------|-----------------|----------------|
| /peer0.ojk.paynet           | 0.06375   | 0.03      | 121              | 121              | 0.508           | 0.319            | 0.973           | 0.00           |
|-----------------------------|-----------|-----------|------------------|------------------|-----------------|------------------|-----------------|----------------|
| /couchdb0.commercial.paynet | 0.215     | 0.06875   | 48.3             | 48.0             | 0.100           | 0.0978           | 1.63            | 1.18           |
|-----------------------------|-----------|-----------|------------------|------------------|-----------------|------------------|-----------------|----------------|
| /orderer.paynet             | 0.0075    | 0.0025    | 58.1             | 58.0             | 0.264           | 1.24             | 1.22            | 0.00           |
|-----------------------------|-----------|-----------|------------------|------------------|-----------------|------------------|-----------------|----------------|
| /couchdb0.bi.paynet         | 0.1725    | 0.06      | 57.5             | 53.0             | 0.0845          | 0.0462           | 4.06            | 1.09           |
|-----------------------------|-----------|-----------|------------------|------------------|-----------------|------------------|-----------------|----------------|
| /couchdb0.himbara.paynet    | 0.21875   | 0.07125   | 55.5             | 51.5             | 0.0961          | 0.0936           | 4.00            | 1.48           |
|-----------------------------|-----------|-----------|------------------|------------------|-----------------|------------------|-----------------|----------------|
| /couchdb0.ojk.paynet        | 0.17375   | 0.0575    | 59.6             | 54.4             | 0.0991          | 0.0972           | 1.47            | 0.00           |
|-----------------------------|-----------|-----------|------------------|------------------|-----------------|------------------|-----------------|----------------|
| /couchdb0.pjp.paynet        | 0.1875    | 0.06      | 60.5             | 55.8             | 0.0990          | 0.0980           | 1.47            | 0.00           |
+-----------------------------+-----------+-----------+------------------+------------------+-----------------+------------------+-----------------+----------------+

2026.07.25-19:05:21.339[32m info [39m [caliper] [round-orchestrator] 	Finished round 3 (retail-peak-w2) in 2.748 seconds
2026.07.25-19:05:21.339[32m info [39m [caliper] [monitor.js] 	Stopping all monitors
2026.07.25-19:05:21.440[32m info [39m [caliper] [report-builder] 	### All test results ###
2026.07.25-19:05:21.440[32m info [39m [caliper] [report-builder] 	
+---------------------+------+------+-----------------+-----------------+-----------------+-----------------+------------------+
| Name                | Succ | Fail | Send Rate (TPS) | Max Latency (s) | Min Latency (s) | Avg Latency (s) | Throughput (TPS) |
|---------------------|------|------|-----------------|-----------------|-----------------|-----------------|------------------|
| retail-warmup-w2    | 40   | 0    | 10.5            | 2.12            | 0.01            | 0.77            | 7.8              |
|---------------------|------|------|-----------------|-----------------|-----------------|-----------------|------------------|
| retail-sustained-w2 | 40   | 0    | 31.6            | 2.21            | 0.00            | 0.63            | 12.5             |
|---------------------|------|------|-----------------|-----------------|-----------------|-----------------|------------------|
| retail-peak-w2      | 40   | 0    | 62.9            | 2.27            | 0.03            | 0.66            | 14.8             |
+---------------------+------+------+-----------------+-----------------+-----------------+-----------------+------------------+

2026.07.25-19:05:21.458[32m info [39m [caliper] [report-builder] 	Generated report with path /home/mfachrizalg/2026/Skripsi/bi-coin/bi-coin-fabric/report.html
2026.07.25-19:05:21.458[32m info [39m [caliper] [monitor.js] 	Stopping all monitors
2026.07.25-19:05:21.458[32m info [39m [caliper] [worker-orchestrator] 	Sending exit message to connected workers
2026.07.25-19:05:21.458[32m info [39m [caliper] [round-orchestrator] 	Benchmark finished in 127.342 seconds. Total rounds: 3. Successful rounds: 3. Failed rounds: 0.
2026.07.25-19:05:21.458[32m info [39m [caliper] [caliper-engine] 	Network configuration attribute "caliper.command.end" is not present, skipping end command
2026.07.25-19:05:21.458[32m info [39m [caliper] [cli-launch-manager] 	Benchmark successfully finished!
2026.07.25-19:05:21.459[32m info [39m [caliper] [worker-message-handler] 	Worker#0 is exiting
2026.07.25-19:05:21.459[32m info [39m [caliper] [worker-message-handler] 	Worker#1 is exiting
