2026.09.17-20:26:47.216[32m info [39m [caliper] [cli-launch-manager] 	Set workspace path: /home/mfachrizalg/2026/Skripsi/bi-coin/bi-coin-fabric
2026.09.17-20:26:47.217[32m info [39m [caliper] [cli-launch-manager] 	Set benchmark configuration path: /home/mfachrizalg/2026/Skripsi/bi-coin/bi-coin-fabric/benchmark/results/statistical-20260917-pilot6/runs/scenario-pilot-merchant-payment-low-1w-60tps-r1/benchconfig.yaml
2026.09.17-20:26:47.218[32m info [39m [caliper] [cli-launch-manager] 	Set network configuration path: /home/mfachrizalg/2026/Skripsi/bi-coin/bi-coin-fabric/benchmark/networkconfig.yaml
2026.09.17-20:26:47.218[32m info [39m [caliper] [cli-launch-manager] 	Set SUT type: fabric
2026.09.17-20:26:47.239[32m info [39m [caliper] [caliper-engine] 	Starting benchmark flow
2026.09.17-20:26:47.240[32m info [39m [caliper] [caliper-engine] 	Network configuration attribute "caliper.command.start" is not present, skipping start command
2026.09.17-20:26:47.832[32m info [39m [caliper] [FabricConnectorFactory] 	Initializing peer gateway connector compatible with installed fabric-gateway SDK: 1.5.0
2026.09.17-20:26:47.838[32m info [39m [caliper] [IdentityManager] 	Adding User1 (admin=false) as User1 for organization BankIndonesiaOrgMSP
2026.09.17-20:26:47.839[32m info [39m [caliper] [IdentityManager] 	Adding User1 (admin=false) as _HimbaraBankOrgMSP_User1 for organization HimbaraBankOrgMSP
2026.09.17-20:26:47.840[32m info [39m [caliper] [IdentityManager] 	Adding User1 (admin=false) as _CommercialBankOrgMSP_User1 for organization CommercialBankOrgMSP
2026.09.17-20:26:47.842[32m info [39m [caliper] [connectors/peer-gateway/PeerGateway] 	Fabric-Gateway SDK version: 1.5.0 for Peer-Gateway connector; TLS based on BankIndonesiaOrgMSP: server
2026.09.17-20:26:47.842[32m info [39m [caliper] [caliper-engine] 	Executed "init" step in 0.001 seconds
2026.09.17-20:26:47.842[33m warn [39m [caliper] [connectors/peer-gateway/PeerGateway] 	Install smart contract not available for the Fabric Peer Gateway connector
2026.09.17-20:26:47.842[32m info [39m [caliper] [caliper-engine] 	Executed "install" step in 0 seconds
2026.09.17-20:26:47.844[32m info [39m [caliper] [monitor.js] 	Attempting to create resource monitor of type docker
2026.09.17-20:26:47.845[32m info [39m [caliper] [monitor.js] 	Attempting to create resource monitor of type process
2026.09.17-20:26:47.846[32m info [39m [caliper] [default-observer] 	Observer interval set to 5000 milliseconds
2026.09.17-20:26:47.848[32m info [39m [caliper] [round-orchestrator] 	Preparing worker connections
2026.09.17-20:26:47.849[32m info [39m [caliper] [worker-orchestrator] 	Launching worker 1 of 1
2026.09.17-20:26:47.853[32m info [39m [caliper] [worker-orchestrator] 	Messenger not configured, entering configure phase...
2026.09.17-20:26:47.853[32m info [39m [caliper] [worker-orchestrator] 	No existing workers detected, entering worker launch phase...
2026.09.17-20:26:47.854[32m info [39m [caliper] [worker-orchestrator] 	Waiting for 1 workers to be connected...
2026.09.17-20:26:48.135[32m info [39m [caliper] [cli-launch-worker] 	Set workspace path: /home/mfachrizalg/2026/Skripsi/bi-coin/bi-coin-fabric
2026.09.17-20:26:48.135[32m info [39m [caliper] [cli-launch-worker] 	Set benchmark configuration path: /home/mfachrizalg/2026/Skripsi/bi-coin/bi-coin-fabric/benchmark/results/statistical-20260917-pilot6/runs/scenario-pilot-merchant-payment-low-1w-60tps-r1/benchconfig.yaml
2026.09.17-20:26:48.136[32m info [39m [caliper] [cli-launch-worker] 	Set network configuration path: /home/mfachrizalg/2026/Skripsi/bi-coin/bi-coin-fabric/benchmark/networkconfig.yaml
2026.09.17-20:26:48.136[32m info [39m [caliper] [cli-launch-worker] 	Set SUT type: fabric
2026.09.17-20:26:48.159[32m info [39m [caliper] [worker-orchestrator] 	1 workers connected, progressing to worker assignment phase.
2026.09.17-20:26:48.160[32m info [39m [caliper] [worker-orchestrator] 	Workers currently unassigned, awaiting index assignment...
2026.09.17-20:26:48.160[32m info [39m [caliper] [worker-orchestrator] 	Waiting for 1 workers to be assigned...
2026.09.17-20:26:48.196[32m info [39m [caliper] [worker-orchestrator] 	1 workers assigned, progressing to worker initialization phase.
2026.09.17-20:26:48.196[32m info [39m [caliper] [worker-orchestrator] 	Waiting for 1 workers to be ready...
2026.09.17-20:26:48.198[32m info [39m [caliper] [worker-message-handler] 	Initializing Worker#0...
2026.09.17-20:26:48.773[32m info [39m [caliper] [FabricConnectorFactory] 	Initializing peer gateway connector compatible with installed fabric-gateway SDK: 1.5.0
2026.09.17-20:26:48.777[32m info [39m [caliper] [IdentityManager] 	Adding User1 (admin=false) as User1 for organization BankIndonesiaOrgMSP
2026.09.17-20:26:48.778[32m info [39m [caliper] [IdentityManager] 	Adding User1 (admin=false) as _HimbaraBankOrgMSP_User1 for organization HimbaraBankOrgMSP
2026.09.17-20:26:48.779[32m info [39m [caliper] [IdentityManager] 	Adding User1 (admin=false) as _CommercialBankOrgMSP_User1 for organization CommercialBankOrgMSP
2026.09.17-20:26:48.783[32m info [39m [caliper] [worker-message-handler] 	Worker#0 initialized
2026.09.17-20:26:48.784[32m info [39m [caliper] [worker-orchestrator] 	1 workers ready, progressing to test preparation phase.
2026.09.17-20:26:48.784[32m info [39m [caliper] [round-orchestrator] 	Started round 1 (warmup-merchant-payment-low-60tps)
2026.09.17-20:26:48.785[32m info [39m [caliper] [worker-message-handler] 	Preparing Worker#0 for Round#0
2026.09.17-20:26:48.798[32m info [39m [caliper] [connectors/peer-gateway/PeerGateway] 	Generating contract map for user User1
2026.09.17-20:26:48.802[32m info [39m [caliper] [connectors/peer-gateway/PeerGateway] 	Generating contract map for user _HimbaraBankOrgMSP_User1
2026.09.17-20:26:48.804[32m info [39m [caliper] [connectors/peer-gateway/PeerGateway] 	Generating contract map for user _CommercialBankOrgMSP_User1
2026.09.17-20:26:48.804[32m info [39m [caliper] [caliper-worker] 	Info: worker 0 prepare test phase for round 0 is starting...
2026.09.17-20:26:48.854[31m error[39m [caliper] [connectors/peer-gateway/PeerGateway] 	Failed to perform query transaction [GetParticipant] using arguments [bench_custodian_20260917-pilot6_scenario-pilot-merchant-payment-low-1w-60tps-r1_merchant-payment-low],  with error: GatewayError: 2 UNKNOWN: evaluate call to endorser returned error: chaincode response 500, participant bench_custodian_20260917-pilot6_scenario-pilot-merchant-payment-low-1w-60tps-r1_merchant-payment-low not found
Details:
-  peer0.bi.paynet:7051:chaincode response 500, participant bench_custodian_20260917-pilot6_scenario-pilot-merchant-payment-low-1w-60tps-r1_merchant-payment-low not found
