2026.09.17-20:11:43.897[32m info [39m [caliper] [cli-launch-manager] 	Set workspace path: /home/mfachrizalg/2026/Skripsi/bi-coin/bi-coin-fabric
2026.09.17-20:11:43.898[32m info [39m [caliper] [cli-launch-manager] 	Set benchmark configuration path: /home/mfachrizalg/2026/Skripsi/bi-coin/bi-coin-fabric/benchmark/results/statistical-20260917-pilot6/runs/scenario-pilot-merchant-payment-low-1w-10tps-r1/benchconfig.yaml
2026.09.17-20:11:43.899[32m info [39m [caliper] [cli-launch-manager] 	Set network configuration path: /home/mfachrizalg/2026/Skripsi/bi-coin/bi-coin-fabric/benchmark/networkconfig.yaml
2026.09.17-20:11:43.901[32m info [39m [caliper] [cli-launch-manager] 	Set SUT type: fabric
2026.09.17-20:11:43.921[32m info [39m [caliper] [caliper-engine] 	Starting benchmark flow
2026.09.17-20:11:43.922[32m info [39m [caliper] [caliper-engine] 	Network configuration attribute "caliper.command.start" is not present, skipping start command
2026.09.17-20:11:44.540[32m info [39m [caliper] [FabricConnectorFactory] 	Initializing peer gateway connector compatible with installed fabric-gateway SDK: 1.5.0
2026.09.17-20:11:44.549[32m info [39m [caliper] [IdentityManager] 	Adding User1 (admin=false) as User1 for organization BankIndonesiaOrgMSP
2026.09.17-20:11:44.550[32m info [39m [caliper] [IdentityManager] 	Adding User1 (admin=false) as _HimbaraBankOrgMSP_User1 for organization HimbaraBankOrgMSP
2026.09.17-20:11:44.552[32m info [39m [caliper] [IdentityManager] 	Adding User1 (admin=false) as _CommercialBankOrgMSP_User1 for organization CommercialBankOrgMSP
2026.09.17-20:11:44.553[32m info [39m [caliper] [connectors/peer-gateway/PeerGateway] 	Fabric-Gateway SDK version: 1.5.0 for Peer-Gateway connector; TLS based on BankIndonesiaOrgMSP: server
2026.09.17-20:11:44.553[32m info [39m [caliper] [caliper-engine] 	Executed "init" step in 0.001 seconds
2026.09.17-20:11:44.553[33m warn [39m [caliper] [connectors/peer-gateway/PeerGateway] 	Install smart contract not available for the Fabric Peer Gateway connector
2026.09.17-20:11:44.553[32m info [39m [caliper] [caliper-engine] 	Executed "install" step in 0 seconds
2026.09.17-20:11:44.555[32m info [39m [caliper] [monitor.js] 	Attempting to create resource monitor of type docker
2026.09.17-20:11:44.555[32m info [39m [caliper] [monitor.js] 	Attempting to create resource monitor of type process
2026.09.17-20:11:44.556[32m info [39m [caliper] [default-observer] 	Observer interval set to 5000 milliseconds
2026.09.17-20:11:44.559[32m info [39m [caliper] [round-orchestrator] 	Preparing worker connections
2026.09.17-20:11:44.559[32m info [39m [caliper] [worker-orchestrator] 	Launching worker 1 of 1
2026.09.17-20:11:44.563[32m info [39m [caliper] [worker-orchestrator] 	Messenger not configured, entering configure phase...
2026.09.17-20:11:44.564[32m info [39m [caliper] [worker-orchestrator] 	No existing workers detected, entering worker launch phase...
2026.09.17-20:11:44.564[32m info [39m [caliper] [worker-orchestrator] 	Waiting for 1 workers to be connected...
2026.09.17-20:11:44.838[32m info [39m [caliper] [cli-launch-worker] 	Set workspace path: /home/mfachrizalg/2026/Skripsi/bi-coin/bi-coin-fabric
2026.09.17-20:11:44.839[32m info [39m [caliper] [cli-launch-worker] 	Set benchmark configuration path: /home/mfachrizalg/2026/Skripsi/bi-coin/bi-coin-fabric/benchmark/results/statistical-20260917-pilot6/runs/scenario-pilot-merchant-payment-low-1w-10tps-r1/benchconfig.yaml
2026.09.17-20:11:44.839[32m info [39m [caliper] [cli-launch-worker] 	Set network configuration path: /home/mfachrizalg/2026/Skripsi/bi-coin/bi-coin-fabric/benchmark/networkconfig.yaml
2026.09.17-20:11:44.839[32m info [39m [caliper] [cli-launch-worker] 	Set SUT type: fabric
2026.09.17-20:11:44.858[32m info [39m [caliper] [worker-orchestrator] 	1 workers connected, progressing to worker assignment phase.
2026.09.17-20:11:44.858[32m info [39m [caliper] [worker-orchestrator] 	Workers currently unassigned, awaiting index assignment...
2026.09.17-20:11:44.859[32m info [39m [caliper] [worker-orchestrator] 	Waiting for 1 workers to be assigned...
2026.09.17-20:11:44.889[32m info [39m [caliper] [worker-orchestrator] 	1 workers assigned, progressing to worker initialization phase.
2026.09.17-20:11:44.889[32m info [39m [caliper] [worker-orchestrator] 	Waiting for 1 workers to be ready...
2026.09.17-20:11:44.890[32m info [39m [caliper] [worker-message-handler] 	Initializing Worker#0...
2026.09.17-20:11:45.456[32m info [39m [caliper] [FabricConnectorFactory] 	Initializing peer gateway connector compatible with installed fabric-gateway SDK: 1.5.0
2026.09.17-20:11:45.461[32m info [39m [caliper] [IdentityManager] 	Adding User1 (admin=false) as User1 for organization BankIndonesiaOrgMSP
2026.09.17-20:11:45.463[32m info [39m [caliper] [IdentityManager] 	Adding User1 (admin=false) as _HimbaraBankOrgMSP_User1 for organization HimbaraBankOrgMSP
2026.09.17-20:11:45.463[32m info [39m [caliper] [IdentityManager] 	Adding User1 (admin=false) as _CommercialBankOrgMSP_User1 for organization CommercialBankOrgMSP
2026.09.17-20:11:45.468[32m info [39m [caliper] [worker-message-handler] 	Worker#0 initialized
2026.09.17-20:11:45.469[32m info [39m [caliper] [worker-orchestrator] 	1 workers ready, progressing to test preparation phase.
2026.09.17-20:11:45.469[32m info [39m [caliper] [round-orchestrator] 	Started round 1 (warmup-merchant-payment-low-10tps)
2026.09.17-20:11:45.470[32m info [39m [caliper] [worker-message-handler] 	Preparing Worker#0 for Round#0
2026.09.17-20:11:45.484[32m info [39m [caliper] [connectors/peer-gateway/PeerGateway] 	Generating contract map for user User1
2026.09.17-20:11:45.488[32m info [39m [caliper] [connectors/peer-gateway/PeerGateway] 	Generating contract map for user _HimbaraBankOrgMSP_User1
2026.09.17-20:11:45.491[32m info [39m [caliper] [connectors/peer-gateway/PeerGateway] 	Generating contract map for user _CommercialBankOrgMSP_User1
2026.09.17-20:11:45.491[32m info [39m [caliper] [caliper-worker] 	Info: worker 0 prepare test phase for round 0 is starting...
2026.09.17-20:11:45.536[31m error[39m [caliper] [connectors/peer-gateway/PeerGateway] 	Failed to perform query transaction [GetParticipant] using arguments [bench_custodian_20260917-pilot6_scenario-pilot-merchant-payment-low-1w-10tps-r1_merchant-payment-low],  with error: GatewayError: 2 UNKNOWN: evaluate call to endorser returned error: chaincode response 500, participant bench_custodian_20260917-pilot6_scenario-pilot-merchant-payment-low-1w-10tps-r1_merchant-payment-low not found
Details:
-  peer0.bi.paynet:7051:chaincode response 500, participant bench_custodian_20260917-pilot6_scenario-pilot-merchant-payment-low-1w-10tps-r1_merchant-payment-low not found
2026.09.17-20:13:28.842[32m info [39m [caliper] [connectors/peer-gateway/PeerGateway] 	disconnecting gateway for user User1
2026.09.17-20:13:28.842[32m info [39m [caliper] [connectors/peer-gateway/PeerGateway] 	disconnecting gateway for user _HimbaraBankOrgMSP_User1
2026.09.17-20:13:28.842[32m info [39m [caliper] [connectors/peer-gateway/PeerGateway] 	disconnecting gateway for user _CommercialBankOrgMSP_User1
2026.09.17-20:13:28.842[32m info [39m [caliper] [connectors/peer-gateway/PeerGateway] 	disconnecting gRpc client at peer peer0.bi.paynet
2026.09.17-20:13:28.843[32m info [39m [caliper] [connectors/peer-gateway/PeerGateway] 	disconnecting gRpc client at peer peer0.himbara.paynet
2026.09.17-20:13:28.843[32m info [39m [caliper] [connectors/peer-gateway/PeerGateway] 	disconnecting gRpc client at peer peer0.commercial.paynet
2026.09.17-20:13:28.843[32m info [39m [caliper] [caliper-worker] 	Info: worker 0 prepare test phase for round 0 is completed
2026.09.17-20:13:28.844[32m info [39m [caliper] [worker-message-handler] 	Worker#0 prepared for Round#0
2026.09.17-20:13:28.845[32m info [39m [caliper] [worker-orchestrator] 	1 workers prepared, progressing to test phase.
2026.09.17-20:13:30.916[32m info [39m [caliper] [monitor-process] 	Registering node caliper(sum) within process monitor
2026.09.17-20:13:31.204[32m info [39m [caliper] [monitor-process] 	Starting process monitor with update interval 1000 ms
2026.09.17-20:13:31.204[32m info [39m [caliper] [round-orchestrator] 	Monitors successfully started
2026.09.17-20:13:31.205[32m info [39m [caliper] [worker-message-handler] 	Worker#0 is starting Round#0
2026.09.17-20:13:31.210[32m info [39m [caliper] [connectors/peer-gateway/PeerGateway] 	Generating contract map for user User1
2026.09.17-20:13:31.213[32m info [39m [caliper] [connectors/peer-gateway/PeerGateway] 	Generating contract map for user _HimbaraBankOrgMSP_User1
2026.09.17-20:13:31.216[32m info [39m [caliper] [connectors/peer-gateway/PeerGateway] 	Generating contract map for user _CommercialBankOrgMSP_User1
2026.09.17-20:13:31.218[32m info [39m [caliper] [caliper-worker] 	Worker #0 starting workload loop
2026.09.17-20:13:33.846[32m info [39m [caliper] [default-observer] 	[warmup-merchant-payment-low-10tps Round 0 Transaction Info] - Submitted: 10 Succ: 10 Fail:0 Unfinished:0
2026.09.17-20:13:38.848[32m info [39m [caliper] [default-observer] 	[warmup-merchant-payment-low-10tps Round 0 Transaction Info] - Submitted: 36 Succ: 30 Fail:0 Unfinished:6
2026.09.17-20:13:43.848[32m info [39m [caliper] [default-observer] 	[warmup-merchant-payment-low-10tps Round 0 Transaction Info] - Submitted: 61 Succ: 60 Fail:0 Unfinished:1
2026.09.17-20:13:48.848[32m info [39m [caliper] [default-observer] 	[warmup-merchant-payment-low-10tps Round 0 Transaction Info] - Submitted: 86 Succ: 80 Fail:0 Unfinished:6
2026.09.17-20:13:53.848[32m info [39m [caliper] [default-observer] 	[warmup-merchant-payment-low-10tps Round 0 Transaction Info] - Submitted: 111 Succ: 110 Fail:0 Unfinished:1
2026.09.17-20:13:58.849[32m info [39m [caliper] [default-observer] 	[warmup-merchant-payment-low-10tps Round 0 Transaction Info] - Submitted: 136 Succ: 130 Fail:0 Unfinished:6
2026.09.17-20:14:03.850[32m info [39m [caliper] [default-observer] 	[warmup-merchant-payment-low-10tps Round 0 Transaction Info] - Submitted: 151 Succ: 151 Fail:0 Unfinished:0
2026.09.17-20:14:04.328[32m info [39m [caliper] [connectors/peer-gateway/PeerGateway] 	disconnecting gateway for user User1
2026.09.17-20:14:04.328[32m info [39m [caliper] [connectors/peer-gateway/PeerGateway] 	disconnecting gateway for user _HimbaraBankOrgMSP_User1
2026.09.17-20:14:04.328[32m info [39m [caliper] [connectors/peer-gateway/PeerGateway] 	disconnecting gateway for user _CommercialBankOrgMSP_User1
2026.09.17-20:14:04.328[32m info [39m [caliper] [connectors/peer-gateway/PeerGateway] 	disconnecting gRpc client at peer peer0.bi.paynet
2026.09.17-20:14:04.328[32m info [39m [caliper] [connectors/peer-gateway/PeerGateway] 	disconnecting gRpc client at peer peer0.himbara.paynet
2026.09.17-20:14:04.328[32m info [39m [caliper] [connectors/peer-gateway/PeerGateway] 	disconnecting gRpc client at peer peer0.commercial.paynet
2026.09.17-20:14:04.328[32m info [39m [caliper] [worker-message-handler] 	Worker#0 finished Round#0
2026.09.17-20:14:09.449[32m info [39m [caliper] [default-observer] 	Resetting txCount indicator count
2026.09.17-20:14:09.450[32m info [39m [caliper] [report-builder] 	### Test result ###
2026.09.17-20:14:09.455[32m info [39m [caliper] [report-builder] 	
+-----------------------------------+------+------+-----------------+-----------------+-----------------+-----------------+------------------+
| Name                              | Succ | Fail | Send Rate (TPS) | Max Latency (s) | Min Latency (s) | Avg Latency (s) | Throughput (TPS) |
|-----------------------------------|------|------|-----------------|-----------------|-----------------|-----------------|------------------|
| warmup-merchant-payment-low-10tps | 151  | 0    | 5.0             | 2.09            | 0.11            | 1.04            | 4.7              |
+-----------------------------------+------+------+-----------------+-----------------+-----------------+-----------------+------------------+

2026.09.17-20:14:09.461[32m info [39m [caliper] [report-builder] 	### docker resource stats ###'
2026.09.17-20:14:09.463[32m info [39m [caliper] [report-builder] 	
+-----------------------------+-----------+-----------+------------------+------------------+-----------------+------------------+-----------------+---------------+
| Name                        | CPU%(max) | CPU%(avg) | Memory(max) [MB] | Memory(avg) [MB] | Traffic In [MB] | Traffic Out [MB] | Disc Write [MB] | Disc Read [B] |
|-----------------------------|-----------|-----------|------------------|------------------|-----------------|------------------|-----------------|---------------|
| /peer0.himbara.paynet       | 0.1325    | 0.075     | 103              | 101              | 5.71            | 5.63             | 4.14            | 0.00          |
|-----------------------------|-----------|-----------|------------------|------------------|-----------------|------------------|-----------------|---------------|
| /peer0.ojk.paynet           | 0.0775    | 0.03375   | 106              | 99.1             | 2.61            | 1.18             | 4.00            | 0.00          |
|-----------------------------|-----------|-----------|------------------|------------------|-----------------|------------------|-----------------|---------------|
| /peer0.pjp.paynet           | 0.07875   | 0.03125   | 112              | 109              | 2.61            | 1.19             | 4.23            | 0.00          |
|-----------------------------|-----------|-----------|------------------|------------------|-----------------|------------------|-----------------|---------------|
| /peer0.commercial.paynet    | 0.06125   | 0.03125   | 109              | 105              | 2.61            | 1.19             | 3.96            | 0.00          |
|-----------------------------|-----------|-----------|------------------|------------------|-----------------|------------------|-----------------|---------------|
| /peer0.bi.paynet            | 0.08125   | 0.0325    | 113              | 112              | 2.62            | 1.20             | 3.72            | 0.00          |
|-----------------------------|-----------|-----------|------------------|------------------|-----------------|------------------|-----------------|---------------|
| /couchdb0.pjp.paynet        | 0.44125   | 0.13375   | 54.5             | 53.2             | 0.977           | 1.07             | 6.36            | 0.00          |
|-----------------------------|-----------|-----------|------------------|------------------|-----------------|------------------|-----------------|---------------|
| /couchdb0.commercial.paynet | 0.375     | 0.1225    | 55.2             | 53.9             | 0.977           | 1.07             | 6.85            | 0.00          |
|-----------------------------|-----------|-----------|------------------|------------------|-----------------|------------------|-----------------|---------------|
| /orderer.paynet             | 0.02625   | 0.00875   | 39.1             | 38.0             | 1.45            | 6.74             | 4.84            | 0.00          |
|-----------------------------|-----------|-----------|------------------|------------------|-----------------|------------------|-----------------|---------------|
| /couchdb0.himbara.paynet    | 0.26      | 0.10125   | 52.8             | 52.3             | 0.943           | 0.467            | 6.48            | 0.00          |
|-----------------------------|-----------|-----------|------------------|------------------|-----------------|------------------|-----------------|---------------|
| /couchdb0.bi.paynet         | 0.3675    | 0.12875   | 51.7             | 51.0             | 0.975           | 1.07             | 6.99            | 0.00          |
|-----------------------------|-----------|-----------|------------------|------------------|-----------------|------------------|-----------------|---------------|
| /couchdb0.ojk.paynet        | 0.36625   | 0.1275    | 54.6             | 53.8             | 0.976           | 1.07             | 6.59            | 0.00          |
+-----------------------------+-----------+-----------+------------------+------------------+-----------------+------------------+-----------------+---------------+

2026.09.17-20:14:09.464[32m info [39m [caliper] [report-builder] 	### process resource stats ###'
2026.09.17-20:14:09.464[32m info [39m [caliper] [report-builder] 	
+-------------------+-----------+-----------+-----------------+-----------------+
| Name              | CPU%(max) | CPU%(avg) | Memory(max) [B] | Memory(avg) [B] |
|-------------------|-----------|-----------|-----------------|-----------------|
| node caliper(sum) | 38.24     | 22.87     | -               | -               |
+-------------------+-----------+-----------+-----------------+-----------------+

2026.09.17-20:14:09.465[32m info [39m [caliper] [round-orchestrator] 	Finished round 1 (warmup-merchant-payment-low-10tps) in 32.111 seconds
2026.09.17-20:14:09.465[32m info [39m [caliper] [monitor.js] 	Stopping all monitors
2026.09.17-20:14:09.666[32m info [39m [caliper] [round-orchestrator] 	Waiting 5 seconds for the next round...
2026.09.17-20:14:14.666[32m info [39m [caliper] [round-orchestrator] 	Started round 2 (merchant-payment-low-10tps)
2026.09.17-20:14:14.667[32m info [39m [caliper] [worker-message-handler] 	Preparing Worker#0 for Round#1
2026.09.17-20:14:14.670[32m info [39m [caliper] [connectors/peer-gateway/PeerGateway] 	Generating contract map for user User1
2026.09.17-20:14:14.672[32m info [39m [caliper] [connectors/peer-gateway/PeerGateway] 	Generating contract map for user _HimbaraBankOrgMSP_User1
2026.09.17-20:14:14.675[32m info [39m [caliper] [connectors/peer-gateway/PeerGateway] 	Generating contract map for user _CommercialBankOrgMSP_User1
2026.09.17-20:14:14.675[32m info [39m [caliper] [caliper-worker] 	Info: worker 0 prepare test phase for round 1 is starting...
2026.09.17-20:14:18.860[32m info [39m [caliper] [connectors/peer-gateway/PeerGateway] 	disconnecting gateway for user User1
2026.09.17-20:14:18.860[32m info [39m [caliper] [connectors/peer-gateway/PeerGateway] 	disconnecting gateway for user _HimbaraBankOrgMSP_User1
2026.09.17-20:14:18.860[32m info [39m [caliper] [connectors/peer-gateway/PeerGateway] 	disconnecting gateway for user _CommercialBankOrgMSP_User1
2026.09.17-20:14:18.860[32m info [39m [caliper] [connectors/peer-gateway/PeerGateway] 	disconnecting gRpc client at peer peer0.bi.paynet
2026.09.17-20:14:18.860[32m info [39m [caliper] [connectors/peer-gateway/PeerGateway] 	disconnecting gRpc client at peer peer0.himbara.paynet
2026.09.17-20:14:18.861[32m info [39m [caliper] [connectors/peer-gateway/PeerGateway] 	disconnecting gRpc client at peer peer0.commercial.paynet
2026.09.17-20:14:18.861[32m info [39m [caliper] [caliper-worker] 	Info: worker 0 prepare test phase for round 1 is completed
2026.09.17-20:14:18.861[32m info [39m [caliper] [worker-message-handler] 	Worker#0 prepared for Round#1
2026.09.17-20:14:18.862[32m info [39m [caliper] [worker-orchestrator] 	1 workers prepared, progressing to test phase.
2026.09.17-20:14:20.899[32m info [39m [caliper] [monitor-process] 	Registering node caliper(sum) within process monitor
2026.09.17-20:14:21.022[32m info [39m [caliper] [monitor-process] 	Starting process monitor with update interval 1000 ms
2026.09.17-20:14:21.022[32m info [39m [caliper] [round-orchestrator] 	Monitors successfully started
2026.09.17-20:14:21.023[32m info [39m [caliper] [worker-message-handler] 	Worker#0 is starting Round#1
2026.09.17-20:14:21.025[32m info [39m [caliper] [connectors/peer-gateway/PeerGateway] 	Generating contract map for user User1
2026.09.17-20:14:21.027[32m info [39m [caliper] [connectors/peer-gateway/PeerGateway] 	Generating contract map for user _HimbaraBankOrgMSP_User1
2026.09.17-20:14:21.028[32m info [39m [caliper] [connectors/peer-gateway/PeerGateway] 	Generating contract map for user _CommercialBankOrgMSP_User1
2026.09.17-20:14:21.028[32m info [39m [caliper] [caliper-worker] 	Worker #0 starting workload loop
2026.09.17-20:14:23.866[32m info [39m [caliper] [default-observer] 	[merchant-payment-low-10tps Round 1 Transaction Info] - Submitted: 20 Succ: 10 Fail:0 Unfinished:10
2026.09.17-20:14:28.863[32m info [39m [caliper] [default-observer] 	[merchant-payment-low-10tps Round 1 Transaction Info] - Submitted: 71 Succ: 60 Fail:0 Unfinished:11
2026.09.17-20:14:33.864[32m info [39m [caliper] [default-observer] 	[merchant-payment-low-10tps Round 1 Transaction Info] - Submitted: 121 Succ: 110 Fail:0 Unfinished:11
2026.09.17-20:14:38.864[32m info [39m [caliper] [default-observer] 	[merchant-payment-low-10tps Round 1 Transaction Info] - Submitted: 171 Succ: 160 Fail:0 Unfinished:11
2026.09.17-20:14:43.864[32m info [39m [caliper] [default-observer] 	[merchant-payment-low-10tps Round 1 Transaction Info] - Submitted: 221 Succ: 210 Fail:0 Unfinished:11
2026.09.17-20:14:48.865[32m info [39m [caliper] [default-observer] 	[merchant-payment-low-10tps Round 1 Transaction Info] - Submitted: 271 Succ: 260 Fail:0 Unfinished:11
2026.09.17-20:14:53.865[32m info [39m [caliper] [default-observer] 	[merchant-payment-low-10tps Round 1 Transaction Info] - Submitted: 301 Succ: 301 Fail:0 Unfinished:0
2026.09.17-20:14:54.341[32m info [39m [caliper] [connectors/peer-gateway/PeerGateway] 	disconnecting gateway for user User1
2026.09.17-20:14:54.341[32m info [39m [caliper] [connectors/peer-gateway/PeerGateway] 	disconnecting gateway for user _HimbaraBankOrgMSP_User1
2026.09.17-20:14:54.341[32m info [39m [caliper] [connectors/peer-gateway/PeerGateway] 	disconnecting gateway for user _CommercialBankOrgMSP_User1
2026.09.17-20:14:54.341[32m info [39m [caliper] [connectors/peer-gateway/PeerGateway] 	disconnecting gRpc client at peer peer0.bi.paynet
2026.09.17-20:14:54.341[32m info [39m [caliper] [connectors/peer-gateway/PeerGateway] 	disconnecting gRpc client at peer peer0.himbara.paynet
2026.09.17-20:14:54.341[32m info [39m [caliper] [connectors/peer-gateway/PeerGateway] 	disconnecting gRpc client at peer peer0.commercial.paynet
2026.09.17-20:14:54.342[32m info [39m [caliper] [worker-message-handler] 	Worker#0 finished Round#1
2026.09.17-20:14:59.344[32m info [39m [caliper] [default-observer] 	Resetting txCount indicator count
2026.09.17-20:14:59.345[32m info [39m [caliper] [report-builder] 	### Test result ###
2026.09.17-20:14:59.347[32m info [39m [caliper] [report-builder] 	
+----------------------------+------+------+-----------------+-----------------+-----------------+-----------------+------------------+
| Name                       | Succ | Fail | Send Rate (TPS) | Max Latency (s) | Min Latency (s) | Avg Latency (s) | Throughput (TPS) |
|----------------------------|------|------|-----------------|-----------------|-----------------|-----------------|------------------|
| merchant-payment-low-10tps | 301  | 0    | 10.0            | 2.26            | 0.12            | 0.63            | 9.3              |
+----------------------------+------+------+-----------------+-----------------+-----------------+-----------------+------------------+

2026.09.17-20:14:59.354[32m info [39m [caliper] [report-builder] 	### docker resource stats ###'
2026.09.17-20:14:59.355[32m info [39m [caliper] [report-builder] 	
+-----------------------------+-----------+-----------+------------------+------------------+-----------------+------------------+-----------------+----------------+
| Name                        | CPU%(max) | CPU%(avg) | Memory(max) [MB] | Memory(avg) [MB] | Traffic In [MB] | Traffic Out [MB] | Disc Write [MB] | Disc Read [KB] |
|-----------------------------|-----------|-----------|------------------|------------------|-----------------|------------------|-----------------|----------------|
| /peer0.himbara.paynet       | 0.2225    | 0.14125   | 109              | 106              | 11.1            | 10.9             | 8.15            | 0.00           |
|-----------------------------|-----------|-----------|------------------|------------------|-----------------|------------------|-----------------|----------------|
| /peer0.ojk.paynet           | 0.07      | 0.04625   | 109              | 108              | 5.00            | 2.17             | 7.56            | 0.00           |
|-----------------------------|-----------|-----------|------------------|------------------|-----------------|------------------|-----------------|----------------|
| /peer0.pjp.paynet           | 0.08875   | 0.04875   | 109              | 108              | 5.00            | 2.17             | 7.74            | 0.00           |
|-----------------------------|-----------|-----------|------------------|------------------|-----------------|------------------|-----------------|----------------|
| /peer0.commercial.paynet    | 0.09125   | 0.05      | 111              | 109              | 5.01            | 2.17             | 8.22            | 0.00           |
|-----------------------------|-----------|-----------|------------------|------------------|-----------------|------------------|-----------------|----------------|
| /peer0.bi.paynet            | 0.18125   | 0.055     | 116              | 115              | 5.01            | 2.18             | 59.9            | 80.0           |
|-----------------------------|-----------|-----------|------------------|------------------|-----------------|------------------|-----------------|----------------|
| /couchdb0.pjp.paynet        | 0.6675    | 0.31      | 56.9             | 54.0             | 1.94            | 2.14             | 15.7            | 0.00           |
|-----------------------------|-----------|-----------|------------------|------------------|-----------------|------------------|-----------------|----------------|
| /couchdb0.commercial.paynet | 0.6225    | 0.30375   | 59.1             | 54.7             | 1.95            | 2.14             | 15.1            | 752            |
|-----------------------------|-----------|-----------|------------------|------------------|-----------------|------------------|-----------------|----------------|
| /orderer.paynet             | 0.0325    | 0.01875   | 44.8             | 43.1             | 2.86            | 13.4             | 9.13            | 0.00           |
|-----------------------------|-----------|-----------|------------------|------------------|-----------------|------------------|-----------------|----------------|
| /couchdb0.himbara.paynet    | 0.57875   | 0.25125   | 56.9             | 53.5             | 1.86            | 0.879            | 15.4            | 48.0           |
|-----------------------------|-----------|-----------|------------------|------------------|-----------------|------------------|-----------------|----------------|
| /couchdb0.bi.paynet         | 0.7375    | 0.3075    | 54.3             | 51.7             | 1.95            | 2.13             | 62.0            | 16.0           |
|-----------------------------|-----------|-----------|------------------|------------------|-----------------|------------------|-----------------|----------------|
| /couchdb0.ojk.paynet        | 0.68375   | 0.31      | 58.1             | 54.1             | 1.95            | 2.14             | 34.5            | 48.0           |
+-----------------------------+-----------+-----------+------------------+------------------+-----------------+------------------+-----------------+----------------+

2026.09.17-20:14:59.356[32m info [39m [caliper] [report-builder] 	### process resource stats ###'
2026.09.17-20:14:59.356[32m info [39m [caliper] [report-builder] 	
+-------------------+-----------+-----------+-----------------+-----------------+
| Name              | CPU%(max) | CPU%(avg) | Memory(max) [B] | Memory(avg) [B] |
|-------------------|-----------|-----------|-----------------|-----------------|
| node caliper(sum) | 47.66     | 30.80     | -               | -               |
+-------------------+-----------+-----------+-----------------+-----------------+

2026.09.17-20:14:59.356[32m info [39m [caliper] [round-orchestrator] 	Finished round 2 (merchant-payment-low-10tps) in 32.313 seconds
2026.09.17-20:14:59.356[32m info [39m [caliper] [monitor.js] 	Stopping all monitors
2026.09.17-20:14:59.557[32m info [39m [caliper] [report-builder] 	### All test results ###
2026.09.17-20:14:59.558[32m info [39m [caliper] [report-builder] 	
+-----------------------------------+------+------+-----------------+-----------------+-----------------+-----------------+------------------+
| Name                              | Succ | Fail | Send Rate (TPS) | Max Latency (s) | Min Latency (s) | Avg Latency (s) | Throughput (TPS) |
|-----------------------------------|------|------|-----------------|-----------------|-----------------|-----------------|------------------|
| warmup-merchant-payment-low-10tps | 151  | 0    | 5.0             | 2.09            | 0.11            | 1.04            | 4.7              |
|-----------------------------------|------|------|-----------------|-----------------|-----------------|-----------------|------------------|
| merchant-payment-low-10tps        | 301  | 0    | 10.0            | 2.26            | 0.12            | 0.63            | 9.3              |
+-----------------------------------+------+------+-----------------+-----------------+-----------------+-----------------+------------------+

2026.09.17-20:14:59.567[32m info [39m [caliper] [report-builder] 	Generated report with path /home/mfachrizalg/2026/Skripsi/bi-coin/bi-coin-fabric/report.html
2026.09.17-20:14:59.568[32m info [39m [caliper] [monitor.js] 	Stopping all monitors
2026.09.17-20:14:59.568[32m info [39m [caliper] [worker-orchestrator] 	Sending exit message to connected workers
2026.09.17-20:14:59.568[32m info [39m [caliper] [round-orchestrator] 	Benchmark finished in 194.099 seconds. Total rounds: 2. Successful rounds: 2. Failed rounds: 0.
2026.09.17-20:14:59.568[32m info [39m [caliper] [caliper-engine] 	Network configuration attribute "caliper.command.end" is not present, skipping end command
2026.09.17-20:14:59.568[32m info [39m [caliper] [cli-launch-manager] 	Benchmark successfully finished!
2026.09.17-20:14:59.568[32m info [39m [caliper] [worker-message-handler] 	Worker#0 is exiting
