2026.09.17-01:23:24.981[32m info [39m [caliper] [cli-launch-manager] 	Set workspace path: /home/mfachrizalg/2026/Skripsi/bi-coin/bi-coin-fabric
2026.09.17-01:23:24.984[32m info [39m [caliper] [cli-launch-manager] 	Set benchmark configuration path: /home/mfachrizalg/2026/Skripsi/bi-coin/bi-coin-fabric/benchmark/results/statistical-20260916T182239Z/runs/pilot-retail-transfer-low-4w-5tps-r1/benchconfig.yaml
2026.09.17-01:23:24.984[32m info [39m [caliper] [cli-launch-manager] 	Set network configuration path: /home/mfachrizalg/2026/Skripsi/bi-coin/bi-coin-fabric/benchmark/networkconfig.yaml
2026.09.17-01:23:24.985[32m info [39m [caliper] [cli-launch-manager] 	Set SUT type: fabric
2026.09.17-01:23:25.007[32m info [39m [caliper] [caliper-engine] 	Starting benchmark flow
2026.09.17-01:23:25.007[32m info [39m [caliper] [caliper-engine] 	Network configuration attribute "caliper.command.start" is not present, skipping start command
2026.09.17-01:23:25.712[32m info [39m [caliper] [FabricConnectorFactory] 	Initializing peer gateway connector compatible with installed fabric-gateway SDK: 1.5.0
2026.09.17-01:23:25.720[32m info [39m [caliper] [IdentityManager] 	Adding User1 (admin=false) as User1 for organization BankIndonesiaOrgMSP
2026.09.17-01:23:25.722[32m info [39m [caliper] [IdentityManager] 	Adding User1 (admin=false) as _HimbaraBankOrgMSP_User1 for organization HimbaraBankOrgMSP
2026.09.17-01:23:25.723[32m info [39m [caliper] [IdentityManager] 	Adding User1 (admin=false) as _CommercialBankOrgMSP_User1 for organization CommercialBankOrgMSP
2026.09.17-01:23:25.725[32m info [39m [caliper] [connectors/peer-gateway/PeerGateway] 	Fabric-Gateway SDK version: 1.5.0 for Peer-Gateway connector; TLS based on BankIndonesiaOrgMSP: server
2026.09.17-01:23:25.725[32m info [39m [caliper] [caliper-engine] 	Executed "init" step in 0.001 seconds
2026.09.17-01:23:25.725[33m warn [39m [caliper] [connectors/peer-gateway/PeerGateway] 	Install smart contract not available for the Fabric Peer Gateway connector
2026.09.17-01:23:25.725[32m info [39m [caliper] [caliper-engine] 	Executed "install" step in 0 seconds
2026.09.17-01:23:25.727[32m info [39m [caliper] [monitor.js] 	Attempting to create resource monitor of type docker
2026.09.17-01:23:25.727[32m info [39m [caliper] [monitor.js] 	Attempting to create resource monitor of type process
2026.09.17-01:23:25.729[32m info [39m [caliper] [default-observer] 	Observer interval set to 5000 milliseconds
2026.09.17-01:23:25.732[32m info [39m [caliper] [round-orchestrator] 	Preparing worker connections
2026.09.17-01:23:25.732[32m info [39m [caliper] [worker-orchestrator] 	Launching worker 1 of 4
2026.09.17-01:23:25.737[32m info [39m [caliper] [worker-orchestrator] 	Launching worker 2 of 4
2026.09.17-01:23:25.739[32m info [39m [caliper] [worker-orchestrator] 	Launching worker 3 of 4
2026.09.17-01:23:25.742[32m info [39m [caliper] [worker-orchestrator] 	Launching worker 4 of 4
2026.09.17-01:23:25.745[32m info [39m [caliper] [worker-orchestrator] 	Messenger not configured, entering configure phase...
2026.09.17-01:23:25.746[32m info [39m [caliper] [worker-orchestrator] 	No existing workers detected, entering worker launch phase...
2026.09.17-01:23:25.746[32m info [39m [caliper] [worker-orchestrator] 	Waiting for 4 workers to be connected...
2026.09.17-01:23:26.120[32m info [39m [caliper] [cli-launch-worker] 	Set workspace path: /home/mfachrizalg/2026/Skripsi/bi-coin/bi-coin-fabric
2026.09.17-01:23:26.121[32m info [39m [caliper] [cli-launch-worker] 	Set workspace path: /home/mfachrizalg/2026/Skripsi/bi-coin/bi-coin-fabric
2026.09.17-01:23:26.122[32m info [39m [caliper] [cli-launch-worker] 	Set benchmark configuration path: /home/mfachrizalg/2026/Skripsi/bi-coin/bi-coin-fabric/benchmark/results/statistical-20260916T182239Z/runs/pilot-retail-transfer-low-4w-5tps-r1/benchconfig.yaml
2026.09.17-01:23:26.123[32m info [39m [caliper] [cli-launch-worker] 	Set benchmark configuration path: /home/mfachrizalg/2026/Skripsi/bi-coin/bi-coin-fabric/benchmark/results/statistical-20260916T182239Z/runs/pilot-retail-transfer-low-4w-5tps-r1/benchconfig.yaml
2026.09.17-01:23:26.123[32m info [39m [caliper] [cli-launch-worker] 	Set network configuration path: /home/mfachrizalg/2026/Skripsi/bi-coin/bi-coin-fabric/benchmark/networkconfig.yaml
2026.09.17-01:23:26.123[32m info [39m [caliper] [cli-launch-worker] 	Set SUT type: fabric
2026.09.17-01:23:26.123[32m info [39m [caliper] [cli-launch-worker] 	Set network configuration path: /home/mfachrizalg/2026/Skripsi/bi-coin/bi-coin-fabric/benchmark/networkconfig.yaml
2026.09.17-01:23:26.127[32m info [39m [caliper] [cli-launch-worker] 	Set SUT type: fabric
2026.09.17-01:23:26.130[32m info [39m [caliper] [cli-launch-worker] 	Set workspace path: /home/mfachrizalg/2026/Skripsi/bi-coin/bi-coin-fabric
2026.09.17-01:23:26.131[32m info [39m [caliper] [cli-launch-worker] 	Set benchmark configuration path: /home/mfachrizalg/2026/Skripsi/bi-coin/bi-coin-fabric/benchmark/results/statistical-20260916T182239Z/runs/pilot-retail-transfer-low-4w-5tps-r1/benchconfig.yaml
2026.09.17-01:23:26.131[32m info [39m [caliper] [cli-launch-worker] 	Set network configuration path: /home/mfachrizalg/2026/Skripsi/bi-coin/bi-coin-fabric/benchmark/networkconfig.yaml
2026.09.17-01:23:26.132[32m info [39m [caliper] [cli-launch-worker] 	Set SUT type: fabric
2026.09.17-01:23:26.150[32m info [39m [caliper] [cli-launch-worker] 	Set workspace path: /home/mfachrizalg/2026/Skripsi/bi-coin/bi-coin-fabric
2026.09.17-01:23:26.151[32m info [39m [caliper] [cli-launch-worker] 	Set benchmark configuration path: /home/mfachrizalg/2026/Skripsi/bi-coin/bi-coin-fabric/benchmark/results/statistical-20260916T182239Z/runs/pilot-retail-transfer-low-4w-5tps-r1/benchconfig.yaml
2026.09.17-01:23:26.151[32m info [39m [caliper] [cli-launch-worker] 	Set network configuration path: /home/mfachrizalg/2026/Skripsi/bi-coin/bi-coin-fabric/benchmark/networkconfig.yaml
2026.09.17-01:23:26.151[32m info [39m [caliper] [cli-launch-worker] 	Set SUT type: fabric
2026.09.17-01:23:26.176[32m info [39m [caliper] [worker-orchestrator] 	4 workers connected, progressing to worker assignment phase.
2026.09.17-01:23:26.177[32m info [39m [caliper] [worker-orchestrator] 	Workers currently unassigned, awaiting index assignment...
2026.09.17-01:23:26.178[32m info [39m [caliper] [worker-orchestrator] 	Waiting for 4 workers to be assigned...
2026.09.17-01:23:26.242[32m info [39m [caliper] [worker-orchestrator] 	4 workers assigned, progressing to worker initialization phase.
2026.09.17-01:23:26.242[32m info [39m [caliper] [worker-orchestrator] 	Waiting for 4 workers to be ready...
2026.09.17-01:23:26.243[32m info [39m [caliper] [worker-message-handler] 	Initializing Worker#0...
2026.09.17-01:23:26.243[32m info [39m [caliper] [worker-message-handler] 	Initializing Worker#1...
2026.09.17-01:23:26.243[32m info [39m [caliper] [worker-message-handler] 	Initializing Worker#2...
2026.09.17-01:23:26.243[32m info [39m [caliper] [worker-message-handler] 	Initializing Worker#3...
2026.09.17-01:23:27.027[32m info [39m [caliper] [FabricConnectorFactory] 	Initializing peer gateway connector compatible with installed fabric-gateway SDK: 1.5.0
2026.09.17-01:23:27.032[32m info [39m [caliper] [IdentityManager] 	Adding User1 (admin=false) as User1 for organization BankIndonesiaOrgMSP
2026.09.17-01:23:27.033[32m info [39m [caliper] [IdentityManager] 	Adding User1 (admin=false) as _HimbaraBankOrgMSP_User1 for organization HimbaraBankOrgMSP
2026.09.17-01:23:27.033[32m info [39m [caliper] [IdentityManager] 	Adding User1 (admin=false) as _CommercialBankOrgMSP_User1 for organization CommercialBankOrgMSP
2026.09.17-01:23:27.038[32m info [39m [caliper] [worker-message-handler] 	Worker#1 initialized
2026.09.17-01:23:27.063[32m info [39m [caliper] [FabricConnectorFactory] 	Initializing peer gateway connector compatible with installed fabric-gateway SDK: 1.5.0
2026.09.17-01:23:27.069[32m info [39m [caliper] [IdentityManager] 	Adding User1 (admin=false) as User1 for organization BankIndonesiaOrgMSP
2026.09.17-01:23:27.070[32m info [39m [caliper] [IdentityManager] 	Adding User1 (admin=false) as _HimbaraBankOrgMSP_User1 for organization HimbaraBankOrgMSP
2026.09.17-01:23:27.070[32m info [39m [caliper] [IdentityManager] 	Adding User1 (admin=false) as _CommercialBankOrgMSP_User1 for organization CommercialBankOrgMSP
2026.09.17-01:23:27.074[32m info [39m [caliper] [worker-message-handler] 	Worker#0 initialized
2026.09.17-01:23:27.080[32m info [39m [caliper] [FabricConnectorFactory] 	Initializing peer gateway connector compatible with installed fabric-gateway SDK: 1.5.0
2026.09.17-01:23:27.087[32m info [39m [caliper] [IdentityManager] 	Adding User1 (admin=false) as User1 for organization BankIndonesiaOrgMSP
2026.09.17-01:23:27.088[32m info [39m [caliper] [IdentityManager] 	Adding User1 (admin=false) as _HimbaraBankOrgMSP_User1 for organization HimbaraBankOrgMSP
2026.09.17-01:23:27.089[32m info [39m [caliper] [IdentityManager] 	Adding User1 (admin=false) as _CommercialBankOrgMSP_User1 for organization CommercialBankOrgMSP
2026.09.17-01:23:27.094[32m info [39m [caliper] [worker-message-handler] 	Worker#3 initialized
2026.09.17-01:23:27.119[32m info [39m [caliper] [FabricConnectorFactory] 	Initializing peer gateway connector compatible with installed fabric-gateway SDK: 1.5.0
2026.09.17-01:23:27.125[32m info [39m [caliper] [IdentityManager] 	Adding User1 (admin=false) as User1 for organization BankIndonesiaOrgMSP
2026.09.17-01:23:27.126[32m info [39m [caliper] [IdentityManager] 	Adding User1 (admin=false) as _HimbaraBankOrgMSP_User1 for organization HimbaraBankOrgMSP
2026.09.17-01:23:27.127[32m info [39m [caliper] [IdentityManager] 	Adding User1 (admin=false) as _CommercialBankOrgMSP_User1 for organization CommercialBankOrgMSP
2026.09.17-01:23:27.131[32m info [39m [caliper] [worker-message-handler] 	Worker#2 initialized
2026.09.17-01:23:27.132[32m info [39m [caliper] [worker-orchestrator] 	4 workers ready, progressing to test preparation phase.
2026.09.17-01:23:27.132[32m info [39m [caliper] [round-orchestrator] 	Started round 1 (warmup-retail-transfer-low-5tps)
2026.09.17-01:23:27.134[32m info [39m [caliper] [worker-message-handler] 	Preparing Worker#0 for Round#0
2026.09.17-01:23:27.136[32m info [39m [caliper] [worker-message-handler] 	Preparing Worker#3 for Round#0
2026.09.17-01:23:27.136[32m info [39m [caliper] [worker-message-handler] 	Preparing Worker#2 for Round#0
2026.09.17-01:23:27.139[32m info [39m [caliper] [worker-message-handler] 	Preparing Worker#1 for Round#0
2026.09.17-01:23:27.157[32m info [39m [caliper] [connectors/peer-gateway/PeerGateway] 	Generating contract map for user User1
2026.09.17-01:23:27.158[32m info [39m [caliper] [connectors/peer-gateway/PeerGateway] 	Generating contract map for user User1
2026.09.17-01:23:27.159[32m info [39m [caliper] [connectors/peer-gateway/PeerGateway] 	Generating contract map for user User1
2026.09.17-01:23:27.159[32m info [39m [caliper] [connectors/peer-gateway/PeerGateway] 	Generating contract map for user User1
2026.09.17-01:23:27.162[32m info [39m [caliper] [connectors/peer-gateway/PeerGateway] 	Generating contract map for user _HimbaraBankOrgMSP_User1
2026.09.17-01:23:27.162[32m info [39m [caliper] [connectors/peer-gateway/PeerGateway] 	Generating contract map for user _HimbaraBankOrgMSP_User1
2026.09.17-01:23:27.164[32m info [39m [caliper] [connectors/peer-gateway/PeerGateway] 	Generating contract map for user _HimbaraBankOrgMSP_User1
2026.09.17-01:23:27.164[32m info [39m [caliper] [connectors/peer-gateway/PeerGateway] 	Generating contract map for user _CommercialBankOrgMSP_User1
2026.09.17-01:23:27.165[32m info [39m [caliper] [caliper-worker] 	Info: worker 0 prepare test phase for round 0 is starting...
2026.09.17-01:23:27.165[32m info [39m [caliper] [connectors/peer-gateway/PeerGateway] 	Generating contract map for user _HimbaraBankOrgMSP_User1
2026.09.17-01:23:27.165[32m info [39m [caliper] [connectors/peer-gateway/PeerGateway] 	Generating contract map for user _CommercialBankOrgMSP_User1
2026.09.17-01:23:27.165[32m info [39m [caliper] [caliper-worker] 	Info: worker 1 prepare test phase for round 0 is starting...
2026.09.17-01:23:27.168[32m info [39m [caliper] [connectors/peer-gateway/PeerGateway] 	Generating contract map for user _CommercialBankOrgMSP_User1
2026.09.17-01:23:27.168[32m info [39m [caliper] [caliper-worker] 	Info: worker 2 prepare test phase for round 0 is starting...
2026.09.17-01:23:27.172[32m info [39m [caliper] [connectors/peer-gateway/PeerGateway] 	Generating contract map for user _CommercialBankOrgMSP_User1
2026.09.17-01:23:27.172[32m info [39m [caliper] [caliper-worker] 	Info: worker 3 prepare test phase for round 0 is starting...
2026.09.17-01:23:27.231[31m error[39m [caliper] [connectors/peer-gateway/PeerGateway] 	Failed to perform query transaction [GetParticipant] using arguments [bench_custodian_20260916T182239Z_pilot-retail-transfer-low-4w-5tps-r1_retail-transfer-low],  with error: GatewayError: 2 UNKNOWN: evaluate call to endorser returned error: chaincode response 500, participant bench_custodian_20260916T182239Z_pilot-retail-transfer-low-4w-5tps-r1_retail-transfer-low not found
Details:
-  peer0.bi.paynet:7051:chaincode response 500, participant bench_custodian_20260916T182239Z_pilot-retail-transfer-low-4w-5tps-r1_retail-transfer-low not found
2026.09.17-01:29:53.967[32m info [39m [caliper] [cli-launch-manager] 	Request to terminate received, stopping workers
2026.09.17-01:29:53.967[32m info [39m [caliper] [cli-launch-manager] 	Workers terminated
