2026.09.17-02:23:15.704[32m info [39m [caliper] [cli-launch-manager] 	Set workspace path: /home/mfachrizalg/2026/Skripsi/bi-coin/bi-coin-fabric
2026.09.17-02:23:15.707[32m info [39m [caliper] [cli-launch-manager] 	Set benchmark configuration path: /home/mfachrizalg/2026/Skripsi/bi-coin/bi-coin-fabric/benchmark/results/statistical-20260917-pilot4/runs/pilot-retail-transfer-low-1w-60tps-r1/benchconfig.yaml
2026.09.17-02:23:15.707[32m info [39m [caliper] [cli-launch-manager] 	Set network configuration path: /home/mfachrizalg/2026/Skripsi/bi-coin/bi-coin-fabric/benchmark/networkconfig.yaml
2026.09.17-02:23:15.707[32m info [39m [caliper] [cli-launch-manager] 	Set SUT type: fabric
2026.09.17-02:23:15.727[32m info [39m [caliper] [caliper-engine] 	Starting benchmark flow
2026.09.17-02:23:15.727[32m info [39m [caliper] [caliper-engine] 	Network configuration attribute "caliper.command.start" is not present, skipping start command
2026.09.17-02:23:16.293[32m info [39m [caliper] [FabricConnectorFactory] 	Initializing peer gateway connector compatible with installed fabric-gateway SDK: 1.5.0
2026.09.17-02:23:16.306[32m info [39m [caliper] [IdentityManager] 	Adding User1 (admin=false) as User1 for organization BankIndonesiaOrgMSP
2026.09.17-02:23:16.312[32m info [39m [caliper] [IdentityManager] 	Adding User1 (admin=false) as _HimbaraBankOrgMSP_User1 for organization HimbaraBankOrgMSP
2026.09.17-02:23:16.315[32m info [39m [caliper] [IdentityManager] 	Adding User1 (admin=false) as _CommercialBankOrgMSP_User1 for organization CommercialBankOrgMSP
2026.09.17-02:23:16.318[32m info [39m [caliper] [connectors/peer-gateway/PeerGateway] 	Fabric-Gateway SDK version: 1.5.0 for Peer-Gateway connector; TLS based on BankIndonesiaOrgMSP: server
2026.09.17-02:23:16.318[32m info [39m [caliper] [caliper-engine] 	Executed "init" step in 0.001 seconds
2026.09.17-02:23:16.318[33m warn [39m [caliper] [connectors/peer-gateway/PeerGateway] 	Install smart contract not available for the Fabric Peer Gateway connector
2026.09.17-02:23:16.318[32m info [39m [caliper] [caliper-engine] 	Executed "install" step in 0 seconds
2026.09.17-02:23:16.320[32m info [39m [caliper] [monitor.js] 	Attempting to create resource monitor of type docker
2026.09.17-02:23:16.321[32m info [39m [caliper] [monitor.js] 	Attempting to create resource monitor of type process
2026.09.17-02:23:16.322[32m info [39m [caliper] [default-observer] 	Observer interval set to 5000 milliseconds
2026.09.17-02:23:16.326[32m info [39m [caliper] [round-orchestrator] 	Preparing worker connections
2026.09.17-02:23:16.327[32m info [39m [caliper] [worker-orchestrator] 	Launching worker 1 of 1
2026.09.17-02:23:16.332[32m info [39m [caliper] [worker-orchestrator] 	Messenger not configured, entering configure phase...
2026.09.17-02:23:16.333[32m info [39m [caliper] [worker-orchestrator] 	No existing workers detected, entering worker launch phase...
2026.09.17-02:23:16.334[32m info [39m [caliper] [worker-orchestrator] 	Waiting for 1 workers to be connected...
2026.09.17-02:23:16.640[32m info [39m [caliper] [cli-launch-worker] 	Set workspace path: /home/mfachrizalg/2026/Skripsi/bi-coin/bi-coin-fabric
2026.09.17-02:23:16.640[32m info [39m [caliper] [cli-launch-worker] 	Set benchmark configuration path: /home/mfachrizalg/2026/Skripsi/bi-coin/bi-coin-fabric/benchmark/results/statistical-20260917-pilot4/runs/pilot-retail-transfer-low-1w-60tps-r1/benchconfig.yaml
2026.09.17-02:23:16.641[32m info [39m [caliper] [cli-launch-worker] 	Set network configuration path: /home/mfachrizalg/2026/Skripsi/bi-coin/bi-coin-fabric/benchmark/networkconfig.yaml
2026.09.17-02:23:16.643[32m info [39m [caliper] [cli-launch-worker] 	Set SUT type: fabric
2026.09.17-02:23:16.664[32m info [39m [caliper] [worker-orchestrator] 	1 workers connected, progressing to worker assignment phase.
2026.09.17-02:23:16.664[32m info [39m [caliper] [worker-orchestrator] 	Workers currently unassigned, awaiting index assignment...
2026.09.17-02:23:16.665[32m info [39m [caliper] [worker-orchestrator] 	Waiting for 1 workers to be assigned...
2026.09.17-02:23:16.703[32m info [39m [caliper] [worker-orchestrator] 	1 workers assigned, progressing to worker initialization phase.
2026.09.17-02:23:16.703[32m info [39m [caliper] [worker-orchestrator] 	Waiting for 1 workers to be ready...
2026.09.17-02:23:16.704[32m info [39m [caliper] [worker-message-handler] 	Initializing Worker#0...
2026.09.17-02:23:17.258[32m info [39m [caliper] [FabricConnectorFactory] 	Initializing peer gateway connector compatible with installed fabric-gateway SDK: 1.5.0
2026.09.17-02:23:17.265[32m info [39m [caliper] [IdentityManager] 	Adding User1 (admin=false) as User1 for organization BankIndonesiaOrgMSP
2026.09.17-02:23:17.266[32m info [39m [caliper] [IdentityManager] 	Adding User1 (admin=false) as _HimbaraBankOrgMSP_User1 for organization HimbaraBankOrgMSP
2026.09.17-02:23:17.266[32m info [39m [caliper] [IdentityManager] 	Adding User1 (admin=false) as _CommercialBankOrgMSP_User1 for organization CommercialBankOrgMSP
2026.09.17-02:23:17.272[32m info [39m [caliper] [worker-message-handler] 	Worker#0 initialized
2026.09.17-02:23:17.273[32m info [39m [caliper] [worker-orchestrator] 	1 workers ready, progressing to test preparation phase.
2026.09.17-02:23:17.273[32m info [39m [caliper] [round-orchestrator] 	Started round 1 (warmup-retail-transfer-low-60tps)
2026.09.17-02:23:17.274[32m info [39m [caliper] [worker-message-handler] 	Preparing Worker#0 for Round#0
2026.09.17-02:23:17.291[32m info [39m [caliper] [connectors/peer-gateway/PeerGateway] 	Generating contract map for user User1
2026.09.17-02:23:17.294[32m info [39m [caliper] [connectors/peer-gateway/PeerGateway] 	Generating contract map for user _HimbaraBankOrgMSP_User1
2026.09.17-02:23:17.297[32m info [39m [caliper] [connectors/peer-gateway/PeerGateway] 	Generating contract map for user _CommercialBankOrgMSP_User1
2026.09.17-02:23:17.297[32m info [39m [caliper] [caliper-worker] 	Info: worker 0 prepare test phase for round 0 is starting...
2026.09.17-02:23:17.348[31m error[39m [caliper] [connectors/peer-gateway/PeerGateway] 	Failed to perform query transaction [GetParticipant] using arguments [bench_custodian_20260917-pilot4_pilot-retail-transfer-low-1w-60tps-r1_retail-transfer-low],  with error: GatewayError: 2 UNKNOWN: evaluate call to endorser returned error: chaincode response 500, participant bench_custodian_20260917-pilot4_pilot-retail-transfer-low-1w-60tps-r1_retail-transfer-low not found
Details:
-  peer0.bi.paynet:7051:chaincode response 500, participant bench_custodian_20260917-pilot4_pilot-retail-transfer-low-1w-60tps-r1_retail-transfer-low not found
2026.09.17-02:29:42.551[31m error[39m [caliper] [connectors/peer-gateway/PeerGateway] 	Failed to perform submit transaction [Transfer] using arguments [wlt_bench_custodian_20260917-pilot4_pilot-retail-transfer-low-1w-60tps-r1_retail-transfer-low,wlt_c_20260917-pilot4_pilot-retail-transfer-low-1w-60tps-r1_retail-transfer-low_w0_27,20000000,bench_20260917-pilot4_pilot-retail-transfer-low-1w-60tps-r1_retail-transfer-low_w0_r0_21],  with error: EndorseError: 1 CANCELLED: Call cancelled
Details:
2026.09.17-02:29:42.805[31m error[39m [caliper] [connectors/peer-gateway/PeerGateway] 	Failed to perform submit transaction [Transfer] using arguments [wlt_bench_custodian_20260917-pilot4_pilot-retail-transfer-low-1w-60tps-r1_retail-transfer-low,wlt_c_20260917-pilot4_pilot-retail-transfer-low-1w-60tps-r1_retail-transfer-low_w0_27,20000000,bench_20260917-pilot4_pilot-retail-transfer-low-1w-60tps-r1_retail-transfer-low_w0_r0_21],  with error: EndorseError: 14 UNAVAILABLE: No connection established. Last error: read ECONNRESET (2026-09-16T19:29:42.561Z)
Details:
2026.09.17-02:29:43.309[31m error[39m [caliper] [connectors/peer-gateway/PeerGateway] 	Failed to perform submit transaction [Transfer] using arguments [wlt_bench_custodian_20260917-pilot4_pilot-retail-transfer-low-1w-60tps-r1_retail-transfer-low,wlt_c_20260917-pilot4_pilot-retail-transfer-low-1w-60tps-r1_retail-transfer-low_w0_27,20000000,bench_20260917-pilot4_pilot-retail-transfer-low-1w-60tps-r1_retail-transfer-low_w0_r0_21],  with error: EndorseError: 14 UNAVAILABLE: No connection established. Last error: read ECONNRESET (2026-09-16T19:29:42.561Z)
Details:
2026.09.17-02:29:44.064[31m error[39m [caliper] [connectors/peer-gateway/PeerGateway] 	Failed to perform submit transaction [Transfer] using arguments [wlt_bench_custodian_20260917-pilot4_pilot-retail-transfer-low-1w-60tps-r1_retail-transfer-low,wlt_c_20260917-pilot4_pilot-retail-transfer-low-1w-60tps-r1_retail-transfer-low_w0_27,20000000,bench_20260917-pilot4_pilot-retail-transfer-low-1w-60tps-r1_retail-transfer-low_w0_r0_21],  with error: EndorseError: 14 UNAVAILABLE: No connection established. Last error: read ECONNRESET (2026-09-16T19:29:42.561Z)
Details:
2026.09.17-02:29:45.069[31m error[39m [caliper] [connectors/peer-gateway/PeerGateway] 	Failed to perform submit transaction [Transfer] using arguments [wlt_bench_custodian_20260917-pilot4_pilot-retail-transfer-low-1w-60tps-r1_retail-transfer-low,wlt_c_20260917-pilot4_pilot-retail-transfer-low-1w-60tps-r1_retail-transfer-low_w0_27,20000000,bench_20260917-pilot4_pilot-retail-transfer-low-1w-60tps-r1_retail-transfer-low_w0_r0_21],  with error: EndorseError: 14 UNAVAILABLE: No connection established. Last error: read ECONNRESET (2026-09-16T19:29:42.561Z)
Details:
2026.09.17-02:29:45.070[32m info [39m [caliper] [caliper-worker] 	Worker [0] encountered an error during prepare test phase for round 0: Error: setup Transfer failed: [object Object]
    at assertSuccessfulResponse (/home/mfachrizalg/2026/Skripsi/bi-coin/bi-coin-fabric/benchmark/workloads/retail-base.js:81:19)
    at execute (/home/mfachrizalg/2026/Skripsi/bi-coin/bi-coin-fabric/benchmark/workloads/retail-base.js:299:21)
    at process.processTicksAndRejections (node:internal/process/task_queues:103:5)
    at async TransactionTypeWorkload.withSetupLock (/home/mfachrizalg/2026/Skripsi/bi-coin/bi-coin-fabric/benchmark/workloads/retail-base.js:195:20)
    at async TransactionTypeWorkload.fundRetailWallet (/home/mfachrizalg/2026/Skripsi/bi-coin/bi-coin-fabric/benchmark/workloads/retail-base.js:284:9)
    at async Array.<anonymous> (/home/mfachrizalg/2026/Skripsi/bi-coin/bi-coin-fabric/benchmark/workloads/retail-base.js:396:17)
    at async /home/mfachrizalg/2026/Skripsi/bi-coin/bi-coin-fabric/benchmark/workloads/retail-base.js:157:17
    at async Promise.all (index 0)
    at async TransactionTypeWorkload.runPool (/home/mfachrizalg/2026/Skripsi/bi-coin/bi-coin-fabric/benchmark/workloads/retail-base.js:160:9)
    at async TransactionTypeWorkload.seedPopulation (/home/mfachrizalg/2026/Skripsi/bi-coin/bi-coin-fabric/benchmark/workloads/retail-base.js:401:9)
2026.09.17-02:29:45.070[32m info [39m [caliper] [connectors/peer-gateway/PeerGateway] 	disconnecting gateway for user User1
2026.09.17-02:29:45.070[32m info [39m [caliper] [connectors/peer-gateway/PeerGateway] 	disconnecting gateway for user _HimbaraBankOrgMSP_User1
2026.09.17-02:29:45.070[32m info [39m [caliper] [connectors/peer-gateway/PeerGateway] 	disconnecting gateway for user _CommercialBankOrgMSP_User1
2026.09.17-02:29:45.070[32m info [39m [caliper] [connectors/peer-gateway/PeerGateway] 	disconnecting gRpc client at peer peer0.bi.paynet
2026.09.17-02:29:45.071[32m info [39m [caliper] [connectors/peer-gateway/PeerGateway] 	disconnecting gRpc client at peer peer0.himbara.paynet
2026.09.17-02:29:45.071[32m info [39m [caliper] [connectors/peer-gateway/PeerGateway] 	disconnecting gRpc client at peer peer0.commercial.paynet
2026.09.17-02:29:45.071[32m info [39m [caliper] [caliper-worker] 	Info: worker 0 prepare test phase for round 0 is completed
2026.09.17-02:29:45.072[31m error[39m [caliper] [worker-message-handler] 	Error while handling "prepare" message for Worker (829372): Error: setup Transfer failed: [object Object]
    at assertSuccessfulResponse (/home/mfachrizalg/2026/Skripsi/bi-coin/bi-coin-fabric/benchmark/workloads/retail-base.js:81:19)
    at execute (/home/mfachrizalg/2026/Skripsi/bi-coin/bi-coin-fabric/benchmark/workloads/retail-base.js:299:21)
    at process.processTicksAndRejections (node:internal/process/task_queues:103:5)
    at async TransactionTypeWorkload.withSetupLock (/home/mfachrizalg/2026/Skripsi/bi-coin/bi-coin-fabric/benchmark/workloads/retail-base.js:195:20)
    at async TransactionTypeWorkload.fundRetailWallet (/home/mfachrizalg/2026/Skripsi/bi-coin/bi-coin-fabric/benchmark/workloads/retail-base.js:284:9)
    at async Array.<anonymous> (/home/mfachrizalg/2026/Skripsi/bi-coin/bi-coin-fabric/benchmark/workloads/retail-base.js:396:17)
    at async /home/mfachrizalg/2026/Skripsi/bi-coin/bi-coin-fabric/benchmark/workloads/retail-base.js:157:17
    at async Promise.all (index 0)
    at async TransactionTypeWorkload.runPool (/home/mfachrizalg/2026/Skripsi/bi-coin/bi-coin-fabric/benchmark/workloads/retail-base.js:160:9)
    at async TransactionTypeWorkload.seedPopulation (/home/mfachrizalg/2026/Skripsi/bi-coin/bi-coin-fabric/benchmark/workloads/retail-base.js:401:9)
2026.09.17-02:29:45.073[31m error[39m [caliper] [round-orchestrator] 	Failed round 1 (warmup-retail-transfer-low-60tps): Error: Error: setup Transfer failed: [object Object]
    at WorkerOrchestrator.updateWorkerPhase (/home/mfachrizalg/2026/Skripsi/bi-coin/bi-coin-fabric/node_modules/@hyperledger/caliper-core/lib/manager/orchestrators/worker-orchestrator.js:306:61)
    at ProcessMessenger.<anonymous> (/home/mfachrizalg/2026/Skripsi/bi-coin/bi-coin-fabric/node_modules/@hyperledger/caliper-core/lib/manager/orchestrators/worker-orchestrator.js:109:18)
    at ProcessMessenger.emit (node:events:519:28)
    at ProcessMessenger.onMessage (/home/mfachrizalg/2026/Skripsi/bi-coin/bi-coin-fabric/node_modules/@hyperledger/caliper-core/lib/common/messengers/messenger-interface.js:40:14)
    at ChildProcess.<anonymous> (/home/mfachrizalg/2026/Skripsi/bi-coin/bi-coin-fabric/node_modules/@hyperledger/caliper-core/lib/common/messengers/process/process-messenger.js:59:26)
    at ChildProcess.emit (node:events:519:28)
    at emit (node:internal/child_process:949:14)
    at process.processTicksAndRejections (node:internal/process/task_queues:90:21)
2026.09.17-02:29:45.074[32m info [39m [caliper] [round-orchestrator] 	Started round 2 (retail-transfer-low-60tps)
2026.09.17-02:29:45.075[32m info [39m [caliper] [worker-message-handler] 	Preparing Worker#0 for Round#1
2026.09.17-02:29:45.083[32m info [39m [caliper] [connectors/peer-gateway/PeerGateway] 	Generating contract map for user User1
2026.09.17-02:29:45.086[32m info [39m [caliper] [connectors/peer-gateway/PeerGateway] 	Generating contract map for user _HimbaraBankOrgMSP_User1
2026.09.17-02:29:45.088[32m info [39m [caliper] [connectors/peer-gateway/PeerGateway] 	Generating contract map for user _CommercialBankOrgMSP_User1
2026.09.17-02:29:45.088[32m info [39m [caliper] [caliper-worker] 	Info: worker 0 prepare test phase for round 1 is starting...
2026.09.17-02:29:45.095[31m error[39m [caliper] [connectors/peer-gateway/PeerGateway] 	Failed to perform query transaction [GetParticipant] using arguments [bench_custodian_20260917-pilot4_pilot-retail-transfer-low-1w-60tps-r1_retail-transfer-low],  with error: GatewayError: 14 UNAVAILABLE: No connection established. Last error: connect ECONNREFUSED 127.0.0.1:7051 (2026-09-16T19:29:45.094Z)
Details:
2026.09.17-02:29:45.101[31m error[39m [caliper] [connectors/peer-gateway/PeerGateway] 	Failed to perform submit transaction [SubmitParticipant] using arguments [bench_custodian_20260917-pilot4_pilot-retail-transfer-low-1w-60tps-r1_retail-transfer-low,Benchmark Himbara Custodian,himbara.paynet,bench_custodian_20260917-pilot4_pilot-retail-transfer-low-1w-60tps-r1_retail-transfer-low-account,validator,0,pending],  with error: EndorseError: 14 UNAVAILABLE: No connection established. Last error: connect ECONNREFUSED 127.0.0.1:9051 (2026-09-16T19:29:45.101Z)
Details:
2026.09.17-02:29:45.357[31m error[39m [caliper] [connectors/peer-gateway/PeerGateway] 	Failed to perform submit transaction [SubmitParticipant] using arguments [bench_custodian_20260917-pilot4_pilot-retail-transfer-low-1w-60tps-r1_retail-transfer-low,Benchmark Himbara Custodian,himbara.paynet,bench_custodian_20260917-pilot4_pilot-retail-transfer-low-1w-60tps-r1_retail-transfer-low-account,validator,0,pending],  with error: EndorseError: 14 UNAVAILABLE: No connection established. Last error: connect ECONNREFUSED 127.0.0.1:9051 (2026-09-16T19:29:45.101Z)
Details:
2026.09.17-02:29:45.863[31m error[39m [caliper] [connectors/peer-gateway/PeerGateway] 	Failed to perform submit transaction [SubmitParticipant] using arguments [bench_custodian_20260917-pilot4_pilot-retail-transfer-low-1w-60tps-r1_retail-transfer-low,Benchmark Himbara Custodian,himbara.paynet,bench_custodian_20260917-pilot4_pilot-retail-transfer-low-1w-60tps-r1_retail-transfer-low-account,validator,0,pending],  with error: EndorseError: 14 UNAVAILABLE: No connection established. Last error: connect ECONNREFUSED 127.0.0.1:9051 (2026-09-16T19:29:45.101Z)
Details:
2026.09.17-02:29:46.622[31m error[39m [caliper] [connectors/peer-gateway/PeerGateway] 	Failed to perform submit transaction [SubmitParticipant] using arguments [bench_custodian_20260917-pilot4_pilot-retail-transfer-low-1w-60tps-r1_retail-transfer-low,Benchmark Himbara Custodian,himbara.paynet,bench_custodian_20260917-pilot4_pilot-retail-transfer-low-1w-60tps-r1_retail-transfer-low-account,validator,0,pending],  with error: EndorseError: 14 UNAVAILABLE: No connection established. Last error: connect ECONNREFUSED 127.0.0.1:9051 (2026-09-16T19:29:45.101Z)
Details:
2026.09.17-02:29:47.625[31m error[39m [caliper] [connectors/peer-gateway/PeerGateway] 	Failed to perform submit transaction [SubmitParticipant] using arguments [bench_custodian_20260917-pilot4_pilot-retail-transfer-low-1w-60tps-r1_retail-transfer-low,Benchmark Himbara Custodian,himbara.paynet,bench_custodian_20260917-pilot4_pilot-retail-transfer-low-1w-60tps-r1_retail-transfer-low-account,validator,0,pending],  with error: EndorseError: 14 UNAVAILABLE: No connection established. Last error: connect ECONNREFUSED 127.0.0.1:9051 (2026-09-16T19:29:45.101Z)
Details:
2026.09.17-02:29:47.626[32m info [39m [caliper] [caliper-worker] 	Worker [0] encountered an error during prepare test phase for round 1: Error: setup SubmitParticipant failed: [object Object]
    at assertSuccessfulResponse (/home/mfachrizalg/2026/Skripsi/bi-coin/bi-coin-fabric/benchmark/workloads/retail-base.js:81:19)
    at execute (/home/mfachrizalg/2026/Skripsi/bi-coin/bi-coin-fabric/benchmark/workloads/retail-base.js:299:21)
    at process.processTicksAndRejections (node:internal/process/task_queues:103:5)
    at async /home/mfachrizalg/2026/Skripsi/bi-coin/bi-coin-fabric/benchmark/workloads/retail-base.js:248:17
    at async TransactionTypeWorkload.withSetupLock (/home/mfachrizalg/2026/Skripsi/bi-coin/bi-coin-fabric/benchmark/workloads/retail-base.js:195:20)
    at async TransactionTypeWorkload.seedPopulation (/home/mfachrizalg/2026/Skripsi/bi-coin/bi-coin-fabric/benchmark/workloads/retail-base.js:350:29)
    at async TransactionTypeWorkload.initializeWorkloadModule (/home/mfachrizalg/2026/Skripsi/bi-coin/bi-coin-fabric/benchmark/workloads/transaction-types.js:60:13)
    at async CaliperWorker.prepareTest (/home/mfachrizalg/2026/Skripsi/bi-coin/bi-coin-fabric/node_modules/@hyperledger/caliper-core/lib/worker/caliper-worker.js:161:13)
    at async WorkerMessageHandler._handlePrepareMessage (/home/mfachrizalg/2026/Skripsi/bi-coin/bi-coin-fabric/node_modules/@hyperledger/caliper-core/lib/worker/worker-message-handler.js:210:13)
    at async ProcessMessenger.<anonymous> (/home/mfachrizalg/2026/Skripsi/bi-coin/bi-coin-fabric/node_modules/@hyperledger/caliper-core/lib/worker/worker-message-handler.js:89:13)
2026.09.17-02:29:47.626[32m info [39m [caliper] [connectors/peer-gateway/PeerGateway] 	disconnecting gateway for user User1
2026.09.17-02:29:47.626[32m info [39m [caliper] [connectors/peer-gateway/PeerGateway] 	disconnecting gateway for user _HimbaraBankOrgMSP_User1
2026.09.17-02:29:47.627[32m info [39m [caliper] [connectors/peer-gateway/PeerGateway] 	disconnecting gateway for user _CommercialBankOrgMSP_User1
2026.09.17-02:29:47.627[32m info [39m [caliper] [connectors/peer-gateway/PeerGateway] 	disconnecting gRpc client at peer peer0.bi.paynet
2026.09.17-02:29:47.628[32m info [39m [caliper] [connectors/peer-gateway/PeerGateway] 	disconnecting gRpc client at peer peer0.himbara.paynet
2026.09.17-02:29:47.628[32m info [39m [caliper] [connectors/peer-gateway/PeerGateway] 	disconnecting gRpc client at peer peer0.commercial.paynet
2026.09.17-02:29:47.630[32m info [39m [caliper] [caliper-worker] 	Info: worker 0 prepare test phase for round 1 is completed
2026.09.17-02:29:47.630[31m error[39m [caliper] [worker-message-handler] 	Error while handling "prepare" message for Worker (829372): Error: setup SubmitParticipant failed: [object Object]
    at assertSuccessfulResponse (/home/mfachrizalg/2026/Skripsi/bi-coin/bi-coin-fabric/benchmark/workloads/retail-base.js:81:19)
    at execute (/home/mfachrizalg/2026/Skripsi/bi-coin/bi-coin-fabric/benchmark/workloads/retail-base.js:299:21)
    at process.processTicksAndRejections (node:internal/process/task_queues:103:5)
    at async /home/mfachrizalg/2026/Skripsi/bi-coin/bi-coin-fabric/benchmark/workloads/retail-base.js:248:17
    at async TransactionTypeWorkload.withSetupLock (/home/mfachrizalg/2026/Skripsi/bi-coin/bi-coin-fabric/benchmark/workloads/retail-base.js:195:20)
    at async TransactionTypeWorkload.seedPopulation (/home/mfachrizalg/2026/Skripsi/bi-coin/bi-coin-fabric/benchmark/workloads/retail-base.js:350:29)
    at async TransactionTypeWorkload.initializeWorkloadModule (/home/mfachrizalg/2026/Skripsi/bi-coin/bi-coin-fabric/benchmark/workloads/transaction-types.js:60:13)
    at async CaliperWorker.prepareTest (/home/mfachrizalg/2026/Skripsi/bi-coin/bi-coin-fabric/node_modules/@hyperledger/caliper-core/lib/worker/caliper-worker.js:161:13)
    at async WorkerMessageHandler._handlePrepareMessage (/home/mfachrizalg/2026/Skripsi/bi-coin/bi-coin-fabric/node_modules/@hyperledger/caliper-core/lib/worker/worker-message-handler.js:210:13)
    at async ProcessMessenger.<anonymous> (/home/mfachrizalg/2026/Skripsi/bi-coin/bi-coin-fabric/node_modules/@hyperledger/caliper-core/lib/worker/worker-message-handler.js:89:13)
2026.09.17-02:29:47.631[31m error[39m [caliper] [round-orchestrator] 	Failed round 2 (retail-transfer-low-60tps): Error: Error: setup SubmitParticipant failed: [object Object]
    at WorkerOrchestrator.updateWorkerPhase (/home/mfachrizalg/2026/Skripsi/bi-coin/bi-coin-fabric/node_modules/@hyperledger/caliper-core/lib/manager/orchestrators/worker-orchestrator.js:306:61)
    at ProcessMessenger.<anonymous> (/home/mfachrizalg/2026/Skripsi/bi-coin/bi-coin-fabric/node_modules/@hyperledger/caliper-core/lib/manager/orchestrators/worker-orchestrator.js:109:18)
    at ProcessMessenger.emit (node:events:519:28)
    at ProcessMessenger.onMessage (/home/mfachrizalg/2026/Skripsi/bi-coin/bi-coin-fabric/node_modules/@hyperledger/caliper-core/lib/common/messengers/messenger-interface.js:40:14)
    at ChildProcess.<anonymous> (/home/mfachrizalg/2026/Skripsi/bi-coin/bi-coin-fabric/node_modules/@hyperledger/caliper-core/lib/common/messengers/process/process-messenger.js:59:26)
    at ChildProcess.emit (node:events:519:28)
    at emit (node:internal/child_process:949:14)
    at process.processTicksAndRejections (node:internal/process/task_queues:90:21)
2026.09.17-02:29:47.632[32m info [39m [caliper] [report-builder] 	### All test results ###
2026.09.17-02:29:47.632[31m error[39m [caliper] [report-builder] 	No data within test result; implies error within configuration files
2026.09.17-02:29:47.632[31m error[39m [caliper] [round-orchestrator] 	Error while finalizing the report: Error: unrecognized report table
    at ReportBuilder.setSummaryTable (/home/mfachrizalg/2026/Skripsi/bi-coin/bi-coin-fabric/node_modules/@hyperledger/caliper-core/lib/manager/report/report-builder.js:142:19)
    at Report.printResultsByRound (/home/mfachrizalg/2026/Skripsi/bi-coin/bi-coin-fabric/node_modules/@hyperledger/caliper-core/lib/manager/report/report.js:182:28)
    at RoundOrchestrator.run (/home/mfachrizalg/2026/Skripsi/bi-coin/bi-coin-fabric/node_modules/@hyperledger/caliper-core/lib/manager/orchestrators/round-orchestrator.js:229:25)
    at process.processTicksAndRejections (node:internal/process/task_queues:103:5)
    at async CaliperEngine.run (/home/mfachrizalg/2026/Skripsi/bi-coin/bi-coin-fabric/node_modules/@hyperledger/caliper-core/lib/manager/caliper-engine.js:153:17)
    at async LaunchManager.handler (/home/mfachrizalg/2026/Skripsi/bi-coin/bi-coin-fabric/node_modules/@hyperledger/caliper-cli/lib/launch/lib/launchManager.js:81:30)
2026.09.17-02:29:47.633[32m info [39m [caliper] [monitor.js] 	Stopping all monitors
2026.09.17-02:29:47.633[32m info [39m [caliper] [worker-orchestrator] 	Sending exit message to connected workers
2026.09.17-02:29:47.633[32m info [39m [caliper] [round-orchestrator] 	Benchmark finished in 390.36 seconds. Total rounds: 2. Successful rounds: 0. Failed rounds: 2.
2026.09.17-02:29:47.634[32m info [39m [caliper] [worker-message-handler] 	Worker#0 is exiting
2026.09.17-02:29:47.633[32m info [39m [caliper] [caliper-engine] 	Network configuration attribute "caliper.command.end" is not present, skipping end command
2026.09.17-02:29:47.635[32m info [39m [caliper] [cli-launch-manager] 	Benchmark successfully finished!
