2026.09.17-07:59:32.265[32m info [39m [caliper] [cli-launch-manager] 	Set workspace path: /home/mfachrizalg/2026/Skripsi/bi-coin/bi-coin-fabric
2026.09.17-07:59:32.266[32m info [39m [caliper] [cli-launch-manager] 	Set benchmark configuration path: /home/mfachrizalg/2026/Skripsi/bi-coin/bi-coin-fabric/benchmark/results/statistical-20260917-pilot6/runs/calibration-retail-transfer-low-1w-30tps-r3/benchconfig.yaml
2026.09.17-07:59:32.267[32m info [39m [caliper] [cli-launch-manager] 	Set network configuration path: /home/mfachrizalg/2026/Skripsi/bi-coin/bi-coin-fabric/benchmark/networkconfig.yaml
2026.09.17-07:59:32.269[32m info [39m [caliper] [cli-launch-manager] 	Set SUT type: fabric
2026.09.17-07:59:32.288[32m info [39m [caliper] [caliper-engine] 	Starting benchmark flow
2026.09.17-07:59:32.289[32m info [39m [caliper] [caliper-engine] 	Network configuration attribute "caliper.command.start" is not present, skipping start command
2026.09.17-07:59:32.861[32m info [39m [caliper] [FabricConnectorFactory] 	Initializing peer gateway connector compatible with installed fabric-gateway SDK: 1.5.0
2026.09.17-07:59:32.867[32m info [39m [caliper] [IdentityManager] 	Adding User1 (admin=false) as User1 for organization BankIndonesiaOrgMSP
2026.09.17-07:59:32.869[32m info [39m [caliper] [IdentityManager] 	Adding User1 (admin=false) as _HimbaraBankOrgMSP_User1 for organization HimbaraBankOrgMSP
2026.09.17-07:59:32.871[32m info [39m [caliper] [IdentityManager] 	Adding User1 (admin=false) as _CommercialBankOrgMSP_User1 for organization CommercialBankOrgMSP
2026.09.17-07:59:32.872[32m info [39m [caliper] [connectors/peer-gateway/PeerGateway] 	Fabric-Gateway SDK version: 1.5.0 for Peer-Gateway connector; TLS based on BankIndonesiaOrgMSP: server
2026.09.17-07:59:32.872[32m info [39m [caliper] [caliper-engine] 	Executed "init" step in 0 seconds
2026.09.17-07:59:32.873[33m warn [39m [caliper] [connectors/peer-gateway/PeerGateway] 	Install smart contract not available for the Fabric Peer Gateway connector
2026.09.17-07:59:32.873[32m info [39m [caliper] [caliper-engine] 	Executed "install" step in 0 seconds
2026.09.17-07:59:32.875[32m info [39m [caliper] [monitor.js] 	Attempting to create resource monitor of type docker
2026.09.17-07:59:32.875[32m info [39m [caliper] [monitor.js] 	Attempting to create resource monitor of type process
2026.09.17-07:59:32.876[32m info [39m [caliper] [default-observer] 	Observer interval set to 5000 milliseconds
2026.09.17-07:59:32.879[32m info [39m [caliper] [round-orchestrator] 	Preparing worker connections
2026.09.17-07:59:32.879[32m info [39m [caliper] [worker-orchestrator] 	Launching worker 1 of 1
2026.09.17-07:59:32.883[32m info [39m [caliper] [worker-orchestrator] 	Messenger not configured, entering configure phase...
2026.09.17-07:59:32.884[32m info [39m [caliper] [worker-orchestrator] 	No existing workers detected, entering worker launch phase...
2026.09.17-07:59:32.884[32m info [39m [caliper] [worker-orchestrator] 	Waiting for 1 workers to be connected...
2026.09.17-07:59:33.179[32m info [39m [caliper] [cli-launch-worker] 	Set workspace path: /home/mfachrizalg/2026/Skripsi/bi-coin/bi-coin-fabric
2026.09.17-07:59:33.180[32m info [39m [caliper] [cli-launch-worker] 	Set benchmark configuration path: /home/mfachrizalg/2026/Skripsi/bi-coin/bi-coin-fabric/benchmark/results/statistical-20260917-pilot6/runs/calibration-retail-transfer-low-1w-30tps-r3/benchconfig.yaml
2026.09.17-07:59:33.180[32m info [39m [caliper] [cli-launch-worker] 	Set network configuration path: /home/mfachrizalg/2026/Skripsi/bi-coin/bi-coin-fabric/benchmark/networkconfig.yaml
2026.09.17-07:59:33.180[32m info [39m [caliper] [cli-launch-worker] 	Set SUT type: fabric
2026.09.17-07:59:33.198[32m info [39m [caliper] [worker-orchestrator] 	1 workers connected, progressing to worker assignment phase.
2026.09.17-07:59:33.198[32m info [39m [caliper] [worker-orchestrator] 	Workers currently unassigned, awaiting index assignment...
2026.09.17-07:59:33.199[32m info [39m [caliper] [worker-orchestrator] 	Waiting for 1 workers to be assigned...
2026.09.17-07:59:33.229[32m info [39m [caliper] [worker-orchestrator] 	1 workers assigned, progressing to worker initialization phase.
2026.09.17-07:59:33.229[32m info [39m [caliper] [worker-orchestrator] 	Waiting for 1 workers to be ready...
2026.09.17-07:59:33.230[32m info [39m [caliper] [worker-message-handler] 	Initializing Worker#0...
2026.09.17-07:59:33.761[32m info [39m [caliper] [FabricConnectorFactory] 	Initializing peer gateway connector compatible with installed fabric-gateway SDK: 1.5.0
2026.09.17-07:59:33.768[32m info [39m [caliper] [IdentityManager] 	Adding User1 (admin=false) as User1 for organization BankIndonesiaOrgMSP
2026.09.17-07:59:33.769[32m info [39m [caliper] [IdentityManager] 	Adding User1 (admin=false) as _HimbaraBankOrgMSP_User1 for organization HimbaraBankOrgMSP
2026.09.17-07:59:33.771[32m info [39m [caliper] [IdentityManager] 	Adding User1 (admin=false) as _CommercialBankOrgMSP_User1 for organization CommercialBankOrgMSP
2026.09.17-07:59:33.774[32m info [39m [caliper] [worker-message-handler] 	Worker#0 initialized
2026.09.17-07:59:33.775[32m info [39m [caliper] [worker-orchestrator] 	1 workers ready, progressing to test preparation phase.
2026.09.17-07:59:33.775[32m info [39m [caliper] [round-orchestrator] 	Started round 1 (warmup-retail-transfer-low-30tps)
2026.09.17-07:59:33.776[32m info [39m [caliper] [worker-message-handler] 	Preparing Worker#0 for Round#0
2026.09.17-07:59:33.790[32m info [39m [caliper] [connectors/peer-gateway/PeerGateway] 	Generating contract map for user User1
2026.09.17-07:59:33.793[32m info [39m [caliper] [connectors/peer-gateway/PeerGateway] 	Generating contract map for user _HimbaraBankOrgMSP_User1
2026.09.17-07:59:33.796[32m info [39m [caliper] [connectors/peer-gateway/PeerGateway] 	Generating contract map for user _CommercialBankOrgMSP_User1
2026.09.17-07:59:33.796[32m info [39m [caliper] [caliper-worker] 	Info: worker 0 prepare test phase for round 0 is starting...
2026.09.17-07:59:33.854[31m error[39m [caliper] [connectors/peer-gateway/PeerGateway] 	Failed to perform query transaction [GetParticipant] using arguments [bench_custodian_20260917-pilot6_calibration-retail-transfer-low-1w-30tps-r3_retail-transfer-low],  with error: GatewayError: 2 UNKNOWN: evaluate call to endorser returned error: chaincode response 500, participant bench_custodian_20260917-pilot6_calibration-retail-transfer-low-1w-30tps-r3_retail-transfer-low not found
Details:
-  peer0.bi.paynet:7051:chaincode response 500, participant bench_custodian_20260917-pilot6_calibration-retail-transfer-low-1w-30tps-r3_retail-transfer-low not found
2026.09.17-08:04:38.229[32m info [39m [caliper] [connectors/peer-gateway/PeerGateway] 	disconnecting gateway for user User1
2026.09.17-08:04:38.229[32m info [39m [caliper] [connectors/peer-gateway/PeerGateway] 	disconnecting gateway for user _HimbaraBankOrgMSP_User1
2026.09.17-08:04:38.229[32m info [39m [caliper] [connectors/peer-gateway/PeerGateway] 	disconnecting gateway for user _CommercialBankOrgMSP_User1
2026.09.17-08:04:38.229[32m info [39m [caliper] [connectors/peer-gateway/PeerGateway] 	disconnecting gRpc client at peer peer0.bi.paynet
2026.09.17-08:04:38.231[32m info [39m [caliper] [connectors/peer-gateway/PeerGateway] 	disconnecting gRpc client at peer peer0.himbara.paynet
2026.09.17-08:04:38.231[32m info [39m [caliper] [connectors/peer-gateway/PeerGateway] 	disconnecting gRpc client at peer peer0.commercial.paynet
2026.09.17-08:04:38.231[32m info [39m [caliper] [caliper-worker] 	Info: worker 0 prepare test phase for round 0 is completed
2026.09.17-08:04:38.231[32m info [39m [caliper] [worker-message-handler] 	Worker#0 prepared for Round#0
2026.09.17-08:04:38.233[32m info [39m [caliper] [worker-orchestrator] 	1 workers prepared, progressing to test phase.
2026.09.17-08:04:40.303[32m info [39m [caliper] [monitor-process] 	Registering node caliper(sum) within process monitor
2026.09.17-08:04:40.471[32m info [39m [caliper] [monitor-process] 	Starting process monitor with update interval 1000 ms
2026.09.17-08:04:40.471[32m info [39m [caliper] [round-orchestrator] 	Monitors successfully started
2026.09.17-08:04:40.472[32m info [39m [caliper] [worker-message-handler] 	Worker#0 is starting Round#0
2026.09.17-08:04:40.477[32m info [39m [caliper] [connectors/peer-gateway/PeerGateway] 	Generating contract map for user User1
2026.09.17-08:04:40.480[32m info [39m [caliper] [connectors/peer-gateway/PeerGateway] 	Generating contract map for user _HimbaraBankOrgMSP_User1
2026.09.17-08:04:40.482[32m info [39m [caliper] [connectors/peer-gateway/PeerGateway] 	Generating contract map for user _CommercialBankOrgMSP_User1
2026.09.17-08:04:40.484[32m info [39m [caliper] [caliper-worker] 	Worker #0 starting workload loop
2026.09.17-08:04:43.235[32m info [39m [caliper] [default-observer] 	[warmup-retail-transfer-low-30tps Round 0 Transaction Info] - Submitted: 10 Succ: 10 Fail:0 Unfinished:0
2026.09.17-08:04:48.235[32m info [39m [caliper] [default-observer] 	[warmup-retail-transfer-low-30tps Round 0 Transaction Info] - Submitted: 36 Succ: 30 Fail:0 Unfinished:6
2026.09.17-08:04:53.236[32m info [39m [caliper] [default-observer] 	[warmup-retail-transfer-low-30tps Round 0 Transaction Info] - Submitted: 61 Succ: 60 Fail:0 Unfinished:1
2026.09.17-08:04:58.237[32m info [39m [caliper] [default-observer] 	[warmup-retail-transfer-low-30tps Round 0 Transaction Info] - Submitted: 86 Succ: 80 Fail:0 Unfinished:6
2026.09.17-08:05:03.237[32m info [39m [caliper] [default-observer] 	[warmup-retail-transfer-low-30tps Round 0 Transaction Info] - Submitted: 111 Succ: 110 Fail:0 Unfinished:1
2026.09.17-08:05:08.239[32m info [39m [caliper] [default-observer] 	[warmup-retail-transfer-low-30tps Round 0 Transaction Info] - Submitted: 136 Succ: 130 Fail:0 Unfinished:6
2026.09.17-08:05:13.239[32m info [39m [caliper] [default-observer] 	[warmup-retail-transfer-low-30tps Round 0 Transaction Info] - Submitted: 151 Succ: 151 Fail:0 Unfinished:0
2026.09.17-08:05:13.592[32m info [39m [caliper] [connectors/peer-gateway/PeerGateway] 	disconnecting gateway for user User1
2026.09.17-08:05:13.592[32m info [39m [caliper] [connectors/peer-gateway/PeerGateway] 	disconnecting gateway for user _HimbaraBankOrgMSP_User1
2026.09.17-08:05:13.592[32m info [39m [caliper] [connectors/peer-gateway/PeerGateway] 	disconnecting gateway for user _CommercialBankOrgMSP_User1
2026.09.17-08:05:13.592[32m info [39m [caliper] [connectors/peer-gateway/PeerGateway] 	disconnecting gRpc client at peer peer0.bi.paynet
2026.09.17-08:05:13.592[32m info [39m [caliper] [connectors/peer-gateway/PeerGateway] 	disconnecting gRpc client at peer peer0.himbara.paynet
2026.09.17-08:05:13.593[32m info [39m [caliper] [connectors/peer-gateway/PeerGateway] 	disconnecting gRpc client at peer peer0.commercial.paynet
2026.09.17-08:05:13.593[32m info [39m [caliper] [worker-message-handler] 	Worker#0 finished Round#0
2026.09.17-08:05:18.608[32m info [39m [caliper] [default-observer] 	Resetting txCount indicator count
2026.09.17-08:05:18.608[32m info [39m [caliper] [report-builder] 	### Test result ###
2026.09.17-08:05:18.614[32m info [39m [caliper] [report-builder] 	
+----------------------------------+------+------+-----------------+-----------------+-----------------+-----------------+------------------+
| Name                             | Succ | Fail | Send Rate (TPS) | Max Latency (s) | Min Latency (s) | Avg Latency (s) | Throughput (TPS) |
|----------------------------------|------|------|-----------------|-----------------|-----------------|-----------------|------------------|
| warmup-retail-transfer-low-30tps | 151  | 0    | 5.0             | 2.08            | 0.11            | 1.04            | 4.7              |
+----------------------------------+------+------+-----------------+-----------------+-----------------+-----------------+------------------+

2026.09.17-08:05:18.620[32m info [39m [caliper] [report-builder] 	### docker resource stats ###'
2026.09.17-08:05:18.623[32m info [39m [caliper] [report-builder] 	
+-----------------------------+-----------+-----------+------------------+------------------+-----------------+------------------+-----------------+---------------+
| Name                        | CPU%(max) | CPU%(avg) | Memory(max) [MB] | Memory(avg) [MB] | Traffic In [MB] | Traffic Out [MB] | Disc Write [MB] | Disc Read [B] |
|-----------------------------|-----------|-----------|------------------|------------------|-----------------|------------------|-----------------|---------------|
| /peer0.himbara.paynet       | 0.10125   | 0.065     | 106              | 104              | 5.70            | 5.58             | 4.21            | 0.00          |
|-----------------------------|-----------|-----------|------------------|------------------|-----------------|------------------|-----------------|---------------|
| /peer0.ojk.paynet           | 0.0475    | 0.0225    | 104              | 102              | 2.56            | 1.17             | 4.36            | 0.00          |
|-----------------------------|-----------|-----------|------------------|------------------|-----------------|------------------|-----------------|---------------|
| /peer0.commercial.paynet    | 0.05125   | 0.02125   | 103              | 101              | 2.55            | 1.16             | 4.22            | 0.00          |
|-----------------------------|-----------|-----------|------------------|------------------|-----------------|------------------|-----------------|---------------|
| /peer0.bi.paynet            | 0.0475    | 0.02375   | 106              | 102              | 2.58            | 1.19             | 4.30            | 0.00          |
|-----------------------------|-----------|-----------|------------------|------------------|-----------------|------------------|-----------------|---------------|
| /peer0.pjp.paynet           | 0.05875   | 0.02375   | 107              | 102              | 2.56            | 1.17             | 4.35            | 0.00          |
|-----------------------------|-----------|-----------|------------------|------------------|-----------------|------------------|-----------------|---------------|
| /couchdb0.bi.paynet         | 0.27375   | 0.0625    | 54.1             | 53.2             | 0.949           | 1.04             | 5.83            | 0.00          |
|-----------------------------|-----------|-----------|------------------|------------------|-----------------|------------------|-----------------|---------------|
| /couchdb0.pjp.paynet        | 0.2525    | 0.05125   | 52.9             | 52.0             | 0.950           | 1.04             | 6.03            | 0.00          |
|-----------------------------|-----------|-----------|------------------|------------------|-----------------|------------------|-----------------|---------------|
| /couchdb0.ojk.paynet        | 0.29625   | 0.06375   | 53.4             | 52.4             | 0.951           | 1.04             | 6.18            | 0.00          |
|-----------------------------|-----------|-----------|------------------|------------------|-----------------|------------------|-----------------|---------------|
| /orderer.paynet             | 0.01625   | 0.0075    | 49.4             | 48.0             | 1.42            | 6.60             | 4.65            | 0.00          |
|-----------------------------|-----------|-----------|------------------|------------------|-----------------|------------------|-----------------|---------------|
| /couchdb0.commercial.paynet | 0.2625    | 0.06125   | 51.3             | 50.6             | 0.951           | 1.04             | 6.33            | 0.00          |
|-----------------------------|-----------|-----------|------------------|------------------|-----------------|------------------|-----------------|---------------|
| /couchdb0.himbara.paynet    | 0.27125   | 0.08      | 51.9             | 50.6             | 0.937           | 0.504            | 6.56            | 0.00          |
+-----------------------------+-----------+-----------+------------------+------------------+-----------------+------------------+-----------------+---------------+

2026.09.17-08:05:18.624[32m info [39m [caliper] [report-builder] 	### process resource stats ###'
2026.09.17-08:05:18.624[32m info [39m [caliper] [report-builder] 	
+-------------------+-----------+-----------+-----------------+-----------------+
| Name              | CPU%(max) | CPU%(avg) | Memory(max) [B] | Memory(avg) [B] |
|-------------------|-----------|-----------|-----------------|-----------------|
| node caliper(sum) | 28.00     | 18.12     | -               | -               |
+-------------------+-----------+-----------+-----------------+-----------------+

2026.09.17-08:05:18.624[32m info [39m [caliper] [round-orchestrator] 	Finished round 1 (warmup-retail-transfer-low-30tps) in 32.109 seconds
2026.09.17-08:05:18.624[32m info [39m [caliper] [monitor.js] 	Stopping all monitors
2026.09.17-08:05:18.826[32m info [39m [caliper] [round-orchestrator] 	Waiting 5 seconds for the next round...
2026.09.17-08:05:23.826[32m info [39m [caliper] [round-orchestrator] 	Started round 2 (retail-transfer-low-30tps)
2026.09.17-08:05:23.827[32m info [39m [caliper] [worker-message-handler] 	Preparing Worker#0 for Round#1
2026.09.17-08:05:23.834[32m info [39m [caliper] [connectors/peer-gateway/PeerGateway] 	Generating contract map for user User1
2026.09.17-08:05:23.837[32m info [39m [caliper] [connectors/peer-gateway/PeerGateway] 	Generating contract map for user _HimbaraBankOrgMSP_User1
2026.09.17-08:05:23.840[32m info [39m [caliper] [connectors/peer-gateway/PeerGateway] 	Generating contract map for user _CommercialBankOrgMSP_User1
2026.09.17-08:05:23.840[32m info [39m [caliper] [caliper-worker] 	Info: worker 0 prepare test phase for round 1 is starting...
2026.09.17-08:05:28.079[32m info [39m [caliper] [connectors/peer-gateway/PeerGateway] 	disconnecting gateway for user User1
2026.09.17-08:05:28.079[32m info [39m [caliper] [connectors/peer-gateway/PeerGateway] 	disconnecting gateway for user _HimbaraBankOrgMSP_User1
2026.09.17-08:05:28.079[32m info [39m [caliper] [connectors/peer-gateway/PeerGateway] 	disconnecting gateway for user _CommercialBankOrgMSP_User1
2026.09.17-08:05:28.080[32m info [39m [caliper] [connectors/peer-gateway/PeerGateway] 	disconnecting gRpc client at peer peer0.bi.paynet
2026.09.17-08:05:28.080[32m info [39m [caliper] [connectors/peer-gateway/PeerGateway] 	disconnecting gRpc client at peer peer0.himbara.paynet
2026.09.17-08:05:28.080[32m info [39m [caliper] [connectors/peer-gateway/PeerGateway] 	disconnecting gRpc client at peer peer0.commercial.paynet
2026.09.17-08:05:28.080[32m info [39m [caliper] [caliper-worker] 	Info: worker 0 prepare test phase for round 1 is completed
2026.09.17-08:05:28.080[32m info [39m [caliper] [worker-message-handler] 	Worker#0 prepared for Round#1
2026.09.17-08:05:28.081[32m info [39m [caliper] [worker-orchestrator] 	1 workers prepared, progressing to test phase.
2026.09.17-08:05:30.115[32m info [39m [caliper] [monitor-process] 	Registering node caliper(sum) within process monitor
2026.09.17-08:05:30.209[32m info [39m [caliper] [monitor-process] 	Starting process monitor with update interval 1000 ms
2026.09.17-08:05:30.209[32m info [39m [caliper] [round-orchestrator] 	Monitors successfully started
2026.09.17-08:05:30.210[32m info [39m [caliper] [worker-message-handler] 	Worker#0 is starting Round#1
2026.09.17-08:05:30.212[32m info [39m [caliper] [connectors/peer-gateway/PeerGateway] 	Generating contract map for user User1
2026.09.17-08:05:30.213[32m info [39m [caliper] [connectors/peer-gateway/PeerGateway] 	Generating contract map for user _HimbaraBankOrgMSP_User1
2026.09.17-08:05:30.216[32m info [39m [caliper] [connectors/peer-gateway/PeerGateway] 	Generating contract map for user _CommercialBankOrgMSP_User1
2026.09.17-08:05:30.217[32m info [39m [caliper] [caliper-worker] 	Worker #0 starting workload loop
2026.09.17-08:05:33.084[32m info [39m [caliper] [default-observer] 	[retail-transfer-low-30tps Round 1 Transaction Info] - Submitted: 60 Succ: 50 Fail:0 Unfinished:10
2026.09.17-08:05:38.085[32m info [39m [caliper] [default-observer] 	[retail-transfer-low-30tps Round 1 Transaction Info] - Submitted: 211 Succ: 200 Fail:0 Unfinished:11
2026.09.17-08:05:43.085[32m info [39m [caliper] [default-observer] 	[retail-transfer-low-30tps Round 1 Transaction Info] - Submitted: 361 Succ: 350 Fail:0 Unfinished:11
2026.09.17-08:05:48.085[32m info [39m [caliper] [default-observer] 	[retail-transfer-low-30tps Round 1 Transaction Info] - Submitted: 511 Succ: 500 Fail:0 Unfinished:11
2026.09.17-08:05:53.085[32m info [39m [caliper] [default-observer] 	[retail-transfer-low-30tps Round 1 Transaction Info] - Submitted: 661 Succ: 650 Fail:0 Unfinished:11
2026.09.17-08:05:58.086[32m info [39m [caliper] [default-observer] 	[retail-transfer-low-30tps Round 1 Transaction Info] - Submitted: 811 Succ: 766 Fail:0 Unfinished:45
2026.09.17-08:06:03.088[32m info [39m [caliper] [default-observer] 	[retail-transfer-low-30tps Round 1 Transaction Info] - Submitted: 961 Succ: 950 Fail:0 Unfinished:11
2026.09.17-08:06:08.088[32m info [39m [caliper] [default-observer] 	[retail-transfer-low-30tps Round 1 Transaction Info] - Submitted: 1112 Succ: 1100 Fail:0 Unfinished:12
2026.09.17-08:06:13.089[32m info [39m [caliper] [default-observer] 	[retail-transfer-low-30tps Round 1 Transaction Info] - Submitted: 1262 Succ: 1250 Fail:0 Unfinished:12
2026.09.17-08:06:18.089[32m info [39m [caliper] [default-observer] 	[retail-transfer-low-30tps Round 1 Transaction Info] - Submitted: 1412 Succ: 1400 Fail:0 Unfinished:12
2026.09.17-08:06:23.089[32m info [39m [caliper] [default-observer] 	[retail-transfer-low-30tps Round 1 Transaction Info] - Submitted: 1562 Succ: 1550 Fail:0 Unfinished:12
2026.09.17-08:06:28.089[32m info [39m [caliper] [default-observer] 	[retail-transfer-low-30tps Round 1 Transaction Info] - Submitted: 1712 Succ: 1700 Fail:0 Unfinished:12
2026.09.17-08:06:33.089[32m info [39m [caliper] [default-observer] 	[retail-transfer-low-30tps Round 1 Transaction Info] - Submitted: 1801 Succ: 1801 Fail:0 Unfinished:0
2026.09.17-08:06:33.334[32m info [39m [caliper] [connectors/peer-gateway/PeerGateway] 	disconnecting gateway for user User1
2026.09.17-08:06:33.334[32m info [39m [caliper] [connectors/peer-gateway/PeerGateway] 	disconnecting gateway for user _HimbaraBankOrgMSP_User1
2026.09.17-08:06:33.334[32m info [39m [caliper] [connectors/peer-gateway/PeerGateway] 	disconnecting gateway for user _CommercialBankOrgMSP_User1
2026.09.17-08:06:33.334[32m info [39m [caliper] [connectors/peer-gateway/PeerGateway] 	disconnecting gRpc client at peer peer0.bi.paynet
2026.09.17-08:06:33.334[32m info [39m [caliper] [connectors/peer-gateway/PeerGateway] 	disconnecting gRpc client at peer peer0.himbara.paynet
2026.09.17-08:06:33.334[32m info [39m [caliper] [connectors/peer-gateway/PeerGateway] 	disconnecting gRpc client at peer peer0.commercial.paynet
2026.09.17-08:06:33.334[32m info [39m [caliper] [worker-message-handler] 	Worker#0 finished Round#1
2026.09.17-08:06:38.335[32m info [39m [caliper] [default-observer] 	Resetting txCount indicator count
2026.09.17-08:06:38.336[32m info [39m [caliper] [report-builder] 	### Test result ###
2026.09.17-08:06:38.338[32m info [39m [caliper] [report-builder] 	
+---------------------------+------+------+-----------------+-----------------+-----------------+-----------------+------------------+
| Name                      | Succ | Fail | Send Rate (TPS) | Max Latency (s) | Min Latency (s) | Avg Latency (s) | Throughput (TPS) |
|---------------------------|------|------|-----------------|-----------------|-----------------|-----------------|------------------|
| retail-transfer-low-30tps | 1801 | 0    | 30.0            | 2.10            | 0.12            | 0.46            | 29.0             |
+---------------------------+------+------+-----------------+-----------------+-----------------+-----------------+------------------+

2026.09.17-08:06:38.342[32m info [39m [caliper] [report-builder] 	### docker resource stats ###'
2026.09.17-08:06:38.344[32m info [39m [caliper] [report-builder] 	
+-----------------------------+-----------+-----------+------------------+------------------+-----------------+------------------+-----------------+----------------+
| Name                        | CPU%(max) | CPU%(avg) | Memory(max) [MB] | Memory(avg) [MB] | Traffic In [MB] | Traffic Out [MB] | Disc Write [MB] | Disc Read [KB] |
|-----------------------------|-----------|-----------|------------------|------------------|-----------------|------------------|-----------------|----------------|
| /peer0.himbara.paynet       | 0.4925    | 0.38875   | 121              | 116              | 59.9            | 59.2             | 46.5            | 0.00           |
|-----------------------------|-----------|-----------|------------------|------------------|-----------------|------------------|-----------------|----------------|
| /peer0.ojk.paynet           | 0.205     | 0.12      | 116              | 113              | 28.3            | 11.7             | 87.8            | 0.00           |
|-----------------------------|-----------|-----------|------------------|------------------|-----------------|------------------|-----------------|----------------|
| /peer0.commercial.paynet    | 0.185     | 0.12      | 114              | 111              | 28.3            | 11.7             | 46.6            | 0.00           |
|-----------------------------|-----------|-----------|------------------|------------------|-----------------|------------------|-----------------|----------------|
| /peer0.bi.paynet            | 0.1825    | 0.12125   | 122              | 115              | 28.3            | 11.8             | 46.2            | 0.00           |
|-----------------------------|-----------|-----------|------------------|------------------|-----------------|------------------|-----------------|----------------|
| /peer0.pjp.paynet           | 0.16375   | 0.11875   | 116              | 112              | 28.3            | 11.7             | 46.3            | 0.00           |
|-----------------------------|-----------|-----------|------------------|------------------|-----------------|------------------|-----------------|----------------|
| /couchdb0.bi.paynet         | 2.14375   | 1.0375    | 66.9             | 56.8             | 11.2            | 12.4             | 179             | 16.0           |
|-----------------------------|-----------|-----------|------------------|------------------|-----------------|------------------|-----------------|----------------|
| /couchdb0.pjp.paynet        | 2.03625   | 1.075     | 64.5             | 55.9             | 11.3            | 12.4             | 192             | 64.0           |
|-----------------------------|-----------|-----------|------------------|------------------|-----------------|------------------|-----------------|----------------|
| /couchdb0.ojk.paynet        | 3.03625   | 1.09      | 70.6             | 58.0             | 11.2            | 12.4             | 211             | 16.0           |
|-----------------------------|-----------|-----------|------------------|------------------|-----------------|------------------|-----------------|----------------|
| /orderer.paynet             | 0.11875   | 0.07375   | 78.1             | 61.5             | 16.5            | 78.4             | 51.9            | 0.00           |
|-----------------------------|-----------|-----------|------------------|------------------|-----------------|------------------|-----------------|----------------|
| /couchdb0.commercial.paynet | 2.00875   | 1.0375    | 65.8             | 55.0             | 11.3            | 12.4             | 140             | 64.0           |
|-----------------------------|-----------|-----------|------------------|------------------|-----------------|------------------|-----------------|----------------|
| /couchdb0.himbara.paynet    | 1.915     | 0.9975    | 62.5             | 55.1             | 10.9            | 5.16             | 153             | 0.00           |
+-----------------------------+-----------+-----------+------------------+------------------+-----------------+------------------+-----------------+----------------+

2026.09.17-08:06:38.344[32m info [39m [caliper] [report-builder] 	### process resource stats ###'
2026.09.17-08:06:38.345[32m info [39m [caliper] [report-builder] 	
+-------------------+-----------+-----------+-----------------+-----------------+
| Name              | CPU%(max) | CPU%(avg) | Memory(max) [B] | Memory(avg) [B] |
|-------------------|-----------|-----------|-----------------|-----------------|
| node caliper(sum) | 77.23     | 45.02     | -               | -               |
+-------------------+-----------+-----------+-----------------+-----------------+

2026.09.17-08:06:38.345[32m info [39m [caliper] [round-orchestrator] 	Finished round 2 (retail-transfer-low-30tps) in 62.116 seconds
2026.09.17-08:06:38.345[32m info [39m [caliper] [monitor.js] 	Stopping all monitors
2026.09.17-08:06:38.546[32m info [39m [caliper] [report-builder] 	### All test results ###
2026.09.17-08:06:38.546[32m info [39m [caliper] [report-builder] 	
+----------------------------------+------+------+-----------------+-----------------+-----------------+-----------------+------------------+
| Name                             | Succ | Fail | Send Rate (TPS) | Max Latency (s) | Min Latency (s) | Avg Latency (s) | Throughput (TPS) |
|----------------------------------|------|------|-----------------|-----------------|-----------------|-----------------|------------------|
| warmup-retail-transfer-low-30tps | 151  | 0    | 5.0             | 2.08            | 0.11            | 1.04            | 4.7              |
|----------------------------------|------|------|-----------------|-----------------|-----------------|-----------------|------------------|
| retail-transfer-low-30tps        | 1801 | 0    | 30.0            | 2.10            | 0.12            | 0.46            | 29.0             |
+----------------------------------+------+------+-----------------+-----------------+-----------------+-----------------+------------------+

2026.09.17-08:06:38.556[32m info [39m [caliper] [report-builder] 	Generated report with path /home/mfachrizalg/2026/Skripsi/bi-coin/bi-coin-fabric/report.html
2026.09.17-08:06:38.556[32m info [39m [caliper] [monitor.js] 	Stopping all monitors
2026.09.17-08:06:38.557[32m info [39m [caliper] [worker-orchestrator] 	Sending exit message to connected workers
2026.09.17-08:06:38.557[32m info [39m [caliper] [round-orchestrator] 	Benchmark finished in 424.782 seconds. Total rounds: 2. Successful rounds: 2. Failed rounds: 0.
2026.09.17-08:06:38.557[32m info [39m [caliper] [caliper-engine] 	Network configuration attribute "caliper.command.end" is not present, skipping end command
2026.09.17-08:06:38.557[32m info [39m [caliper] [cli-launch-manager] 	Benchmark successfully finished!
2026.09.17-08:06:38.557[32m info [39m [caliper] [worker-message-handler] 	Worker#0 is exiting
